01-01 00:00:51.859 I/ActivityManager(  491): Start proc com.google.android.configupdater for broadcast com.google.android.configupdater/.CertPin.CertPinUpdateRequestReceiver: pid=1059 uid=10002 gids={50002, 3003, 2001}
01-01 00:00:52.539 I/ActivityManager(  491): Delay finish: com.google.android.gms/.common.status.StatusServiceLauncherBroadcastReceiver
01-01 00:00:52.889 W/ActivityManager(  491): Unable to start service Intent { act=android.intent.action.BOOT_COMPLETED flg=0x8000010 cmp=com.google.android.gms/.fitness.service.BrokeredFitnessService (has extras) } U=0: not found
01-01 00:00:53.329 I/ActivityManager(  491): Resuming delayed broadcast
01-01 00:00:53.349 I/ActivityManager(  491): Start proc com.google.android.onetimeinitializer for broadcast com.google.android.onetimeinitializer/.OneTimeInitializerReceiver: pid=1111 uid=10010 gids={50010}
01-01 00:00:53.499 I/ActivityManager(  491): Delay finish: com.google.android.onetimeinitializer/.OneTimeInitializerReceiver
01-01 00:00:53.529 I/ActivityManager(  491): Resuming delayed broadcast
01-01 00:00:53.619 I/ActivityManager(  491): Delay finish: com.google.android.partnersetup/.GooglePartnerSetup
01-01 00:00:53.769 I/ActivityManager(  491): Resuming delayed broadcast
01-01 00:00:53.819 I/ActivityManager(  491): Delay finish: com.google.android.partnersetup/.RlzPingBroadcastReceiver
01-01 00:00:54.009 I/ActivityManager(  491): Resuming delayed broadcast
01-01 00:00:54.089 I/ActivityManager(  491): Delay finish: com.android.providers.media/.MediaScannerReceiver
01-01 00:00:54.259 I/ActivityManager(  491): Resuming delayed broadcast
01-01 00:00:54.299 I/ActivityManager(  491): Start proc com.android.mms for broadcast com.android.mms/.transaction.MmsSystemEventReceiver: pid=1143 uid=10014 gids={50014, 3003, 1028, 1015}
01-01 00:00:54.459 D/CountryDetector(  491): The first listener is added
01-01 00:00:54.589 I/ActivityManager(  491): Delay finish: com.android.mms/.transaction.MmsSystemEventReceiver
01-01 00:00:54.609 D/ConnectivityService(  491): getPrimaryDataSim returning: 0
01-01 00:00:54.609 D/ConnectivityService(  491): getPrimaryDataSim returning: 0
01-01 00:00:54.729 D/ConnectivityService(  491): getPrimaryDataSim returning: 0
01-01 00:00:54.779 W/ActivityManager(  491): Unable to start service Intent { act=com.google.android.gms.analytics.service.START cmp=com.google.android.gms/.analytics.service.AnalyticsService (has extras) } U=0: not found
01-01 00:00:54.879 D/ConnectivityService(  491): getPrimaryDataSim returning: 0
01-01 00:00:54.909 I/ActivityManager(  491): Resuming delayed broadcast
01-01 00:00:54.929 I/ActivityManager(  491): Delay finish: com.android.mms/.transaction.SmsReceiver
01-01 00:00:55.139 V/KeyguardStatusView(  551): refresh statusview showing:true
01-01 00:00:55.449 I/ActivityManager(  491): Resuming delayed broadcast
01-01 00:00:55.479 I/ActivityManager(  491): Start proc com.android.vending for broadcast com.android.vending/com.google.android.finsky.receivers.BootCompletedReceiver: pid=1175 uid=10016 gids={50016, 3003, 1028, 1015}
01-01 00:00:56.069 W/InputMethodManagerService(  491): Window already focused, ignoring focus gain of: com.android.internal.view.IInputMethodClient$Stub$Proxy@21b36b10 attribute=null, token = android.os.BinderProxy@21be08c0
01-01 00:00:56.209 V/KeyguardStatusView(  551): refresh statusview showing:true
01-01 00:00:56.539 V/KeyguardDisplayManager(  551): hide
01-01 00:00:56.849 I/ActivityManager(  491): Start proc com.google.android.googlequicksearchbox:search for broadcast com.google.android.googlequicksearchbox/com.google.android.search.core.StartUpReceiver: pid=1213 uid=10021 gids={50021, 3003, 3001, 1028, 3002, 1015}
01-01 00:00:57.529 I/ActivityManager(  491): Start proc com.android.voicedialer for broadcast com.android.voicedialer/.VoiceDialerReceiver: pid=1244 uid=10022 gids={50022, 3002}
01-01 00:00:57.799 I/ActivityManager(  491): Start proc com.google.android.calendar for broadcast com.google.android.calendar/com.android.calendar.alerts.AlertReceiver: pid=1257 uid=10029 gids={50029, 3003}
01-01 00:00:57.949 I/ActivityManager(  491): Delay finish: com.google.android.calendar/com.android.calendar.alerts.AlertReceiver
01-01 00:00:59.799 W/ActivityManager(  491): Unable to start service Intent { act=com.google.android.gms.analytics.service.START cmp=com.google.android.gms/.analytics.service.AnalyticsService (has extras) } U=0: not found
01-01 00:01:07.199 I/ActivityManager(  491): START u0 {act=android.intent.action.MAIN cat=[android.intent.category.LAUNCHER] flg=0x10200000 cmp=com.android.camera2/com.android.camera.CameraLauncher bnds=[42,621][162,771]} from pid 670
01-01 00:01:07.409 I/ActivityManager(  491): Start proc com.android.camera2 for activity com.android.camera2/com.android.camera.CameraLauncher: pid=1280 uid=10030 gids={50030, 3003, 1028, 1015}
01-01 00:01:07.509 I/ActivityManager(  491): Waited long enough for: ServiceRecord{21be37e4 u0 com.google.android.gms/.gcm.GcmService}
01-01 00:01:07.509 I/ActivityManager(  491): Resuming delayed broadcast
01-01 00:01:07.519 I/ActivityManager(  491): Start proc com.android.cellbroadcastreceiver for broadcast com.android.cellbroadcastreceiver/.CellBroadcastReceiver: pid=1293 uid=10031 gids={50031}
01-01 00:01:07.949 I/ActivityManager(  491): Start proc com.google.android.deskclock for broadcast com.google.android.deskclock/com.android.deskclock.AlarmInitReceiver: pid=1308 uid=10035 gids={50035, 1028}
01-01 00:01:08.249 I/ActivityManager(  491): Start proc com.android.email for broadcast com.android.email/.service.EmailBroadcastReceiver: pid=1333 uid=10038 gids={50038, 3003, 1028, 1015}
01-01 00:01:09.729 I/ActivityManager(  491): Delay finish: com.android.email/.service.EmailBroadcastReceiver
01-01 00:01:10.869 W/ActivityManager(  491): Unable to start service Intent { cmp=com.android.email/.service.AttachmentDownloadService } U=0: not found
01-01 00:01:11.109 I/ActivityManager(  491): Delaying start of: ServiceRecord{21a732a8 u0 com.android.exchange/.service.EmailSyncAdapterService}
01-01 00:01:11.129 I/ActivityManager(  491): Start proc com.android.exchange for service com.android.exchange/.service.EmailSyncAdapterService: pid=1366 uid=10039 gids={50039, 3003, 1028, 1015}
01-01 00:01:11.359 I/ActivityManager(  491): Resuming delayed broadcast
01-01 00:01:11.389 I/ActivityManager(  491): Start proc com.google.android.gm for broadcast com.google.android.gm/.GoogleMailDeviceStartupReceiver: pid=1381 uid=10044 gids={50044, 3003, 1028, 1015}
01-01 00:01:11.689 D/ActivityThread( 1381): Loading provider com.android.gmail.ui: com.google.android.gm.provider.GmailProvider
01-01 00:01:11.889 W/BackupManagerService(  491): dataChanged but no participant pkg='com.android.camera2' uid=10030
01-01 00:01:12.219 W/InputMethodManagerService(  491): Window already focused, ignoring focus gain of: com.android.internal.view.IInputMethodClient$Stub$Proxy@21b9f058 attribute=null, token = android.os.BinderProxy@21b9b620
01-01 00:01:12.319 I/ActivityManager(  491): Waited long enough for: ServiceRecord{21be7014 u0 com.google.android.googlequicksearchbox/com.google.android.search.core.service.SearchService}
01-01 00:01:12.439 I/ActivityManager(  491): Delay finish: com.google.android.gm/.MailIntentReceiver
01-01 00:01:12.449 I/ActivityManager(  491): Resuming delayed broadcast
01-01 00:01:12.469 I/ActivityManager(  491): Delay finish: com.google.android.syncadapters.contacts/.ContactsSyncAdapterBroadcastReceiver
01-01 00:01:12.599 I/ActivityManager(  491): Resuming delayed broadcast
01-01 00:01:12.719 I/ActivityManager(  491): Killing 696:com.android.printspooler/u0a65 (adj 15): empty #17
01-01 00:01:12.839 I/ActivityManager(  491): Start proc com.google.android.youtube for broadcast com.google.android.youtube/com.google.android.apps.youtube.core.transfer.DownloadService$BootReceiver: pid=1410 uid=10072 gids={50072, 3003, 1028, 1015}
01-01 00:01:12.969 I/ActivityManager(  491): Waited long enough for: ServiceRecord{21b56c48 u0 com.google.android.calendar/com.android.calendar.alerts.InitAlarmsService}
01-01 00:01:13.449 W/Vold    (  104): Returning OperationFailed - no handler for errno 30
01-01 00:01:13.449 W/Vold    (  104): Returning OperationFailed - no handler for errno 30
01-01 00:01:14.529 W/Vold    (  104): Returning OperationFailed - no handler for errno 30
01-01 00:01:14.539 W/Vold    (  104): Returning OperationFailed - no handler for errno 30
01-01 00:01:14.589 W/Vold    (  104): Returning OperationFailed - no handler for errno 30
01-01 00:01:14.719 W/Vold    (  104): Returning OperationFailed - no handler for errno 30
01-01 00:01:14.809 I/ActivityManager(  491): Config changes=480 {1.0 ?mcc?mnc en_US ldltr sw400dp w640dp h374dp 240dpi nrml land finger -keyb/v/h -nav/h s.6}
01-01 00:01:15.319 W/BackupManagerService(  491): dataChanged but no participant pkg='com.android.camera2' uid=10030
01-01 00:01:15.319 W/BackupManagerService(  491): dataChanged but no participant pkg='com.android.camera2' uid=10030
01-01 00:01:15.579 W/Vold    (  104): Returning OperationFailed - no handler for errno 30
01-01 00:01:15.609 W/Vold    (  104): Returning OperationFailed - no handler for errno 30
01-01 00:01:16.409 I/WindowManager(  491): Screen frozen for +1s721ms due to Window{21a9051c u0 com.android.camera2/com.android.camera.CameraLauncher}
01-01 00:01:16.479 I/ActivityManager(  491): Killing 925:com.google.android.apps.magazines/u0a50 (adj 15): empty #17
01-01 00:01:16.789 W/ActivityManager(  491): Unable to start service Intent { act=com.google.android.gms.analytics.service.START cmp=com.google.android.gms/.analytics.service.AnalyticsService (has extras) } U=0: not found
01-01 00:01:17.059 I/ActivityManager(  491): Delay finish: com.google.android.gms/.common.download.DownloadAlarmReceiver
01-01 00:01:17.209 I/ActivityManager(  491): Resuming delayed broadcast
01-01 00:01:17.279 I/ActivityManager(  491): Start proc com.google.android.music:main for broadcast com.google.android.music/.store.MediaStoreImportService$Receiver: pid=1481 uid=10053 gids={50053, 3003, 1028, 1015}
01-01 00:01:17.879 I/ActivityManager(  491): Delay finish: com.android.providers.calendar/.CalendarProviderBroadcastReceiver
01-01 00:01:17.919 I/ActivityManager(  491): Resuming delayed broadcast
01-01 00:01:17.989 I/ActivityManager(  491): Delay finish: com.google.android.music/.store.MediaStoreImportService$Receiver
01-01 00:01:17.999 I/ActivityManager(  491): Resuming delayed broadcast
01-01 00:01:18.099 I/ActivityManager(  491): Delay finish: com.google.android.gm/.MailIntentReceiver
01-01 00:01:18.119 I/ActivityManager(  491): Resuming delayed broadcast
01-01 00:01:18.449 I/ActivityManager(  491): Killing 983:com.android.dialer/u0a5 (adj 15): empty #17
01-01 00:01:21.799 W/ActivityManager(  491): Unable to start service Intent { act=com.google.android.gms.analytics.service.START cmp=com.google.android.gms/.analytics.service.AnalyticsService (has extras) } U=0: not found
01-01 00:01:27.999 I/ActivityManager(  491): Killing 1059:com.google.android.configupdater/u0a2 (adj 15): empty #17
01-01 00:01:30.939 D/ConnectivityService(  491): Sampling interval elapsed, updating statistics ..
01-01 00:01:30.949 D/ConnectivityService(  491): Done.
01-01 00:01:30.949 D/ConnectivityService(  491): Setting timer for 720seconds
01-01 00:13:31.379 D/ConnectivityService(  491): Sampling interval elapsed, updating statistics ..
01-01 00:13:31.389 D/ConnectivityService(  491): Done.
01-01 00:13:31.389 D/ConnectivityService(  491): Setting timer for 720seconds
01-01 00:25:32.049 D/ConnectivityService(  491): Sampling interval elapsed, updating statistics ..
01-01 00:25:32.069 D/ConnectivityService(  491): Done.
01-01 00:25:32.069 D/ConnectivityService(  491): Setting timer for 720seconds
--------- beginning of /dev/log/main
01-01 00:25:32.679 D/wpa_supplicant(  540): CTRL_IFACE monitor sent successfully to /data/misc/wifi/sockets/wpa_ctrl_491-2\x00
01-01 00:25:32.679 D/wpa_supplicant(  540): p2p0: BSS: Add new id 72 BSSID 00:1a:1e:55:e5:62 SSID 'synopsys-guest'
01-01 00:25:32.679 D/wpa_supplicant(  540): CTRL_IFACE monitor sent successfully to /data/misc/wifi/sockets/wpa_ctrl_491-2\x00
01-01 00:25:32.679 D/wpa_supplicant(  540): p2p0: BSS: Remove id 66 BSSID 20:4e:7f:32:b9:78 SSID 'videopnp' due to no match in scan
01-01 00:25:32.679 D/wpa_supplicant(  540): CTRL_IFACE monitor sent successfully to /data/misc/wifi/sockets/wpa_ctrl_491-2\x00
01-01 00:25:32.679 D/wpa_supplicant(  540): BSS: last_scan_res_used=13/32
01-01 00:25:32.679 D/wpa_supplicant(  540): p2p0: New scan results available (own=0 ext=0)
01-01 00:25:32.679 D/wpa_supplicant(  540): CTRL_IFACE monitor sent successfully to /data/misc/wifi/sockets/wpa_ctrl_491-2\x00
01-01 00:25:32.679 D/wpa_supplicant(  540): CTRL_IFACE monitor sent successfully to /data/misc/wifi/sockets/wpa_ctrl_491-2\x00
01-01 00:25:32.679 D/wpa_supplicant(  540): WPS: AP[0] 4c:e6:76:cc:61:5d type=0 tries=0 last_attempt=-1 sec ago blacklist=0
01-01 00:25:32.679 D/wpa_supplicant(  540): WPS: AP[1] 20:4e:7f:32:b9:78 type=0 tries=0 last_attempt=-1 sec ago blacklist=0
01-01 00:25:32.679 D/wpa_supplicant(  540): p2p0: No suitable network found
01-01 00:25:32.679 D/wpa_supplicant(  540): nl80211: wpa_driver_nl80211_event_receive->nl_recvmsgs failed: -11
01-01 00:25:32.679 D/wpa_supplicant(  540): wlan0: Control interface command 'BSS RANGE=0- MASK=0x21987'
01-01 00:25:35.279 W/CameraSource(  112): Timed out waiting for incoming camera video frames: 1098650215 us
01-01 00:25:37.059 I/dalvikvm(  491): Could not compile trace for Ljava/util/Arrays;fill, offset 5
01-01 00:25:37.059 I/dalvikvm(  491): ++++++++++++++++++++++++++++++++++++++++++++
01-01 00:25:37.059 I/dalvikvm(  491): JIT_INFO: ME Issues while compiling trace  Ljava/util/Arrays;fill, offset 5
01-01 00:25:37.059 I/dalvikvm(  491): 	The trace provoked a spill.
01-01 00:25:37.059 I/dalvikvm(  491): Trying less registerization from 1 to 0
01-01 00:25:37.489 D/KeyguardViewMediator(  551): setHidden false
01-01 00:25:37.489 D/KeyguardUpdateMonitor(  551): sendKeyguardVisibilityChanged(true)
01-01 00:25:37.489 D/KeyguardUpdateMonitor(  551): handleKeyguardVisibilityChanged(1)
01-01 00:25:37.979 W/AudioFlinger(  112): RecordThread: buffer overflow
01-01 00:25:37.979 W/AudioSource(  112): AudioRecord reported overrun!
01-01 00:25:38.279 W/CameraSource(  112): Timed out waiting for incoming camera video frames: 1098650215 us
01-01 00:25:38.749 D/KeyguardViewMediator(  551): setHidden false
01-01 00:25:38.749 D/KeyguardUpdateMonitor(  551): sendKeyguardVisibilityChanged(true)
01-01 00:25:38.749 D/KeyguardUpdateMonitor(  551): handleKeyguardVisibilityChanged(1)
01-01 00:25:40.029 W/AudioSource(  112): AudioRecord reported overrun!
01-01 00:25:41.289 W/CameraSource(  112): Timed out waiting for incoming camera video frames: 1098650215 us
01-01 00:25:42.579 D/KeyguardUpdateMonitor(  551): received broadcast android.intent.action.BATTERY_CHANGED
01-01 00:25:42.579 D/KeyguardUpdateMonitor(  551): handleBatteryUpdate
01-01 00:25:42.739 D/KeyguardViewMediator(  551): setHidden false
01-01 00:25:42.739 D/KeyguardUpdateMonitor(  551): sendKeyguardVisibilityChanged(true)
01-01 00:25:42.739 D/KeyguardUpdateMonitor(  551): handleKeyguardVisibilityChanged(1)
01-01 00:25:44.289 W/CameraSource(  112): Timed out waiting for incoming camera video frames: 1098650215 us
01-01 00:25:46.339 D/wpa_supplicant(  540): wlan0: Control interface command 'SCAN'
01-01 00:25:46.339 D/wpa_supplicant(  540): wlan0: Setting scan request: 0.000000 sec
01-01 00:25:46.339 D/wpa_supplicant(  540): wlan0: State: INACTIVE -> SCANNING
01-01 00:25:46.339 D/wpa_supplicant(  540): CTRL_IFACE monitor sent successfully to /data/misc/wifi/sockets/wpa_ctrl_491-2\x00
01-01 00:25:46.339 D/wpa_supplicant(  540): wlan0: Starting AP scan for wildcard SSID
01-01 00:25:46.339 D/wpa_supplicant(  540): WPS: Building WPS IE for Probe Request
01-01 00:25:46.339 D/wpa_supplicant(  540): WPS:  * Version (hardcoded 0x10)
01-01 00:25:46.339 D/wpa_supplicant(  540): WPS:  * Request Type
01-01 00:25:46.339 D/wpa_supplicant(  540): WPS:  * Config Methods (4288)
01-01 00:25:46.339 D/wpa_supplicant(  540): WPS:  * UUID-E
01-01 00:25:46.339 D/wpa_supplicant(  540): WPS:  * Primary Device Type
01-01 00:25:46.339 D/wpa_supplicant(  540): WPS:  * RF Bands (1)
01-01 00:25:46.339 D/wpa_supplicant(  540): WPS:  * Association State
01-01 00:25:46.339 D/wpa_supplicant(  540): WPS:  * Configuration Error (0)
01-01 00:25:46.339 D/wpa_supplicant(  540): WPS:  * Device Password ID (0)
01-01 00:25:46.339 D/wpa_supplicant(  540): WPS:  * Manufacturer
01-01 00:25:46.339 D/wpa_supplicant(  540): WPS:  * Model Name
01-01 00:25:46.339 D/wpa_supplicant(  540): WPS:  * Model Number
01-01 00:25:46.339 D/wpa_supplicant(  540): WPS:  * Device Name
01-01 00:25:46.339 D/wpa_supplicant(  540): WPS:  * Version2 (0x20)
01-01 00:25:46.339 D/wpa_supplicant(  540): P2P: * P2P IE header
01-01 00:25:46.339 D/wpa_supplicant(  540): P2P: * Capability dev=25 group=00
01-01 00:25:46.339 D/wpa_supplicant(  540): P2P: * Listen Channel: Regulatory Class 81 Channel 11
01-01 00:25:46.339 D/wpa_supplicant(  540): wlan0: Add radio work 'scan'@0xb7f1c790
01-01 00:25:46.339 D/wpa_supplicant(  540): wlan0: First radio work item in the queue - schedule start immediately
01-01 00:25:46.339 D/wpa_supplicant(  540): wlan0: Starting radio work 'scan'@0xb7f1c790 after 0.000081 second wait
01-01 00:25:46.339 D/wpa_supplicant(  540): wlan0: nl80211: scan request
01-01 00:25:46.339 D/wpa_supplicant(  540): Scan requested (ret=0) - scan timeout 30 seconds
01-01 00:25:46.339 D/wpa_supplicant(  540): nl80211: Drv Event 33 (NL80211_CMD_TRIGGER_SCAN) received for wlan0
01-01 00:25:46.339 D/wpa_supplicant(  540): wlan0: nl80211: Scan trigger
01-01 00:25:46.339 D/wpa_supplicant(  540): wlan0: Event SCAN_STARTED (49) received
01-01 00:25:46.339 D/wpa_supplicant(  540): wlan0: Own scan request started a scan in 0.000191 seconds
01-01 00:25:46.339 I/wpa_supplicant(  540): wlan0: CTRL-EVENT-SCAN-STARTED 
01-01 00:25:46.339 D/wpa_supplicant(  540): CTRL_IFACE monitor sent successfully to /data/misc/wifi/sockets/wpa_ctrl_491-2\x00
01-01 00:25:46.339 D/wpa_supplicant(  540): nl80211: wpa_driver_nl80211_event_receive->nl_recvmsgs failed: -11
01-01 00:25:46.969 D/wpa_supplicant(  540): nl80211: Drv Event 34 (NL80211_CMD_NEW_SCAN_RESULTS) received for wlan0
01-01 00:25:46.969 D/wpa_supplicant(  540): wlan0: nl80211: New scan results available
01-01 00:25:46.969 D/wpa_supplicant(  540): nl80211: Scan probed for SSID ''
01-01 00:25:46.969 D/wpa_supplicant(  540): nl80211: Scan included frequencies: 2412 2417 2422 2427 2432 2437 2442 2447 2452 2457 2462 2467 2472
01-01 00:25:46.969 D/wpa_supplicant(  540): wlan0: Event SCAN_RESULTS (3) received
01-01 00:25:46.969 D/wpa_supplicant(  540): wlan0: Scan completed in 0.625869 seconds
01-01 00:25:46.969 D/wpa_supplicant(  540): nl80211: Received scan results (14 BSSes)
01-01 00:25:46.969 D/wpa_supplicant(  540): nl80211: Survey data missing
01-01 00:25:46.969 D/wpa_supplicant(  540): wlan0: BSS: Start scan result update 107
01-01 00:25:46.969 D/wpa_supplicant(  540): wlan0: BSS: Add new id 73 BSSID 20:4e:7f:32:b9:78 SSID 'videopnp'
01-01 00:25:46.969 D/wpa_supplicant(  540): CTRL_IFACE monitor sent successfully to /data/misc/wifi/sockets/wpa_ctrl_491-2\x00
01-01 00:25:46.969 D/wpa_supplicant(  540): BSS: last_scan_res_used=14/32
01-01 00:25:46.969 D/wpa_supplicant(  540): wlan0: New scan results available (own=1 ext=0)
01-01 00:25:46.969 D/wpa_supplicant(  540): CTRL_IFACE monitor sent successfully to /data/misc/wifi/sockets/wpa_ctrl_491-2\x00
01-01 00:25:46.969 D/wpa_supplicant(  540): CTRL_IFACE monitor sent successfully to /data/misc/wifi/sockets/wpa_ctrl_491-2\x00
01-01 00:25:46.969 D/wpa_supplicant(  540): WPS: AP[0] 4c:e6:76:cc:61:5d type=0 tries=0 last_attempt=-1 sec ago blacklist=0
01-01 00:25:46.969 D/wpa_supplicant(  540): WPS: AP[1] 20:4e:7f:32:b9:78 type=0 tries=0 last_attempt=-1 sec ago blacklist=0
01-01 00:25:46.969 D/wpa_supplicant(  540): wlan0: Radio work 'scan'@0xb7f1c790 done in 0.629152 seconds
01-01 00:25:46.969 D/wpa_supplicant(  540): wlan0: No suitable network found
01-01 00:25:46.969 D/wpa_supplicant(  540): wlan0: Use normal scan instead of sched_scan for initial scans (normal_scans=1)
01-01 00:25:46.969 D/wpa_supplicant(  540): wlan0: Short-circuit new scan request since there are no enabled networks
01-01 00:25:46.969 D/wpa_supplicant(  540): wlan0: State: SCANNING -> INACTIVE
01-01 00:25:46.969 D/wpa_supplicant(  540): CTRL_IFACE monitor sent successfully to /data/misc/wifi/sockets/wpa_ctrl_491-2\x00
01-01 00:25:46.969 D/wpa_supplicant(  540): P2P: Add operating class 81
01-01 00:25:46.969 D/wpa_supplicant(  540): P2P: Channels - hexdump(len=13): 01 02 03 04 05 06 07 08 09 0a 0b 0c 0d
01-01 00:25:46.969 D/wpa_supplicant(  540): P2P: Update channel list
01-01 00:25:46.969 D/wpa_supplicant(  540): P2P: channels: 81:1,2,3,4,5,6,7,8,9,10,11,12,13
01-01 00:25:46.969 D/wpa_supplicant(  540): P2P: cli_channels:
01-01 00:25:46.969 D/wpa_supplicant(  540): P2P: indoor_channels:
01-01 00:25:46.969 D/wpa_supplicant(  540): wlan0: Determining shared radio frequencies (max len 1)
01-01 00:25:46.969 D/wpa_supplicant(  540): wlan0: Shared frequencies (len=0): completed iteration
01-01 00:25:46.969 D/wpa_supplicant(  540): p2p0: Updating scan results from sibling
01-01 00:25:46.969 D/wpa_supplicant(  540): nl80211: Received scan results (14 BSSes)
01-01 00:25:46.969 D/wpa_supplicant(  540): nl80211: Survey data missing
01-01 00:25:46.969 D/wpa_supplicant(  540): p2p0: BSS: Start scan result update 107
01-01 00:25:46.969 D/wpa_supplicant(  540): p2p0: BSS: Add new id 73 BSSID 20:4e:7f:32:b9:78 SSID 'videopnp'
01-01 00:25:46.969 D/wpa_supplicant(  540): CTRL_IFACE monitor sent successfully to /data/misc/wifi/sockets/wpa_ctrl_491-2\x00
01-01 00:25:46.969 D/wpa_supplicant(  540): BSS: last_scan_res_used=14/32
01-01 00:25:46.969 D/wpa_supplicant(  540): p2p0: New scan results available (own=0 ext=0)
01-01 00:25:46.969 D/wpa_supplicant(  540): CTRL_IFACE monitor sent successfully to /data/misc/wifi/sockets/wpa_ctrl_491-2\x00
01-01 00:25:46.969 D/wpa_supplicant(  540): CTRL_IFACE monitor sent successfully to /data/misc/wifi/sockets/wpa_ctrl_491-2\x00
01-01 00:25:46.969 D/wpa_supplicant(  540): WPS: AP[0] 4c:e6:76:cc:61:5d type=0 tries=0 last_attempt=-1 sec ago blacklist=0
01-01 00:25:46.969 D/wpa_supplicant(  540): WPS: AP[1] 20:4e:7f:32:b9:78 type=0 tries=0 last_attempt=-1 sec ago blacklist=0
01-01 00:25:46.969 D/wpa_supplicant(  540): p2p0: No suitable network found
01-01 00:25:46.969 D/wpa_supplicant(  540): nl80211: wpa_driver_nl80211_event_receive->nl_recvmsgs failed: -11
01-01 00:25:46.969 D/wpa_supplicant(  540): wlan0: Control interface command 'BSS RANGE=0- MASK=0x21987'
01-01 00:25:47.279 W/CameraSource(  112): Timed out waiting for incoming camera video frames: 1098650215 us
01-01 00:25:48.219 W/AudioFlinger(  112): RecordThread: buffer overflow
01-01 00:25:48.219 W/AudioSource(  112): AudioRecord reported overrun!
01-01 00:25:48.709 D/KeyguardViewMediator(  551): setHidden false
01-01 00:25:48.709 D/KeyguardUpdateMonitor(  551): sendKeyguardVisibilityChanged(true)
01-01 00:25:48.709 D/KeyguardUpdateMonitor(  551): handleKeyguardVisibilityChanged(1)
01-01 00:25:50.259 W/AudioSource(  112): AudioRecord reported overrun!
01-01 00:25:50.279 W/CameraSource(  112): Timed out waiting for incoming camera video frames: 1098650215 us
01-01 00:25:52.549 D/KeyguardUpdateMonitor(  551): received broadcast android.intent.action.BATTERY_CHANGED
01-01 00:25:52.549 D/KeyguardUpdateMonitor(  551): handleBatteryUpdate
01-01 00:25:52.989 W/AudioSource(  112): AudioRecord reported overrun!
01-01 00:25:53.279 W/CameraSource(  112): Timed out waiting for incoming camera video frames: 1098650215 us
01-01 00:25:55.219 D/KeyguardViewMediator(  551): setHidden false
01-01 00:25:55.219 D/KeyguardUpdateMonitor(  551): sendKeyguardVisibilityChanged(true)
01-01 00:25:55.219 D/KeyguardUpdateMonitor(  551): handleKeyguardVisibilityChanged(1)
01-01 00:25:56.289 W/CameraSource(  112): Timed out waiting for incoming camera video frames: 1098650215 us
01-01 00:25:59.289 W/CameraSource(  112): Timed out waiting for incoming camera video frames: 1098650215 us
01-01 00:25:59.309 D/KeyguardViewMediator(  551): setHidden false
01-01 00:25:59.309 D/KeyguardUpdateMonitor(  551): sendKeyguardVisibilityChanged(true)
01-01 00:25:59.309 D/KeyguardUpdateMonitor(  551): handleKeyguardVisibilityChanged(1)
01-01 00:26:00.009 D/KeyguardUpdateMonitor(  551): received broadcast android.intent.action.TIME_TICK
01-01 00:26:00.009 D/KeyguardUpdateMonitor(  551): handleTimeUpdate
01-01 00:26:01.359 D/wpa_supplicant(  540): wlan0: Control interface command 'SCAN'
01-01 00:26:01.359 D/wpa_supplicant(  540): wlan0: Setting scan request: 0.000000 sec
01-01 00:26:01.359 D/wpa_supplicant(  540): wlan0: State: INACTIVE -> SCANNING
01-01 00:26:01.359 D/wpa_supplicant(  540): CTRL_IFACE monitor sent successfully to /data/misc/wifi/sockets/wpa_ctrl_491-2\x00
01-01 00:26:01.359 D/wpa_supplicant(  540): wlan0: Starting AP scan for wildcard SSID
01-01 00:26:01.359 D/wpa_supplicant(  540): WPS: Building WPS IE for Probe Request
01-01 00:26:01.359 D/wpa_supplicant(  540): WPS:  * Version (hardcoded 0x10)
01-01 00:26:01.359 D/wpa_supplicant(  540): WPS:  * Request Type
01-01 00:26:01.359 D/wpa_supplicant(  540): WPS:  * Config Methods (4288)
01-01 00:26:01.359 D/wpa_supplicant(  540): WPS:  * UUID-E
01-01 00:26:01.359 D/wpa_supplicant(  540): WPS:  * Primary Device Type
01-01 00:26:01.359 D/wpa_supplicant(  540): WPS:  * RF Bands (1)
01-01 00:26:01.359 D/wpa_supplicant(  540): WPS:  * Association State
01-01 00:26:01.359 D/wpa_supplicant(  540): WPS:  * Configuration Error (0)
01-01 00:26:01.359 D/wpa_supplicant(  540): WPS:  * Device Password ID (0)
01-01 00:26:01.359 D/wpa_supplicant(  540): WPS:  * Manufacturer
01-01 00:26:01.359 D/wpa_supplicant(  540): WPS:  * Model Name
01-01 00:26:01.359 D/wpa_supplicant(  540): WPS:  * Model Number
01-01 00:26:01.359 D/wpa_supplicant(  540): WPS:  * Device Name
01-01 00:26:01.359 D/wpa_supplicant(  540): WPS:  * Version2 (0x20)
01-01 00:26:01.359 D/wpa_supplicant(  540): P2P: * P2P IE header
01-01 00:26:01.359 D/wpa_supplicant(  540): P2P: * Capability dev=25 group=00
01-01 00:26:01.359 D/wpa_supplicant(  540): P2P: * Listen Channel: Regulatory Class 81 Channel 11
01-01 00:26:01.359 D/wpa_supplicant(  540): wlan0: Add radio work 'scan'@0xb7f1f900
01-01 00:26:01.359 D/wpa_supplicant(  540): wlan0: First radio work item in the queue - schedule start immediately
01-01 00:26:01.359 D/wpa_supplicant(  540): wlan0: Starting radio work 'scan'@0xb7f1f900 after 0.000082 second wait
01-01 00:26:01.359 D/wpa_supplicant(  540): wlan0: nl80211: scan request
01-01 00:26:01.359 D/wpa_supplicant(  540): Scan requested (ret=0) - scan timeout 30 seconds
01-01 00:26:01.359 D/wpa_supplicant(  540): nl80211: Drv Event 33 (NL80211_CMD_TRIGGER_SCAN) received for wlan0
01-01 00:26:01.359 D/wpa_supplicant(  540): wlan0: nl80211: Scan trigger
01-01 00:26:01.359 D/wpa_supplicant(  540): wlan0: Event SCAN_STARTED (49) received
01-01 00:26:01.359 D/wpa_supplicant(  540): wlan0: Own scan request started a scan in 0.000192 seconds
01-01 00:26:01.359 I/wpa_supplicant(  540): wlan0: CTRL-EVENT-SCAN-STARTED 
01-01 00:26:01.359 D/wpa_supplicant(  540): CTRL_IFACE monitor sent successfully to /data/misc/wifi/sockets/wpa_ctrl_491-2\x00
01-01 00:26:01.359 D/wpa_supplicant(  540): nl80211: wpa_driver_nl80211_event_receive->nl_recvmsgs failed: -11
01-01 00:26:01.979 D/wpa_supplicant(  540): nl80211: Drv Event 34 (NL80211_CMD_NEW_SCAN_RESULTS) received for wlan0
01-01 00:26:01.979 D/wpa_supplicant(  540): wlan0: nl80211: New scan results available
01-01 00:26:01.979 D/wpa_supplicant(  540): nl80211: Scan probed for SSID ''
01-01 00:26:01.979 D/wpa_supplicant(  540): nl80211: Scan included frequencies: 2412 2417 2422 2427 2432 2437 2442 2447 2452 2457 2462 2467 2472
01-01 00:26:01.979 D/wpa_supplicant(  540): wlan0: Event SCAN_RESULTS (3) received
01-01 00:26:01.979 D/wpa_supplicant(  540): wlan0: Scan completed in 0.624186 seconds
01-01 00:26:01.979 D/wpa_supplicant(  540): nl80211: Received scan results (14 BSSes)
01-01 00:26:01.979 D/wpa_supplicant(  540): nl80211: Survey data missing
01-01 00:26:01.979 D/wpa_supplicant(  540): wlan0: BSS: Start scan result update 108
01-01 00:26:01.979 D/wpa_supplicant(  540): BSS: last_scan_res_used=14/32
01-01 00:26:01.979 D/wpa_supplicant(  540): wlan0: New scan results available (own=1 ext=0)
01-01 00:26:01.979 D/wpa_supplicant(  540): CTRL_IFACE monitor sent successfully to /data/misc/wifi/sockets/wpa_ctrl_491-2\x00
01-01 00:26:01.979 D/wpa_supplicant(  540): CTRL_IFACE monitor sent successfully to /data/misc/wifi/sockets/wpa_ctrl_491-2\x00
01-01 00:26:01.979 D/wpa_supplicant(  540): WPS: AP[0] 4c:e6:76:cc:61:5d type=0 tries=0 last_attempt=-1 sec ago blacklist=0
01-01 00:26:01.979 D/wpa_supplicant(  540): WPS: AP[1] 20:4e:7f:32:b9:78 type=0 tries=0 last_attempt=-1 sec ago blacklist=0
01-01 00:26:01.979 D/wpa_supplicant(  540): wlan0: Radio work 'scan'@0xb7f1f900 done in 0.627533 seconds
01-01 00:26:01.979 D/wpa_supplicant(  540): wlan0: No suitable network found
01-01 00:26:01.979 D/wpa_supplicant(  540): wlan0: Use normal scan instead of sched_scan for initial scans (normal_scans=1)
01-01 00:26:01.979 D/wpa_supplicant(  540): wlan0: Short-circuit new scan request since there are no enabled networks
01-01 00:26:01.979 D/wpa_supplicant(  540): wlan0: State: SCANNING -> INACTIVE
01-01 00:26:01.979 D/wpa_supplicant(  540): CTRL_IFACE monitor sent successfully to /data/misc/wifi/sockets/wpa_ctrl_491-2\x00
01-01 00:26:01.979 D/wpa_supplicant(  540): P2P: Add operating class 81
01-01 00:26:01.979 D/wpa_supplicant(  540): P2P: Channels - hexdump(len=13): 01 02 03 04 05 06 07 08 09 0a 0b 0c 0d
01-01 00:26:01.979 D/wpa_supplicant(  540): P2P: Update channel list
01-01 00:26:01.979 D/wpa_supplicant(  540): P2P: channels: 81:1,2,3,4,5,6,7,8,9,10,11,12,13
01-01 00:26:01.979 D/wpa_supplicant(  540): P2P: cli_channels:
01-01 00:26:01.979 D/wpa_supplicant(  540): P2P: indoor_channels:
01-01 00:26:01.979 D/wpa_supplicant(  540): wlan0: Determining shared radio frequencies (max len 1)
01-01 00:26:01.979 D/wpa_supplicant(  540): wlan0: Shared frequencies (len=0): completed iteration
01-01 00:26:01.979 D/wpa_supplicant(  540): p2p0: Updating scan results from sibling
01-01 00:26:01.989 D/wpa_supplicant(  540): nl80211: Received scan results (14 BSSes)
01-01 00:26:01.989 D/wpa_supplicant(  540): nl80211: Survey data missing
01-01 00:26:01.989 D/wpa_supplicant(  540): p2p0: BSS: Start scan result update 108
01-01 00:26:01.989 D/wpa_supplicant(  540): BSS: last_scan_res_used=14/32
01-01 00:26:01.989 D/wpa_supplicant(  540): p2p0: New scan results available (own=0 ext=0)
01-01 00:26:01.989 D/wpa_supplicant(  540): CTRL_IFACE monitor sent successfully to /data/misc/wifi/sockets/wpa_ctrl_491-2\x00
01-01 00:26:01.989 D/wpa_supplicant(  540): CTRL_IFACE monitor sent successfully to /data/misc/wifi/sockets/wpa_ctrl_491-2\x00
01-01 00:26:01.989 D/wpa_supplicant(  540): WPS: AP[0] 4c:e6:76:cc:61:5d type=0 tries=0 last_attempt=-1 sec ago blacklist=0
01-01 00:26:01.989 D/wpa_supplicant(  540): WPS: AP[1] 20:4e:7f:32:b9:78 type=0 tries=0 last_attempt=-1 sec ago blacklist=0
01-01 00:26:01.989 D/wpa_supplicant(  540): p2p0: No suitable network found
01-01 00:26:01.989 D/wpa_supplicant(  540): nl80211: wpa_driver_nl80211_event_receive->nl_recvmsgs failed: -11
01-01 00:26:01.989 D/wpa_supplicant(  540): wlan0: Control interface command 'BSS RANGE=0- MASK=0x21987'
01-01 00:26:02.289 W/CameraSource(  112): Timed out waiting for incoming camera video frames: 1098650215 us
01-01 00:26:02.589 D/KeyguardUpdateMonitor(  551): received broadcast android.intent.action.BATTERY_CHANGED
01-01 00:26:02.589 D/KeyguardUpdateMonitor(  551): handleBatteryUpdate
01-01 00:26:02.669 D/KeyguardViewMediator(  551): setHidden false
01-01 00:26:02.669 D/KeyguardUpdateMonitor(  551): sendKeyguardVisibilityChanged(true)
01-01 00:26:02.669 D/KeyguardUpdateMonitor(  551): handleKeyguardVisibilityChanged(1)
01-01 00:26:04.069 D/KeyguardViewMediator(  551): setHidden false
01-01 00:26:04.069 D/KeyguardUpdateMonitor(  551): sendKeyguardVisibilityChanged(true)
01-01 00:26:04.069 D/KeyguardUpdateMonitor(  551): handleKeyguardVisibilityChanged(1)
01-01 00:26:05.289 W/CameraSource(  112): Timed out waiting for incoming camera video frames: 1098650215 us
01-01 00:26:08.289 W/CameraSource(  112): Timed out waiting for incoming camera video frames: 1098650215 us
01-01 00:26:09.929 D/KeyguardUpdateMonitor(  551): received broadcast android.intent.action.BATTERY_CHANGED
01-01 00:26:09.929 D/KeyguardUpdateMonitor(  551): handleBatteryUpdate
01-01 00:26:10.409 D/KeyguardViewMediator(  551): setHidden false
01-01 00:26:10.409 D/KeyguardUpdateMonitor(  551): sendKeyguardVisibilityChanged(true)
01-01 00:26:10.409 D/KeyguardUpdateMonitor(  551): handleKeyguardVisibilityChanged(1)
01-01 00:26:11.289 W/CameraSource(  112): Timed out waiting for incoming camera video frames: 1098650215 us
01-01 00:26:12.659 D/KeyguardUpdateMonitor(  551): received broadcast android.intent.action.BATTERY_CHANGED
01-01 00:26:12.659 D/KeyguardUpdateMonitor(  551): handleBatteryUpdate
01-01 00:26:13.469 W/AudioFlinger(  112): RecordThread: buffer overflow
01-01 00:26:13.469 W/AudioSource(  112): AudioRecord reported overrun!
01-01 00:26:14.289 W/CameraSource(  112): Timed out waiting for incoming camera video frames: 1098650215 us
01-01 00:26:16.369 D/wpa_supplicant(  540): wlan0: Control interface command 'SCAN'
01-01 00:26:16.369 D/wpa_supplicant(  540): wlan0: Setting scan request: 0.000000 sec
01-01 00:26:16.369 D/wpa_supplicant(  540): wlan0: State: INACTIVE -> SCANNING
01-01 00:26:16.369 D/wpa_supplicant(  540): CTRL_IFACE monitor sent successfully to /data/misc/wifi/sockets/wpa_ctrl_491-2\x00
01-01 00:26:16.369 D/wpa_supplicant(  540): wlan0: Starting AP scan for wildcard SSID
01-01 00:26:16.369 D/wpa_supplicant(  540): WPS: Building WPS IE for Probe Request
01-01 00:26:16.369 D/wpa_supplicant(  540): WPS:  * Version (hardcoded 0x10)
01-01 00:26:16.369 D/wpa_supplicant(  540): WPS:  * Request Type
01-01 00:26:16.369 D/wpa_supplicant(  540): WPS:  * Config Methods (4288)
01-01 00:26:16.369 D/wpa_supplicant(  540): WPS:  * UUID-E
01-01 00:26:16.369 D/wpa_supplicant(  540): WPS:  * Primary Device Type
01-01 00:26:16.369 D/wpa_supplicant(  540): WPS:  * RF Bands (1)
01-01 00:26:16.369 D/wpa_supplicant(  540): WPS:  * Association State
01-01 00:26:16.369 D/wpa_supplicant(  540): WPS:  * Configuration Error (0)
01-01 00:26:16.369 D/wpa_supplicant(  540): WPS:  * Device Password ID (0)
01-01 00:26:16.369 D/wpa_supplicant(  540): WPS:  * Manufacturer
01-01 00:26:16.369 D/wpa_supplicant(  540): WPS:  * Model Name
01-01 00:26:16.369 D/wpa_supplicant(  540): WPS:  * Model Number
01-01 00:26:16.369 D/wpa_supplicant(  540): WPS:  * Device Name
01-01 00:26:16.369 D/wpa_supplicant(  540): WPS:  * Version2 (0x20)
01-01 00:26:16.369 D/wpa_supplicant(  540): P2P: * P2P IE header
01-01 00:26:16.369 D/wpa_supplicant(  540): P2P: * Capability dev=25 group=00
01-01 00:26:16.369 D/wpa_supplicant(  540): P2P: * Listen Channel: Regulatory Class 81 Channel 11
01-01 00:26:16.369 D/wpa_supplicant(  540): wlan0: Add radio work 'scan'@0xb7f1f900
01-01 00:26:16.369 D/wpa_supplicant(  540): wlan0: First radio work item in the queue - schedule start immediately
01-01 00:26:16.369 D/wpa_supplicant(  540): wlan0: Starting radio work 'scan'@0xb7f1f900 after 0.000142 second wait
01-01 00:26:16.369 D/wpa_supplicant(  540): wlan0: nl80211: scan request
01-01 00:26:16.369 D/wpa_supplicant(  540): Scan requested (ret=0) - scan timeout 30 seconds
01-01 00:26:16.369 D/wpa_supplicant(  540): nl80211: Drv Event 33 (NL80211_CMD_TRIGGER_SCAN) received for wlan0
01-01 00:26:16.369 D/wpa_supplicant(  540): wlan0: nl80211: Scan trigger
01-01 00:26:16.369 D/wpa_supplicant(  540): wlan0: Event SCAN_STARTED (49) received
01-01 00:26:16.369 D/wpa_supplicant(  540): wlan0: Own scan request started a scan in 0.000192 seconds
01-01 00:26:16.369 I/wpa_supplicant(  540): wlan0: CTRL-EVENT-SCAN-STARTED 
01-01 00:26:16.369 D/wpa_supplicant(  540): CTRL_IFACE monitor sent successfully to /data/misc/wifi/sockets/wpa_ctrl_491-2\x00
01-01 00:26:16.369 D/wpa_supplicant(  540): nl80211: wpa_driver_nl80211_event_receive->nl_recvmsgs failed: -11
01-01 00:26:16.999 D/wpa_supplicant(  540): nl80211: Drv Event 34 (NL80211_CMD_NEW_SCAN_RESULTS) received for wlan0
01-01 00:26:16.999 D/wpa_supplicant(  540): wlan0: nl80211: New scan results available
01-01 00:26:16.999 D/wpa_supplicant(  540): nl80211: Scan probed for SSID ''
01-01 00:26:16.999 D/wpa_supplicant(  540): nl80211: Scan included frequencies: 2412 2417 2422 2427 2432 2437 2442 2447 2452 2457 2462 2467 2472
01-01 00:26:16.999 D/wpa_supplicant(  540): wlan0: Event SCAN_RESULTS (3) received
01-01 00:26:16.999 D/wpa_supplicant(  540): wlan0: Scan completed in 0.624661 seconds
01-01 00:26:16.999 D/wpa_supplicant(  540): nl80211: Received scan results (12 BSSes)
01-01 00:26:16.999 D/wpa_supplicant(  540): nl80211: Survey data missing
01-01 00:26:16.999 D/wpa_supplicant(  540): wlan0: BSS: Start scan result update 109
01-01 00:26:16.999 D/wpa_supplicant(  540): BSS: last_scan_res_used=12/32
01-01 00:26:16.999 D/wpa_supplicant(  540): wlan0: New scan results available (own=1 ext=0)
01-01 00:26:16.999 D/wpa_supplicant(  540): CTRL_IFACE monitor sent successfully to /data/misc/wifi/sockets/wpa_ctrl_491-2\x00
01-01 00:26:16.999 D/wpa_supplicant(  540): CTRL_IFACE monitor sent successfully to /data/misc/wifi/sockets/wpa_ctrl_491-2\x00
01-01 00:26:16.999 D/wpa_supplicant(  540): WPS: AP[0] 4c:e6:76:cc:61:5d type=0 tries=0 last_attempt=-1 sec ago blacklist=0
01-01 00:26:16.999 D/wpa_supplicant(  540): WPS: AP[1] 20:4e:7f:32:b9:78 type=0 tries=0 last_attempt=-1 sec ago blacklist=0
01-01 00:26:16.999 D/wpa_supplicant(  540): wlan0: Radio work 'scan'@0xb7f1f900 done in 0.627883 seconds
01-01 00:26:16.999 D/wpa_supplicant(  540): wlan0: No suitable network found
01-01 00:26:16.999 D/wpa_supplicant(  540): wlan0: Use normal scan instead of sched_scan for initial scans (normal_scans=1)
01-01 00:26:16.999 D/wpa_supplicant(  540): wlan0: Short-circuit new scan request since there are no enabled networks
01-01 00:26:16.999 D/wpa_supplicant(  540): wlan0: State: SCANNING -> INACTIVE
01-01 00:26:16.999 D/wpa_supplicant(  540): CTRL_IFACE monitor sent successfully to /data/misc/wifi/sockets/wpa_ctrl_491-2\x00
01-01 00:26:16.999 D/wpa_supplicant(  540): P2P: Add operating class 81
01-01 00:26:16.999 D/wpa_supplicant(  540): P2P: Channels - hexdump(len=13): 01 02 03 04 05 06 07 08 09 0a 0b 0c 0d
01-01 00:26:16.999 D/wpa_supplicant(  540): P2P: Update channel list
01-01 00:26:16.999 D/wpa_supplicant(  540): P2P: channels: 81:1,2,3,4,5,6,7,8,9,10,11,12,13
01-01 00:26:16.999 D/wpa_supplicant(  540): P2P: cli_channels:
01-01 00:26:16.999 D/wpa_supplicant(  540): P2P: indoor_channels:
01-01 00:26:16.999 D/wpa_supplicant(  540): wlan0: Determining shared radio frequencies (max len 1)
01-01 00:26:16.999 D/wpa_supplicant(  540): wlan0: Shared frequencies (len=0): completed iteration
01-01 00:26:16.999 D/wpa_supplicant(  540): p2p0: Updating scan results from sibling
01-01 00:26:16.999 D/wpa_supplicant(  540): nl80211: Received scan results (12 BSSes)
01-01 00:26:16.999 D/wpa_supplicant(  540): nl80211: Survey data missing
01-01 00:26:16.999 D/wpa_supplicant(  540): p2p0: BSS: Start scan result update 109
01-01 00:26:16.999 D/wpa_supplicant(  540): BSS: last_scan_res_used=12/32
01-01 00:26:16.999 D/wpa_supplicant(  540): p2p0: New scan results available (own=0 ext=0)
01-01 00:26:16.999 D/wpa_supplicant(  540): CTRL_IFACE monitor sent successfully to /data/misc/wifi/sockets/wpa_ctrl_491-2\x00
01-01 00:26:16.999 D/wpa_supplicant(  540): CTRL_IFACE monitor sent successfully to /data/misc/wifi/sockets/wpa_ctrl_491-2\x00
01-01 00:26:16.999 D/wpa_supplicant(  540): WPS: AP[0] 4c:e6:76:cc:61:5d type=0 tries=0 last_attempt=-1 sec ago blacklist=0
01-01 00:26:16.999 D/wpa_supplicant(  540): WPS: AP[1] 20:4e:7f:32:b9:78 type=0 tries=0 last_attempt=-1 sec ago blacklist=0
01-01 00:26:16.999 D/wpa_supplicant(  540): p2p0: No suitable network found
01-01 00:26:16.999 D/wpa_supplicant(  540): nl80211: wpa_driver_nl80211_event_receive->nl_recvmsgs failed: -11
01-01 00:26:16.999 D/wpa_supplicant(  540): wlan0: Control interface command 'BSS RANGE=0- MASK=0x21987'
01-01 00:26:17.279 W/CameraSource(  112): Timed out waiting for incoming camera video frames: 1098650215 us
01-01 00:26:20.289 W/CameraSource(  112): Timed out waiting for incoming camera video frames: 1098650215 us
01-01 00:26:22.619 D/KeyguardUpdateMonitor(  551): received broadcast android.intent.action.BATTERY_CHANGED
01-01 00:26:22.619 D/KeyguardUpdateMonitor(  551): handleBatteryUpdate
01-01 00:26:23.289 W/CameraSource(  112): Timed out waiting for incoming camera video frames: 1098650215 us
01-01 00:26:26.289 W/CameraSource(  112): Timed out waiting for incoming camera video frames: 1098650215 us
01-01 00:26:28.909 D/KeyguardViewMediator(  551): setHidden false
01-01 00:26:28.909 D/KeyguardUpdateMonitor(  551): sendKeyguardVisibilityChanged(true)
01-01 00:26:28.909 D/KeyguardUpdateMonitor(  551): handleKeyguardVisibilityChanged(1)
01-01 00:26:29.289 W/CameraSource(  112): Timed out waiting for incoming camera video frames: 1098650215 us
01-01 00:26:31.389 D/wpa_supplicant(  540): wlan0: Control interface command 'SCAN'
01-01 00:26:31.389 D/wpa_supplicant(  540): wlan0: Setting scan request: 0.000000 sec
01-01 00:26:31.389 D/wpa_supplicant(  540): wlan0: State: INACTIVE -> SCANNING
01-01 00:26:31.389 D/wpa_supplicant(  540): CTRL_IFACE monitor sent successfully to /data/misc/wifi/sockets/wpa_ctrl_491-2\x00
01-01 00:26:31.389 D/wpa_supplicant(  540): wlan0: Starting AP scan for wildcard SSID
01-01 00:26:31.389 D/wpa_supplicant(  540): WPS: Building WPS IE for Probe Request
01-01 00:26:31.389 D/wpa_supplicant(  540): WPS:  * Version (hardcoded 0x10)
01-01 00:26:31.389 D/wpa_supplicant(  540): WPS:  * Request Type
01-01 00:26:31.389 D/wpa_supplicant(  540): WPS:  * Config Methods (4288)
01-01 00:26:31.389 D/wpa_supplicant(  540): WPS:  * UUID-E
01-01 00:26:31.389 D/wpa_supplicant(  540): WPS:  * Primary Device Type
01-01 00:26:31.389 D/wpa_supplicant(  540): WPS:  * RF Bands (1)
01-01 00:26:31.389 D/wpa_supplicant(  540): WPS:  * Association State
01-01 00:26:31.389 D/wpa_supplicant(  540): WPS:  * Configuration Error (0)
01-01 00:26:31.389 D/wpa_supplicant(  540): WPS:  * Device Password ID (0)
01-01 00:26:31.389 D/wpa_supplicant(  540): WPS:  * Manufacturer
01-01 00:26:31.389 D/wpa_supplicant(  540): WPS:  * Model Name
01-01 00:26:31.389 D/wpa_supplicant(  540): WPS:  * Model Number
01-01 00:26:31.389 D/wpa_supplicant(  540): WPS:  * Device Name
01-01 00:26:31.389 D/wpa_supplicant(  540): WPS:  * Version2 (0x20)
01-01 00:26:31.389 D/wpa_supplicant(  540): P2P: * P2P IE header
01-01 00:26:31.389 D/wpa_supplicant(  540): P2P: * Capability dev=25 group=00
01-01 00:26:31.389 D/wpa_supplicant(  540): P2P: * Listen Channel: Regulatory Class 81 Channel 11
01-01 00:26:31.389 D/wpa_supplicant(  540): wlan0: Add radio work 'scan'@0xb7f1f900
01-01 00:26:31.389 D/wpa_supplicant(  540): wlan0: First radio work item in the queue - schedule start immediately
01-01 00:26:31.389 D/wpa_supplicant(  540): wlan0: Starting radio work 'scan'@0xb7f1f900 after 0.000087 second wait
01-01 00:26:31.389 D/wpa_supplicant(  540): wlan0: nl80211: scan request
01-01 00:26:31.389 D/wpa_supplicant(  540): Scan requested (ret=0) - scan timeout 30 seconds
01-01 00:26:31.389 D/wpa_supplicant(  540): nl80211: Drv Event 33 (NL80211_CMD_TRIGGER_SCAN) received for wlan0
01-01 00:26:31.389 D/wpa_supplicant(  540): wlan0: nl80211: Scan trigger
01-01 00:26:31.389 D/wpa_supplicant(  540): wlan0: Event SCAN_STARTED (49) received
01-01 00:26:31.389 D/wpa_supplicant(  540): wlan0: Own scan request started a scan in 0.000178 seconds
01-01 00:26:31.389 I/wpa_supplicant(  540): wlan0: CTRL-EVENT-SCAN-STARTED 
01-01 00:26:31.389 D/wpa_supplicant(  540): CTRL_IFACE monitor sent successfully to /data/misc/wifi/sockets/wpa_ctrl_491-2\x00
01-01 00:26:31.389 D/wpa_supplicant(  540): nl80211: wpa_driver_nl80211_event_receive->nl_recvmsgs failed: -11
01-01 00:26:32.009 D/wpa_supplicant(  540): nl80211: Drv Event 34 (NL80211_CMD_NEW_SCAN_RESULTS) received for wlan0
01-01 00:26:32.009 D/wpa_supplicant(  540): wlan0: nl80211: New scan results available
01-01 00:26:32.009 D/wpa_supplicant(  540): nl80211: Scan probed for SSID ''
01-01 00:26:32.009 D/wpa_supplicant(  540): nl80211: Scan included frequencies: 2412 2417 2422 2427 2432 2437 2442 2447 2452 2457 2462 2467 2472
01-01 00:26:32.009 D/wpa_supplicant(  540): wlan0: Event SCAN_RESULTS (3) received
01-01 00:26:32.009 D/wpa_supplicant(  540): wlan0: Scan completed in 0.624119 seconds
01-01 00:26:32.009 D/wpa_supplicant(  540): nl80211: Received scan results (13 BSSes)
01-01 00:26:32.009 D/wpa_supplicant(  540): nl80211: Survey data missing
01-01 00:26:32.009 D/wpa_supplicant(  540): wlan0: BSS: Start scan result update 110
01-01 00:26:32.009 D/wpa_supplicant(  540): wlan0: BSS: Remove id 73 BSSID 20:4e:7f:32:b9:78 SSID 'videopnp' due to no match in scan
01-01 00:26:32.009 D/wpa_supplicant(  540): CTRL_IFACE monitor sent successfully to /data/misc/wifi/sockets/wpa_ctrl_491-2\x00
01-01 00:26:32.009 D/wpa_supplicant(  540): BSS: last_scan_res_used=13/32
01-01 00:26:32.009 D/wpa_supplicant(  540): wlan0: New scan results available (own=1 ext=0)
01-01 00:26:32.009 D/wpa_supplicant(  540): CTRL_IFACE monitor sent successfully to /data/misc/wifi/sockets/wpa_ctrl_491-2\x00
01-01 00:26:32.009 D/wpa_supplicant(  540): CTRL_IFACE monitor sent successfully to /data/misc/wifi/sockets/wpa_ctrl_491-2\x00
01-01 00:26:32.009 D/wpa_supplicant(  540): WPS: AP[0] 4c:e6:76:cc:61:5d type=0 tries=0 last_attempt=-1 sec ago blacklist=0
01-01 00:26:32.009 D/wpa_supplicant(  540): WPS: AP[1] 20:4e:7f:32:b9:78 type=0 tries=0 last_attempt=-1 sec ago blacklist=0
01-01 00:26:32.009 D/wpa_supplicant(  540): wlan0: Radio work 'scan'@0xb7f1f900 done in 0.627464 seconds
01-01 00:26:32.009 D/wpa_supplicant(  540): wlan0: No suitable network found
01-01 00:26:32.009 D/wpa_supplicant(  540): wlan0: Use normal scan instead of sched_scan for initial scans (normal_scans=1)
01-01 00:26:32.009 D/wpa_supplicant(  540): wlan0: Short-circuit new scan request since there are no enabled networks
01-01 00:26:32.009 D/wpa_supplicant(  540): wlan0: State: SCANNING -> INACTIVE
01-01 00:26:32.009 D/wpa_supplicant(  540): CTRL_IFACE monitor sent successfully to /data/misc/wifi/sockets/wpa_ctrl_491-2\x00
01-01 00:26:32.009 D/wpa_supplicant(  540): P2P: Add operating class 81
01-01 00:26:32.009 D/wpa_supplicant(  540): P2P: Channels - hexdump(len=13): 01 02 03 04 05 06 07 08 09 0a 0b 0c 0d
01-01 00:26:32.009 D/wpa_supplicant(  540): P2P: Update channel list
01-01 00:26:32.009 D/wpa_supplicant(  540): P2P: channels: 81:1,2,3,4,5,6,7,8,9,10,11,12,13
01-01 00:26:32.009 D/wpa_supplicant(  540): P2P: cli_channels:
01-01 00:26:32.009 D/wpa_supplicant(  540): P2P: indoor_channels:
01-01 00:26:32.009 D/wpa_supplicant(  540): wlan0: Determining shared radio frequencies (max len 1)
01-01 00:26:32.009 D/wpa_supplicant(  540): wlan0: Shared frequencies (len=0): completed iteration
01-01 00:26:32.009 D/wpa_supplicant(  540): p2p0: Updating scan results from sibling
01-01 00:26:32.009 D/wpa_supplicant(  540): nl80211: Received scan results (13 BSSes)
01-01 00:26:32.009 D/wpa_supplicant(  540): nl80211: Survey data missing
01-01 00:26:32.019 D/wpa_supplicant(  540): p2p0: BSS: Start scan result update 110
01-01 00:26:32.019 D/wpa_supplicant(  540): p2p0: BSS: Remove id 73 BSSID 20:4e:7f:32:b9:78 SSID 'videopnp' due to no match in scan
01-01 00:26:32.019 D/wpa_supplicant(  540): CTRL_IFACE monitor sent successfully to /data/misc/wifi/sockets/wpa_ctrl_491-2\x00
01-01 00:26:32.019 D/wpa_supplicant(  540): BSS: last_scan_res_used=13/32
01-01 00:26:32.019 D/wpa_supplicant(  540): p2p0: New scan results available (own=0 ext=0)
01-01 00:26:32.019 D/wpa_supplicant(  540): CTRL_IFACE monitor sent successfully to /data/misc/wifi/sockets/wpa_ctrl_491-2\x00
01-01 00:26:32.019 D/wpa_supplicant(  540): CTRL_IFACE monitor sent successfully to /data/misc/wifi/sockets/wpa_ctrl_491-2\x00
01-01 00:26:32.019 D/wpa_supplicant(  540): WPS: AP[0] 4c:e6:76:cc:61:5d type=0 tries=0 last_attempt=-1 sec ago blacklist=0
01-01 00:26:32.019 D/wpa_supplicant(  540): WPS: AP[1] 20:4e:7f:32:b9:78 type=0 tries=0 last_attempt=-1 sec ago blacklist=0
01-01 00:26:32.019 D/wpa_supplicant(  540): p2p0: No suitable network found
01-01 00:26:32.019 D/wpa_supplicant(  540): nl80211: wpa_driver_nl80211_event_receive->nl_recvmsgs failed: -11
01-01 00:26:32.019 D/wpa_supplicant(  540): wlan0: Control interface command 'BSS RANGE=0- MASK=0x21987'
01-01 00:26:32.289 W/CameraSource(  112): Timed out waiting for incoming camera video frames: 1098650215 us
01-01 00:26:32.669 D/KeyguardUpdateMonitor(  551): received broadcast android.intent.action.BATTERY_CHANGED
01-01 00:26:32.669 D/KeyguardUpdateMonitor(  551): handleBatteryUpdate
01-01 00:26:33.949 W/AudioFlinger(  112): RecordThread: buffer overflow
01-01 00:26:33.949 W/AudioSource(  112): AudioRecord reported overrun!
01-01 00:26:35.289 W/CameraSource(  112): Timed out waiting for incoming camera video frames: 1098650215 us
01-01 00:26:38.289 W/CameraSource(  112): Timed out waiting for incoming camera video frames: 1098650215 us
01-01 00:26:41.289 W/CameraSource(  112): Timed out waiting for incoming camera video frames: 1098650215 us
