01-01 00:29:17.139 D/wpa_supplicant(  540): CTRL_IFACE monitor sent successfully to /data/misc/wifi/sockets/wpa_ctrl_491-2\x00
01-01 00:29:17.139 D/wpa_supplicant(  540): WPS: AP[0] 4c:e6:76:cc:61:5d type=0 tries=0 last_attempt=-1 sec ago blacklist=0
01-01 00:29:17.139 D/wpa_supplicant(  540): WPS: AP[1] 20:4e:7f:32:b9:78 type=0 tries=0 last_attempt=-1 sec ago blacklist=0
01-01 00:29:17.139 D/wpa_supplicant(  540): wlan0: Radio work 'scan'@0xb7f0cf80 done in 0.627472 seconds
01-01 00:29:17.149 D/wpa_supplicant(  540): wlan0: No suitable network found
01-01 00:29:17.149 D/wpa_supplicant(  540): wlan0: Use normal scan instead of sched_scan for initial scans (normal_scans=1)
01-01 00:29:17.149 D/wpa_supplicant(  540): wlan0: Short-circuit new scan request since there are no enabled networks
01-01 00:29:17.149 D/wpa_supplicant(  540): wlan0: State: SCANNING -> INACTIVE
01-01 00:29:17.149 D/wpa_supplicant(  540): CTRL_IFACE monitor sent successfully to /data/misc/wifi/sockets/wpa_ctrl_491-2\x00
01-01 00:29:17.149 D/wpa_supplicant(  540): P2P: Add operating class 81
01-01 00:29:17.149 D/wpa_supplicant(  540): P2P: Channels - hexdump(len=13): 01 02 03 04 05 06 07 08 09 0a 0b 0c 0d
01-01 00:29:17.149 D/wpa_supplicant(  540): P2P: Update channel list
01-01 00:29:17.149 D/wpa_supplicant(  540): P2P: channels: 81:1,2,3,4,5,6,7,8,9,10,11,12,13
01-01 00:29:17.149 D/wpa_supplicant(  540): P2P: cli_channels:
01-01 00:29:17.149 D/wpa_supplicant(  540): P2P: indoor_channels:
01-01 00:29:17.149 D/wpa_supplicant(  540): wlan0: Determining shared radio frequencies (max len 1)
01-01 00:29:17.149 D/wpa_supplicant(  540): wlan0: Shared frequencies (len=0): completed iteration
01-01 00:29:17.149 D/wpa_supplicant(  540): p2p0: Updating scan results from sibling
01-01 00:29:17.149 D/wpa_supplicant(  540): nl80211: Received scan results (13 BSSes)
01-01 00:29:17.149 D/wpa_supplicant(  540): nl80211: Survey data missing
01-01 00:29:17.149 D/wpa_supplicant(  540): p2p0: BSS: Start scan result update 121
01-01 00:29:17.149 D/wpa_supplicant(  540): p2p0: BSS: Add new id 81 BSSID 20:4e:7f:32:b9:78 SSID 'videopnp'
01-01 00:29:17.149 D/wpa_supplicant(  540): CTRL_IFACE monitor sent successfully to /data/misc/wifi/sockets/wpa_ctrl_491-2\x00
01-01 00:29:17.149 D/wpa_supplicant(  540): BSS: last_scan_res_used=13/32
01-01 00:29:17.149 D/wpa_supplicant(  540): p2p0: New scan results available (own=0 ext=0)
01-01 00:29:17.149 D/wpa_supplicant(  540): CTRL_IFACE monitor sent successfully to /data/misc/wifi/sockets/wpa_ctrl_491-2\x00
01-01 00:29:17.149 D/wpa_supplicant(  540): CTRL_IFACE monitor sent successfully to /data/misc/wifi/sockets/wpa_ctrl_491-2\x00
01-01 00:29:17.149 D/wpa_supplicant(  540): WPS: AP[0] 4c:e6:76:cc:61:5d type=0 tries=0 last_attempt=-1 sec ago blacklist=0
01-01 00:29:17.149 D/wpa_supplicant(  540): WPS: AP[1] 20:4e:7f:32:b9:78 type=0 tries=0 last_attempt=-1 sec ago blacklist=0
01-01 00:29:17.149 D/wpa_supplicant(  540): p2p0: No suitable network found
01-01 00:29:17.149 D/wpa_supplicant(  540): nl80211: wpa_driver_nl80211_event_receive->nl_recvmsgs failed: -11
01-01 00:29:17.149 D/wpa_supplicant(  540): wlan0: Control interface command 'BSS RANGE=0- MASK=0x21987'
01-01 00:29:17.299 W/CameraSource(  112): Timed out waiting for incoming camera video frames: 1098650215 us
01-01 00:29:20.309 W/CameraSource(  112): Timed out waiting for incoming camera video frames: 1098650215 us
01-01 00:29:21.009 D/KeyguardViewMediator(  551): setHidden false
01-01 00:29:21.009 D/KeyguardUpdateMonitor(  551): sendKeyguardVisibilityChanged(true)
01-01 00:29:21.009 D/KeyguardUpdateMonitor(  551): handleKeyguardVisibilityChanged(1)
01-01 00:29:22.479 D/KeyguardViewMediator(  551): setHidden false
01-01 00:29:22.479 D/KeyguardUpdateMonitor(  551): sendKeyguardVisibilityChanged(true)
01-01 00:29:22.479 D/KeyguardUpdateMonitor(  551): handleKeyguardVisibilityChanged(1)
01-01 00:29:23.109 D/KeyguardUpdateMonitor(  551): received broadcast android.intent.action.BATTERY_CHANGED
01-01 00:29:23.109 D/KeyguardUpdateMonitor(  551): handleBatteryUpdate
01-01 00:29:23.309 W/CameraSource(  112): Timed out waiting for incoming camera video frames: 1098650215 us
01-01 00:29:24.579 D/KeyguardViewMediator(  551): setHidden false
01-01 00:29:24.579 D/KeyguardUpdateMonitor(  551): sendKeyguardVisibilityChanged(true)
01-01 00:29:24.579 D/KeyguardUpdateMonitor(  551): handleKeyguardVisibilityChanged(1)
01-01 00:29:25.939 W/AudioFlinger(  112): RecordThread: buffer overflow
01-01 00:29:25.939 W/AudioSource(  112): AudioRecord reported overrun!
01-01 00:29:26.309 W/CameraSource(  112): Timed out waiting for incoming camera video frames: 1098650215 us
01-01 00:29:29.309 W/CameraSource(  112): Timed out waiting for incoming camera video frames: 1098650215 us
01-01 00:29:31.539 D/wpa_supplicant(  540): wlan0: Control interface command 'SCAN'
01-01 00:29:31.539 D/wpa_supplicant(  540): wlan0: Setting scan request: 0.000000 sec
01-01 00:29:31.539 D/wpa_supplicant(  540): wlan0: State: INACTIVE -> SCANNING
01-01 00:29:31.539 D/wpa_supplicant(  540): CTRL_IFACE monitor sent successfully to /data/misc/wifi/sockets/wpa_ctrl_491-2\x00
01-01 00:29:31.539 D/wpa_supplicant(  540): wlan0: Starting AP scan for wildcard SSID
01-01 00:29:31.539 D/wpa_supplicant(  540): WPS: Building WPS IE for Probe Request
01-01 00:29:31.539 D/wpa_supplicant(  540): WPS:  * Version (hardcoded 0x10)
01-01 00:29:31.539 D/wpa_supplicant(  540): WPS:  * Request Type
01-01 00:29:31.539 D/wpa_supplicant(  540): WPS:  * Config Methods (4288)
01-01 00:29:31.539 D/wpa_supplicant(  540): WPS:  * UUID-E
01-01 00:29:31.539 D/wpa_supplicant(  540): WPS:  * Primary Device Type
01-01 00:29:31.539 D/wpa_supplicant(  540): WPS:  * RF Bands (1)
01-01 00:29:31.539 D/wpa_supplicant(  540): WPS:  * Association State
01-01 00:29:31.539 D/wpa_supplicant(  540): WPS:  * Configuration Error (0)
01-01 00:29:31.539 D/wpa_supplicant(  540): WPS:  * Device Password ID (0)
01-01 00:29:31.539 D/wpa_supplicant(  540): WPS:  * Manufacturer
01-01 00:29:31.539 D/wpa_supplicant(  540): WPS:  * Model Name
01-01 00:29:31.539 D/wpa_supplicant(  540): WPS:  * Model Number
01-01 00:29:31.539 D/wpa_supplicant(  540): WPS:  * Device Name
01-01 00:29:31.539 D/wpa_supplicant(  540): WPS:  * Version2 (0x20)
01-01 00:29:31.539 D/wpa_supplicant(  540): P2P: * P2P IE header
01-01 00:29:31.539 D/wpa_supplicant(  540): P2P: * Capability dev=25 group=00
01-01 00:29:31.539 D/wpa_supplicant(  540): P2P: * Listen Channel: Regulatory Class 81 Channel 11
01-01 00:29:31.539 D/wpa_supplicant(  540): wlan0: Add radio work 'scan'@0xb7f0cf80
01-01 00:29:31.539 D/wpa_supplicant(  540): wlan0: First radio work item in the queue - schedule start immediately
01-01 00:29:31.539 D/wpa_supplicant(  540): wlan0: Starting radio work 'scan'@0xb7f0cf80 after 0.000075 second wait
01-01 00:29:31.539 D/wpa_supplicant(  540): wlan0: nl80211: scan request
01-01 00:29:31.539 D/wpa_supplicant(  540): Scan requested (ret=0) - scan timeout 30 seconds
01-01 00:29:31.539 D/wpa_supplicant(  540): nl80211: Drv Event 33 (NL80211_CMD_TRIGGER_SCAN) received for wlan0
01-01 00:29:31.539 D/wpa_supplicant(  540): wlan0: nl80211: Scan trigger
01-01 00:29:31.539 D/wpa_supplicant(  540): wlan0: Event SCAN_STARTED (49) received
01-01 00:29:31.539 D/wpa_supplicant(  540): wlan0: Own scan request started a scan in 0.000177 seconds
01-01 00:29:31.539 I/wpa_supplicant(  540): wlan0: CTRL-EVENT-SCAN-STARTED 
01-01 00:29:31.539 D/wpa_supplicant(  540): CTRL_IFACE monitor sent successfully to /data/misc/wifi/sockets/wpa_ctrl_491-2\x00
01-01 00:29:31.539 D/wpa_supplicant(  540): nl80211: wpa_driver_nl80211_event_receive->nl_recvmsgs failed: -11
01-01 00:29:32.179 D/wpa_supplicant(  540): nl80211: Drv Event 34 (NL80211_CMD_NEW_SCAN_RESULTS) received for wlan0
01-01 00:29:32.179 D/wpa_supplicant(  540): wlan0: nl80211: New scan results available
01-01 00:29:32.179 D/wpa_supplicant(  540): nl80211: Scan probed for SSID ''
01-01 00:29:32.179 D/wpa_supplicant(  540): nl80211: Scan included frequencies: 2412 2417 2422 2427 2432 2437 2442 2447 2452 2457 2462 2467 2472
01-01 00:29:32.179 D/wpa_supplicant(  540): wlan0: Event SCAN_RESULTS (3) received
01-01 00:29:32.179 D/wpa_supplicant(  540): wlan0: Scan completed in 0.634391 seconds
01-01 00:29:32.179 D/wpa_supplicant(  540): nl80211: Received scan results (13 BSSes)
01-01 00:29:32.179 D/wpa_supplicant(  540): nl80211: Survey data missing
01-01 00:29:32.179 D/wpa_supplicant(  540): wlan0: BSS: Start scan result update 122
01-01 00:29:32.179 D/wpa_supplicant(  540): wlan0: BSS: Remove id 77 BSSID 00:1a:1e:55:e5:63 SSID 'snps-mobile' due to no match in scan
01-01 00:29:32.179 D/wpa_supplicant(  540): CTRL_IFACE monitor sent successfully to /data/misc/wifi/sockets/wpa_ctrl_491-2\x00
01-01 00:29:32.179 D/wpa_supplicant(  540): BSS: last_scan_res_used=13/32
01-01 00:29:32.179 D/wpa_supplicant(  540): wlan0: New scan results available (own=1 ext=0)
01-01 00:29:32.179 D/wpa_supplicant(  540): CTRL_IFACE monitor sent successfully to /data/misc/wifi/sockets/wpa_ctrl_491-2\x00
01-01 00:29:32.179 D/wpa_supplicant(  540): CTRL_IFACE monitor sent successfully to /data/misc/wifi/sockets/wpa_ctrl_491-2\x00
01-01 00:29:32.179 D/wpa_supplicant(  540): WPS: AP[0] 4c:e6:76:cc:61:5d type=0 tries=0 last_attempt=-1 sec ago blacklist=0
01-01 00:29:32.179 D/wpa_supplicant(  540): WPS: AP[1] 20:4e:7f:32:b9:78 type=0 tries=0 last_attempt=-1 sec ago blacklist=0
01-01 00:29:32.179 D/wpa_supplicant(  540): wlan0: Radio work 'scan'@0xb7f0cf80 done in 0.637586 seconds
01-01 00:29:32.179 D/wpa_supplicant(  540): wlan0: No suitable network found
01-01 00:29:32.179 D/wpa_supplicant(  540): wlan0: Use normal scan instead of sched_scan for initial scans (normal_scans=1)
01-01 00:29:32.179 D/wpa_supplicant(  540): wlan0: Short-circuit new scan request since there are no enabled networks
01-01 00:29:32.179 D/wpa_supplicant(  540): wlan0: State: SCANNING -> INACTIVE
01-01 00:29:32.179 D/wpa_supplicant(  540): CTRL_IFACE monitor sent successfully to /data/misc/wifi/sockets/wpa_ctrl_491-2\x00
01-01 00:29:32.179 D/wpa_supplicant(  540): P2P: Add operating class 81
01-01 00:29:32.179 D/wpa_supplicant(  540): P2P: Channels - hexdump(len=13): 01 02 03 04 05 06 07 08 09 0a 0b 0c 0d
01-01 00:29:32.179 D/wpa_supplicant(  540): P2P: Update channel list
01-01 00:29:32.179 D/wpa_supplicant(  540): P2P: channels: 81:1,2,3,4,5,6,7,8,9,10,11,12,13
01-01 00:29:32.179 D/wpa_supplicant(  540): P2P: cli_channels:
01-01 00:29:32.179 D/wpa_supplicant(  540): P2P: indoor_channels:
01-01 00:29:32.179 D/wpa_supplicant(  540): wlan0: Determining shared radio frequencies (max len 1)
01-01 00:29:32.179 D/wpa_supplicant(  540): wlan0: Shared frequencies (len=0): completed iteration
01-01 00:29:32.179 D/wpa_supplicant(  540): p2p0: Updating scan results from sibling
01-01 00:29:32.179 D/wpa_supplicant(  540): nl80211: Received scan results (13 BSSes)
01-01 00:29:32.179 D/wpa_supplicant(  540): nl80211: Survey data missing
01-01 00:29:32.179 D/wpa_supplicant(  540): p2p0: BSS: Start scan result update 122
01-01 00:29:32.179 D/wpa_supplicant(  540): p2p0: BSS: Remove id 77 BSSID 00:1a:1e:55:e5:63 SSID 'snps-mobile' due to no match in scan
01-01 00:29:32.179 D/wpa_supplicant(  540): CTRL_IFACE monitor sent successfully to /data/misc/wifi/sockets/wpa_ctrl_491-2\x00
01-01 00:29:32.179 D/wpa_supplicant(  540): BSS: last_scan_res_used=13/32
01-01 00:29:32.179 D/wpa_supplicant(  540): p2p0: New scan results available (own=0 ext=0)
01-01 00:29:32.179 D/wpa_supplicant(  540): CTRL_IFACE monitor sent successfully to /data/misc/wifi/sockets/wpa_ctrl_491-2\x00
01-01 00:29:32.179 D/wpa_supplicant(  540): CTRL_IFACE monitor sent successfully to /data/misc/wifi/sockets/wpa_ctrl_491-2\x00
01-01 00:29:32.179 D/wpa_supplicant(  540): WPS: AP[0] 4c:e6:76:cc:61:5d type=0 tries=0 last_attempt=-1 sec ago blacklist=0
01-01 00:29:32.179 D/wpa_supplicant(  540): WPS: AP[1] 20:4e:7f:32:b9:78 type=0 tries=0 last_attempt=-1 sec ago blacklist=0
01-01 00:29:32.179 D/wpa_supplicant(  540): p2p0: No suitable network found
01-01 00:29:32.179 D/wpa_supplicant(  540): nl80211: wpa_driver_nl80211_event_receive->nl_recvmsgs failed: -11
01-01 00:29:32.179 D/wpa_supplicant(  540): wlan0: Control interface command 'BSS RANGE=0- MASK=0x21987'
01-01 00:29:32.309 W/CameraSource(  112): Timed out waiting for incoming camera video frames: 1098650215 us
01-01 00:29:33.149 D/KeyguardUpdateMonitor(  551): received broadcast android.intent.action.BATTERY_CHANGED
01-01 00:29:33.159 D/KeyguardUpdateMonitor(  551): handleBatteryUpdate
01-01 00:29:33.299 D/KeyguardViewMediator(  551): setHidden false
01-01 00:29:33.299 D/KeyguardUpdateMonitor(  551): sendKeyguardVisibilityChanged(true)
01-01 00:29:33.299 D/KeyguardUpdateMonitor(  551): handleKeyguardVisibilityChanged(1)
01-01 00:29:35.309 W/CameraSource(  112): Timed out waiting for incoming camera video frames: 1098650215 us
01-01 00:29:38.309 W/CameraSource(  112): Timed out waiting for incoming camera video frames: 1098650215 us
01-01 00:29:38.419 D/KeyguardViewMediator(  551): setHidden false
01-01 00:29:38.419 D/KeyguardUpdateMonitor(  551): sendKeyguardVisibilityChanged(true)
01-01 00:29:38.419 D/KeyguardUpdateMonitor(  551): handleKeyguardVisibilityChanged(1)
01-01 00:29:41.309 W/CameraSource(  112): Timed out waiting for incoming camera video frames: 1098650215 us
01-01 00:29:42.319 W/AudioFlinger(  112): RecordThread: buffer overflow
01-01 00:29:42.319 W/AudioSource(  112): AudioRecord reported overrun!
01-01 00:29:43.219 D/KeyguardUpdateMonitor(  551): received broadcast android.intent.action.BATTERY_CHANGED
01-01 00:29:43.219 D/KeyguardUpdateMonitor(  551): handleBatteryUpdate
01-01 00:29:43.299 D/KeyguardUpdateMonitor(  551): received broadcast android.intent.action.BATTERY_CHANGED
01-01 00:29:43.299 D/KeyguardUpdateMonitor(  551): received broadcast android.intent.action.BATTERY_CHANGED
01-01 00:29:43.309 D/KeyguardUpdateMonitor(  551): handleBatteryUpdate
01-01 00:29:43.309 D/KeyguardUpdateMonitor(  551): handleBatteryUpdate
01-01 00:29:43.389 D/KeyguardUpdateMonitor(  551): received broadcast android.intent.action.BATTERY_CHANGED
01-01 00:29:43.399 D/KeyguardUpdateMonitor(  551): handleBatteryUpdate
01-01 00:29:43.429 D/KeyguardUpdateMonitor(  551): received broadcast android.intent.action.BATTERY_CHANGED
01-01 00:29:43.439 D/KeyguardUpdateMonitor(  551): handleBatteryUpdate
01-01 00:29:43.469 D/KeyguardUpdateMonitor(  551): received broadcast android.intent.action.BATTERY_CHANGED
01-01 00:29:43.469 D/KeyguardUpdateMonitor(  551): handleBatteryUpdate
01-01 00:29:43.539 D/KeyguardUpdateMonitor(  551): received broadcast android.intent.action.BATTERY_CHANGED
01-01 00:29:43.549 D/KeyguardUpdateMonitor(  551): handleBatteryUpdate
01-01 00:29:43.589 D/KeyguardUpdateMonitor(  551): received broadcast android.intent.action.BATTERY_CHANGED
01-01 00:29:43.589 D/KeyguardUpdateMonitor(  551): handleBatteryUpdate
01-01 00:29:43.609 W/SurfaceFlinger(  109): Ignoring duplicate VSYNC event from HWC (t=1782024805610)
01-01 00:29:43.889 D/KeyguardViewMediator(  551): setHidden false
01-01 00:29:43.889 D/KeyguardUpdateMonitor(  551): sendKeyguardVisibilityChanged(true)
01-01 00:29:43.889 D/KeyguardUpdateMonitor(  551): handleKeyguardVisibilityChanged(1)
01-01 00:29:44.309 W/CameraSource(  112): Timed out waiting for incoming camera video frames: 1098650215 us
01-01 00:29:46.559 D/wpa_supplicant(  540): wlan0: Control interface command 'SCAN'
01-01 00:29:46.559 D/wpa_supplicant(  540): wlan0: Setting scan request: 0.000000 sec
01-01 00:29:46.559 D/wpa_supplicant(  540): wlan0: State: INACTIVE -> SCANNING
01-01 00:29:46.559 D/wpa_supplicant(  540): CTRL_IFACE monitor sent successfully to /data/misc/wifi/sockets/wpa_ctrl_491-2\x00
01-01 00:29:46.559 D/wpa_supplicant(  540): wlan0: Starting AP scan for wildcard SSID
01-01 00:29:46.559 D/wpa_supplicant(  540): WPS: Building WPS IE for Probe Request
01-01 00:29:46.559 D/wpa_supplicant(  540): WPS:  * Version (hardcoded 0x10)
01-01 00:29:46.559 D/wpa_supplicant(  540): WPS:  * Request Type
01-01 00:29:46.559 D/wpa_supplicant(  540): WPS:  * Config Methods (4288)
01-01 00:29:46.559 D/wpa_supplicant(  540): WPS:  * UUID-E
01-01 00:29:46.559 D/wpa_supplicant(  540): WPS:  * Primary Device Type
01-01 00:29:46.559 D/wpa_supplicant(  540): WPS:  * RF Bands (1)
01-01 00:29:46.559 D/wpa_supplicant(  540): WPS:  * Association State
01-01 00:29:46.559 D/wpa_supplicant(  540): WPS:  * Configuration Error (0)
01-01 00:29:46.559 D/wpa_supplicant(  540): WPS:  * Device Password ID (0)
01-01 00:29:46.559 D/wpa_supplicant(  540): WPS:  * Manufacturer
01-01 00:29:46.559 D/wpa_supplicant(  540): WPS:  * Model Name
01-01 00:29:46.559 D/wpa_supplicant(  540): WPS:  * Model Number
01-01 00:29:46.559 D/wpa_supplicant(  540): WPS:  * Device Name
01-01 00:29:46.559 D/wpa_supplicant(  540): WPS:  * Version2 (0x20)
01-01 00:29:46.559 D/wpa_supplicant(  540): P2P: * P2P IE header
01-01 00:29:46.559 D/wpa_supplicant(  540): P2P: * Capability dev=25 group=00
01-01 00:29:46.559 D/wpa_supplicant(  540): P2P: * Listen Channel: Regulatory Class 81 Channel 11
01-01 00:29:46.559 D/wpa_supplicant(  540): wlan0: Add radio work 'scan'@0xb7f0cf80
01-01 00:29:46.559 D/wpa_supplicant(  540): wlan0: First radio work item in the queue - schedule start immediately
01-01 00:29:46.559 D/wpa_supplicant(  540): wlan0: Starting radio work 'scan'@0xb7f0cf80 after 0.000078 second wait
01-01 00:29:46.559 D/wpa_supplicant(  540): wlan0: nl80211: scan request
01-01 00:29:46.569 D/wpa_supplicant(  540): Scan requested (ret=0) - scan timeout 30 seconds
01-01 00:29:46.569 D/wpa_supplicant(  540): nl80211: Drv Event 33 (NL80211_CMD_TRIGGER_SCAN) received for wlan0
01-01 00:29:46.569 D/wpa_supplicant(  540): wlan0: nl80211: Scan trigger
01-01 00:29:46.569 D/wpa_supplicant(  540): wlan0: Event SCAN_STARTED (49) received
01-01 00:29:46.569 D/wpa_supplicant(  540): wlan0: Own scan request started a scan in 0.000201 seconds
01-01 00:29:46.569 I/wpa_supplicant(  540): wlan0: CTRL-EVENT-SCAN-STARTED 
01-01 00:29:46.569 D/wpa_supplicant(  540): CTRL_IFACE monitor sent successfully to /data/misc/wifi/sockets/wpa_ctrl_491-2\x00
01-01 00:29:46.569 D/wpa_supplicant(  540): nl80211: wpa_driver_nl80211_event_receive->nl_recvmsgs failed: -11
01-01 00:29:47.219 D/wpa_supplicant(  540): nl80211: Drv Event 34 (NL80211_CMD_NEW_SCAN_RESULTS) received for wlan0
01-01 00:29:47.219 D/wpa_supplicant(  540): wlan0: nl80211: New scan results available
01-01 00:29:47.219 D/wpa_supplicant(  540): nl80211: Scan probed for SSID ''
01-01 00:29:47.219 D/wpa_supplicant(  540): nl80211: Scan included frequencies: 2412 2417 2422 2427 2432 2437 2442 2447 2452 2457 2462 2467 2472
01-01 00:29:47.219 D/wpa_supplicant(  540): wlan0: Event SCAN_RESULTS (3) received
01-01 00:29:47.219 D/wpa_supplicant(  540): wlan0: Scan completed in 0.639594 seconds
01-01 00:29:47.219 D/wpa_supplicant(  540): nl80211: Received scan results (9 BSSes)
01-01 00:29:47.219 D/wpa_supplicant(  540): nl80211: Survey data missing
01-01 00:29:47.219 D/wpa_supplicant(  540): wlan0: BSS: Start scan result update 123
01-01 00:29:47.219 D/wpa_supplicant(  540): BSS: last_scan_res_used=9/32
01-01 00:29:47.219 D/wpa_supplicant(  540): wlan0: New scan results available (own=1 ext=0)
01-01 00:29:47.219 D/wpa_supplicant(  540): CTRL_IFACE monitor sent successfully to /data/misc/wifi/sockets/wpa_ctrl_491-2\x00
01-01 00:29:47.219 D/wpa_supplicant(  540): CTRL_IFACE monitor sent successfully to /data/misc/wifi/sockets/wpa_ctrl_491-2\x00
01-01 00:29:47.219 D/wpa_supplicant(  540): WPS: AP[0] 4c:e6:76:cc:61:5d type=0 tries=0 last_attempt=-1 sec ago blacklist=0
01-01 00:29:47.219 D/wpa_supplicant(  540): WPS: AP[1] 20:4e:7f:32:b9:78 type=0 tries=0 last_attempt=-1 sec ago blacklist=0
01-01 00:29:47.219 D/wpa_supplicant(  540): wlan0: Radio work 'scan'@0xb7f0cf80 done in 0.653055 seconds
01-01 00:29:47.219 D/wpa_supplicant(  540): wlan0: No suitable network found
01-01 00:29:47.219 D/wpa_supplicant(  540): wlan0: Use normal scan instead of sched_scan for initial scans (normal_scans=1)
01-01 00:29:47.219 D/wpa_supplicant(  540): wlan0: Short-circuit new scan request since there are no enabled networks
01-01 00:29:47.219 D/wpa_supplicant(  540): wlan0: State: SCANNING -> INACTIVE
01-01 00:29:47.219 D/wpa_supplicant(  540): CTRL_IFACE monitor sent successfully to /data/misc/wifi/sockets/wpa_ctrl_491-2\x00
01-01 00:29:47.219 D/wpa_supplicant(  540): P2P: Add operating class 81
01-01 00:29:47.219 D/wpa_supplicant(  540): P2P: Channels - hexdump(len=13): 01 02 03 04 05 06 07 08 09 0a 0b 0c 0d
01-01 00:29:47.219 D/wpa_supplicant(  540): P2P: Update channel list
01-01 00:29:47.219 D/wpa_supplicant(  540): P2P: channels: 81:1,2,3,4,5,6,7,8,9,10,11,12,13
01-01 00:29:47.219 D/wpa_supplicant(  540): P2P: cli_channels:
01-01 00:29:47.219 D/wpa_supplicant(  540): P2P: indoor_channels:
01-01 00:29:47.219 D/wpa_supplicant(  540): wlan0: Determining shared radio frequencies (max len 1)
01-01 00:29:47.219 D/wpa_supplicant(  540): wlan0: Shared frequencies (len=0): completed iteration
01-01 00:29:47.219 D/wpa_supplicant(  540): p2p0: Updating scan results from sibling
01-01 00:29:47.219 D/wpa_supplicant(  540): nl80211: Received scan results (9 BSSes)
01-01 00:29:47.219 D/wpa_supplicant(  540): nl80211: Survey data missing
01-01 00:29:47.219 D/wpa_supplicant(  540): p2p0: BSS: Start scan result update 123
01-01 00:29:47.219 D/wpa_supplicant(  540): BSS: last_scan_res_used=9/32
01-01 00:29:47.219 D/wpa_supplicant(  540): p2p0: New scan results available (own=0 ext=0)
01-01 00:29:47.219 D/wpa_supplicant(  540): CTRL_IFACE monitor sent successfully to /data/misc/wifi/sockets/wpa_ctrl_491-2\x00
01-01 00:29:47.219 D/wpa_supplicant(  540): CTRL_IFACE monitor sent successfully to /data/misc/wifi/sockets/wpa_ctrl_491-2\x00
01-01 00:29:47.219 D/wpa_supplicant(  540): WPS: AP[0] 4c:e6:76:cc:61:5d type=0 tries=0 last_attempt=-1 sec ago blacklist=0
01-01 00:29:47.219 D/wpa_supplicant(  540): WPS: AP[1] 20:4e:7f:32:b9:78 type=0 tries=0 last_attempt=-1 sec ago blacklist=0
01-01 00:29:47.219 D/wpa_supplicant(  540): p2p0: No suitable network found
01-01 00:29:47.219 D/wpa_supplicant(  540): nl80211: wpa_driver_nl80211_event_receive->nl_recvmsgs failed: -11
01-01 00:29:47.219 D/wpa_supplicant(  540): wlan0: Control interface command 'BSS RANGE=0- MASK=0x21987'
01-01 00:29:47.309 W/CameraSource(  112): Timed out waiting for incoming camera video frames: 1098650215 us
01-01 00:29:47.379 D/KeyguardViewMediator(  551): setHidden false
01-01 00:29:47.379 D/KeyguardUpdateMonitor(  551): sendKeyguardVisibilityChanged(true)
01-01 00:29:47.379 D/KeyguardUpdateMonitor(  551): handleKeyguardVisibilityChanged(1)
01-01 00:29:50.309 W/CameraSource(  112): Timed out waiting for incoming camera video frames: 1098650215 us
01-01 00:29:51.539 D/KeyguardViewMediator(  551): setHidden false
01-01 00:29:51.539 D/KeyguardUpdateMonitor(  551): sendKeyguardVisibilityChanged(true)
01-01 00:29:51.539 D/KeyguardUpdateMonitor(  551): handleKeyguardVisibilityChanged(1)
01-01 00:29:53.199 D/KeyguardUpdateMonitor(  551): received broadcast android.intent.action.BATTERY_CHANGED
01-01 00:29:53.209 D/KeyguardUpdateMonitor(  551): handleBatteryUpdate
01-01 00:29:53.279 D/KeyguardUpdateMonitor(  551): received broadcast android.intent.action.BATTERY_CHANGED
01-01 00:29:53.299 D/KeyguardUpdateMonitor(  551): handleBatteryUpdate
01-01 00:29:53.309 W/CameraSource(  112): Timed out waiting for incoming camera video frames: 1098650215 us
01-01 00:29:53.339 D/KeyguardUpdateMonitor(  551): received broadcast android.intent.action.BATTERY_CHANGED
01-01 00:29:53.339 D/KeyguardUpdateMonitor(  551): handleBatteryUpdate
01-01 00:29:53.369 D/KeyguardUpdateMonitor(  551): received broadcast android.intent.action.BATTERY_CHANGED
01-01 00:29:53.369 D/KeyguardUpdateMonitor(  551): handleBatteryUpdate
01-01 00:29:53.469 D/KeyguardUpdateMonitor(  551): received broadcast android.intent.action.BATTERY_CHANGED
01-01 00:29:53.479 D/KeyguardUpdateMonitor(  551): handleBatteryUpdate
01-01 00:29:53.499 D/KeyguardUpdateMonitor(  551): received broadcast android.intent.action.BATTERY_CHANGED
01-01 00:29:53.509 D/KeyguardUpdateMonitor(  551): handleBatteryUpdate
01-01 00:29:56.309 W/CameraSource(  112): Timed out waiting for incoming camera video frames: 1098650215 us
01-01 00:29:57.999 D/KeyguardViewMediator(  551): setHidden false
01-01 00:29:57.999 D/KeyguardUpdateMonitor(  551): sendKeyguardVisibilityChanged(true)
01-01 00:29:57.999 D/KeyguardUpdateMonitor(  551): handleKeyguardVisibilityChanged(1)
01-01 00:29:59.309 W/CameraSource(  112): Timed out waiting for incoming camera video frames: 1098650215 us
01-01 00:30:00.009 D/KeyguardUpdateMonitor(  551): received broadcast android.intent.action.TIME_TICK
01-01 00:30:00.009 D/KeyguardUpdateMonitor(  551): handleTimeUpdate
01-01 00:30:00.059 W/AudioFlinger(  112): RecordThread: buffer overflow
01-01 00:30:00.059 W/AudioSource(  112): AudioRecord reported overrun!
01-01 00:30:01.569 D/wpa_supplicant(  540): wlan0: Control interface command 'SCAN'
01-01 00:30:01.569 D/wpa_supplicant(  540): wlan0: Setting scan request: 0.000000 sec
01-01 00:30:01.569 D/wpa_supplicant(  540): wlan0: State: INACTIVE -> SCANNING
01-01 00:30:01.569 D/wpa_supplicant(  540): CTRL_IFACE monitor sent successfully to /data/misc/wifi/sockets/wpa_ctrl_491-2\x00
01-01 00:30:01.569 D/wpa_supplicant(  540): wlan0: Starting AP scan for wildcard SSID
01-01 00:30:01.569 D/wpa_supplicant(  540): WPS: Building WPS IE for Probe Request
01-01 00:30:01.569 D/wpa_supplicant(  540): WPS:  * Version (hardcoded 0x10)
01-01 00:30:01.569 D/wpa_supplicant(  540): WPS:  * Request Type
01-01 00:30:01.569 D/wpa_supplicant(  540): WPS:  * Config Methods (4288)
01-01 00:30:01.569 D/wpa_supplicant(  540): WPS:  * UUID-E
01-01 00:30:01.569 D/wpa_supplicant(  540): WPS:  * Primary Device Type
01-01 00:30:01.569 D/wpa_supplicant(  540): WPS:  * RF Bands (1)
01-01 00:30:01.569 D/wpa_supplicant(  540): WPS:  * Association State
01-01 00:30:01.569 D/wpa_supplicant(  540): WPS:  * Configuration Error (0)
01-01 00:30:01.569 D/wpa_supplicant(  540): WPS:  * Device Password ID (0)
01-01 00:30:01.569 D/wpa_supplicant(  540): WPS:  * Manufacturer
01-01 00:30:01.569 D/wpa_supplicant(  540): WPS:  * Model Name
01-01 00:30:01.569 D/wpa_supplicant(  540): WPS:  * Model Number
01-01 00:30:01.569 D/wpa_supplicant(  540): WPS:  * Device Name
01-01 00:30:01.569 D/wpa_supplicant(  540): WPS:  * Version2 (0x20)
01-01 00:30:01.569 D/wpa_supplicant(  540): P2P: * P2P IE header
01-01 00:30:01.569 D/wpa_supplicant(  540): P2P: * Capability dev=25 group=00
01-01 00:30:01.569 D/wpa_supplicant(  540): P2P: * Listen Channel: Regulatory Class 81 Channel 11
01-01 00:30:01.569 D/wpa_supplicant(  540): wlan0: Add radio work 'scan'@0xb7f1f900
01-01 00:30:01.569 D/wpa_supplicant(  540): wlan0: First radio work item in the queue - schedule start immediately
01-01 00:30:01.569 D/wpa_supplicant(  540): wlan0: Starting radio work 'scan'@0xb7f1f900 after 0.000077 second wait
01-01 00:30:01.569 D/wpa_supplicant(  540): wlan0: nl80211: scan request
01-01 00:30:01.619 D/wpa_supplicant(  540): Scan requested (ret=0) - scan timeout 30 seconds
01-01 00:30:01.619 D/wpa_supplicant(  540): nl80211: Drv Event 33 (NL80211_CMD_TRIGGER_SCAN) received for wlan0
01-01 00:30:01.619 D/wpa_supplicant(  540): wlan0: nl80211: Scan trigger
01-01 00:30:01.619 D/wpa_supplicant(  540): wlan0: Event SCAN_STARTED (49) received
01-01 00:30:01.619 D/wpa_supplicant(  540): wlan0: Own scan request started a scan in 0.000180 seconds
01-01 00:30:01.619 I/wpa_supplicant(  540): wlan0: CTRL-EVENT-SCAN-STARTED 
01-01 00:30:01.619 D/wpa_supplicant(  540): CTRL_IFACE monitor sent successfully to /data/misc/wifi/sockets/wpa_ctrl_491-2\x00
01-01 00:30:01.619 D/wpa_supplicant(  540): nl80211: wpa_driver_nl80211_event_receive->nl_recvmsgs failed: -11
01-01 00:30:02.109 W/AudioSource(  112): AudioRecord reported overrun!
01-01 00:30:02.249 D/wpa_supplicant(  540): nl80211: Drv Event 34 (NL80211_CMD_NEW_SCAN_RESULTS) received for wlan0
01-01 00:30:02.249 D/wpa_supplicant(  540): wlan0: nl80211: New scan results available
01-01 00:30:02.249 D/wpa_supplicant(  540): nl80211: Scan probed for SSID ''
01-01 00:30:02.249 D/wpa_supplicant(  540): nl80211: Scan included frequencies: 2412 2417 2422 2427 2432 2437 2442 2447 2452 2457 2462 2467 2472
01-01 00:30:02.249 D/wpa_supplicant(  540): wlan0: Event SCAN_RESULTS (3) received
01-01 00:30:02.249 D/wpa_supplicant(  540): wlan0: Scan completed in 0.638632 seconds
01-01 00:30:02.249 D/wpa_supplicant(  540): nl80211: Received scan results (8 BSSes)
01-01 00:30:02.249 D/wpa_supplicant(  540): nl80211: Survey data missing
01-01 00:30:02.249 D/wpa_supplicant(  540): wlan0: BSS: Start scan result update 124
01-01 00:30:02.249 D/wpa_supplicant(  540): wlan0: BSS: Remove id 49 BSSID 00:1a:1e:55:e5:60 SSID '555-0143' due to no match in scan
01-01 00:30:02.249 D/wpa_supplicant(  540): CTRL_IFACE monitor sent successfully to /data/misc/wifi/sockets/wpa_ctrl_491-2\x00
01-01 00:30:02.249 D/wpa_supplicant(  540): wlan0: BSS: Remove id 78 BSSID 00:1a:1e:55:e5:61 SSID '' due to no match in scan
01-01 00:30:02.249 D/wpa_supplicant(  540): CTRL_IFACE monitor sent successfully to /data/misc/wifi/sockets/wpa_ctrl_491-2\x00
01-01 00:30:02.249 D/wpa_supplicant(  540): wlan0: BSS: Remove id 79 BSSID 00:1a:1e:55:e5:62 SSID 'synopsys-guest' due to no match in scan
01-01 00:30:02.249 D/wpa_supplicant(  540): CTRL_IFACE monitor sent successfully to /data/misc/wifi/sockets/wpa_ctrl_491-2\x00
01-01 00:30:02.249 D/wpa_supplicant(  540): BSS: last_scan_res_used=8/32
01-01 00:30:02.249 D/wpa_supplicant(  540): wlan0: New scan results available (own=1 ext=0)
01-01 00:30:02.249 D/wpa_supplicant(  540): CTRL_IFACE monitor sent successfully to /data/misc/wifi/sockets/wpa_ctrl_491-2\x00
01-01 00:30:02.249 D/wpa_supplicant(  540): CTRL_IFACE monitor sent successfully to /data/misc/wifi/sockets/wpa_ctrl_491-2\x00
01-01 00:30:02.249 D/wpa_supplicant(  540): WPS: AP[0] 4c:e6:76:cc:61:5d type=0 tries=0 last_attempt=-1 sec ago blacklist=0
01-01 00:30:02.249 D/wpa_supplicant(  540): WPS: AP[1] 20:4e:7f:32:b9:78 type=0 tries=0 last_attempt=-1 sec ago blacklist=0
01-01 00:30:02.249 D/wpa_supplicant(  540): wlan0: Radio work 'scan'@0xb7f1f900 done in 0.688782 seconds
01-01 00:30:02.249 D/wpa_supplicant(  540): wlan0: No suitable network found
01-01 00:30:02.249 D/wpa_supplicant(  540): wlan0: Use normal scan instead of sched_scan for initial scans (normal_scans=1)
01-01 00:30:02.249 D/wpa_supplicant(  540): wlan0: Short-circuit new scan request since there are no enabled networks
01-01 00:30:02.249 D/wpa_supplicant(  540): wlan0: State: SCANNING -> INACTIVE
01-01 00:30:02.249 D/wpa_supplicant(  540): CTRL_IFACE monitor sent successfully to /data/misc/wifi/sockets/wpa_ctrl_491-2\x00
01-01 00:30:02.249 D/wpa_supplicant(  540): P2P: Add operating class 81
01-01 00:30:02.249 D/wpa_supplicant(  540): P2P: Channels - hexdump(len=13): 01 02 03 04 05 06 07 08 09 0a 0b 0c 0d
01-01 00:30:02.249 D/wpa_supplicant(  540): P2P: Update channel list
01-01 00:30:02.249 D/wpa_supplicant(  540): P2P: channels: 81:1,2,3,4,5,6,7,8,9,10,11,12,13
01-01 00:30:02.249 D/wpa_supplicant(  540): P2P: cli_channels:
01-01 00:30:02.249 D/wpa_supplicant(  540): P2P: indoor_channels:
01-01 00:30:02.249 D/wpa_supplicant(  540): wlan0: Determining shared radio frequencies (max len 1)
01-01 00:30:02.249 D/wpa_supplicant(  540): wlan0: Shared frequencies (len=0): completed iteration
01-01 00:30:02.249 D/wpa_supplicant(  540): p2p0: Updating scan results from sibling
01-01 00:30:02.249 D/wpa_supplicant(  540): nl80211: Received scan results (8 BSSes)
01-01 00:30:02.249 D/wpa_supplicant(  540): nl80211: Survey data missing
01-01 00:30:02.249 D/wpa_supplicant(  540): p2p0: BSS: Start scan result update 124
01-01 00:30:02.249 D/wpa_supplicant(  540): p2p0: BSS: Remove id 49 BSSID 00:1a:1e:55:e5:60 SSID '555-0143' due to no match in scan
01-01 00:30:02.249 D/wpa_supplicant(  540): CTRL_IFACE monitor sent successfully to /data/misc/wifi/sockets/wpa_ctrl_491-2\x00
01-01 00:30:02.249 D/wpa_supplicant(  540): p2p0: BSS: Remove id 78 BSSID 00:1a:1e:55:e5:61 SSID '' due to no match in scan
01-01 00:30:02.249 D/wpa_supplicant(  540): CTRL_IFACE monitor sent successfully to /data/misc/wifi/sockets/wpa_ctrl_491-2\x00
01-01 00:30:02.249 D/wpa_supplicant(  540): p2p0: BSS: Remove id 79 BSSID 00:1a:1e:55:e5:62 SSID 'synopsys-guest' due to no match in scan
01-01 00:30:02.249 D/wpa_supplicant(  540): CTRL_IFACE monitor sent successfully to /data/misc/wifi/sockets/wpa_ctrl_491-2\x00
01-01 00:30:02.249 D/wpa_supplicant(  540): BSS: last_scan_res_used=8/32
01-01 00:30:02.249 D/wpa_supplicant(  540): p2p0: New scan results available (own=0 ext=0)
01-01 00:30:02.249 D/wpa_supplicant(  540): CTRL_IFACE monitor sent successfully to /data/misc/wifi/sockets/wpa_ctrl_491-2\x00
01-01 00:30:02.249 D/wpa_supplicant(  540): CTRL_IFACE monitor sent successfully to /data/misc/wifi/sockets/wpa_ctrl_491-2\x00
01-01 00:30:02.249 D/wpa_supplicant(  540): WPS: AP[0] 4c:e6:76:cc:61:5d type=0 tries=0 last_attempt=-1 sec ago blacklist=0
01-01 00:30:02.249 D/wpa_supplicant(  540): WPS: AP[1] 20:4e:7f:32:b9:78 type=0 tries=0 last_attempt=-1 sec ago blacklist=0
01-01 00:30:02.249 D/wpa_supplicant(  540): p2p0: No suitable network found
01-01 00:30:02.249 D/wpa_supplicant(  540): nl80211: wpa_driver_nl80211_event_receive->nl_recvmsgs failed: -11
01-01 00:30:02.249 D/wpa_supplicant(  540): wlan0: Control interface command 'BSS RANGE=0- MASK=0x21987'
01-01 00:30:02.309 W/CameraSource(  112): Timed out waiting for incoming camera video frames: 1098650215 us
01-01 00:30:02.419 D/KeyguardViewMediator(  551): setHidden false
01-01 00:30:02.419 D/KeyguardUpdateMonitor(  551): sendKeyguardVisibilityChanged(true)
01-01 00:30:02.419 D/KeyguardUpdateMonitor(  551): handleKeyguardVisibilityChanged(1)
01-01 00:30:03.239 D/KeyguardUpdateMonitor(  551): received broadcast android.intent.action.BATTERY_CHANGED
01-01 00:30:03.239 D/KeyguardUpdateMonitor(  551): handleBatteryUpdate
01-01 00:30:05.309 W/CameraSource(  112): Timed out waiting for incoming camera video frames: 1098650215 us
01-01 00:30:08.309 W/CameraSource(  112): Timed out waiting for incoming camera video frames: 1098650215 us
01-01 00:30:08.549 D/KeyguardViewMediator(  551): setHidden false
01-01 00:30:08.549 D/KeyguardUpdateMonitor(  551): sendKeyguardVisibilityChanged(true)
01-01 00:30:08.549 D/KeyguardUpdateMonitor(  551): handleKeyguardVisibilityChanged(1)
01-01 00:30:09.929 D/KeyguardUpdateMonitor(  551): received broadcast android.intent.action.BATTERY_CHANGED
01-01 00:30:09.939 D/KeyguardUpdateMonitor(  551): handleBatteryUpdate
01-01 00:30:11.309 W/CameraSource(  112): Timed out waiting for incoming camera video frames: 1098650215 us
01-01 00:30:12.349 W/AudioFlinger(  112): RecordThread: buffer overflow
01-01 00:30:12.349 W/AudioSource(  112): AudioRecord reported overrun!
01-01 00:30:13.299 D/KeyguardUpdateMonitor(  551): received broadcast android.intent.action.BATTERY_CHANGED
01-01 00:30:13.299 D/KeyguardUpdateMonitor(  551): handleBatteryUpdate
01-01 00:30:14.019 D/KeyguardViewMediator(  551): setHidden false
01-01 00:30:14.019 D/KeyguardUpdateMonitor(  551): sendKeyguardVisibilityChanged(true)
01-01 00:30:14.019 D/KeyguardUpdateMonitor(  551): handleKeyguardVisibilityChanged(1)
01-01 00:30:14.309 W/CameraSource(  112): Timed out waiting for incoming camera video frames: 1098650215 us
01-01 00:30:16.569 D/wpa_supplicant(  540): wlan0: Control interface command 'SCAN'
01-01 00:30:16.569 D/wpa_supplicant(  540): wlan0: Setting scan request: 0.000000 sec
01-01 00:30:16.579 D/wpa_supplicant(  540): wlan0: State: INACTIVE -> SCANNING
01-01 00:30:16.579 D/wpa_supplicant(  540): CTRL_IFACE monitor sent successfully to /data/misc/wifi/sockets/wpa_ctrl_491-2\x00
01-01 00:30:16.579 D/wpa_supplicant(  540): wlan0: Starting AP scan for wildcard SSID
01-01 00:30:16.579 D/wpa_supplicant(  540): WPS: Building WPS IE for Probe Request
01-01 00:30:16.579 D/wpa_supplicant(  540): WPS:  * Version (hardcoded 0x10)
01-01 00:30:16.579 D/wpa_supplicant(  540): WPS:  * Request Type
01-01 00:30:16.579 D/wpa_supplicant(  540): WPS:  * Config Methods (4288)
01-01 00:30:16.579 D/wpa_supplicant(  540): WPS:  * UUID-E
01-01 00:30:16.579 D/wpa_supplicant(  540): WPS:  * Primary Device Type
01-01 00:30:16.579 D/wpa_supplicant(  540): WPS:  * RF Bands (1)
01-01 00:30:16.579 D/wpa_supplicant(  540): WPS:  * Association State
01-01 00:30:16.579 D/wpa_supplicant(  540): WPS:  * Configuration Error (0)
01-01 00:30:16.579 D/wpa_supplicant(  540): WPS:  * Device Password ID (0)
01-01 00:30:16.579 D/wpa_supplicant(  540): WPS:  * Manufacturer
01-01 00:30:16.579 D/wpa_supplicant(  540): WPS:  * Model Name
01-01 00:30:16.579 D/wpa_supplicant(  540): WPS:  * Model Number
01-01 00:30:16.579 D/wpa_supplicant(  540): WPS:  * Device Name
01-01 00:30:16.579 D/wpa_supplicant(  540): WPS:  * Version2 (0x20)
01-01 00:30:16.579 D/wpa_supplicant(  540): P2P: * P2P IE header
01-01 00:30:16.579 D/wpa_supplicant(  540): P2P: * Capability dev=25 group=00
01-01 00:30:16.579 D/wpa_supplicant(  540): P2P: * Listen Channel: Regulatory Class 81 Channel 11
01-01 00:30:16.579 D/wpa_supplicant(  540): wlan0: Add radio work 'scan'@0xb7f1f900
01-01 00:30:16.579 D/wpa_supplicant(  540): wlan0: First radio work item in the queue - schedule start immediately
01-01 00:30:16.579 D/wpa_supplicant(  540): wlan0: Starting radio work 'scan'@0xb7f1f900 after 0.000071 second wait
01-01 00:30:16.579 D/wpa_supplicant(  540): wlan0: nl80211: scan request
01-01 00:30:16.579 D/wpa_supplicant(  540): Scan requested (ret=0) - scan timeout 30 seconds
01-01 00:30:16.579 D/wpa_supplicant(  540): nl80211: Drv Event 33 (NL80211_CMD_TRIGGER_SCAN) received for wlan0
01-01 00:30:16.579 D/wpa_supplicant(  540): wlan0: nl80211: Scan trigger
01-01 00:30:16.579 D/wpa_supplicant(  540): wlan0: Event SCAN_STARTED (49) received
01-01 00:30:16.579 D/wpa_supplicant(  540): wlan0: Own scan request started a scan in 0.000168 seconds
01-01 00:30:16.579 I/wpa_supplicant(  540): wlan0: CTRL-EVENT-SCAN-STARTED 
01-01 00:30:16.579 D/wpa_supplicant(  540): CTRL_IFACE monitor sent successfully to /data/misc/wifi/sockets/wpa_ctrl_491-2\x00
01-01 00:30:16.579 D/wpa_supplicant(  540): nl80211: wpa_driver_nl80211_event_receive->nl_recvmsgs failed: -11
01-01 00:30:17.199 D/wpa_supplicant(  540): nl80211: Drv Event 34 (NL80211_CMD_NEW_SCAN_RESULTS) received for wlan0
01-01 00:30:17.199 D/wpa_supplicant(  540): wlan0: nl80211: New scan results available
01-01 00:30:17.199 D/wpa_supplicant(  540): nl80211: Scan probed for SSID ''
01-01 00:30:17.199 D/wpa_supplicant(  540): nl80211: Scan included frequencies: 2412 2417 2422 2427 2432 2437 2442 2447 2452 2457 2462 2467 2472
01-01 00:30:17.199 D/wpa_supplicant(  540): wlan0: Event SCAN_RESULTS (3) received
01-01 00:30:17.199 D/wpa_supplicant(  540): wlan0: Scan completed in 0.624430 seconds
01-01 00:30:17.199 D/wpa_supplicant(  540): nl80211: Received scan results (10 BSSes)
01-01 00:30:17.199 D/wpa_supplicant(  540): nl80211: Survey data missing
01-01 00:30:17.199 D/wpa_supplicant(  540): wlan0: BSS: Start scan result update 125
01-01 00:30:17.199 D/wpa_supplicant(  540): wlan0: BSS: Add new id 82 BSSID 02:09:4c:75:15:9d SSID 'DIRECT-'
01-01 00:30:17.199 D/wpa_supplicant(  540): CTRL_IFACE monitor sent successfully to /data/misc/wifi/sockets/wpa_ctrl_491-2\x00
01-01 00:30:17.199 D/wpa_supplicant(  540): wlan0: BSS: Remove id 80 BSSID 02:09:4c:fc:76:27 SSID 'DIRECT-' due to no match in scan
01-01 00:30:17.199 D/wpa_supplicant(  540): CTRL_IFACE monitor sent successfully to /data/misc/wifi/sockets/wpa_ctrl_491-2\x00
01-01 00:30:17.199 D/wpa_supplicant(  540): BSS: last_scan_res_used=10/32
01-01 00:30:17.199 D/wpa_supplicant(  540): wlan0: New scan results available (own=1 ext=0)
01-01 00:30:17.199 D/wpa_supplicant(  540): CTRL_IFACE monitor sent successfully to /data/misc/wifi/sockets/wpa_ctrl_491-2\x00
01-01 00:30:17.199 D/wpa_supplicant(  540): CTRL_IFACE monitor sent successfully to /data/misc/wifi/sockets/wpa_ctrl_491-2\x00
01-01 00:30:17.199 D/wpa_supplicant(  540): WPS: AP[0] 4c:e6:76:cc:61:5d type=0 tries=0 last_attempt=-1 sec ago blacklist=0
01-01 00:30:17.199 D/wpa_supplicant(  540): WPS: AP[1] 20:4e:7f:32:b9:78 type=0 tries=0 last_attempt=-1 sec ago blacklist=0
01-01 00:30:17.199 D/wpa_supplicant(  540): wlan0: Radio work 'scan'@0xb7f1f900 done in 0.627445 seconds
01-01 00:30:17.199 D/wpa_supplicant(  540): wlan0: No suitable network found
01-01 00:30:17.199 D/wpa_supplicant(  540): wlan0: Use normal scan instead of sched_scan for initial scans (normal_scans=1)
01-01 00:30:17.199 D/wpa_supplicant(  540): wlan0: Short-circuit new scan request since there are no enabled networks
01-01 00:30:17.199 D/wpa_supplicant(  540): wlan0: State: SCANNING -> INACTIVE
01-01 00:30:17.199 D/wpa_supplicant(  540): CTRL_IFACE monitor sent successfully to /data/misc/wifi/sockets/wpa_ctrl_491-2\x00
01-01 00:30:17.199 D/wpa_supplicant(  540): P2P: Add operating class 81
01-01 00:30:17.199 D/wpa_supplicant(  540): P2P: Channels - hexdump(len=13): 01 02 03 04 05 06 07 08 09 0a 0b 0c 0d
01-01 00:30:17.199 D/wpa_supplicant(  540): P2P: Update channel list
01-01 00:30:17.199 D/wpa_supplicant(  540): P2P: channels: 81:1,2,3,4,5,6,7,8,9,10,11,12,13
01-01 00:30:17.199 D/wpa_supplicant(  540): P2P: cli_channels:
01-01 00:30:17.199 D/wpa_supplicant(  540): P2P: indoor_channels:
01-01 00:30:17.199 D/wpa_supplicant(  540): wlan0: Determining shared radio frequencies (max len 1)
01-01 00:30:17.199 D/wpa_supplicant(  540): wlan0: Shared frequencies (len=0): completed iteration
01-01 00:30:17.199 D/wpa_supplicant(  540): p2p0: Updating scan results from sibling
01-01 00:30:17.199 D/wpa_supplicant(  540): nl80211: Received scan results (10 BSSes)
01-01 00:30:17.199 D/wpa_supplicant(  540): nl80211: Survey data missing
01-01 00:30:17.199 D/wpa_supplicant(  540): p2p0: BSS: Start scan result update 125
01-01 00:30:17.199 D/wpa_supplicant(  540): p2p0: BSS: Add new id 82 BSSID 02:09:4c:75:15:9d SSID 'DIRECT-'
01-01 00:30:17.199 D/wpa_supplicant(  540): CTRL_IFACE monitor sent successfully to /data/misc/wifi/sockets/wpa_ctrl_491-2\x00
01-01 00:30:17.199 D/wpa_supplicant(  540): p2p0: BSS: Remove id 80 BSSID 02:09:4c:fc:76:27 SSID 'DIRECT-' due to no match in scan
01-01 00:30:17.199 D/wpa_supplicant(  540): CTRL_IFACE monitor sent successfully to /data/misc/wifi/sockets/wpa_ctrl_491-2\x00
01-01 00:30:17.199 D/wpa_supplicant(  540): BSS: last_scan_res_used=10/32
01-01 00:30:17.199 D/wpa_supplicant(  540): p2p0: New scan results available (own=0 ext=0)
01-01 00:30:17.199 D/wpa_supplicant(  540): CTRL_IFACE monitor sent successfully to /data/misc/wifi/sockets/wpa_ctrl_491-2\x00
01-01 00:30:17.199 D/wpa_supplicant(  540): CTRL_IFACE monitor sent successfully to /data/misc/wifi/sockets/wpa_ctrl_491-2\x00
01-01 00:30:17.199 D/wpa_supplicant(  540): WPS: AP[0] 4c:e6:76:cc:61:5d type=0 tries=0 last_attempt=-1 sec ago blacklist=0
01-01 00:30:17.199 D/wpa_supplicant(  540): WPS: AP[1] 20:4e:7f:32:b9:78 type=0 tries=0 last_attempt=-1 sec ago blacklist=0
01-01 00:30:17.199 D/wpa_supplicant(  540): p2p0: No suitable network found
01-01 00:30:17.199 D/wpa_supplicant(  540): nl80211: wpa_driver_nl80211_event_receive->nl_recvmsgs failed: -11
01-01 00:30:17.209 D/wpa_supplicant(  540): wlan0: Control interface command 'BSS RANGE=0- MASK=0x21987'
01-01 00:30:17.309 W/CameraSource(  112): Timed out waiting for incoming camera video frames: 1098650215 us
01-01 00:30:17.339 D/dalvikvm(  657): GC_CONCURRENT freed 738K, 18% free 3705K/4516K, paused 2ms+3ms, total 38ms
01-01 00:30:19.869 W/AudioFlinger(  112): RecordThread: buffer overflow
01-01 00:30:19.869 W/AudioSource(  112): AudioRecord reported overrun!
01-01 00:30:20.309 W/CameraSource(  112): Timed out waiting for incoming camera video frames: 1098650215 us
01-01 00:30:20.399 D/KeyguardViewMediator(  551): setHidden false
01-01 00:30:20.399 D/KeyguardUpdateMonitor(  551): sendKeyguardVisibilityChanged(true)
01-01 00:30:20.399 D/KeyguardUpdateMonitor(  551): handleKeyguardVisibilityChanged(1)
01-01 00:30:22.389 D/dalvikvm(  657): GC_CONCURRENT freed 37K, 19% free 3667K/4516K, paused 2ms+3ms, total 41ms
01-01 00:30:23.269 D/KeyguardUpdateMonitor(  551): received broadcast android.intent.action.BATTERY_CHANGED
01-01 00:30:23.269 D/KeyguardUpdateMonitor(  551): handleBatteryUpdate
01-01 00:30:23.309 W/CameraSource(  112): Timed out waiting for incoming camera video frames: 1098650215 us
01-01 00:30:26.309 W/CameraSource(  112): Timed out waiting for incoming camera video frames: 1098650215 us
01-01 00:30:29.309 W/CameraSource(  112): Timed out waiting for incoming camera video frames: 1098650215 us
01-01 00:30:30.109 W/AudioFlinger(  112): RecordThread: buffer overflow
01-01 00:30:30.109 W/AudioSource(  112): AudioRecord reported overrun!
01-01 00:30:31.139 D/KeyguardViewMediator(  551): setHidden false
01-01 00:30:31.139 D/KeyguardUpdateMonitor(  551): sendKeyguardVisibilityChanged(true)
01-01 00:30:31.139 D/KeyguardUpdateMonitor(  551): handleKeyguardVisibilityChanged(1)
01-01 00:30:31.589 D/wpa_supplicant(  540): wlan0: Control interface command 'SCAN'
01-01 00:30:31.589 D/wpa_supplicant(  540): wlan0: Setting scan request: 0.000000 sec
01-01 00:30:31.589 D/wpa_supplicant(  540): wlan0: State: INACTIVE -> SCANNING
01-01 00:30:31.589 D/wpa_supplicant(  540): CTRL_IFACE monitor sent successfully to /data/misc/wifi/sockets/wpa_ctrl_491-2\x00
01-01 00:30:31.589 D/wpa_supplicant(  540): wlan0: Starting AP scan for wildcard SSID
01-01 00:30:31.589 D/wpa_supplicant(  540): WPS: Building WPS IE for Probe Request
01-01 00:30:31.589 D/wpa_supplicant(  540): WPS:  * Version (hardcoded 0x10)
01-01 00:30:31.589 D/wpa_supplicant(  540): WPS:  * Request Type
01-01 00:30:31.589 D/wpa_supplicant(  540): WPS:  * Config Methods (4288)
01-01 00:30:31.589 D/wpa_supplicant(  540): WPS:  * UUID-E
01-01 00:30:31.589 D/wpa_supplicant(  540): WPS:  * Primary Device Type
01-01 00:30:31.589 D/wpa_supplicant(  540): WPS:  * RF Bands (1)
01-01 00:30:31.589 D/wpa_supplicant(  540): WPS:  * Association State
01-01 00:30:31.589 D/wpa_supplicant(  540): WPS:  * Configuration Error (0)
01-01 00:30:31.589 D/wpa_supplicant(  540): WPS:  * Device Password ID (0)
01-01 00:30:31.589 D/wpa_supplicant(  540): WPS:  * Manufacturer
01-01 00:30:31.589 D/wpa_supplicant(  540): WPS:  * Model Name
01-01 00:30:31.589 D/wpa_supplicant(  540): WPS:  * Model Number
01-01 00:30:31.589 D/wpa_supplicant(  540): WPS:  * Device Name
01-01 00:30:31.589 D/wpa_supplicant(  540): WPS:  * Version2 (0x20)
01-01 00:30:31.589 D/wpa_supplicant(  540): P2P: * P2P IE header
01-01 00:30:31.589 D/wpa_supplicant(  540): P2P: * Capability dev=25 group=00
01-01 00:30:31.589 D/wpa_supplicant(  540): P2P: * Listen Channel: Regulatory Class 81 Channel 11
01-01 00:30:31.589 D/wpa_supplicant(  540): wlan0: Add radio work 'scan'@0xb7f1f900
01-01 00:30:31.589 D/wpa_supplicant(  540): wlan0: First radio work item in the queue - schedule start immediately
01-01 00:30:31.589 D/wpa_supplicant(  540): wlan0: Starting radio work 'scan'@0xb7f1f900 after 0.000075 second wait
01-01 00:30:31.589 D/wpa_supplicant(  540): wlan0: nl80211: scan request
01-01 00:30:31.589 D/wpa_supplicant(  540): Scan requested (ret=0) - scan timeout 30 seconds
01-01 00:30:31.589 D/wpa_supplicant(  540): nl80211: Drv Event 33 (NL80211_CMD_TRIGGER_SCAN) received for wlan0
01-01 00:30:31.589 D/wpa_supplicant(  540): wlan0: nl80211: Scan trigger
01-01 00:30:31.589 D/wpa_supplicant(  540): wlan0: Event SCAN_STARTED (49) received
01-01 00:30:31.589 D/wpa_supplicant(  540): wlan0: Own scan request started a scan in 0.000184 seconds
01-01 00:30:31.589 I/wpa_supplicant(  540): wlan0: CTRL-EVENT-SCAN-STARTED 
01-01 00:30:31.589 D/wpa_supplicant(  540): CTRL_IFACE monitor sent successfully to /data/misc/wifi/sockets/wpa_ctrl_491-2\x00
01-01 00:30:31.589 D/wpa_supplicant(  540): nl80211: wpa_driver_nl80211_event_receive->nl_recvmsgs failed: -11
01-01 00:30:32.209 D/wpa_supplicant(  540): nl80211: Drv Event 34 (NL80211_CMD_NEW_SCAN_RESULTS) received for wlan0
01-01 00:30:32.209 D/wpa_supplicant(  540): wlan0: nl80211: New scan results available
01-01 00:30:32.209 D/wpa_supplicant(  540): nl80211: Scan probed for SSID ''
01-01 00:30:32.209 D/wpa_supplicant(  540): nl80211: Scan included frequencies: 2412 2417 2422 2427 2432 2437 2442 2447 2452 2457 2462 2467 2472
01-01 00:30:32.209 D/wpa_supplicant(  540): wlan0: Event SCAN_RESULTS (3) received
01-01 00:30:32.209 D/wpa_supplicant(  540): wlan0: Scan completed in 0.624433 seconds
01-01 00:30:32.209 D/wpa_supplicant(  540): nl80211: Received scan results (11 BSSes)
01-01 00:30:32.209 D/wpa_supplicant(  540): nl80211: Survey data missing
01-01 00:30:32.209 D/wpa_supplicant(  540): wlan0: BSS: Start scan result update 126
01-01 00:30:32.209 D/wpa_supplicant(  540): wlan0: BSS: Add new id 83 BSSID 00:1a:1e:55:e5:63 SSID 'snps-mobile'
01-01 00:30:32.209 D/wpa_supplicant(  540): CTRL_IFACE monitor sent successfully to /data/misc/wifi/sockets/wpa_ctrl_491-2\x00
01-01 00:30:32.209 D/wpa_supplicant(  540): BSS: last_scan_res_used=11/32
01-01 00:30:32.209 D/wpa_supplicant(  540): wlan0: New scan results available (own=1 ext=0)
01-01 00:30:32.209 D/wpa_supplicant(  540): CTRL_IFACE monitor sent successfully to /data/misc/wifi/sockets/wpa_ctrl_491-2\x00
01-01 00:30:32.219 D/wpa_supplicant(  540): CTRL_IFACE monitor sent successfully to /data/misc/wifi/sockets/wpa_ctrl_491-2\x00
01-01 00:30:32.219 D/wpa_supplicant(  540): WPS: AP[0] 4c:e6:76:cc:61:5d type=0 tries=0 last_attempt=-1 sec ago blacklist=0
