01-01 00:34:17.449 D/wpa_supplicant(  540): CTRL_IFACE monitor sent successfully to /data/misc/wifi/sockets/wpa_ctrl_491-2\x00
01-01 00:34:17.449 D/wpa_supplicant(  540): WPS: AP[0] 4c:e6:76:cc:61:5d type=0 tries=0 last_attempt=-1 sec ago blacklist=0
01-01 00:34:17.449 D/wpa_supplicant(  540): WPS: AP[1] 20:4e:7f:32:b9:78 type=0 tries=0 last_attempt=-1 sec ago blacklist=0
01-01 00:34:17.449 D/wpa_supplicant(  540): p2p0: No suitable network found
01-01 00:34:17.449 D/wpa_supplicant(  540): nl80211: wpa_driver_nl80211_event_receive->nl_recvmsgs failed: -11
01-01 00:34:17.449 D/wpa_supplicant(  540): wlan0: Control interface command 'BSS RANGE=0- MASK=0x21987'
01-01 00:34:20.339 W/CameraSource(  112): Timed out waiting for incoming camera video frames: 1098650215 us
01-01 00:34:22.309 D/KeyguardViewMediator(  551): setHidden false
01-01 00:34:22.309 D/KeyguardUpdateMonitor(  551): sendKeyguardVisibilityChanged(true)
01-01 00:34:22.309 D/KeyguardUpdateMonitor(  551): handleKeyguardVisibilityChanged(1)
01-01 00:34:22.899 W/AudioFlinger(  112): RecordThread: buffer overflow
01-01 00:34:22.899 W/AudioSource(  112): AudioRecord reported overrun!
01-01 00:34:23.349 W/CameraSource(  112): Timed out waiting for incoming camera video frames: 1098650215 us
01-01 00:34:23.919 D/KeyguardUpdateMonitor(  551): received broadcast android.intent.action.BATTERY_CHANGED
01-01 00:34:23.919 D/KeyguardUpdateMonitor(  551): handleBatteryUpdate
01-01 00:34:23.949 D/KeyguardUpdateMonitor(  551): received broadcast android.intent.action.BATTERY_CHANGED
01-01 00:34:23.949 D/KeyguardUpdateMonitor(  551): handleBatteryUpdate
01-01 00:34:26.339 W/CameraSource(  112): Timed out waiting for incoming camera video frames: 1098650215 us
01-01 00:34:28.979 D/KeyguardViewMediator(  551): setHidden false
01-01 00:34:28.979 D/KeyguardUpdateMonitor(  551): sendKeyguardVisibilityChanged(true)
01-01 00:34:28.979 D/KeyguardUpdateMonitor(  551): handleKeyguardVisibilityChanged(1)
01-01 00:34:29.339 W/CameraSource(  112): Timed out waiting for incoming camera video frames: 1098650215 us
01-01 00:34:31.789 D/wpa_supplicant(  540): wlan0: Control interface command 'SCAN'
01-01 00:34:31.789 D/wpa_supplicant(  540): wlan0: Setting scan request: 0.000000 sec
01-01 00:34:31.789 D/wpa_supplicant(  540): wlan0: State: INACTIVE -> SCANNING
01-01 00:34:31.789 D/wpa_supplicant(  540): CTRL_IFACE monitor sent successfully to /data/misc/wifi/sockets/wpa_ctrl_491-2\x00
01-01 00:34:31.789 D/wpa_supplicant(  540): wlan0: Starting AP scan for wildcard SSID
01-01 00:34:31.789 D/wpa_supplicant(  540): WPS: Building WPS IE for Probe Request
01-01 00:34:31.789 D/wpa_supplicant(  540): WPS:  * Version (hardcoded 0x10)
01-01 00:34:31.789 D/wpa_supplicant(  540): WPS:  * Request Type
01-01 00:34:31.789 D/wpa_supplicant(  540): WPS:  * Config Methods (4288)
01-01 00:34:31.789 D/wpa_supplicant(  540): WPS:  * UUID-E
01-01 00:34:31.789 D/wpa_supplicant(  540): WPS:  * Primary Device Type
01-01 00:34:31.789 D/wpa_supplicant(  540): WPS:  * RF Bands (1)
01-01 00:34:31.789 D/wpa_supplicant(  540): WPS:  * Association State
01-01 00:34:31.789 D/wpa_supplicant(  540): WPS:  * Configuration Error (0)
01-01 00:34:31.789 D/wpa_supplicant(  540): WPS:  * Device Password ID (0)
01-01 00:34:31.789 D/wpa_supplicant(  540): WPS:  * Manufacturer
01-01 00:34:31.789 D/wpa_supplicant(  540): WPS:  * Model Name
01-01 00:34:31.789 D/wpa_supplicant(  540): WPS:  * Model Number
01-01 00:34:31.789 D/wpa_supplicant(  540): WPS:  * Device Name
01-01 00:34:31.789 D/wpa_supplicant(  540): WPS:  * Version2 (0x20)
01-01 00:34:31.789 D/wpa_supplicant(  540): P2P: * P2P IE header
01-01 00:34:31.789 D/wpa_supplicant(  540): P2P: * Capability dev=25 group=00
01-01 00:34:31.789 D/wpa_supplicant(  540): P2P: * Listen Channel: Regulatory Class 81 Channel 11
01-01 00:34:31.789 D/wpa_supplicant(  540): wlan0: Add radio work 'scan'@0xb7f1d0d8
01-01 00:34:31.789 D/wpa_supplicant(  540): wlan0: First radio work item in the queue - schedule start immediately
01-01 00:34:31.789 D/wpa_supplicant(  540): wlan0: Starting radio work 'scan'@0xb7f1d0d8 after 0.000084 second wait
01-01 00:34:31.789 D/wpa_supplicant(  540): wlan0: nl80211: scan request
01-01 00:34:31.789 D/wpa_supplicant(  540): Scan requested (ret=0) - scan timeout 30 seconds
01-01 00:34:31.789 D/wpa_supplicant(  540): nl80211: Drv Event 33 (NL80211_CMD_TRIGGER_SCAN) received for wlan0
01-01 00:34:31.789 D/wpa_supplicant(  540): wlan0: nl80211: Scan trigger
01-01 00:34:31.789 D/wpa_supplicant(  540): wlan0: Event SCAN_STARTED (49) received
01-01 00:34:31.789 D/wpa_supplicant(  540): wlan0: Own scan request started a scan in 0.000738 seconds
01-01 00:34:31.789 I/wpa_supplicant(  540): wlan0: CTRL-EVENT-SCAN-STARTED 
01-01 00:34:31.789 D/wpa_supplicant(  540): CTRL_IFACE monitor sent successfully to /data/misc/wifi/sockets/wpa_ctrl_491-2\x00
01-01 00:34:31.789 D/wpa_supplicant(  540): nl80211: wpa_driver_nl80211_event_receive->nl_recvmsgs failed: -11
01-01 00:34:32.339 W/CameraSource(  112): Timed out waiting for incoming camera video frames: 1098650215 us
01-01 00:34:32.409 D/wpa_supplicant(  540): nl80211: Drv Event 34 (NL80211_CMD_NEW_SCAN_RESULTS) received for wlan0
01-01 00:34:32.409 D/wpa_supplicant(  540): wlan0: nl80211: New scan results available
01-01 00:34:32.419 D/wpa_supplicant(  540): nl80211: Scan probed for SSID ''
01-01 00:34:32.419 D/wpa_supplicant(  540): nl80211: Scan included frequencies: 2412 2417 2422 2427 2432 2437 2442 2447 2452 2457 2462 2467 2472
01-01 00:34:32.419 D/wpa_supplicant(  540): wlan0: Event SCAN_RESULTS (3) received
01-01 00:34:32.419 D/wpa_supplicant(  540): wlan0: Scan completed in 0.624249 seconds
01-01 00:34:32.419 D/wpa_supplicant(  540): nl80211: Received scan results (7 BSSes)
01-01 00:34:32.419 D/wpa_supplicant(  540): nl80211: Survey data missing
01-01 00:34:32.419 D/wpa_supplicant(  540): wlan0: BSS: Start scan result update 143
01-01 00:34:32.419 D/wpa_supplicant(  540): wlan0: BSS: Remove id 89 BSSID 00:1a:1e:55:e5:61 SSID '' due to no match in scan
01-01 00:34:32.419 D/wpa_supplicant(  540): CTRL_IFACE monitor sent successfully to /data/misc/wifi/sockets/wpa_ctrl_491-2\x00
01-01 00:34:32.419 D/wpa_supplicant(  540): BSS: last_scan_res_used=7/32
01-01 00:34:32.419 D/wpa_supplicant(  540): wlan0: New scan results available (own=1 ext=0)
01-01 00:34:32.419 D/wpa_supplicant(  540): CTRL_IFACE monitor sent successfully to /data/misc/wifi/sockets/wpa_ctrl_491-2\x00
01-01 00:34:32.419 D/wpa_supplicant(  540): CTRL_IFACE monitor sent successfully to /data/misc/wifi/sockets/wpa_ctrl_491-2\x00
01-01 00:34:32.419 D/wpa_supplicant(  540): WPS: AP[0] 4c:e6:76:cc:61:5d type=0 tries=0 last_attempt=-1 sec ago blacklist=0
01-01 00:34:32.419 D/wpa_supplicant(  540): WPS: AP[1] 20:4e:7f:32:b9:78 type=0 tries=0 last_attempt=-1 sec ago blacklist=0
01-01 00:34:32.419 D/wpa_supplicant(  540): wlan0: Radio work 'scan'@0xb7f1d0d8 done in 0.627950 seconds
01-01 00:34:32.419 D/wpa_supplicant(  540): wlan0: No suitable network found
01-01 00:34:32.419 D/wpa_supplicant(  540): wlan0: Use normal scan instead of sched_scan for initial scans (normal_scans=1)
01-01 00:34:32.419 D/wpa_supplicant(  540): wlan0: Short-circuit new scan request since there are no enabled networks
01-01 00:34:32.419 D/wpa_supplicant(  540): wlan0: State: SCANNING -> INACTIVE
01-01 00:34:32.419 D/wpa_supplicant(  540): CTRL_IFACE monitor sent successfully to /data/misc/wifi/sockets/wpa_ctrl_491-2\x00
01-01 00:34:32.419 D/wpa_supplicant(  540): P2P: Add operating class 81
01-01 00:34:32.419 D/wpa_supplicant(  540): P2P: Channels - hexdump(len=13): 01 02 03 04 05 06 07 08 09 0a 0b 0c 0d
01-01 00:34:32.419 D/wpa_supplicant(  540): P2P: Update channel list
01-01 00:34:32.419 D/wpa_supplicant(  540): P2P: channels: 81:1,2,3,4,5,6,7,8,9,10,11,12,13
01-01 00:34:32.419 D/wpa_supplicant(  540): P2P: cli_channels:
01-01 00:34:32.419 D/wpa_supplicant(  540): P2P: indoor_channels:
01-01 00:34:32.419 D/wpa_supplicant(  540): wlan0: Determining shared radio frequencies (max len 1)
01-01 00:34:32.419 D/wpa_supplicant(  540): wlan0: Shared frequencies (len=0): completed iteration
01-01 00:34:32.419 D/wpa_supplicant(  540): p2p0: Updating scan results from sibling
01-01 00:34:32.419 D/wpa_supplicant(  540): nl80211: Received scan results (7 BSSes)
01-01 00:34:32.419 D/wpa_supplicant(  540): nl80211: Survey data missing
01-01 00:34:32.419 D/wpa_supplicant(  540): p2p0: BSS: Start scan result update 143
01-01 00:34:32.419 D/wpa_supplicant(  540): p2p0: BSS: Remove id 89 BSSID 00:1a:1e:55:e5:61 SSID '' due to no match in scan
01-01 00:34:32.419 D/wpa_supplicant(  540): CTRL_IFACE monitor sent successfully to /data/misc/wifi/sockets/wpa_ctrl_491-2\x00
01-01 00:34:32.419 D/wpa_supplicant(  540): BSS: last_scan_res_used=7/32
01-01 00:34:32.419 D/wpa_supplicant(  540): p2p0: New scan results available (own=0 ext=0)
01-01 00:34:32.419 D/wpa_supplicant(  540): CTRL_IFACE monitor sent successfully to /data/misc/wifi/sockets/wpa_ctrl_491-2\x00
01-01 00:34:32.419 D/wpa_supplicant(  540): CTRL_IFACE monitor sent successfully to /data/misc/wifi/sockets/wpa_ctrl_491-2\x00
01-01 00:34:32.419 D/wpa_supplicant(  540): WPS: AP[0] 4c:e6:76:cc:61:5d type=0 tries=0 last_attempt=-1 sec ago blacklist=0
01-01 00:34:32.419 D/wpa_supplicant(  540): WPS: AP[1] 20:4e:7f:32:b9:78 type=0 tries=0 last_attempt=-1 sec ago blacklist=0
01-01 00:34:32.419 D/wpa_supplicant(  540): p2p0: No suitable network found
01-01 00:34:32.419 D/wpa_supplicant(  540): nl80211: wpa_driver_nl80211_event_receive->nl_recvmsgs failed: -11
01-01 00:34:32.419 D/wpa_supplicant(  540): wlan0: Control interface command 'BSS RANGE=0- MASK=0x21987'
01-01 00:34:33.139 W/AudioFlinger(  112): RecordThread: buffer overflow
01-01 00:34:33.139 W/AudioSource(  112): AudioRecord reported overrun!
01-01 00:34:33.949 D/KeyguardUpdateMonitor(  551): received broadcast android.intent.action.BATTERY_CHANGED
01-01 00:34:33.949 D/KeyguardUpdateMonitor(  551): handleBatteryUpdate
01-01 00:34:33.999 D/KeyguardUpdateMonitor(  551): received broadcast android.intent.action.BATTERY_CHANGED
01-01 00:34:33.999 D/KeyguardUpdateMonitor(  551): handleBatteryUpdate
01-01 00:34:35.099 D/KeyguardViewMediator(  551): setHidden false
01-01 00:34:35.099 D/KeyguardUpdateMonitor(  551): sendKeyguardVisibilityChanged(true)
01-01 00:34:35.099 D/KeyguardUpdateMonitor(  551): handleKeyguardVisibilityChanged(1)
01-01 00:34:35.349 W/CameraSource(  112): Timed out waiting for incoming camera video frames: 1098650215 us
01-01 00:34:37.609 D/KeyguardViewMediator(  551): setHidden false
01-01 00:34:37.609 D/KeyguardUpdateMonitor(  551): sendKeyguardVisibilityChanged(true)
01-01 00:34:37.609 D/KeyguardUpdateMonitor(  551): handleKeyguardVisibilityChanged(1)
01-01 00:34:37.949 D/dalvikvm(  491): GC_FOR_ALLOC freed 580K, 18% free 11294K/13716K, paused 96ms, total 96ms
01-01 00:34:38.099 D/dalvikvm(  491): GC_FOR_ALLOC freed 262K, 20% free 11242K/13928K, paused 82ms, total 82ms
01-01 00:34:38.179 D/dalvikvm(  491): GC_FOR_ALLOC freed 209K, 20% free 11242K/13928K, paused 60ms, total 60ms
01-01 00:34:38.339 W/CameraSource(  112): Timed out waiting for incoming camera video frames: 1098650215 us
01-01 00:34:38.469 D/KeyguardViewMediator(  551): setHidden false
01-01 00:34:38.469 D/KeyguardUpdateMonitor(  551): sendKeyguardVisibilityChanged(true)
01-01 00:34:38.479 D/KeyguardViewMediator(  551): setHidden false
01-01 00:34:38.479 D/KeyguardUpdateMonitor(  551): sendKeyguardVisibilityChanged(true)
01-01 00:34:38.609 D/KeyguardUpdateMonitor(  551): handleKeyguardVisibilityChanged(1)
01-01 00:34:38.619 D/KeyguardViewMediator(  551): setHidden false
01-01 00:34:38.619 D/KeyguardUpdateMonitor(  551): sendKeyguardVisibilityChanged(true)
01-01 00:34:38.669 D/KeyguardUpdateMonitor(  551): handleKeyguardVisibilityChanged(1)
01-01 00:34:38.739 D/KeyguardViewMediator(  551): setHidden false
01-01 00:34:38.739 D/KeyguardUpdateMonitor(  551): sendKeyguardVisibilityChanged(true)
01-01 00:34:38.759 D/KeyguardViewMediator(  551): setHidden false
01-01 00:34:38.759 D/KeyguardUpdateMonitor(  551): sendKeyguardVisibilityChanged(true)
01-01 00:34:38.759 D/KeyguardUpdateMonitor(  551): handleKeyguardVisibilityChanged(1)
01-01 00:34:38.829 D/KeyguardUpdateMonitor(  551): handleKeyguardVisibilityChanged(1)
01-01 00:34:38.829 D/KeyguardUpdateMonitor(  551): handleKeyguardVisibilityChanged(1)
01-01 00:34:38.959 D/KeyguardViewMediator(  551): setHidden false
01-01 00:34:38.959 D/KeyguardUpdateMonitor(  551): sendKeyguardVisibilityChanged(true)
01-01 00:34:39.099 D/KeyguardUpdateMonitor(  551): handleKeyguardVisibilityChanged(1)
01-01 00:34:39.099 D/KeyguardUpdateMonitor(  551): received broadcast android.intent.action.BATTERY_CHANGED
01-01 00:34:39.109 D/KeyguardUpdateMonitor(  551): received broadcast android.intent.action.BATTERY_CHANGED
01-01 00:34:39.149 D/KeyguardUpdateMonitor(  551): received broadcast android.intent.action.BATTERY_CHANGED
01-01 00:34:39.149 D/KeyguardUpdateMonitor(  551): handleBatteryUpdate
01-01 00:34:39.149 D/KeyguardUpdateMonitor(  551): handleBatteryUpdate
01-01 00:34:39.149 D/KeyguardUpdateMonitor(  551): received broadcast android.intent.action.BATTERY_CHANGED
01-01 00:34:39.189 D/KeyguardUpdateMonitor(  551): handleBatteryUpdate
01-01 00:34:39.189 D/KeyguardUpdateMonitor(  551): handleBatteryUpdate
01-01 00:34:39.249 D/KeyguardUpdateMonitor(  551): received broadcast android.intent.action.BATTERY_CHANGED
01-01 00:34:39.259 D/KeyguardUpdateMonitor(  551): handleBatteryUpdate
01-01 00:34:39.329 D/KeyguardUpdateMonitor(  551): received broadcast android.intent.action.BATTERY_CHANGED
01-01 00:34:39.349 D/KeyguardUpdateMonitor(  551): received broadcast android.intent.action.BATTERY_CHANGED
01-01 00:34:39.349 D/KeyguardUpdateMonitor(  551): handleBatteryUpdate
01-01 00:34:39.349 D/KeyguardUpdateMonitor(  551): handleBatteryUpdate
01-01 00:34:39.409 D/KeyguardUpdateMonitor(  551): received broadcast android.intent.action.BATTERY_CHANGED
01-01 00:34:39.419 D/KeyguardUpdateMonitor(  551): handleBatteryUpdate
01-01 00:34:39.459 D/KeyguardUpdateMonitor(  551): received broadcast android.intent.action.BATTERY_CHANGED
01-01 00:34:39.529 D/KeyguardUpdateMonitor(  551): handleBatteryUpdate
01-01 00:34:40.429 D/KeyguardViewMediator(  551): setHidden false
01-01 00:34:40.429 D/KeyguardUpdateMonitor(  551): sendKeyguardVisibilityChanged(true)
01-01 00:34:40.499 D/KeyguardViewMediator(  551): setHidden false
01-01 00:34:40.499 D/KeyguardUpdateMonitor(  551): sendKeyguardVisibilityChanged(true)
01-01 00:34:40.499 D/KeyguardUpdateMonitor(  551): handleKeyguardVisibilityChanged(1)
01-01 00:34:40.499 D/KeyguardUpdateMonitor(  551): handleKeyguardVisibilityChanged(1)
01-01 00:34:40.709 D/KeyguardViewMediator(  551): setHidden false
01-01 00:34:40.709 D/KeyguardUpdateMonitor(  551): sendKeyguardVisibilityChanged(true)
01-01 00:34:40.709 D/KeyguardUpdateMonitor(  551): handleKeyguardVisibilityChanged(1)
01-01 00:34:41.339 W/CameraSource(  112): Timed out waiting for incoming camera video frames: 1098650215 us
01-01 00:34:44.019 D/KeyguardUpdateMonitor(  551): received broadcast android.intent.action.BATTERY_CHANGED
01-01 00:34:44.019 D/KeyguardUpdateMonitor(  551): handleBatteryUpdate
01-01 00:34:44.339 W/CameraSource(  112): Timed out waiting for incoming camera video frames: 1098650215 us
01-01 00:34:46.809 D/wpa_supplicant(  540): wlan0: Control interface command 'SCAN'
01-01 00:34:46.809 D/wpa_supplicant(  540): wlan0: Setting scan request: 0.000000 sec
01-01 00:34:46.809 D/wpa_supplicant(  540): wlan0: State: INACTIVE -> SCANNING
01-01 00:34:46.809 D/wpa_supplicant(  540): CTRL_IFACE monitor sent successfully to /data/misc/wifi/sockets/wpa_ctrl_491-2\x00
01-01 00:34:46.809 D/wpa_supplicant(  540): wlan0: Starting AP scan for wildcard SSID
01-01 00:34:46.809 D/wpa_supplicant(  540): WPS: Building WPS IE for Probe Request
01-01 00:34:46.809 D/wpa_supplicant(  540): WPS:  * Version (hardcoded 0x10)
01-01 00:34:46.809 D/wpa_supplicant(  540): WPS:  * Request Type
01-01 00:34:46.809 D/wpa_supplicant(  540): WPS:  * Config Methods (4288)
01-01 00:34:46.809 D/wpa_supplicant(  540): WPS:  * UUID-E
01-01 00:34:46.809 D/wpa_supplicant(  540): WPS:  * Primary Device Type
01-01 00:34:46.809 D/wpa_supplicant(  540): WPS:  * RF Bands (1)
01-01 00:34:46.809 D/wpa_supplicant(  540): WPS:  * Association State
01-01 00:34:46.809 D/wpa_supplicant(  540): WPS:  * Configuration Error (0)
01-01 00:34:46.809 D/wpa_supplicant(  540): WPS:  * Device Password ID (0)
01-01 00:34:46.809 D/wpa_supplicant(  540): WPS:  * Manufacturer
01-01 00:34:46.809 D/wpa_supplicant(  540): WPS:  * Model Name
01-01 00:34:46.809 D/wpa_supplicant(  540): WPS:  * Model Number
01-01 00:34:46.809 D/wpa_supplicant(  540): WPS:  * Device Name
01-01 00:34:46.809 D/wpa_supplicant(  540): WPS:  * Version2 (0x20)
01-01 00:34:46.809 D/wpa_supplicant(  540): P2P: * P2P IE header
01-01 00:34:46.809 D/wpa_supplicant(  540): P2P: * Capability dev=25 group=00
01-01 00:34:46.809 D/wpa_supplicant(  540): P2P: * Listen Channel: Regulatory Class 81 Channel 11
01-01 00:34:46.809 D/wpa_supplicant(  540): wlan0: Add radio work 'scan'@0xb7f1d0d8
01-01 00:34:46.809 D/wpa_supplicant(  540): wlan0: First radio work item in the queue - schedule start immediately
01-01 00:34:46.809 D/wpa_supplicant(  540): wlan0: Starting radio work 'scan'@0xb7f1d0d8 after 0.000076 second wait
01-01 00:34:46.809 D/wpa_supplicant(  540): wlan0: nl80211: scan request
01-01 00:34:46.809 D/wpa_supplicant(  540): Scan requested (ret=0) - scan timeout 30 seconds
01-01 00:34:46.809 D/wpa_supplicant(  540): nl80211: Drv Event 33 (NL80211_CMD_TRIGGER_SCAN) received for wlan0
01-01 00:34:46.809 D/wpa_supplicant(  540): wlan0: nl80211: Scan trigger
01-01 00:34:46.809 D/wpa_supplicant(  540): wlan0: Event SCAN_STARTED (49) received
01-01 00:34:46.809 D/wpa_supplicant(  540): wlan0: Own scan request started a scan in 0.000255 seconds
01-01 00:34:46.809 I/wpa_supplicant(  540): wlan0: CTRL-EVENT-SCAN-STARTED 
01-01 00:34:46.809 D/wpa_supplicant(  540): CTRL_IFACE monitor sent successfully to /data/misc/wifi/sockets/wpa_ctrl_491-2\x00
01-01 00:34:46.809 D/wpa_supplicant(  540): nl80211: wpa_driver_nl80211_event_receive->nl_recvmsgs failed: -11
01-01 00:34:47.349 W/CameraSource(  112): Timed out waiting for incoming camera video frames: 1098650215 us
01-01 00:34:47.429 D/wpa_supplicant(  540): nl80211: Drv Event 34 (NL80211_CMD_NEW_SCAN_RESULTS) received for wlan0
01-01 00:34:47.429 D/wpa_supplicant(  540): wlan0: nl80211: New scan results available
01-01 00:34:47.429 D/wpa_supplicant(  540): nl80211: Scan probed for SSID ''
01-01 00:34:47.429 D/wpa_supplicant(  540): nl80211: Scan included frequencies: 2412 2417 2422 2427 2432 2437 2442 2447 2452 2457 2462 2467 2472
01-01 00:34:47.429 D/wpa_supplicant(  540): wlan0: Event SCAN_RESULTS (3) received
01-01 00:34:47.429 D/wpa_supplicant(  540): wlan0: Scan completed in 0.624001 seconds
01-01 00:34:47.429 D/wpa_supplicant(  540): nl80211: Received scan results (6 BSSes)
01-01 00:34:47.429 D/wpa_supplicant(  540): nl80211: Survey data missing
01-01 00:34:47.429 D/wpa_supplicant(  540): wlan0: BSS: Start scan result update 144
01-01 00:34:47.429 D/wpa_supplicant(  540): wlan0: BSS: Remove id 83 BSSID 00:1a:1e:55:e5:63 SSID 'snps-mobile' due to no match in scan
01-01 00:34:47.429 D/wpa_supplicant(  540): CTRL_IFACE monitor sent successfully to /data/misc/wifi/sockets/wpa_ctrl_491-2\x00
01-01 00:34:47.429 D/wpa_supplicant(  540): wlan0: BSS: Remove id 84 BSSID 00:1a:1e:55:e5:60 SSID '555-0143' due to no match in scan
01-01 00:34:47.429 D/wpa_supplicant(  540): CTRL_IFACE monitor sent successfully to /data/misc/wifi/sockets/wpa_ctrl_491-2\x00
01-01 00:34:47.429 D/wpa_supplicant(  540): wlan0: BSS: Remove id 91 BSSID 02:09:4c:75:15:9d SSID 'DIRECT-' due to no match in scan
01-01 00:34:47.429 D/wpa_supplicant(  540): CTRL_IFACE monitor sent successfully to /data/misc/wifi/sockets/wpa_ctrl_491-2\x00
01-01 00:34:47.429 D/wpa_supplicant(  540): wlan0: BSS: Remove id 85 BSSID 00:1a:1e:55:e5:62 SSID 'synopsys-guest' due to no match in scan
01-01 00:34:47.429 D/wpa_supplicant(  540): CTRL_IFACE monitor sent successfully to /data/misc/wifi/sockets/wpa_ctrl_491-2\x00
01-01 00:34:47.429 D/wpa_supplicant(  540): BSS: last_scan_res_used=6/32
01-01 00:34:47.429 D/wpa_supplicant(  540): wlan0: New scan results available (own=1 ext=0)
01-01 00:34:47.429 D/wpa_supplicant(  540): CTRL_IFACE monitor sent successfully to /data/misc/wifi/sockets/wpa_ctrl_491-2\x00
01-01 00:34:47.439 D/wpa_supplicant(  540): CTRL_IFACE monitor sent successfully to /data/misc/wifi/sockets/wpa_ctrl_491-2\x00
01-01 00:34:47.439 D/wpa_supplicant(  540): WPS: AP[0] 4c:e6:76:cc:61:5d type=0 tries=0 last_attempt=-1 sec ago blacklist=0
01-01 00:34:47.439 D/wpa_supplicant(  540): WPS: AP[1] 20:4e:7f:32:b9:78 type=0 tries=0 last_attempt=-1 sec ago blacklist=0
01-01 00:34:47.439 D/wpa_supplicant(  540): wlan0: Radio work 'scan'@0xb7f1d0d8 done in 0.627555 seconds
01-01 00:34:47.439 D/wpa_supplicant(  540): wlan0: No suitable network found
01-01 00:34:47.439 D/wpa_supplicant(  540): wlan0: Use normal scan instead of sched_scan for initial scans (normal_scans=1)
01-01 00:34:47.439 D/wpa_supplicant(  540): wlan0: Short-circuit new scan request since there are no enabled networks
01-01 00:34:47.439 D/wpa_supplicant(  540): wlan0: State: SCANNING -> INACTIVE
01-01 00:34:47.439 D/wpa_supplicant(  540): CTRL_IFACE monitor sent successfully to /data/misc/wifi/sockets/wpa_ctrl_491-2\x00
01-01 00:34:47.439 D/wpa_supplicant(  540): P2P: Add operating class 81
01-01 00:34:47.439 D/wpa_supplicant(  540): P2P: Channels - hexdump(len=13): 01 02 03 04 05 06 07 08 09 0a 0b 0c 0d
01-01 00:34:47.439 D/wpa_supplicant(  540): P2P: Update channel list
01-01 00:34:47.439 D/wpa_supplicant(  540): P2P: channels: 81:1,2,3,4,5,6,7,8,9,10,11,12,13
01-01 00:34:47.439 D/wpa_supplicant(  540): P2P: cli_channels:
01-01 00:34:47.439 D/wpa_supplicant(  540): P2P: indoor_channels:
01-01 00:34:47.439 D/wpa_supplicant(  540): wlan0: Determining shared radio frequencies (max len 1)
01-01 00:34:47.439 D/wpa_supplicant(  540): wlan0: Shared frequencies (len=0): completed iteration
01-01 00:34:47.439 D/wpa_supplicant(  540): p2p0: Updating scan results from sibling
01-01 00:34:47.439 D/wpa_supplicant(  540): nl80211: Received scan results (6 BSSes)
01-01 00:34:47.439 D/wpa_supplicant(  540): nl80211: Survey data missing
01-01 00:34:47.439 D/wpa_supplicant(  540): p2p0: BSS: Start scan result update 144
01-01 00:34:47.439 D/wpa_supplicant(  540): p2p0: BSS: Remove id 83 BSSID 00:1a:1e:55:e5:63 SSID 'snps-mobile' due to no match in scan
01-01 00:34:47.439 D/wpa_supplicant(  540): CTRL_IFACE monitor sent successfully to /data/misc/wifi/sockets/wpa_ctrl_491-2\x00
01-01 00:34:47.439 D/wpa_supplicant(  540): p2p0: BSS: Remove id 84 BSSID 00:1a:1e:55:e5:60 SSID '555-0143' due to no match in scan
01-01 00:34:47.439 D/wpa_supplicant(  540): CTRL_IFACE monitor sent successfully to /data/misc/wifi/sockets/wpa_ctrl_491-2\x00
01-01 00:34:47.439 D/wpa_supplicant(  540): p2p0: BSS: Remove id 91 BSSID 02:09:4c:75:15:9d SSID 'DIRECT-' due to no match in scan
01-01 00:34:47.439 D/wpa_supplicant(  540): CTRL_IFACE monitor sent successfully to /data/misc/wifi/sockets/wpa_ctrl_491-2\x00
01-01 00:34:47.439 D/wpa_supplicant(  540): p2p0: BSS: Remove id 85 BSSID 00:1a:1e:55:e5:62 SSID 'synopsys-guest' due to no match in scan
01-01 00:34:47.439 D/wpa_supplicant(  540): CTRL_IFACE monitor sent successfully to /data/misc/wifi/sockets/wpa_ctrl_491-2\x00
01-01 00:34:47.439 D/wpa_supplicant(  540): BSS: last_scan_res_used=6/32
01-01 00:34:47.439 D/wpa_supplicant(  540): p2p0: New scan results available (own=0 ext=0)
01-01 00:34:47.439 D/wpa_supplicant(  540): CTRL_IFACE monitor sent successfully to /data/misc/wifi/sockets/wpa_ctrl_491-2\x00
01-01 00:34:47.439 D/wpa_supplicant(  540): CTRL_IFACE monitor sent successfully to /data/misc/wifi/sockets/wpa_ctrl_491-2\x00
01-01 00:34:47.439 D/wpa_supplicant(  540): WPS: AP[0] 4c:e6:76:cc:61:5d type=0 tries=0 last_attempt=-1 sec ago blacklist=0
01-01 00:34:47.439 D/wpa_supplicant(  540): WPS: AP[1] 20:4e:7f:32:b9:78 type=0 tries=0 last_attempt=-1 sec ago blacklist=0
01-01 00:34:47.439 D/wpa_supplicant(  540): p2p0: No suitable network found
01-01 00:34:47.439 D/wpa_supplicant(  540): nl80211: wpa_driver_nl80211_event_receive->nl_recvmsgs failed: -11
01-01 00:34:47.439 D/wpa_supplicant(  540): wlan0: Control interface command 'BSS RANGE=0- MASK=0x21987'
01-01 00:34:48.819 W/AudioFlinger(  112): RecordThread: buffer overflow
01-01 00:34:48.819 W/AudioSource(  112): AudioRecord reported overrun!
01-01 00:34:50.349 W/CameraSource(  112): Timed out waiting for incoming camera video frames: 1098650215 us
01-01 00:34:51.549 W/AudioSource(  112): AudioRecord reported overrun!
01-01 00:34:53.349 W/CameraSource(  112): Timed out waiting for incoming camera video frames: 1098650215 us
01-01 00:34:53.979 D/KeyguardUpdateMonitor(  551): received broadcast android.intent.action.BATTERY_CHANGED
01-01 00:34:53.979 D/KeyguardUpdateMonitor(  551): handleBatteryUpdate
01-01 00:34:56.349 W/CameraSource(  112): Timed out waiting for incoming camera video frames: 1098650215 us
01-01 00:34:59.349 W/CameraSource(  112): Timed out waiting for incoming camera video frames: 1098650215 us
01-01 00:34:59.999 D/KeyguardUpdateMonitor(  551): received broadcast android.intent.action.TIME_TICK
01-01 00:34:59.999 D/KeyguardUpdateMonitor(  551): handleTimeUpdate
01-01 00:35:01.819 D/wpa_supplicant(  540): wlan0: Control interface command 'SCAN'
01-01 00:35:01.819 D/wpa_supplicant(  540): wlan0: Setting scan request: 0.000000 sec
01-01 00:35:01.819 D/wpa_supplicant(  540): wlan0: State: INACTIVE -> SCANNING
01-01 00:35:01.819 D/wpa_supplicant(  540): CTRL_IFACE monitor sent successfully to /data/misc/wifi/sockets/wpa_ctrl_491-2\x00
01-01 00:35:01.819 D/wpa_supplicant(  540): wlan0: Starting AP scan for wildcard SSID
01-01 00:35:01.819 D/wpa_supplicant(  540): WPS: Building WPS IE for Probe Request
01-01 00:35:01.819 D/wpa_supplicant(  540): WPS:  * Version (hardcoded 0x10)
01-01 00:35:01.819 D/wpa_supplicant(  540): WPS:  * Request Type
01-01 00:35:01.819 D/wpa_supplicant(  540): WPS:  * Config Methods (4288)
01-01 00:35:01.819 D/wpa_supplicant(  540): WPS:  * UUID-E
01-01 00:35:01.819 D/wpa_supplicant(  540): WPS:  * Primary Device Type
01-01 00:35:01.819 D/wpa_supplicant(  540): WPS:  * RF Bands (1)
01-01 00:35:01.819 D/wpa_supplicant(  540): WPS:  * Association State
01-01 00:35:01.819 D/wpa_supplicant(  540): WPS:  * Configuration Error (0)
01-01 00:35:01.819 D/wpa_supplicant(  540): WPS:  * Device Password ID (0)
01-01 00:35:01.819 D/wpa_supplicant(  540): WPS:  * Manufacturer
01-01 00:35:01.819 D/wpa_supplicant(  540): WPS:  * Model Name
01-01 00:35:01.819 D/wpa_supplicant(  540): WPS:  * Model Number
01-01 00:35:01.819 D/wpa_supplicant(  540): WPS:  * Device Name
01-01 00:35:01.819 D/wpa_supplicant(  540): WPS:  * Version2 (0x20)
01-01 00:35:01.819 D/wpa_supplicant(  540): P2P: * P2P IE header
01-01 00:35:01.819 D/wpa_supplicant(  540): P2P: * Capability dev=25 group=00
01-01 00:35:01.819 D/wpa_supplicant(  540): P2P: * Listen Channel: Regulatory Class 81 Channel 11
01-01 00:35:01.819 D/wpa_supplicant(  540): wlan0: Add radio work 'scan'@0xb7f1d0d8
01-01 00:35:01.819 D/wpa_supplicant(  540): wlan0: First radio work item in the queue - schedule start immediately
01-01 00:35:01.819 D/wpa_supplicant(  540): wlan0: Starting radio work 'scan'@0xb7f1d0d8 after 0.000074 second wait
01-01 00:35:01.819 D/wpa_supplicant(  540): wlan0: nl80211: scan request
01-01 00:35:01.819 D/wpa_supplicant(  540): Scan requested (ret=0) - scan timeout 30 seconds
01-01 00:35:01.819 D/wpa_supplicant(  540): nl80211: Drv Event 33 (NL80211_CMD_TRIGGER_SCAN) received for wlan0
01-01 00:35:01.819 D/wpa_supplicant(  540): wlan0: nl80211: Scan trigger
01-01 00:35:01.819 D/wpa_supplicant(  540): wlan0: Event SCAN_STARTED (49) received
01-01 00:35:01.819 D/wpa_supplicant(  540): wlan0: Own scan request started a scan in 0.000188 seconds
01-01 00:35:01.819 I/wpa_supplicant(  540): wlan0: CTRL-EVENT-SCAN-STARTED 
01-01 00:35:01.819 D/wpa_supplicant(  540): CTRL_IFACE monitor sent successfully to /data/misc/wifi/sockets/wpa_ctrl_491-2\x00
01-01 00:35:01.819 D/wpa_supplicant(  540): nl80211: wpa_driver_nl80211_event_receive->nl_recvmsgs failed: -11
01-01 00:35:02.349 W/CameraSource(  112): Timed out waiting for incoming camera video frames: 1098650215 us
01-01 00:35:02.439 D/wpa_supplicant(  540): nl80211: Drv Event 34 (NL80211_CMD_NEW_SCAN_RESULTS) received for wlan0
01-01 00:35:02.439 D/wpa_supplicant(  540): wlan0: nl80211: New scan results available
01-01 00:35:02.439 D/wpa_supplicant(  540): nl80211: Scan probed for SSID ''
01-01 00:35:02.439 D/wpa_supplicant(  540): nl80211: Scan included frequencies: 2412 2417 2422 2427 2432 2437 2442 2447 2452 2457 2462 2467 2472
01-01 00:35:02.439 D/wpa_supplicant(  540): wlan0: Event SCAN_RESULTS (3) received
01-01 00:35:02.439 D/wpa_supplicant(  540): wlan0: Scan completed in 0.622895 seconds
01-01 00:35:02.439 D/wpa_supplicant(  540): nl80211: Received scan results (12 BSSes)
01-01 00:35:02.439 D/wpa_supplicant(  540): nl80211: Survey data missing
01-01 00:35:02.439 D/wpa_supplicant(  540): wlan0: BSS: Start scan result update 145
01-01 00:35:02.439 D/wpa_supplicant(  540): wlan0: BSS: Add new id 93 BSSID 1c:e6:c7:3e:4e:f1 SSID 'TSNOfficeWLAN'
01-01 00:35:02.439 D/wpa_supplicant(  540): CTRL_IFACE monitor sent successfully to /data/misc/wifi/sockets/wpa_ctrl_491-2\x00
01-01 00:35:02.439 D/wpa_supplicant(  540): wlan0: BSS: Add new id 94 BSSID 00:1a:1e:55:e5:60 SSID '555-0143'
01-01 00:35:02.439 D/wpa_supplicant(  540): CTRL_IFACE monitor sent successfully to /data/misc/wifi/sockets/wpa_ctrl_491-2\x00
01-01 00:35:02.439 D/wpa_supplicant(  540): wlan0: BSS: Add new id 95 BSSID 00:1a:1e:55:e5:63 SSID 'snps-mobile'
01-01 00:35:02.439 D/wpa_supplicant(  540): CTRL_IFACE monitor sent successfully to /data/misc/wifi/sockets/wpa_ctrl_491-2\x00
01-01 00:35:02.439 D/wpa_supplicant(  540): wlan0: BSS: Add new id 96 BSSID 00:1a:1e:55:e5:61 SSID ''
01-01 00:35:02.439 D/wpa_supplicant(  540): CTRL_IFACE monitor sent successfully to /data/misc/wifi/sockets/wpa_ctrl_491-2\x00
01-01 00:35:02.439 D/wpa_supplicant(  540): wlan0: BSS: Add new id 97 BSSID 00:1a:1e:55:e5:62 SSID 'synopsys-guest'
01-01 00:35:02.449 D/wpa_supplicant(  540): CTRL_IFACE monitor sent successfully to /data/misc/wifi/sockets/wpa_ctrl_491-2\x00
01-01 00:35:02.449 D/wpa_supplicant(  540): BSS: last_scan_res_used=12/32
01-01 00:35:02.449 D/wpa_supplicant(  540): wlan0: New scan results available (own=1 ext=0)
01-01 00:35:02.449 D/wpa_supplicant(  540): CTRL_IFACE monitor sent successfully to /data/misc/wifi/sockets/wpa_ctrl_491-2\x00
01-01 00:35:02.449 D/wpa_supplicant(  540): CTRL_IFACE monitor sent successfully to /data/misc/wifi/sockets/wpa_ctrl_491-2\x00
01-01 00:35:02.449 D/wpa_supplicant(  540): WPS: AP[0] 4c:e6:76:cc:61:5d type=0 tries=0 last_attempt=-1 sec ago blacklist=0
01-01 00:35:02.449 D/wpa_supplicant(  540): WPS: AP[1] 20:4e:7f:32:b9:78 type=0 tries=0 last_attempt=-1 sec ago blacklist=0
01-01 00:35:02.449 D/wpa_supplicant(  540): wlan0: Radio work 'scan'@0xb7f1d0d8 done in 0.629116 seconds
01-01 00:35:02.449 D/wpa_supplicant(  540): wlan0: No suitable network found
01-01 00:35:02.449 D/wpa_supplicant(  540): wlan0: Use normal scan instead of sched_scan for initial scans (normal_scans=1)
01-01 00:35:02.449 D/wpa_supplicant(  540): wlan0: Short-circuit new scan request since there are no enabled networks
01-01 00:35:02.449 D/wpa_supplicant(  540): wlan0: State: SCANNING -> INACTIVE
01-01 00:35:02.449 D/wpa_supplicant(  540): CTRL_IFACE monitor sent successfully to /data/misc/wifi/sockets/wpa_ctrl_491-2\x00
01-01 00:35:02.449 D/wpa_supplicant(  540): P2P: Add operating class 81
01-01 00:35:02.449 D/wpa_supplicant(  540): P2P: Channels - hexdump(len=13): 01 02 03 04 05 06 07 08 09 0a 0b 0c 0d
01-01 00:35:02.449 D/wpa_supplicant(  540): P2P: Update channel list
01-01 00:35:02.449 D/wpa_supplicant(  540): P2P: channels: 81:1,2,3,4,5,6,7,8,9,10,11,12,13
01-01 00:35:02.449 D/wpa_supplicant(  540): P2P: cli_channels:
01-01 00:35:02.449 D/wpa_supplicant(  540): P2P: indoor_channels:
01-01 00:35:02.449 D/wpa_supplicant(  540): wlan0: Determining shared radio frequencies (max len 1)
01-01 00:35:02.449 D/wpa_supplicant(  540): wlan0: Shared frequencies (len=0): completed iteration
01-01 00:35:02.449 D/wpa_supplicant(  540): p2p0: Updating scan results from sibling
01-01 00:35:02.449 D/wpa_supplicant(  540): nl80211: Received scan results (12 BSSes)
01-01 00:35:02.449 D/wpa_supplicant(  540): nl80211: Survey data missing
01-01 00:35:02.449 D/wpa_supplicant(  540): p2p0: BSS: Start scan result update 145
01-01 00:35:02.449 D/wpa_supplicant(  540): p2p0: BSS: Add new id 93 BSSID 1c:e6:c7:3e:4e:f1 SSID 'TSNOfficeWLAN'
01-01 00:35:02.449 D/wpa_supplicant(  540): CTRL_IFACE monitor sent successfully to /data/misc/wifi/sockets/wpa_ctrl_491-2\x00
01-01 00:35:02.449 D/wpa_supplicant(  540): p2p0: BSS: Add new id 94 BSSID 00:1a:1e:55:e5:60 SSID '555-0143'
01-01 00:35:02.449 D/wpa_supplicant(  540): CTRL_IFACE monitor sent successfully to /data/misc/wifi/sockets/wpa_ctrl_491-2\x00
01-01 00:35:02.449 D/wpa_supplicant(  540): p2p0: BSS: Add new id 95 BSSID 00:1a:1e:55:e5:63 SSID 'snps-mobile'
01-01 00:35:02.449 D/wpa_supplicant(  540): CTRL_IFACE monitor sent successfully to /data/misc/wifi/sockets/wpa_ctrl_491-2\x00
01-01 00:35:02.449 D/wpa_supplicant(  540): p2p0: BSS: Add new id 96 BSSID 00:1a:1e:55:e5:61 SSID ''
01-01 00:35:02.449 D/wpa_supplicant(  540): CTRL_IFACE monitor sent successfully to /data/misc/wifi/sockets/wpa_ctrl_491-2\x00
01-01 00:35:02.449 D/wpa_supplicant(  540): p2p0: BSS: Add new id 97 BSSID 00:1a:1e:55:e5:62 SSID 'synopsys-guest'
01-01 00:35:02.449 D/wpa_supplicant(  540): CTRL_IFACE monitor sent successfully to /data/misc/wifi/sockets/wpa_ctrl_491-2\x00
01-01 00:35:02.449 D/wpa_supplicant(  540): BSS: last_scan_res_used=12/32
01-01 00:35:02.449 D/wpa_supplicant(  540): p2p0: New scan results available (own=0 ext=0)
01-01 00:35:02.449 D/wpa_supplicant(  540): CTRL_IFACE monitor sent successfully to /data/misc/wifi/sockets/wpa_ctrl_491-2\x00
01-01 00:35:02.449 D/wpa_supplicant(  540): CTRL_IFACE monitor sent successfully to /data/misc/wifi/sockets/wpa_ctrl_491-2\x00
01-01 00:35:02.449 D/wpa_supplicant(  540): WPS: AP[0] 4c:e6:76:cc:61:5d type=0 tries=0 last_attempt=-1 sec ago blacklist=0
01-01 00:35:02.449 D/wpa_supplicant(  540): WPS: AP[1] 20:4e:7f:32:b9:78 type=0 tries=0 last_attempt=-1 sec ago blacklist=0
01-01 00:35:02.449 D/wpa_supplicant(  540): p2p0: No suitable network found
01-01 00:35:02.459 D/wpa_supplicant(  540): nl80211: wpa_driver_nl80211_event_receive->nl_recvmsgs failed: -11
01-01 00:35:02.459 D/wpa_supplicant(  540): wlan0: Control interface command 'BSS RANGE=0- MASK=0x21987'
01-01 00:35:04.029 D/KeyguardUpdateMonitor(  551): received broadcast android.intent.action.BATTERY_CHANGED
01-01 00:35:04.029 D/KeyguardUpdateMonitor(  551): handleBatteryUpdate
01-01 00:35:04.319 W/AudioFlinger(  112): RecordThread: buffer overflow
01-01 00:35:04.339 W/AudioSource(  112): AudioRecord reported overrun!
01-01 00:35:04.649 D/KeyguardViewMediator(  551): setHidden false
01-01 00:35:04.649 D/KeyguardUpdateMonitor(  551): sendKeyguardVisibilityChanged(true)
01-01 00:35:04.649 D/KeyguardUpdateMonitor(  551): handleKeyguardVisibilityChanged(1)
