01-01 00:33:01.779 D/wpa_supplicant(  540): Scan requested (ret=0) - scan timeout 30 seconds
01-01 00:33:01.779 D/wpa_supplicant(  540): nl80211: Drv Event 33 (NL80211_CMD_TRIGGER_SCAN) received for wlan0
01-01 00:33:01.779 D/wpa_supplicant(  540): wlan0: nl80211: Scan trigger
01-01 00:33:01.779 D/wpa_supplicant(  540): wlan0: Event SCAN_STARTED (49) received
01-01 00:33:01.779 D/wpa_supplicant(  540): wlan0: Own scan request started a scan in 0.000184 seconds
01-01 00:33:01.779 I/wpa_supplicant(  540): wlan0: CTRL-EVENT-SCAN-STARTED 
01-01 00:33:01.779 D/wpa_supplicant(  540): CTRL_IFACE monitor sent successfully to /data/misc/wifi/sockets/wpa_ctrl_491-2\x00
01-01 00:33:01.779 D/wpa_supplicant(  540): nl80211: wpa_driver_nl80211_event_receive->nl_recvmsgs failed: -11
01-01 00:33:02.329 W/CameraSource(  112): Timed out waiting for incoming camera video frames: 1098650215 us
01-01 00:33:02.349 D/wpa_supplicant(  540): nl80211: Drv Event 34 (NL80211_CMD_NEW_SCAN_RESULTS) received for wlan0
01-01 00:33:02.349 D/wpa_supplicant(  540): wlan0: nl80211: New scan results available
01-01 00:33:02.349 D/wpa_supplicant(  540): nl80211: Scan probed for SSID ''
01-01 00:33:02.349 D/wpa_supplicant(  540): nl80211: Scan included frequencies: 2412 2417 2422 2427 2432 2437 2442 2447 2452 2457 2462 2467 2472
01-01 00:33:02.349 D/wpa_supplicant(  540): wlan0: Event SCAN_RESULTS (3) received
01-01 00:33:02.349 D/wpa_supplicant(  540): wlan0: Scan completed in 0.579085 seconds
01-01 00:33:02.349 D/wpa_supplicant(  540): nl80211: Received scan results (13 BSSes)
01-01 00:33:02.349 D/wpa_supplicant(  540): nl80211: Survey data missing
01-01 00:33:02.349 D/wpa_supplicant(  540): wlan0: BSS: Start scan result update 137
01-01 00:33:02.349 D/wpa_supplicant(  540): BSS: last_scan_res_used=13/32
01-01 00:33:02.349 D/wpa_supplicant(  540): wlan0: New scan results available (own=1 ext=0)
01-01 00:33:02.349 D/wpa_supplicant(  540): CTRL_IFACE monitor sent successfully to /data/misc/wifi/sockets/wpa_ctrl_491-2\x00
01-01 00:33:02.349 D/wpa_supplicant(  540): CTRL_IFACE monitor sent successfully to /data/misc/wifi/sockets/wpa_ctrl_491-2\x00
01-01 00:33:02.349 D/wpa_supplicant(  540): WPS: AP[0] 4c:e6:76:cc:61:5d type=0 tries=0 last_attempt=-1 sec ago blacklist=0
01-01 00:33:02.349 D/wpa_supplicant(  540): WPS: AP[1] 20:4e:7f:32:b9:78 type=0 tries=0 last_attempt=-1 sec ago blacklist=0
01-01 00:33:02.349 D/wpa_supplicant(  540): wlan0: Radio work 'scan'@0xb7f1e9d0 done in 0.628742 seconds
01-01 00:33:02.349 D/wpa_supplicant(  540): wlan0: No suitable network found
01-01 00:33:02.349 D/wpa_supplicant(  540): wlan0: Use normal scan instead of sched_scan for initial scans (normal_scans=1)
01-01 00:33:02.349 D/wpa_supplicant(  540): wlan0: Short-circuit new scan request since there are no enabled networks
01-01 00:33:02.349 D/wpa_supplicant(  540): wlan0: State: SCANNING -> INACTIVE
01-01 00:33:02.349 D/wpa_supplicant(  540): CTRL_IFACE monitor sent successfully to /data/misc/wifi/sockets/wpa_ctrl_491-2\x00
01-01 00:33:02.349 D/wpa_supplicant(  540): P2P: Add operating class 81
01-01 00:33:02.349 D/wpa_supplicant(  540): P2P: Channels - hexdump(len=13): 01 02 03 04 05 06 07 08 09 0a 0b 0c 0d
01-01 00:33:02.349 D/wpa_supplicant(  540): P2P: Update channel list
01-01 00:33:02.349 D/wpa_supplicant(  540): P2P: channels: 81:1,2,3,4,5,6,7,8,9,10,11,12,13
01-01 00:33:02.349 D/wpa_supplicant(  540): P2P: cli_channels:
01-01 00:33:02.349 D/wpa_supplicant(  540): P2P: indoor_channels:
01-01 00:33:02.349 D/wpa_supplicant(  540): wlan0: Determining shared radio frequencies (max len 1)
01-01 00:33:02.349 D/wpa_supplicant(  540): wlan0: Shared frequencies (len=0): completed iteration
01-01 00:33:02.349 D/wpa_supplicant(  540): p2p0: Updating scan results from sibling
01-01 00:33:02.349 D/wpa_supplicant(  540): nl80211: Received scan results (13 BSSes)
01-01 00:33:02.349 D/wpa_supplicant(  540): nl80211: Survey data missing
01-01 00:33:02.349 D/wpa_supplicant(  540): p2p0: BSS: Start scan result update 137
01-01 00:33:02.349 D/wpa_supplicant(  540): BSS: last_scan_res_used=13/32
01-01 00:33:02.349 D/wpa_supplicant(  540): p2p0: New scan results available (own=0 ext=0)
01-01 00:33:02.349 D/wpa_supplicant(  540): CTRL_IFACE monitor sent successfully to /data/misc/wifi/sockets/wpa_ctrl_491-2\x00
01-01 00:33:02.359 D/wpa_supplicant(  540): CTRL_IFACE monitor sent successfully to /data/misc/wifi/sockets/wpa_ctrl_491-2\x00
01-01 00:33:02.359 D/wpa_supplicant(  540): WPS: AP[0] 4c:e6:76:cc:61:5d type=0 tries=0 last_attempt=-1 sec ago blacklist=0
01-01 00:33:02.359 D/wpa_supplicant(  540): WPS: AP[1] 20:4e:7f:32:b9:78 type=0 tries=0 last_attempt=-1 sec ago blacklist=0
01-01 00:33:02.359 D/wpa_supplicant(  540): p2p0: No suitable network found
01-01 00:33:02.359 D/wpa_supplicant(  540): nl80211: wpa_driver_nl80211_event_receive->nl_recvmsgs failed: -11
01-01 00:33:02.359 D/wpa_supplicant(  540): wlan0: Control interface command 'BSS RANGE=0- MASK=0x21987'
01-01 00:33:03.709 D/KeyguardUpdateMonitor(  551): received broadcast android.intent.action.BATTERY_CHANGED
01-01 00:33:03.719 D/KeyguardUpdateMonitor(  551): handleBatteryUpdate
01-01 00:33:05.329 W/CameraSource(  112): Timed out waiting for incoming camera video frames: 1098650215 us
01-01 00:33:06.729 D/KeyguardViewMediator(  551): setHidden false
01-01 00:33:06.729 D/KeyguardUpdateMonitor(  551): sendKeyguardVisibilityChanged(true)
01-01 00:33:06.729 D/KeyguardUpdateMonitor(  551): handleKeyguardVisibilityChanged(1)
01-01 00:33:08.329 W/CameraSource(  112): Timed out waiting for incoming camera video frames: 1098650215 us
01-01 00:33:09.929 D/KeyguardUpdateMonitor(  551): received broadcast android.intent.action.BATTERY_CHANGED
01-01 00:33:09.929 D/KeyguardUpdateMonitor(  551): handleBatteryUpdate
01-01 00:33:11.329 W/CameraSource(  112): Timed out waiting for incoming camera video frames: 1098650215 us
01-01 00:33:11.699 D/KeyguardViewMediator(  551): setHidden false
01-01 00:33:11.699 D/KeyguardUpdateMonitor(  551): sendKeyguardVisibilityChanged(true)
01-01 00:33:11.699 D/KeyguardUpdateMonitor(  551): handleKeyguardVisibilityChanged(1)
01-01 00:33:12.559 W/AudioFlinger(  112): RecordThread: buffer overflow
01-01 00:33:12.559 W/AudioSource(  112): AudioRecord reported overrun!
01-01 00:33:13.779 D/KeyguardUpdateMonitor(  551): received broadcast android.intent.action.BATTERY_CHANGED
01-01 00:33:13.779 D/KeyguardUpdateMonitor(  551): handleBatteryUpdate
01-01 00:33:14.329 W/CameraSource(  112): Timed out waiting for incoming camera video frames: 1098650215 us
01-01 00:33:16.729 D/wpa_supplicant(  540): wlan0: Control interface command 'SCAN'
01-01 00:33:16.729 D/wpa_supplicant(  540): wlan0: Setting scan request: 0.000000 sec
01-01 00:33:16.729 D/wpa_supplicant(  540): wlan0: State: INACTIVE -> SCANNING
01-01 00:33:16.729 D/wpa_supplicant(  540): CTRL_IFACE monitor sent successfully to /data/misc/wifi/sockets/wpa_ctrl_491-2\x00
01-01 00:33:16.729 D/wpa_supplicant(  540): wlan0: Starting AP scan for wildcard SSID
01-01 00:33:16.729 D/wpa_supplicant(  540): WPS: Building WPS IE for Probe Request
01-01 00:33:16.729 D/wpa_supplicant(  540): WPS:  * Version (hardcoded 0x10)
01-01 00:33:16.729 D/wpa_supplicant(  540): WPS:  * Request Type
01-01 00:33:16.729 D/wpa_supplicant(  540): WPS:  * Config Methods (4288)
01-01 00:33:16.729 D/wpa_supplicant(  540): WPS:  * UUID-E
01-01 00:33:16.729 D/wpa_supplicant(  540): WPS:  * Primary Device Type
01-01 00:33:16.729 D/wpa_supplicant(  540): WPS:  * RF Bands (1)
01-01 00:33:16.729 D/wpa_supplicant(  540): WPS:  * Association State
01-01 00:33:16.729 D/wpa_supplicant(  540): WPS:  * Configuration Error (0)
01-01 00:33:16.729 D/wpa_supplicant(  540): WPS:  * Device Password ID (0)
01-01 00:33:16.729 D/wpa_supplicant(  540): WPS:  * Manufacturer
01-01 00:33:16.729 D/wpa_supplicant(  540): WPS:  * Model Name
01-01 00:33:16.729 D/wpa_supplicant(  540): WPS:  * Model Number
01-01 00:33:16.729 D/wpa_supplicant(  540): WPS:  * Device Name
01-01 00:33:16.729 D/wpa_supplicant(  540): WPS:  * Version2 (0x20)
01-01 00:33:16.729 D/wpa_supplicant(  540): P2P: * P2P IE header
01-01 00:33:16.729 D/wpa_supplicant(  540): P2P: * Capability dev=25 group=00
01-01 00:33:16.729 D/wpa_supplicant(  540): P2P: * Listen Channel: Regulatory Class 81 Channel 11
01-01 00:33:16.729 D/wpa_supplicant(  540): wlan0: Add radio work 'scan'@0xb7f1e9d0
01-01 00:33:16.729 D/wpa_supplicant(  540): wlan0: First radio work item in the queue - schedule start immediately
01-01 00:33:16.729 D/wpa_supplicant(  540): wlan0: Starting radio work 'scan'@0xb7f1e9d0 after 0.000070 second wait
01-01 00:33:16.729 D/wpa_supplicant(  540): wlan0: nl80211: scan request
01-01 00:33:16.729 D/wpa_supplicant(  540): Scan requested (ret=0) - scan timeout 30 seconds
01-01 00:33:16.729 D/wpa_supplicant(  540): nl80211: Drv Event 33 (NL80211_CMD_TRIGGER_SCAN) received for wlan0
01-01 00:33:16.729 D/wpa_supplicant(  540): wlan0: nl80211: Scan trigger
01-01 00:33:16.729 D/wpa_supplicant(  540): wlan0: Event SCAN_STARTED (49) received
01-01 00:33:16.729 D/wpa_supplicant(  540): wlan0: Own scan request started a scan in 0.000202 seconds
01-01 00:33:16.729 I/wpa_supplicant(  540): wlan0: CTRL-EVENT-SCAN-STARTED 
01-01 00:33:16.729 D/wpa_supplicant(  540): CTRL_IFACE monitor sent successfully to /data/misc/wifi/sockets/wpa_ctrl_491-2\x00
01-01 00:33:16.729 D/wpa_supplicant(  540): nl80211: wpa_driver_nl80211_event_receive->nl_recvmsgs failed: -11
01-01 00:33:16.819 D/KeyguardViewMediator(  551): setHidden false
01-01 00:33:16.819 D/KeyguardUpdateMonitor(  551): sendKeyguardVisibilityChanged(true)
01-01 00:33:16.819 D/KeyguardUpdateMonitor(  551): handleKeyguardVisibilityChanged(1)
01-01 00:33:17.329 W/CameraSource(  112): Timed out waiting for incoming camera video frames: 1098650215 us
01-01 00:33:17.349 D/wpa_supplicant(  540): nl80211: Drv Event 34 (NL80211_CMD_NEW_SCAN_RESULTS) received for wlan0
01-01 00:33:17.349 D/wpa_supplicant(  540): wlan0: nl80211: New scan results available
01-01 00:33:17.349 D/wpa_supplicant(  540): nl80211: Scan probed for SSID ''
01-01 00:33:17.349 D/wpa_supplicant(  540): nl80211: Scan included frequencies: 2412 2417 2422 2427 2432 2437 2442 2447 2452 2457 2462 2467 2472
01-01 00:33:17.349 D/wpa_supplicant(  540): wlan0: Event SCAN_RESULTS (3) received
01-01 00:33:17.359 D/wpa_supplicant(  540): wlan0: Scan completed in 0.622269 seconds
01-01 00:33:17.359 D/wpa_supplicant(  540): nl80211: Received scan results (13 BSSes)
01-01 00:33:17.359 D/wpa_supplicant(  540): nl80211: Survey data missing
01-01 00:33:17.359 D/wpa_supplicant(  540): wlan0: BSS: Start scan result update 138
01-01 00:33:17.359 D/wpa_supplicant(  540): BSS: last_scan_res_used=13/32
01-01 00:33:17.359 D/wpa_supplicant(  540): wlan0: New scan results available (own=1 ext=0)
01-01 00:33:17.359 D/wpa_supplicant(  540): CTRL_IFACE monitor sent successfully to /data/misc/wifi/sockets/wpa_ctrl_491-2\x00
01-01 00:33:17.359 D/wpa_supplicant(  540): CTRL_IFACE monitor sent successfully to /data/misc/wifi/sockets/wpa_ctrl_491-2\x00
01-01 00:33:17.359 D/wpa_supplicant(  540): WPS: AP[0] 4c:e6:76:cc:61:5d type=0 tries=0 last_attempt=-1 sec ago blacklist=0
01-01 00:33:17.359 D/wpa_supplicant(  540): WPS: AP[1] 20:4e:7f:32:b9:78 type=0 tries=0 last_attempt=-1 sec ago blacklist=0
01-01 00:33:17.359 D/wpa_supplicant(  540): wlan0: Radio work 'scan'@0xb7f1e9d0 done in 0.627521 seconds
01-01 00:33:17.359 D/wpa_supplicant(  540): wlan0: No suitable network found
01-01 00:33:17.359 D/wpa_supplicant(  540): wlan0: Use normal scan instead of sched_scan for initial scans (normal_scans=1)
01-01 00:33:17.359 D/wpa_supplicant(  540): wlan0: Short-circuit new scan request since there are no enabled networks
01-01 00:33:17.359 D/wpa_supplicant(  540): wlan0: State: SCANNING -> INACTIVE
01-01 00:33:17.359 D/wpa_supplicant(  540): CTRL_IFACE monitor sent successfully to /data/misc/wifi/sockets/wpa_ctrl_491-2\x00
01-01 00:33:17.359 D/wpa_supplicant(  540): P2P: Add operating class 81
01-01 00:33:17.359 D/wpa_supplicant(  540): P2P: Channels - hexdump(len=13): 01 02 03 04 05 06 07 08 09 0a 0b 0c 0d
01-01 00:33:17.359 D/wpa_supplicant(  540): P2P: Update channel list
01-01 00:33:17.359 D/wpa_supplicant(  540): P2P: channels: 81:1,2,3,4,5,6,7,8,9,10,11,12,13
01-01 00:33:17.359 D/wpa_supplicant(  540): P2P: cli_channels:
01-01 00:33:17.359 D/wpa_supplicant(  540): P2P: indoor_channels:
01-01 00:33:17.359 D/wpa_supplicant(  540): wlan0: Determining shared radio frequencies (max len 1)
01-01 00:33:17.359 D/wpa_supplicant(  540): wlan0: Shared frequencies (len=0): completed iteration
01-01 00:33:17.359 D/wpa_supplicant(  540): p2p0: Updating scan results from sibling
01-01 00:33:17.359 D/wpa_supplicant(  540): nl80211: Received scan results (13 BSSes)
01-01 00:33:17.359 D/wpa_supplicant(  540): nl80211: Survey data missing
01-01 00:33:17.359 D/wpa_supplicant(  540): p2p0: BSS: Start scan result update 138
01-01 00:33:17.359 D/wpa_supplicant(  540): BSS: last_scan_res_used=13/32
01-01 00:33:17.359 D/wpa_supplicant(  540): p2p0: New scan results available (own=0 ext=0)
01-01 00:33:17.359 D/wpa_supplicant(  540): CTRL_IFACE monitor sent successfully to /data/misc/wifi/sockets/wpa_ctrl_491-2\x00
01-01 00:33:17.359 D/wpa_supplicant(  540): CTRL_IFACE monitor sent successfully to /data/misc/wifi/sockets/wpa_ctrl_491-2\x00
01-01 00:33:17.359 D/wpa_supplicant(  540): WPS: AP[0] 4c:e6:76:cc:61:5d type=0 tries=0 last_attempt=-1 sec ago blacklist=0
01-01 00:33:17.359 D/wpa_supplicant(  540): WPS: AP[1] 20:4e:7f:32:b9:78 type=0 tries=0 last_attempt=-1 sec ago blacklist=0
01-01 00:33:17.359 D/wpa_supplicant(  540): p2p0: No suitable network found
01-01 00:33:17.359 D/wpa_supplicant(  540): nl80211: wpa_driver_nl80211_event_receive->nl_recvmsgs failed: -11
01-01 00:33:17.359 D/wpa_supplicant(  540): wlan0: Control interface command 'BSS RANGE=0- MASK=0x21987'
01-01 00:33:20.339 W/CameraSource(  112): Timed out waiting for incoming camera video frames: 1098650215 us
01-01 00:33:23.329 W/CameraSource(  112): Timed out waiting for incoming camera video frames: 1098650215 us
01-01 00:33:23.739 D/KeyguardUpdateMonitor(  551): received broadcast android.intent.action.BATTERY_CHANGED
01-01 00:33:23.739 D/KeyguardUpdateMonitor(  551): handleBatteryUpdate
01-01 00:33:24.659 D/KeyguardViewMediator(  551): setHidden false
01-01 00:33:24.659 D/KeyguardUpdateMonitor(  551): sendKeyguardVisibilityChanged(true)
01-01 00:33:24.659 D/KeyguardUpdateMonitor(  551): handleKeyguardVisibilityChanged(1)
01-01 00:33:26.099 D/KeyguardViewMediator(  551): setHidden false
01-01 00:33:26.099 D/KeyguardUpdateMonitor(  551): sendKeyguardVisibilityChanged(true)
01-01 00:33:26.099 D/KeyguardUpdateMonitor(  551): handleKeyguardVisibilityChanged(1)
01-01 00:33:26.329 W/CameraSource(  112): Timed out waiting for incoming camera video frames: 1098650215 us
01-01 00:33:29.329 W/CameraSource(  112): Timed out waiting for incoming camera video frames: 1098650215 us
01-01 00:33:30.309 W/AudioFlinger(  112): RecordThread: buffer overflow
01-01 00:33:30.309 W/AudioSource(  112): AudioRecord reported overrun!
01-01 00:33:31.539 D/KeyguardViewMediator(  551): setHidden false
01-01 00:33:31.539 D/KeyguardUpdateMonitor(  551): sendKeyguardVisibilityChanged(true)
01-01 00:33:31.539 D/KeyguardUpdateMonitor(  551): handleKeyguardVisibilityChanged(1)
01-01 00:33:31.739 D/wpa_supplicant(  540): wlan0: Control interface command 'SCAN'
01-01 00:33:31.739 D/wpa_supplicant(  540): wlan0: Setting scan request: 0.000000 sec
01-01 00:33:31.739 D/wpa_supplicant(  540): wlan0: State: INACTIVE -> SCANNING
01-01 00:33:31.739 D/wpa_supplicant(  540): CTRL_IFACE monitor sent successfully to /data/misc/wifi/sockets/wpa_ctrl_491-2\x00
01-01 00:33:31.739 D/wpa_supplicant(  540): wlan0: Starting AP scan for wildcard SSID
01-01 00:33:31.739 D/wpa_supplicant(  540): WPS: Building WPS IE for Probe Request
01-01 00:33:31.739 D/wpa_supplicant(  540): WPS:  * Version (hardcoded 0x10)
01-01 00:33:31.739 D/wpa_supplicant(  540): WPS:  * Request Type
01-01 00:33:31.739 D/wpa_supplicant(  540): WPS:  * Config Methods (4288)
01-01 00:33:31.739 D/wpa_supplicant(  540): WPS:  * UUID-E
01-01 00:33:31.739 D/wpa_supplicant(  540): WPS:  * Primary Device Type
01-01 00:33:31.739 D/wpa_supplicant(  540): WPS:  * RF Bands (1)
01-01 00:33:31.739 D/wpa_supplicant(  540): WPS:  * Association State
01-01 00:33:31.739 D/wpa_supplicant(  540): WPS:  * Configuration Error (0)
01-01 00:33:31.739 D/wpa_supplicant(  540): WPS:  * Device Password ID (0)
01-01 00:33:31.739 D/wpa_supplicant(  540): WPS:  * Manufacturer
01-01 00:33:31.739 D/wpa_supplicant(  540): WPS:  * Model Name
01-01 00:33:31.739 D/wpa_supplicant(  540): WPS:  * Model Number
01-01 00:33:31.739 D/wpa_supplicant(  540): WPS:  * Device Name
01-01 00:33:31.739 D/wpa_supplicant(  540): WPS:  * Version2 (0x20)
01-01 00:33:31.739 D/wpa_supplicant(  540): P2P: * P2P IE header
01-01 00:33:31.739 D/wpa_supplicant(  540): P2P: * Capability dev=25 group=00
01-01 00:33:31.739 D/wpa_supplicant(  540): P2P: * Listen Channel: Regulatory Class 81 Channel 11
01-01 00:33:31.739 D/wpa_supplicant(  540): wlan0: Add radio work 'scan'@0xb7f1e9d0
01-01 00:33:31.739 D/wpa_supplicant(  540): wlan0: First radio work item in the queue - schedule start immediately
01-01 00:33:31.739 D/wpa_supplicant(  540): wlan0: Starting radio work 'scan'@0xb7f1e9d0 after 0.000252 second wait
01-01 00:33:31.739 D/wpa_supplicant(  540): wlan0: nl80211: scan request
01-01 00:33:31.749 D/wpa_supplicant(  540): Scan requested (ret=0) - scan timeout 30 seconds
01-01 00:33:31.749 D/wpa_supplicant(  540): nl80211: Drv Event 33 (NL80211_CMD_TRIGGER_SCAN) received for wlan0
01-01 00:33:31.749 D/wpa_supplicant(  540): wlan0: nl80211: Scan trigger
01-01 00:33:31.749 D/wpa_supplicant(  540): wlan0: Event SCAN_STARTED (49) received
01-01 00:33:31.749 D/wpa_supplicant(  540): wlan0: Own scan request started a scan in 0.000713 seconds
01-01 00:33:31.749 I/wpa_supplicant(  540): wlan0: CTRL-EVENT-SCAN-STARTED 
01-01 00:33:31.749 D/wpa_supplicant(  540): CTRL_IFACE monitor sent successfully to /data/misc/wifi/sockets/wpa_ctrl_491-2\x00
01-01 00:33:31.749 D/wpa_supplicant(  540): nl80211: wpa_driver_nl80211_event_receive->nl_recvmsgs failed: -11
01-01 00:33:32.339 W/CameraSource(  112): Timed out waiting for incoming camera video frames: 1098650215 us
01-01 00:33:32.369 D/wpa_supplicant(  540): nl80211: Drv Event 34 (NL80211_CMD_NEW_SCAN_RESULTS) received for wlan0
01-01 00:33:32.369 D/wpa_supplicant(  540): wlan0: nl80211: New scan results available
01-01 00:33:32.369 D/wpa_supplicant(  540): nl80211: Scan probed for SSID ''
01-01 00:33:32.369 D/wpa_supplicant(  540): nl80211: Scan included frequencies: 2412 2417 2422 2427 2432 2437 2442 2447 2452 2457 2462 2467 2472
01-01 00:33:32.369 D/wpa_supplicant(  540): wlan0: Event SCAN_RESULTS (3) received
01-01 00:33:32.369 D/wpa_supplicant(  540): wlan0: Scan completed in 0.623556 seconds
01-01 00:33:32.369 D/wpa_supplicant(  540): nl80211: Received scan results (15 BSSes)
01-01 00:33:32.369 D/wpa_supplicant(  540): nl80211: Survey data missing
01-01 00:33:32.369 D/wpa_supplicant(  540): wlan0: BSS: Start scan result update 139
01-01 00:33:32.369 D/wpa_supplicant(  540): wlan0: BSS: Add new id 91 BSSID 02:09:4c:75:15:9d SSID 'DIRECT-'
01-01 00:33:32.369 D/wpa_supplicant(  540): CTRL_IFACE monitor sent successfully to /data/misc/wifi/sockets/wpa_ctrl_491-2\x00
01-01 00:33:32.369 D/wpa_supplicant(  540): wlan0: BSS: Add new id 92 BSSID 02:09:4c:f6:6f:aa SSID 'DIRECT-'
01-01 00:33:32.369 D/wpa_supplicant(  540): CTRL_IFACE monitor sent successfully to /data/misc/wifi/sockets/wpa_ctrl_491-2\x00
01-01 00:33:32.369 D/wpa_supplicant(  540): BSS: last_scan_res_used=15/32
01-01 00:33:32.369 D/wpa_supplicant(  540): wlan0: New scan results available (own=1 ext=0)
01-01 00:33:32.369 D/wpa_supplicant(  540): CTRL_IFACE monitor sent successfully to /data/misc/wifi/sockets/wpa_ctrl_491-2\x00
01-01 00:33:32.369 D/wpa_supplicant(  540): CTRL_IFACE monitor sent successfully to /data/misc/wifi/sockets/wpa_ctrl_491-2\x00
01-01 00:33:32.369 D/wpa_supplicant(  540): WPS: AP[0] 4c:e6:76:cc:61:5d type=0 tries=0 last_attempt=-1 sec ago blacklist=0
01-01 00:33:32.369 D/wpa_supplicant(  540): WPS: AP[1] 20:4e:7f:32:b9:78 type=0 tries=0 last_attempt=-1 sec ago blacklist=0
01-01 00:33:32.369 D/wpa_supplicant(  540): wlan0: Radio work 'scan'@0xb7f1e9d0 done in 0.629382 seconds
01-01 00:33:32.369 D/wpa_supplicant(  540): wlan0: No suitable network found
01-01 00:33:32.369 D/wpa_supplicant(  540): wlan0: Use normal scan instead of sched_scan for initial scans (normal_scans=1)
01-01 00:33:32.369 D/wpa_supplicant(  540): wlan0: Short-circuit new scan request since there are no enabled networks
01-01 00:33:32.369 D/wpa_supplicant(  540): wlan0: State: SCANNING -> INACTIVE
01-01 00:33:32.369 D/wpa_supplicant(  540): CTRL_IFACE monitor sent successfully to /data/misc/wifi/sockets/wpa_ctrl_491-2\x00
01-01 00:33:32.369 D/wpa_supplicant(  540): P2P: Add operating class 81
01-01 00:33:32.369 D/wpa_supplicant(  540): P2P: Channels - hexdump(len=13): 01 02 03 04 05 06 07 08 09 0a 0b 0c 0d
01-01 00:33:32.369 D/wpa_supplicant(  540): P2P: Update channel list
01-01 00:33:32.369 D/wpa_supplicant(  540): P2P: channels: 81:1,2,3,4,5,6,7,8,9,10,11,12,13
01-01 00:33:32.369 D/wpa_supplicant(  540): P2P: cli_channels:
01-01 00:33:32.369 D/wpa_supplicant(  540): P2P: indoor_channels:
01-01 00:33:32.369 D/wpa_supplicant(  540): wlan0: Determining shared radio frequencies (max len 1)
01-01 00:33:32.369 D/wpa_supplicant(  540): wlan0: Shared frequencies (len=0): completed iteration
01-01 00:33:32.369 D/wpa_supplicant(  540): p2p0: Updating scan results from sibling
01-01 00:33:32.369 D/wpa_supplicant(  540): nl80211: Received scan results (15 BSSes)
01-01 00:33:32.369 D/wpa_supplicant(  540): nl80211: Survey data missing
01-01 00:33:32.379 D/wpa_supplicant(  540): p2p0: BSS: Start scan result update 139
01-01 00:33:32.379 D/wpa_supplicant(  540): p2p0: BSS: Add new id 91 BSSID 02:09:4c:75:15:9d SSID 'DIRECT-'
01-01 00:33:32.379 D/wpa_supplicant(  540): CTRL_IFACE monitor sent successfully to /data/misc/wifi/sockets/wpa_ctrl_491-2\x00
01-01 00:33:32.379 D/wpa_supplicant(  540): p2p0: BSS: Add new id 92 BSSID 02:09:4c:f6:6f:aa SSID 'DIRECT-'
01-01 00:33:32.379 D/wpa_supplicant(  540): CTRL_IFACE monitor sent successfully to /data/misc/wifi/sockets/wpa_ctrl_491-2\x00
01-01 00:33:32.379 D/wpa_supplicant(  540): BSS: last_scan_res_used=15/32
01-01 00:33:32.379 D/wpa_supplicant(  540): p2p0: New scan results available (own=0 ext=0)
01-01 00:33:32.379 D/wpa_supplicant(  540): CTRL_IFACE monitor sent successfully to /data/misc/wifi/sockets/wpa_ctrl_491-2\x00
01-01 00:33:32.379 D/wpa_supplicant(  540): CTRL_IFACE monitor sent successfully to /data/misc/wifi/sockets/wpa_ctrl_491-2\x00
01-01 00:33:32.379 D/wpa_supplicant(  540): WPS: AP[0] 4c:e6:76:cc:61:5d type=0 tries=0 last_attempt=-1 sec ago blacklist=0
01-01 00:33:32.379 D/wpa_supplicant(  540): WPS: AP[1] 20:4e:7f:32:b9:78 type=0 tries=0 last_attempt=-1 sec ago blacklist=0
01-01 00:33:32.379 D/wpa_supplicant(  540): p2p0: No suitable network found
01-01 00:33:32.379 D/wpa_supplicant(  540): nl80211: wpa_driver_nl80211_event_receive->nl_recvmsgs failed: -11
01-01 00:33:32.379 D/wpa_supplicant(  540): wlan0: Control interface command 'BSS RANGE=0- MASK=0x21987'
01-01 00:33:33.789 D/KeyguardUpdateMonitor(  551): received broadcast android.intent.action.BATTERY_CHANGED
01-01 00:33:33.789 D/KeyguardUpdateMonitor(  551): handleBatteryUpdate
01-01 00:33:35.329 W/CameraSource(  112): Timed out waiting for incoming camera video frames: 1098650215 us
01-01 00:33:38.329 W/CameraSource(  112): Timed out waiting for incoming camera video frames: 1098650215 us
01-01 00:33:39.869 W/AudioFlinger(  112): RecordThread: buffer overflow
01-01 00:33:39.869 W/AudioSource(  112): AudioRecord reported overrun!
01-01 00:33:41.329 W/CameraSource(  112): Timed out waiting for incoming camera video frames: 1098650215 us
01-01 00:33:43.859 D/KeyguardUpdateMonitor(  551): received broadcast android.intent.action.BATTERY_CHANGED
01-01 00:33:43.859 D/KeyguardUpdateMonitor(  551): handleBatteryUpdate
01-01 00:33:44.339 W/CameraSource(  112): Timed out waiting for incoming camera video frames: 1098650215 us
01-01 00:33:44.529 D/KeyguardViewMediator(  551): setHidden false
01-01 00:33:44.529 D/KeyguardUpdateMonitor(  551): sendKeyguardVisibilityChanged(true)
01-01 00:33:44.529 D/KeyguardUpdateMonitor(  551): handleKeyguardVisibilityChanged(1)
01-01 00:33:46.749 D/wpa_supplicant(  540): wlan0: Control interface command 'SCAN'
01-01 00:33:46.749 D/wpa_supplicant(  540): wlan0: Setting scan request: 0.000000 sec
01-01 00:33:46.749 D/wpa_supplicant(  540): wlan0: State: INACTIVE -> SCANNING
01-01 00:33:46.749 D/wpa_supplicant(  540): CTRL_IFACE monitor sent successfully to /data/misc/wifi/sockets/wpa_ctrl_491-2\x00
01-01 00:33:46.749 D/wpa_supplicant(  540): wlan0: Starting AP scan for wildcard SSID
01-01 00:33:46.749 D/wpa_supplicant(  540): WPS: Building WPS IE for Probe Request
01-01 00:33:46.749 D/wpa_supplicant(  540): WPS:  * Version (hardcoded 0x10)
01-01 00:33:46.749 D/wpa_supplicant(  540): WPS:  * Request Type
01-01 00:33:46.749 D/wpa_supplicant(  540): WPS:  * Config Methods (4288)
01-01 00:33:46.749 D/wpa_supplicant(  540): WPS:  * UUID-E
01-01 00:33:46.749 D/wpa_supplicant(  540): WPS:  * Primary Device Type
01-01 00:33:46.749 D/wpa_supplicant(  540): WPS:  * RF Bands (1)
01-01 00:33:46.749 D/wpa_supplicant(  540): WPS:  * Association State
01-01 00:33:46.749 D/wpa_supplicant(  540): WPS:  * Configuration Error (0)
01-01 00:33:46.749 D/wpa_supplicant(  540): WPS:  * Device Password ID (0)
01-01 00:33:46.749 D/wpa_supplicant(  540): WPS:  * Manufacturer
01-01 00:33:46.749 D/wpa_supplicant(  540): WPS:  * Model Name
01-01 00:33:46.749 D/wpa_supplicant(  540): WPS:  * Model Number
01-01 00:33:46.749 D/wpa_supplicant(  540): WPS:  * Device Name
01-01 00:33:46.749 D/wpa_supplicant(  540): WPS:  * Version2 (0x20)
01-01 00:33:46.749 D/wpa_supplicant(  540): P2P: * P2P IE header
01-01 00:33:46.749 D/wpa_supplicant(  540): P2P: * Capability dev=25 group=00
01-01 00:33:46.749 D/wpa_supplicant(  540): P2P: * Listen Channel: Regulatory Class 81 Channel 11
01-01 00:33:46.749 D/wpa_supplicant(  540): wlan0: Add radio work 'scan'@0xb7f1ece0
01-01 00:33:46.749 D/wpa_supplicant(  540): wlan0: First radio work item in the queue - schedule start immediately
01-01 00:33:46.749 D/wpa_supplicant(  540): wlan0: Starting radio work 'scan'@0xb7f1ece0 after 0.000081 second wait
01-01 00:33:46.749 D/wpa_supplicant(  540): wlan0: nl80211: scan request
01-01 00:33:46.749 D/wpa_supplicant(  540): Scan requested (ret=0) - scan timeout 30 seconds
01-01 00:33:46.749 D/wpa_supplicant(  540): nl80211: Drv Event 33 (NL80211_CMD_TRIGGER_SCAN) received for wlan0
01-01 00:33:46.749 D/wpa_supplicant(  540): wlan0: nl80211: Scan trigger
01-01 00:33:46.749 D/wpa_supplicant(  540): wlan0: Event SCAN_STARTED (49) received
01-01 00:33:46.749 D/wpa_supplicant(  540): wlan0: Own scan request started a scan in 0.000252 seconds
01-01 00:33:46.749 I/wpa_supplicant(  540): wlan0: CTRL-EVENT-SCAN-STARTED 
01-01 00:33:46.749 D/wpa_supplicant(  540): CTRL_IFACE monitor sent successfully to /data/misc/wifi/sockets/wpa_ctrl_491-2\x00
01-01 00:33:46.749 D/wpa_supplicant(  540): nl80211: wpa_driver_nl80211_event_receive->nl_recvmsgs failed: -11
01-01 00:33:47.339 W/CameraSource(  112): Timed out waiting for incoming camera video frames: 1098650215 us
01-01 00:33:47.379 D/wpa_supplicant(  540): nl80211: Drv Event 34 (NL80211_CMD_NEW_SCAN_RESULTS) received for wlan0
01-01 00:33:47.379 D/wpa_supplicant(  540): wlan0: nl80211: New scan results available
01-01 00:33:47.379 D/wpa_supplicant(  540): nl80211: Scan probed for SSID ''
01-01 00:33:47.379 D/wpa_supplicant(  540): nl80211: Scan included frequencies: 2412 2417 2422 2427 2432 2437 2442 2447 2452 2457 2462 2467 2472
01-01 00:33:47.379 D/wpa_supplicant(  540): wlan0: Event SCAN_RESULTS (3) received
01-01 00:33:47.379 D/wpa_supplicant(  540): wlan0: Scan completed in 0.623942 seconds
01-01 00:33:47.379 D/wpa_supplicant(  540): nl80211: Received scan results (13 BSSes)
01-01 00:33:47.379 D/wpa_supplicant(  540): nl80211: Survey data missing
01-01 00:33:47.379 D/wpa_supplicant(  540): wlan0: BSS: Start scan result update 140
01-01 00:33:47.379 D/wpa_supplicant(  540): BSS: last_scan_res_used=13/32
01-01 00:33:47.379 D/wpa_supplicant(  540): wlan0: New scan results available (own=1 ext=0)
01-01 00:33:47.379 D/wpa_supplicant(  540): CTRL_IFACE monitor sent successfully to /data/misc/wifi/sockets/wpa_ctrl_491-2\x00
01-01 00:33:47.379 D/wpa_supplicant(  540): CTRL_IFACE monitor sent successfully to /data/misc/wifi/sockets/wpa_ctrl_491-2\x00
01-01 00:33:47.379 D/wpa_supplicant(  540): WPS: AP[0] 4c:e6:76:cc:61:5d type=0 tries=0 last_attempt=-1 sec ago blacklist=0
01-01 00:33:47.379 D/wpa_supplicant(  540): WPS: AP[1] 20:4e:7f:32:b9:78 type=0 tries=0 last_attempt=-1 sec ago blacklist=0
01-01 00:33:47.379 D/wpa_supplicant(  540): wlan0: Radio work 'scan'@0xb7f1ece0 done in 0.627879 seconds
01-01 00:33:47.379 D/wpa_supplicant(  540): wlan0: No suitable network found
01-01 00:33:47.379 D/wpa_supplicant(  540): wlan0: Use normal scan instead of sched_scan for initial scans (normal_scans=1)
01-01 00:33:47.379 D/wpa_supplicant(  540): wlan0: Short-circuit new scan request since there are no enabled networks
01-01 00:33:47.379 D/wpa_supplicant(  540): wlan0: State: SCANNING -> INACTIVE
01-01 00:33:47.379 D/wpa_supplicant(  540): CTRL_IFACE monitor sent successfully to /data/misc/wifi/sockets/wpa_ctrl_491-2\x00
01-01 00:33:47.379 D/wpa_supplicant(  540): P2P: Add operating class 81
01-01 00:33:47.379 D/wpa_supplicant(  540): P2P: Channels - hexdump(len=13): 01 02 03 04 05 06 07 08 09 0a 0b 0c 0d
01-01 00:33:47.379 D/wpa_supplicant(  540): P2P: Update channel list
01-01 00:33:47.379 D/wpa_supplicant(  540): P2P: channels: 81:1,2,3,4,5,6,7,8,9,10,11,12,13
01-01 00:33:47.379 D/wpa_supplicant(  540): P2P: cli_channels:
01-01 00:33:47.379 D/wpa_supplicant(  540): P2P: indoor_channels:
01-01 00:33:47.379 D/wpa_supplicant(  540): wlan0: Determining shared radio frequencies (max len 1)
01-01 00:33:47.379 D/wpa_supplicant(  540): wlan0: Shared frequencies (len=0): completed iteration
01-01 00:33:47.379 D/wpa_supplicant(  540): p2p0: Updating scan results from sibling
01-01 00:33:47.379 D/wpa_supplicant(  540): nl80211: Received scan results (13 BSSes)
01-01 00:33:47.379 D/wpa_supplicant(  540): nl80211: Survey data missing
01-01 00:33:47.379 D/wpa_supplicant(  540): p2p0: BSS: Start scan result update 140
01-01 00:33:47.379 D/wpa_supplicant(  540): BSS: last_scan_res_used=13/32
01-01 00:33:47.379 D/wpa_supplicant(  540): p2p0: New scan results available (own=0 ext=0)
01-01 00:33:47.379 D/wpa_supplicant(  540): CTRL_IFACE monitor sent successfully to /data/misc/wifi/sockets/wpa_ctrl_491-2\x00
01-01 00:33:47.379 D/wpa_supplicant(  540): CTRL_IFACE monitor sent successfully to /data/misc/wifi/sockets/wpa_ctrl_491-2\x00
01-01 00:33:47.379 D/wpa_supplicant(  540): WPS: AP[0] 4c:e6:76:cc:61:5d type=0 tries=0 last_attempt=-1 sec ago blacklist=0
01-01 00:33:47.379 D/wpa_supplicant(  540): WPS: AP[1] 20:4e:7f:32:b9:78 type=0 tries=0 last_attempt=-1 sec ago blacklist=0
01-01 00:33:47.379 D/wpa_supplicant(  540): p2p0: No suitable network found
01-01 00:33:47.379 D/wpa_supplicant(  540): nl80211: wpa_driver_nl80211_event_receive->nl_recvmsgs failed: -11
01-01 00:33:47.379 D/wpa_supplicant(  540): wlan0: Control interface command 'BSS RANGE=0- MASK=0x21987'
01-01 00:33:50.339 W/CameraSource(  112): Timed out waiting for incoming camera video frames: 1098650215 us
01-01 00:33:53.339 W/CameraSource(  112): Timed out waiting for incoming camera video frames: 1098650215 us
01-01 00:33:53.819 D/KeyguardUpdateMonitor(  551): received broadcast android.intent.action.BATTERY_CHANGED
01-01 00:33:53.819 D/KeyguardUpdateMonitor(  551): handleBatteryUpdate
01-01 00:33:56.339 W/CameraSource(  112): Timed out waiting for incoming camera video frames: 1098650215 us
01-01 00:33:57.539 D/dalvikvm(  831): GC_CONCURRENT freed 847K, 17% free 4850K/5840K, paused 2ms+4ms, total 20ms
01-01 00:33:58.099 D/KeyguardViewMediator(  551): setHidden false
01-01 00:33:58.099 D/KeyguardUpdateMonitor(  551): sendKeyguardVisibilityChanged(true)
01-01 00:33:58.099 D/KeyguardUpdateMonitor(  551): handleKeyguardVisibilityChanged(1)
01-01 00:33:59.349 W/CameraSource(  112): Timed out waiting for incoming camera video frames: 1098650215 us
01-01 00:33:59.999 D/KeyguardUpdateMonitor(  551): received broadcast android.intent.action.TIME_TICK
01-01 00:33:59.999 D/KeyguardUpdateMonitor(  551): handleTimeUpdate
01-01 00:34:01.759 D/wpa_supplicant(  540): wlan0: Control interface command 'SCAN'
01-01 00:34:01.759 D/wpa_supplicant(  540): wlan0: Setting scan request: 0.000000 sec
01-01 00:34:01.759 D/wpa_supplicant(  540): wlan0: State: INACTIVE -> SCANNING
01-01 00:34:01.759 D/wpa_supplicant(  540): CTRL_IFACE monitor sent successfully to /data/misc/wifi/sockets/wpa_ctrl_491-2\x00
01-01 00:34:01.759 D/wpa_supplicant(  540): wlan0: Starting AP scan for wildcard SSID
01-01 00:34:01.759 D/wpa_supplicant(  540): WPS: Building WPS IE for Probe Request
01-01 00:34:01.759 D/wpa_supplicant(  540): WPS:  * Version (hardcoded 0x10)
01-01 00:34:01.759 D/wpa_supplicant(  540): WPS:  * Request Type
01-01 00:34:01.759 D/wpa_supplicant(  540): WPS:  * Config Methods (4288)
01-01 00:34:01.759 D/wpa_supplicant(  540): WPS:  * UUID-E
01-01 00:34:01.759 D/wpa_supplicant(  540): WPS:  * Primary Device Type
01-01 00:34:01.759 D/wpa_supplicant(  540): WPS:  * RF Bands (1)
01-01 00:34:01.759 D/wpa_supplicant(  540): WPS:  * Association State
01-01 00:34:01.759 D/wpa_supplicant(  540): WPS:  * Configuration Error (0)
01-01 00:34:01.759 D/wpa_supplicant(  540): WPS:  * Device Password ID (0)
01-01 00:34:01.759 D/wpa_supplicant(  540): WPS:  * Manufacturer
01-01 00:34:01.759 D/wpa_supplicant(  540): WPS:  * Model Name
01-01 00:34:01.759 D/wpa_supplicant(  540): WPS:  * Model Number
01-01 00:34:01.759 D/wpa_supplicant(  540): WPS:  * Device Name
01-01 00:34:01.759 D/wpa_supplicant(  540): WPS:  * Version2 (0x20)
01-01 00:34:01.759 D/wpa_supplicant(  540): P2P: * P2P IE header
01-01 00:34:01.759 D/wpa_supplicant(  540): P2P: * Capability dev=25 group=00
01-01 00:34:01.759 D/wpa_supplicant(  540): P2P: * Listen Channel: Regulatory Class 81 Channel 11
01-01 00:34:01.759 D/wpa_supplicant(  540): wlan0: Add radio work 'scan'@0xb7f1d0d8
01-01 00:34:01.759 D/wpa_supplicant(  540): wlan0: First radio work item in the queue - schedule start immediately
01-01 00:34:01.759 D/wpa_supplicant(  540): wlan0: Starting radio work 'scan'@0xb7f1d0d8 after 0.000082 second wait
01-01 00:34:01.759 D/wpa_supplicant(  540): wlan0: nl80211: scan request
01-01 00:34:01.769 D/wpa_supplicant(  540): Scan requested (ret=0) - scan timeout 30 seconds
01-01 00:34:01.769 D/wpa_supplicant(  540): nl80211: Drv Event 33 (NL80211_CMD_TRIGGER_SCAN) received for wlan0
01-01 00:34:01.769 D/wpa_supplicant(  540): wlan0: nl80211: Scan trigger
01-01 00:34:01.769 D/wpa_supplicant(  540): wlan0: Event SCAN_STARTED (49) received
01-01 00:34:01.769 D/wpa_supplicant(  540): wlan0: Own scan request started a scan in 0.000228 seconds
01-01 00:34:01.769 I/wpa_supplicant(  540): wlan0: CTRL-EVENT-SCAN-STARTED 
01-01 00:34:01.769 D/wpa_supplicant(  540): CTRL_IFACE monitor sent successfully to /data/misc/wifi/sockets/wpa_ctrl_491-2\x00
01-01 00:34:01.769 D/wpa_supplicant(  540): nl80211: wpa_driver_nl80211_event_receive->nl_recvmsgs failed: -11
01-01 00:34:02.339 W/CameraSource(  112): Timed out waiting for incoming camera video frames: 1098650215 us
01-01 00:34:02.419 D/wpa_supplicant(  540): nl80211: Drv Event 34 (NL80211_CMD_NEW_SCAN_RESULTS) received for wlan0
01-01 00:34:02.419 D/wpa_supplicant(  540): wlan0: nl80211: New scan results available
01-01 00:34:02.419 D/wpa_supplicant(  540): nl80211: Scan probed for SSID ''
01-01 00:34:02.419 D/wpa_supplicant(  540): nl80211: Scan included frequencies: 2412 2417 2422 2427 2432 2437 2442 2447 2452 2457 2462 2467 2472
01-01 00:34:02.419 D/wpa_supplicant(  540): wlan0: Event SCAN_RESULTS (3) received
01-01 00:34:02.419 D/wpa_supplicant(  540): wlan0: Scan completed in 0.638415 seconds
01-01 00:34:02.419 D/wpa_supplicant(  540): nl80211: Received scan results (12 BSSes)
01-01 00:34:02.419 D/wpa_supplicant(  540): nl80211: Survey data missing
01-01 00:34:02.419 D/wpa_supplicant(  540): wlan0: BSS: Start scan result update 141
01-01 00:34:02.419 D/wpa_supplicant(  540): BSS: last_scan_res_used=12/32
01-01 00:34:02.419 D/wpa_supplicant(  540): wlan0: New scan results available (own=1 ext=0)
01-01 00:34:02.419 D/wpa_supplicant(  540): CTRL_IFACE monitor sent successfully to /data/misc/wifi/sockets/wpa_ctrl_491-2\x00
01-01 00:34:02.419 D/wpa_supplicant(  540): CTRL_IFACE monitor sent successfully to /data/misc/wifi/sockets/wpa_ctrl_491-2\x00
01-01 00:34:02.419 D/wpa_supplicant(  540): WPS: AP[0] 4c:e6:76:cc:61:5d type=0 tries=0 last_attempt=-1 sec ago blacklist=0
01-01 00:34:02.419 D/wpa_supplicant(  540): WPS: AP[1] 20:4e:7f:32:b9:78 type=0 tries=0 last_attempt=-1 sec ago blacklist=0
01-01 00:34:02.419 D/wpa_supplicant(  540): wlan0: Radio work 'scan'@0xb7f1d0d8 done in 0.653230 seconds
01-01 00:34:02.419 D/wpa_supplicant(  540): wlan0: No suitable network found
01-01 00:34:02.419 D/wpa_supplicant(  540): wlan0: Use normal scan instead of sched_scan for initial scans (normal_scans=1)
01-01 00:34:02.419 D/wpa_supplicant(  540): wlan0: Short-circuit new scan request since there are no enabled networks
01-01 00:34:02.419 D/wpa_supplicant(  540): wlan0: State: SCANNING -> INACTIVE
01-01 00:34:02.419 D/wpa_supplicant(  540): CTRL_IFACE monitor sent successfully to /data/misc/wifi/sockets/wpa_ctrl_491-2\x00
01-01 00:34:02.419 D/wpa_supplicant(  540): P2P: Add operating class 81
01-01 00:34:02.419 D/wpa_supplicant(  540): P2P: Channels - hexdump(len=13): 01 02 03 04 05 06 07 08 09 0a 0b 0c 0d
01-01 00:34:02.419 D/wpa_supplicant(  540): P2P: Update channel list
01-01 00:34:02.419 D/wpa_supplicant(  540): P2P: channels: 81:1,2,3,4,5,6,7,8,9,10,11,12,13
01-01 00:34:02.419 D/wpa_supplicant(  540): P2P: cli_channels:
01-01 00:34:02.419 D/wpa_supplicant(  540): P2P: indoor_channels:
01-01 00:34:02.419 D/wpa_supplicant(  540): wlan0: Determining shared radio frequencies (max len 1)
01-01 00:34:02.419 D/wpa_supplicant(  540): wlan0: Shared frequencies (len=0): completed iteration
01-01 00:34:02.419 D/wpa_supplicant(  540): p2p0: Updating scan results from sibling
01-01 00:34:02.419 D/wpa_supplicant(  540): nl80211: Received scan results (12 BSSes)
01-01 00:34:02.419 D/wpa_supplicant(  540): nl80211: Survey data missing
01-01 00:34:02.419 D/wpa_supplicant(  540): p2p0: BSS: Start scan result update 141
01-01 00:34:02.419 D/wpa_supplicant(  540): BSS: last_scan_res_used=12/32
01-01 00:34:02.419 D/wpa_supplicant(  540): p2p0: New scan results available (own=0 ext=0)
01-01 00:34:02.419 D/wpa_supplicant(  540): CTRL_IFACE monitor sent successfully to /data/misc/wifi/sockets/wpa_ctrl_491-2\x00
01-01 00:34:02.419 D/wpa_supplicant(  540): CTRL_IFACE monitor sent successfully to /data/misc/wifi/sockets/wpa_ctrl_491-2\x00
01-01 00:34:02.419 D/wpa_supplicant(  540): WPS: AP[0] 4c:e6:76:cc:61:5d type=0 tries=0 last_attempt=-1 sec ago blacklist=0
01-01 00:34:02.419 D/wpa_supplicant(  540): WPS: AP[1] 20:4e:7f:32:b9:78 type=0 tries=0 last_attempt=-1 sec ago blacklist=0
01-01 00:34:02.419 D/wpa_supplicant(  540): p2p0: No suitable network found
01-01 00:34:02.419 D/wpa_supplicant(  540): nl80211: wpa_driver_nl80211_event_receive->nl_recvmsgs failed: -11
01-01 00:34:02.419 D/wpa_supplicant(  540): wlan0: Control interface command 'BSS RANGE=0- MASK=0x21987'
01-01 00:34:02.609 D/dalvikvm(  831): GC_CONCURRENT freed 177K, 20% free 4700K/5840K, paused 2ms+3ms, total 64ms
01-01 00:34:03.869 D/KeyguardUpdateMonitor(  551): received broadcast android.intent.action.BATTERY_CHANGED
01-01 00:34:03.879 D/KeyguardUpdateMonitor(  551): handleBatteryUpdate
01-01 00:34:04.559 D/KeyguardViewMediator(  551): setHidden false
01-01 00:34:04.559 D/KeyguardUpdateMonitor(  551): sendKeyguardVisibilityChanged(true)
01-01 00:34:04.559 D/KeyguardUpdateMonitor(  551): handleKeyguardVisibilityChanged(1)
01-01 00:34:05.339 W/CameraSource(  112): Timed out waiting for incoming camera video frames: 1098650215 us
01-01 00:34:08.339 W/CameraSource(  112): Timed out waiting for incoming camera video frames: 1098650215 us
01-01 00:34:09.779 D/KeyguardViewMediator(  551): setHidden false
01-01 00:34:09.779 D/KeyguardUpdateMonitor(  551): sendKeyguardVisibilityChanged(true)
01-01 00:34:09.779 D/KeyguardUpdateMonitor(  551): handleKeyguardVisibilityChanged(1)
01-01 00:34:09.929 D/KeyguardUpdateMonitor(  551): received broadcast android.intent.action.BATTERY_CHANGED
01-01 00:34:09.939 D/KeyguardUpdateMonitor(  551): handleBatteryUpdate
01-01 00:34:09.939 W/AudioFlinger(  112): RecordThread: buffer overflow
01-01 00:34:09.939 W/AudioSource(  112): AudioRecord reported overrun!
01-01 00:34:11.349 W/CameraSource(  112): Timed out waiting for incoming camera video frames: 1098650215 us
01-01 00:34:12.979 D/KeyguardViewMediator(  551): setHidden false
01-01 00:34:12.979 D/KeyguardUpdateMonitor(  551): sendKeyguardVisibilityChanged(true)
01-01 00:34:12.979 D/KeyguardUpdateMonitor(  551): handleKeyguardVisibilityChanged(1)
01-01 00:34:13.939 D/KeyguardUpdateMonitor(  551): received broadcast android.intent.action.BATTERY_CHANGED
01-01 00:34:13.939 D/KeyguardUpdateMonitor(  551): handleBatteryUpdate
01-01 00:34:14.339 W/CameraSource(  112): Timed out waiting for incoming camera video frames: 1098650215 us
01-01 00:34:16.789 D/wpa_supplicant(  540): wlan0: Control interface command 'SCAN'
01-01 00:34:16.789 D/wpa_supplicant(  540): wlan0: Setting scan request: 0.000000 sec
01-01 00:34:16.789 D/wpa_supplicant(  540): wlan0: State: INACTIVE -> SCANNING
01-01 00:34:16.789 D/wpa_supplicant(  540): CTRL_IFACE monitor sent successfully to /data/misc/wifi/sockets/wpa_ctrl_491-2\x00
01-01 00:34:16.789 D/wpa_supplicant(  540): wlan0: Starting AP scan for wildcard SSID
01-01 00:34:16.789 D/wpa_supplicant(  540): WPS: Building WPS IE for Probe Request
01-01 00:34:16.789 D/wpa_supplicant(  540): WPS:  * Version (hardcoded 0x10)
01-01 00:34:16.789 D/wpa_supplicant(  540): WPS:  * Request Type
01-01 00:34:16.789 D/wpa_supplicant(  540): WPS:  * Config Methods (4288)
01-01 00:34:16.789 D/wpa_supplicant(  540): WPS:  * UUID-E
01-01 00:34:16.789 D/wpa_supplicant(  540): WPS:  * Primary Device Type
01-01 00:34:16.789 D/wpa_supplicant(  540): WPS:  * RF Bands (1)
01-01 00:34:16.789 D/wpa_supplicant(  540): WPS:  * Association State
01-01 00:34:16.789 D/wpa_supplicant(  540): WPS:  * Configuration Error (0)
01-01 00:34:16.789 D/wpa_supplicant(  540): WPS:  * Device Password ID (0)
01-01 00:34:16.789 D/wpa_supplicant(  540): WPS:  * Manufacturer
01-01 00:34:16.789 D/wpa_supplicant(  540): WPS:  * Model Name
01-01 00:34:16.789 D/wpa_supplicant(  540): WPS:  * Model Number
01-01 00:34:16.789 D/wpa_supplicant(  540): WPS:  * Device Name
01-01 00:34:16.789 D/wpa_supplicant(  540): WPS:  * Version2 (0x20)
01-01 00:34:16.789 D/wpa_supplicant(  540): P2P: * P2P IE header
01-01 00:34:16.789 D/wpa_supplicant(  540): P2P: * Capability dev=25 group=00
01-01 00:34:16.789 D/wpa_supplicant(  540): P2P: * Listen Channel: Regulatory Class 81 Channel 11
01-01 00:34:16.789 D/wpa_supplicant(  540): wlan0: Add radio work 'scan'@0xb7f215d8
01-01 00:34:16.789 D/wpa_supplicant(  540): wlan0: First radio work item in the queue - schedule start immediately
01-01 00:34:16.789 D/wpa_supplicant(  540): wlan0: Starting radio work 'scan'@0xb7f215d8 after 0.000077 second wait
01-01 00:34:16.789 D/wpa_supplicant(  540): wlan0: nl80211: scan request
01-01 00:34:16.809 D/wpa_supplicant(  540): Scan requested (ret=0) - scan timeout 30 seconds
01-01 00:34:16.809 D/wpa_supplicant(  540): nl80211: Drv Event 33 (NL80211_CMD_TRIGGER_SCAN) received for wlan0
01-01 00:34:16.809 D/wpa_supplicant(  540): wlan0: nl80211: Scan trigger
01-01 00:34:16.809 D/wpa_supplicant(  540): wlan0: Event SCAN_STARTED (49) received
01-01 00:34:16.809 D/wpa_supplicant(  540): wlan0: Own scan request started a scan in 0.000793 seconds
01-01 00:34:16.809 I/wpa_supplicant(  540): wlan0: CTRL-EVENT-SCAN-STARTED 
01-01 00:34:16.809 D/wpa_supplicant(  540): CTRL_IFACE monitor sent successfully to /data/misc/wifi/sockets/wpa_ctrl_491-2\x00
01-01 00:34:16.809 D/wpa_supplicant(  540): nl80211: wpa_driver_nl80211_event_receive->nl_recvmsgs failed: -11
01-01 00:34:17.339 W/CameraSource(  112): Timed out waiting for incoming camera video frames: 1098650215 us
01-01 00:34:17.449 D/wpa_supplicant(  540): nl80211: Drv Event 34 (NL80211_CMD_NEW_SCAN_RESULTS) received for wlan0
01-01 00:34:17.449 D/wpa_supplicant(  540): wlan0: nl80211: New scan results available
01-01 00:34:17.449 D/wpa_supplicant(  540): nl80211: Scan probed for SSID ''
01-01 00:34:17.449 D/wpa_supplicant(  540): nl80211: Scan included frequencies: 2412 2417 2422 2427 2432 2437 2442 2447 2452 2457 2462 2467 2472
01-01 00:34:17.449 D/wpa_supplicant(  540): wlan0: Event SCAN_RESULTS (3) received
01-01 00:34:17.449 D/wpa_supplicant(  540): wlan0: Scan completed in 0.638539 seconds
01-01 00:34:17.449 D/wpa_supplicant(  540): nl80211: Received scan results (11 BSSes)
01-01 00:34:17.449 D/wpa_supplicant(  540): nl80211: Survey data missing
01-01 00:34:17.449 D/wpa_supplicant(  540): wlan0: BSS: Start scan result update 142
01-01 00:34:17.449 D/wpa_supplicant(  540): wlan0: BSS: Remove id 35 BSSID 1c:e6:c7:3e:4e:f1 SSID 'TSNOfficeWLAN' due to no match in scan
01-01 00:34:17.449 D/wpa_supplicant(  540): CTRL_IFACE monitor sent successfully to /data/misc/wifi/sockets/wpa_ctrl_491-2\x00
01-01 00:34:17.449 D/wpa_supplicant(  540): wlan0: BSS: Remove id 88 BSSID 02:09:4c:fc:76:27 SSID 'DIRECT-' due to no match in scan
01-01 00:34:17.449 D/wpa_supplicant(  540): CTRL_IFACE monitor sent successfully to /data/misc/wifi/sockets/wpa_ctrl_491-2\x00
01-01 00:34:17.449 D/wpa_supplicant(  540): wlan0: BSS: Remove id 92 BSSID 02:09:4c:f6:6f:aa SSID 'DIRECT-' due to no match in scan
01-01 00:34:17.449 D/wpa_supplicant(  540): CTRL_IFACE monitor sent successfully to /data/misc/wifi/sockets/wpa_ctrl_491-2\x00
01-01 00:34:17.449 D/wpa_supplicant(  540): BSS: last_scan_res_used=11/32
01-01 00:34:17.449 D/wpa_supplicant(  540): wlan0: New scan results available (own=1 ext=0)
01-01 00:34:17.449 D/wpa_supplicant(  540): CTRL_IFACE monitor sent successfully to /data/misc/wifi/sockets/wpa_ctrl_491-2\x00
01-01 00:34:17.449 D/wpa_supplicant(  540): CTRL_IFACE monitor sent successfully to /data/misc/wifi/sockets/wpa_ctrl_491-2\x00
01-01 00:34:17.449 D/wpa_supplicant(  540): WPS: AP[0] 4c:e6:76:cc:61:5d type=0 tries=0 last_attempt=-1 sec ago blacklist=0
01-01 00:34:17.449 D/wpa_supplicant(  540): WPS: AP[1] 20:4e:7f:32:b9:78 type=0 tries=0 last_attempt=-1 sec ago blacklist=0
01-01 00:34:17.449 D/wpa_supplicant(  540): wlan0: Radio work 'scan'@0xb7f215d8 done in 0.670405 seconds
01-01 00:34:17.449 D/wpa_supplicant(  540): wlan0: No suitable network found
01-01 00:34:17.449 D/wpa_supplicant(  540): wlan0: Use normal scan instead of sched_scan for initial scans (normal_scans=1)
01-01 00:34:17.449 D/wpa_supplicant(  540): wlan0: Short-circuit new scan request since there are no enabled networks
01-01 00:34:17.449 D/wpa_supplicant(  540): wlan0: State: SCANNING -> INACTIVE
01-01 00:34:17.449 D/wpa_supplicant(  540): CTRL_IFACE monitor sent successfully to /data/misc/wifi/sockets/wpa_ctrl_491-2\x00
01-01 00:34:17.449 D/wpa_supplicant(  540): P2P: Add operating class 81
01-01 00:34:17.449 D/wpa_supplicant(  540): P2P: Channels - hexdump(len=13): 01 02 03 04 05 06 07 08 09 0a 0b 0c 0d
01-01 00:34:17.449 D/wpa_supplicant(  540): P2P: Update channel list
01-01 00:34:17.449 D/wpa_supplicant(  540): P2P: channels: 81:1,2,3,4,5,6,7,8,9,10,11,12,13
01-01 00:34:17.449 D/wpa_supplicant(  540): P2P: cli_channels:
01-01 00:34:17.449 D/wpa_supplicant(  540): P2P: indoor_channels:
01-01 00:34:17.449 D/wpa_supplicant(  540): wlan0: Determining shared radio frequencies (max len 1)
01-01 00:34:17.449 D/wpa_supplicant(  540): wlan0: Shared frequencies (len=0): completed iteration
01-01 00:34:17.449 D/wpa_supplicant(  540): p2p0: Updating scan results from sibling
01-01 00:34:17.449 D/wpa_supplicant(  540): nl80211: Received scan results (11 BSSes)
01-01 00:34:17.449 D/wpa_supplicant(  540): nl80211: Survey data missing
01-01 00:34:17.449 D/wpa_supplicant(  540): p2p0: BSS: Start scan result update 142
01-01 00:34:17.449 D/wpa_supplicant(  540): p2p0: BSS: Remove id 35 BSSID 1c:e6:c7:3e:4e:f1 SSID 'TSNOfficeWLAN' due to no match in scan
01-01 00:34:17.449 D/wpa_supplicant(  540): CTRL_IFACE monitor sent successfully to /data/misc/wifi/sockets/wpa_ctrl_491-2\x00
01-01 00:34:17.449 D/wpa_supplicant(  540): p2p0: BSS: Remove id 88 BSSID 02:09:4c:fc:76:27 SSID 'DIRECT-' due to no match in scan
01-01 00:34:17.449 D/wpa_supplicant(  540): CTRL_IFACE monitor sent successfully to /data/misc/wifi/sockets/wpa_ctrl_491-2\x00
01-01 00:34:17.449 D/wpa_supplicant(  540): p2p0: BSS: Remove id 92 BSSID 02:09:4c:f6:6f:aa SSID 'DIRECT-' due to no match in scan
01-01 00:34:17.449 D/wpa_supplicant(  540): CTRL_IFACE monitor sent successfully to /data/misc/wifi/sockets/wpa_ctrl_491-2\x00
01-01 00:34:17.449 D/wpa_supplicant(  540): BSS: last_scan_res_used=11/32
01-01 00:34:17.449 D/wpa_supplicant(  540): p2p0: New scan results available (own=0 ext=0)
01-01 00:34:17.449 D/wpa_supplicant(  540): CTRL_IFACE monitor sent successfully to /data/misc/wifi/sockets/wpa_ctrl_491-2\x00
