01-09 00:41:40.720 D/Camera_DebugFrameRate(  246): time: 2.000348 seconds, frames: 48, fps: 23.995821
01-09 00:41:40.720 W/Camera_SensorThread(  246): @preventFastLooping, loop running too fast, throttling down!
01-09 00:41:40.730 W/Camera_AAAThread(  246): 1 frames in 3A process queue, handling timestamp 65596280058 instead of 65596280058
01-09 00:41:40.760 I/dispmgr (  242): waiting for message from kernel.
01-09 00:41:40.760 I/dispmgr (  242): message from kernel received.
01-09 00:41:40.760 I/dispmgr (  242): DpstAlgorithm_DPST4_5 
01-09 00:41:40.760 I/dispmgr (  242): DpstAlgorithm_DPST4_5 level is 3
01-09 00:41:40.780 W/Camera_AAAThread(  246): 1 frames in 3A process queue, handling timestamp 65596321788 instead of 65596321788
01-09 00:41:40.820 W/Camera_AAAThread(  246): 1 frames in 3A process queue, handling timestamp 65596363705 instead of 65596363705
01-09 00:41:40.840 W/Camera_SensorThread(  246): @preventFastLooping, loop running too fast, throttling down!
01-09 00:41:40.850 I/dispmgr (  242): waiting for message from kernel.
01-09 00:41:40.850 I/dispmgr (  242): message from kernel received.
01-09 00:41:40.850 I/dispmgr (  242): DpstAlgorithm_DPST4_5 
01-09 00:41:40.850 I/dispmgr (  242): DpstAlgorithm_DPST4_5 level is 3
01-09 00:41:40.860 W/Camera_AAAThread(  246): 1 frames in 3A process queue, handling timestamp 65596405093 instead of 65596405093
01-09 00:41:40.900 W/Camera_AAAThread(  246): 1 frames in 3A process queue, handling timestamp 65596446763 instead of 65596446763
01-09 00:41:40.940 I/dispmgr (  242): waiting for message from kernel.
01-09 00:41:40.940 I/dispmgr (  242): message from kernel received.
01-09 00:41:40.940 I/dispmgr (  242): DpstAlgorithm_DPST4_5 
01-09 00:41:40.940 I/dispmgr (  242): DpstAlgorithm_DPST4_5 level is 3
01-09 00:41:40.940 W/Camera_AAAThread(  246): 1 frames in 3A process queue, handling timestamp 65596488429 instead of 65596488429
01-09 00:41:40.970 W/Camera_SensorThread(  246): @preventFastLooping, loop running too fast, throttling down!
01-09 00:41:40.980 W/Camera_AAAThread(  246): 1 frames in 3A process queue, handling timestamp 65596530140 instead of 65596530140
01-09 00:41:41.030 W/Camera_AAAThread(  246): 1 frames in 3A process queue, handling timestamp 65596572088 instead of 65596572088
01-09 00:41:41.070 W/Camera_AAAThread(  246): 1 frames in 3A process queue, handling timestamp 65596613756 instead of 65596613756
01-09 00:41:41.080 I/dispmgr (  242): waiting for message from kernel.
01-09 00:41:41.080 I/dispmgr (  242): message from kernel received.
01-09 00:41:41.080 I/dispmgr (  242): DpstAlgorithm_DPST4_5 
01-09 00:41:41.080 I/dispmgr (  242): DpstAlgorithm_DPST4_5 level is 3
01-09 00:41:41.100 W/Camera_SensorThread(  246): @preventFastLooping, loop running too fast, throttling down!
01-09 00:41:41.150 W/Camera_AAAThread(  246): 1 frames in 3A process queue, handling timestamp 65596696768 instead of 65596696768
01-09 00:41:41.190 W/Camera_AAAThread(  246): 1 frames in 3A process queue, handling timestamp 65596738616 instead of 65596738616
01-09 00:41:41.210 I/dispmgr (  242): waiting for message from kernel.
01-09 00:41:41.210 I/dispmgr (  242): message from kernel received.
01-09 00:41:41.210 I/dispmgr (  242): DpstAlgorithm_DPST4_5 
01-09 00:41:41.210 I/dispmgr (  242): DpstAlgorithm_DPST4_5 level is 3
01-09 00:41:41.230 W/Camera_SensorThread(  246): @preventFastLooping, loop running too fast, throttling down!
01-09 00:41:41.230 W/Camera_AAAThread(  246): 1 frames in 3A process queue, handling timestamp 65596780131 instead of 65596780131
01-09 00:41:41.280 W/Camera_AAAThread(  246): 1 frames in 3A process queue, handling timestamp 65596821771 instead of 65596821771
01-09 00:41:41.320 W/Camera_AAAThread(  246): 1 frames in 3A process queue, handling timestamp 65596863458 instead of 65596863458
01-09 00:41:41.340 I/dispmgr (  242): waiting for message from kernel.
01-09 00:41:41.340 I/dispmgr (  242): message from kernel received.
01-09 00:41:41.340 I/dispmgr (  242): DpstAlgorithm_DPST4_5 
01-09 00:41:41.340 I/dispmgr (  242): DpstAlgorithm_DPST4_5 level is 3
01-09 00:41:41.360 W/Camera_AAAThread(  246): 1 frames in 3A process queue, handling timestamp 65596905105 instead of 65596905105
01-09 00:41:41.380 W/Camera_SensorThread(  246): @preventFastLooping, loop running too fast, throttling down!
01-09 00:41:41.400 W/Camera_AAAThread(  246): 1 frames in 3A process queue, handling timestamp 65596946760 instead of 65596946760
01-09 00:41:41.440 W/Camera_AAAThread(  246): 1 frames in 3A process queue, handling timestamp 65596988483 instead of 65596988483
01-09 00:41:41.480 W/Camera_AAAThread(  246): 1 frames in 3A process queue, handling timestamp 65597030111 instead of 65597030111
01-09 00:41:41.500 W/Camera_SensorThread(  246): @preventFastLooping, loop running too fast, throttling down!
01-09 00:41:41.530 W/Camera_AAAThread(  246): 1 frames in 3A process queue, handling timestamp 65597071819 instead of 65597071819
01-09 00:41:41.570 W/Camera_AAAThread(  246): 1 frames in 3A process queue, handling timestamp 65597113964 instead of 65597113964
01-09 00:41:41.610 W/Camera_AAAThread(  246): 1 frames in 3A process queue, handling timestamp 65597155122 instead of 65597155122
01-09 00:41:41.630 W/Camera_SensorThread(  246): @preventFastLooping, loop running too fast, throttling down!
01-09 00:41:41.650 W/Camera_AAAThread(  246): 1 frames in 3A process queue, handling timestamp 65597196811 instead of 65597196811
01-09 00:41:41.690 W/Camera_AAAThread(  246): 1 frames in 3A process queue, handling timestamp 65597238843 instead of 65597238843
01-09 00:41:41.730 W/Camera_AAAThread(  246): 1 frames in 3A process queue, handling timestamp 65597280209 instead of 65597280209
01-09 00:41:41.760 W/Camera_SensorThread(  246): @preventFastLooping, loop running too fast, throttling down!
01-09 00:41:41.780 W/Camera_AAAThread(  246): 1 frames in 3A process queue, handling timestamp 65597321813 instead of 65597321813
01-09 00:41:41.820 W/Camera_AAAThread(  246): 1 frames in 3A process queue, handling timestamp 65597363526 instead of 65597363526
01-09 00:41:41.840 I/dispmgr (  242): waiting for message from kernel.
01-09 00:41:41.840 I/dispmgr (  242): message from kernel received.
01-09 00:41:41.840 I/dispmgr (  242): DpstAlgorithm_DPST4_5 
01-09 00:41:41.840 I/dispmgr (  242): DpstAlgorithm_DPST4_5 level is 3
01-09 00:41:41.860 W/Camera_AAAThread(  246): 1 frames in 3A process queue, handling timestamp 65597405446 instead of 65597405446
01-09 00:41:41.890 W/Camera_SensorThread(  246): @preventFastLooping, loop running too fast, throttling down!
01-09 00:41:41.900 W/Camera_AAAThread(  246): 1 frames in 3A process queue, handling timestamp 65597446869 instead of 65597446869
01-09 00:41:41.900 E/Intel PowerHAL(  650): Error opening /sys/devices/system/cpu/cpufreq/interactive/touchboostpulse: Permission denied
01-09 00:41:41.900 E/Intel PowerHAL(  650): Error opening /sys/devices/system/cpu/cpufreq/interactive/touchboostpulse: Permission denied
01-09 00:41:41.910 E/Intel PowerHAL(  650): Error opening /sys/devices/system/cpu/cpufreq/interactive/touchboostpulse: Permission denied
01-09 00:41:41.910 E/Intel PowerHAL(  650): Error opening /sys/devices/system/cpu/cpufreq/interactive/touchboostpulse: Permission denied
01-09 00:41:41.920 E/Intel PowerHAL(  650): Error opening /sys/devices/system/cpu/cpufreq/interactive/touchboostpulse: Permission denied
01-09 00:41:41.940 W/Camera_AAAThread(  246): 1 frames in 3A process queue, handling timestamp 65597488551 instead of 65597488551
01-09 00:41:41.950 D/dalvikvm(  650): GC_FOR_ALLOC freed 862K, 19% free 21342K/26240K, paused 36ms, total 36ms
01-09 00:41:41.980 D/dalvikvm(  650): GC_FOR_ALLOC freed 492K, 18% free 21584K/26240K, paused 30ms, total 30ms
01-09 00:41:41.980 W/Camera_AAAThread(  246): 1 frames in 3A process queue, handling timestamp 65597530243 instead of 65597530243
01-09 00:41:42.010 W/Camera_SensorThread(  246): @preventFastLooping, loop running too fast, throttling down!
01-09 00:41:42.020 D/dalvikvm(  650): GC_FOR_ALLOC freed 445K, 18% free 21714K/26240K, paused 31ms, total 31ms
01-09 00:41:42.030 W/Camera_AAAThread(  246): 1 frames in 3A process queue, handling timestamp 65597572001 instead of 65597572001
01-09 00:41:42.050 D/dalvikvm(  650): GC_FOR_ALLOC freed 445K, 18% free 21717K/26240K, paused 30ms, total 30ms
01-09 00:41:42.070 W/Camera_AAAThread(  246): 1 frames in 3A process queue, handling timestamp 65597613524 instead of 65597613524
01-09 00:41:42.080 D/dalvikvm(  650): GC_FOR_ALLOC freed 127K, 17% free 21909K/26240K, paused 30ms, total 30ms
01-09 00:41:42.110 D/dalvikvm(  650): GC_FOR_ALLOC freed 319K, 18% free 21720K/26240K, paused 28ms, total 28ms
01-09 00:41:42.110 W/Camera_AAAThread(  246): 1 frames in 3A process queue, handling timestamp 65597655205 instead of 65597655205
01-09 00:41:42.130 D/dalvikvm(  650): GC_FOR_ALLOC freed <1K, 17% free 21975K/26240K, paused 28ms, total 28ms
01-09 00:41:42.140 I/dalvikvm-heap(  650): Grow heap (frag case) to 21.681MB for 196012-byte allocation
01-09 00:41:42.140 W/Camera_SensorThread(  246): @preventFastLooping, loop running too fast, throttling down!
01-09 00:41:42.150 W/Camera_AAAThread(  246): 1 frames in 3A process queue, handling timestamp 65597696857 instead of 65597696857
01-09 00:41:42.170 D/dalvikvm(  650): GC_FOR_ALLOC freed <1K, 17% free 22167K/26432K, paused 29ms, total 29ms
01-09 00:41:42.170 D/Vibrator(  650): switchOff : Turn OFF vibrator request
01-09 00:41:42.170 D/EVENT_THREAD(  650): void CEventThread::cancelAlarm()
01-09 00:41:42.170 D/EVENT_THREAD(  650): void CEventThread::run() Do poll with timeout: -1
01-09 00:41:42.170 D/Vibrator(  650): switchOn : Turn ON vibrator for 10 ms request
01-09 00:41:42.170 E/Intel PowerHAL(  650): Error opening /sys/devices/system/cpu/cpufreq/interactive/touchboostpulse: Permission denied
01-09 00:41:42.170 D/EVENT_THREAD(  650): void CEventThread::startAlarm(uint32_t) 10ms
01-09 00:41:42.170 D/EVENT_THREAD(  650): void CEventThread::run() Do poll with timeout: 10
01-09 00:41:42.170 E/Intel PowerHAL(  650): Error opening /sys/devices/system/cpu/cpufreq/interactive/touchboostpulse: Permission denied
01-09 00:41:42.170 I/WAKELOCK_ACQUIRE(  650): TIMESTAMP=66346213328512, TAG=*vibrator*, TYPE=PARTIAL_WAKE_LOCK             , COUNT=0, PID=650, UID=1000, FLAGS=
01-09 00:41:42.180 D/EVENT_THREAD(  650): void CEventThread::cancelAlarm()
01-09 00:41:42.180 D/EVENT_THREAD(  650): void CEventThread::run() Do poll with timeout: -1
01-09 00:41:42.190 W/Camera_AAAThread(  246): 1 frames in 3A process queue, handling timestamp 65597738616 instead of 65597738616
01-09 00:41:42.190 D/dalvikvm(  797): GC_FOR_ALLOC freed 2835K, 36% free 13140K/20228K, paused 10ms, total 10ms
01-09 00:41:42.200 E/Intel PowerHAL(  650): Error opening /sys/devices/system/cpu/cpufreq/interactive/touchboostpulse: Permission denied
01-09 00:41:42.200 I/AudioPolicyManagerBase(  246): APM: getOutput
01-09 00:41:42.200 I/AudioPolicyManagerBase(  246): APM: getOutput
01-09 00:41:42.200 E/Intel PowerHAL(  650): Error opening /sys/devices/system/cpu/cpufreq/interactive/touchboostpulse: Permission denied
01-09 00:41:42.200 D/Vibrator(  650): switchOn : Turn ON vibrator for 30 ms request
01-09 00:41:42.200 I/AudioPolicyManagerBase(  246): APM: getOutput
01-09 00:41:42.200 W/AudioTrack(  650): AUDIO_OUTPUT_FLAG_FAST denied by client
01-09 00:41:42.200 D/EVENT_THREAD(  650): void CEventThread::startAlarm(uint32_t) 30ms
01-09 00:41:42.200 D/EVENT_THREAD(  650): void CEventThread::run() Do poll with timeout: 30
01-09 00:41:42.200 D/AudioPolicyManagerALSA(  246): startOutput() output 2, stream type 1, session 70
01-09 00:41:42.210 D/AudioIntelHal(  246): setStreamParameters: key value pair android_mode=0;output_devices=2
01-09 00:41:42.210 D/AudioIntelHal/AudioPlatformState(  246): setParameters: key value pair android_mode=0;output_devices=2
01-09 00:41:42.210 D/AudioResamplerIA(  246): Create AudioResamplerIA Resampler: Input rate 44100, output rate 48000
01-09 00:41:42.210 D/PROPERTY(  246): get media.dump_output.befconv: 0
01-09 00:41:42.210 D/PROPERTY(  246): get media.dump_output.aftconv: 0
01-09 00:41:42.210 D/AudioIntelHal(  246): startStream: output stream
01-09 00:41:42.210 D/AudioIntelHal/AudioPlatformState(  246): route-parameter-manager: Selection criterion changed event: Criterion name: OutputFlags, current state: Primary
01-09 00:41:42.210 D/AudioIntelHal/AudioPlatformState(  246): route-parameter-manager: Configuration application request {
01-09 00:41:42.210 D/AudioIntelHal/AudioPlatformState(  246): route-parameter-manager:     Applying configurations {
01-09 00:41:42.210 D/AudioIntelHal/AudioPlatformState(  246): route-parameter-manager:         Applying configuration "Applicable" from domain "StreamRoute.Media.Playback"
01-09 00:41:42.210 D/AudioIntelHal/AudioPlatformState(  246): route-parameter-manager:         Applying configuration "Yes" from domain "Route.HwCodec0IA.Playback.Applicable"
01-09 00:41:42.210 D/AudioIntelHal/AudioPlatformState(  246): route-parameter-manager:         Applying configuration "Selected" from domain "Parameter.Outputflags.Primary"
01-09 00:41:42.210 D/AudioIntelHal/AudioPlatformState(  246): route-parameter-manager:     } Applying configurations
01-09 00:41:42.210 D/AudioIntelHal/AudioPlatformState(  246): route-parameter-manager: } Configuration application request
01-09 00:41:42.210 D/EVENT_THREAD(  246): void CEventThread::trig(void*, uint32_t): in
01-09 00:41:42.210 D/EVENT_THREAD(  246): void CEventThread::trig(void*, uint32_t): out
01-09 00:41:42.210 D/RouteManager(  246): doReconsiderRouting: Route state:
01-09 00:41:42.210 D/RouteManager(  246): 	-Previously Enabled Route in Input = <none>
01-09 00:41:42.210 D/RouteManager(  246): 	-Previously Enabled Route in Output = <none>
01-09 00:41:42.210 D/RouteManager(  246): 	-Selected Route in Input = <none>
01-09 00:41:42.210 D/RouteManager(  246): 	-Selected Route in Output = Media|HwCodec0IA
01-09 00:41:42.210 D/RouteManager(  246): 		-executeMuteRoutingStage-
01-09 00:41:42.210 D/RouteManager(  246): audio-parameter-manager: Selection criterion changed event: Criterion name: RoutageState, current state: Flow
01-09 00:41:42.210 D/RouteManager(  246): audio-parameter-manager: Configuration application request {
01-09 00:41:42.210 D/RouteManager(  246): audio-parameter-manager:     Applying configurations {
01-09 00:41:42.210 D/RouteManager(  246): audio-parameter-manager:     } Applying configurations
01-09 00:41:42.210 D/RouteManager(  246): audio-parameter-manager: } Configuration application request
01-09 00:41:42.210 D/RouteManager(  246): 		-executeDisableRoutingStage-
01-09 00:41:42.210 D/RouteManager(  246): audio-parameter-manager: Selection criterion changed event: Criterion name: RoutageState, current state: Path
01-09 00:41:42.210 D/RouteManager(  246): audio-parameter-manager: Configuration application request {
01-09 00:41:42.210 D/RouteManager(  246): audio-parameter-manager:     Applying configurations {
01-09 00:41:42.210 D/RouteManager(  246): audio-parameter-manager:         Applying configuration "Locked" from domain "Routing.Sst.Enable.VoiceProcessingLock.Uplink"
01-09 00:41:42.210 D/RouteManager(  246): audio-parameter-manager:         Applying configuration "Locked" from domain "Routing.Sst.Enable.VoiceProcessingLock.Downlink"
01-09 00:41:42.210 D/RouteManager(  246): audio-parameter-manager:     } Applying configurations
01-09 00:41:42.210 D/RouteManager(  246): audio-parameter-manager: } Configuration application request
01-09 00:41:42.210 D/RouteManager(  246): 		-executeConfigureRoutingStage-
01-09 00:41:42.210 D/RouteManager(  246): audio-parameter-manager: Selection criterion changed event: Criterion name: RoutageState, current state: Configure
01-09 00:41:42.210 D/RouteManager(  246): audio-parameter-manager: Selection criterion changed event: Criterion name: OpenedPlaybackRoutes, current state: Media|HwCodec0IA
01-09 00:41:42.210 D/RouteManager(  246): audio-parameter-manager: Selection criterion changed event: Criterion name: OutputFlags, current state: AUDIO_OUTPUT_FLAG_PRIMARY
01-09 00:41:42.210 D/RouteManager(  246): audio-parameter-manager: Configuration application request {
01-09 00:41:42.210 D/RouteManager(  246): audio-parameter-manager:     Applying configurations {
01-09 00:41:42.210 D/RouteManager(  246): audio-parameter-manager:         Applying configuration "Bind" from domain "Routing.Sst.Configure.Playback.SpeakerEqToSprot"
01-09 00:41:42.210 D/RouteManager(  246): audio-parameter-manager:         Applying configuration "Bind" from domain "Routing.Sst.Configure.Playback.Media.ToSpeakerEq"
01-09 00:41:42.210 D/RouteManager(  246): audio-parameter-manager:         Applying configuration "Bind" from domain "Routing.Sst.Configure.Playback.HwCodec.SprotToSpeaker"
01-09 00:41:42.210 D/RouteManager(  246): audio-parameter-manager:         Applying configuration "Enable" from domain "Routing.Configure.CodecWM8958.Playback"
01-09 00:41:42.210 D/RouteManager(  246): audio-parameter-manager:         Applying configuration "SpeakerEarpieceBind" from domain "Routing.Configure.CodecWM8958.AIF.Playback.Internal"
01-09 00:41:42.210 D/RouteManager(  246): audio-parameter-manager:     } Applying configurations
01-09 00:41:42.210 D/RouteManager(  246): audio-parameter-manager: } Configuration application request
01-09 00:41:42.210 D/RouteManager(  246): 		-executeEnableRoutingStage-
01-09 00:41:42.210 D/RouteManager(  246): audio-parameter-manager: Selection criterion changed event: Criterion name: RoutageState, current state: Path|Configure
01-09 00:41:42.210 D/TinyAlsaAudioDevice(  246): open card (wm8958audio,0) with config (rate(48000), format(0), channels(2))
01-09 00:41:42.210 D/TinyAlsaAudioDevice(  246): open	 RingBuffer config: periodSize=1152, nbPeriod=4 startTh=1151, stop Th=4608 silence Th=0
01-09 00:41:42.210 I/WAKELOCK_ACQUIRE(  650): TIMESTAMP=66346249194606, TAG=AudioMix, TYPE=PARTIAL_WAKE_LOCK             , COUNT=0, PID=246, UID=1013, FLAGS=
01-09 00:41:42.230 D/EVENT_THREAD(  650): void CEventThread::cancelAlarm()
01-09 00:41:42.230 D/EVENT_THREAD(  650): void CEventThread::run() Do poll with timeout: -1
01-09 00:41:42.230 W/Camera_AAAThread(  246): 1 frames in 3A process queue, handling timestamp 65597780250 instead of 65597780250
01-09 00:41:42.250 D/dalvikvm(  650): GC_FOR_ALLOC freed 1116K, 20% free 21184K/26432K, paused 28ms, total 28ms
01-09 00:41:42.250 I/WAKELOCK_RELEASE(  650): TIMESTAMP=66346296738657, TAG=*vibrator*, TYPE=PARTIAL_WAKE_LOCK             , COUNT=0, PID=650, UID=1000, FLAGS=
01-09 00:41:42.260 I/dispmgr (  242): waiting for message from kernel.
01-09 00:41:42.260 I/dispmgr (  242): message from kernel received.
01-09 00:41:42.260 I/dispmgr (  242): DpstAlgorithm_DPST4_5 
01-09 00:41:42.260 I/dispmgr (  242): DpstAlgorithm_DPST4_5 level is 3
01-09 00:41:42.260 I/WAKELOCK_ACQUIRE(  650): TIMESTAMP=66346299195267, TAG=ActivityManager-Launch, TYPE=PARTIAL_WAKE_LOCK             , COUNT=0, PID=650, UID=1000, FLAGS=
01-09 00:41:42.260 D/RouteManager(  246): audio-parameter-manager: Configuration application request {
01-09 00:41:42.260 D/RouteManager(  246): audio-parameter-manager:     Applying configurations {
01-09 00:41:42.260 D/RouteManager(  246): audio-parameter-manager:         Applying configuration "UnLocked" from domain "Routing.Sst.Enable.VoiceProcessingLock.Uplink"
01-09 00:41:42.260 D/RouteManager(  246): audio-parameter-manager:         Applying configuration "UnLocked" from domain "Routing.Sst.Enable.VoiceProcessingLock.Downlink"
01-09 00:41:42.260 D/RouteManager(  246): audio-parameter-manager:         Applying configuration "SpeakerEnable" from domain "Routing.Enable.CodecWM8958.Playback.Internal.Speaker"
01-09 00:41:42.260 D/RouteManager(  246): audio-parameter-manager:     } Applying configurations
01-09 00:41:42.260 D/RouteManager(  246): audio-parameter-manager: } Configuration application request
01-09 00:41:42.260 D/AudioConversion(  246): configure: no convertion required
01-09 00:41:42.260 D/RouteManager(  246): 		-executeUnmuteRoutingStage
01-09 00:41:42.260 D/RouteManager(  246): audio-parameter-manager: Selection criterion changed event: Criterion name: RoutageState, current state: Flow|Path|Configure
01-09 00:41:42.260 D/RouteManager(  246): audio-parameter-manager: Configuration application request {
01-09 00:41:42.260 D/RouteManager(  246): audio-parameter-manager:     Applying configurations {
01-09 00:41:42.260 D/RouteManager(  246): audio-parameter-manager:         Applying configuration "Unmute" from domain "Routing.Sst.Mute.HwCodec.Playback.Internal"
01-09 00:41:42.260 D/RouteManager(  246): audio-parameter-manager:         Applying configuration "Unmute" from domain "Routing.Sst.Mute.Media.Playback.Regular"
01-09 00:41:42.270 D/RouteManager(  246): audio-parameter-manager:         Applying configuration "Unmute" from domain "Routing.Mute.CodecWM8958.Playback.Internal.IHF"
01-09 00:41:42.270 D/RouteManager(  246): audio-parameter-manager:     } Applying configurations
01-09 00:41:42.270 D/RouteManager(  246): audio-parameter-manager: } Configuration application request
01-09 00:41:42.270 D/RouteManager(  246): doReconsiderRouting: DONE
01-09 00:41:42.270 D/EVENT_THREAD(  246): void CEventThread::run() Do poll with timeout: -1
01-09 00:41:42.270 W/Camera_SensorThread(  246): @preventFastLooping, loop running too fast, throttling down!
01-09 00:41:42.280 V/CAM_PhotoModule( 1982): On pause.
01-09 00:41:42.280 W/Camera_AAAThread(  246): 1 frames in 3A process queue, handling timestamp 65597821922 instead of 65597821922
01-09 00:41:42.280 V/CAM_PhotoModule( 1982): stopPreview
01-09 00:41:42.280 D/Camera_HAL(  246): atom_cancel_auto_focus
01-09 00:41:42.280 D/Camera_HAL(  246): atom_stop_preview
01-09 00:41:42.280 D/hwcomposer(  234): void android::intel::HwcLayerList::dump():  numHwLayers = 3, flags = 00000001
01-09 00:41:42.280 D/hwcomposer(  234): void android::intel::HwcLayerList::dump():  type |  handle  | hints | flags | tr | blend | alpha |  format  |           source crop             |            frame          | index | zorder |  plane  
01-09 00:41:42.280 D/hwcomposer(  234): void android::intel::HwcLayerList::dump(): ------+----------+-------+-------+----+-------+-------+----------+-----------------------------------+---------------------------+-------+--------+---------
01-09 00:41:42.280 D/hwcomposer(  234): void android::intel::HwcLayerList::dump():   HWC | f89439c8 |     2 |     0 |  0 |   100 |    ff |        5 | [    0.0,    0.0,  720.0, 1184.0] | [    0,    0,  720, 1184] |     0 |      0 | PRIMARY 
01-09 00:41:42.280 D/hwcomposer(  234): void android::intel::HwcLayerList::dump():   HWC | f88eabf8 |     2 |     0 |  0 |   105 |    ff |        5 | [    0.0,    0.0,  720.0,   96.0] | [    0, 1184,  720, 1280] |     0 |      1 |  SPRITE 
01-09 00:41:42.280 D/hwcomposer(  234): void android::intel::HwcLayerList::dump():   FBT | f88d48e8 |     0 |     0 |  0 |   105 |    ff |        5 | [    0.0,    0.0,  720.0, 1280.0] | [    0,    0,  720, 1280] |    -1 |     -1 |     N/A 
01-09 00:41:42.320 W/Camera_AAAThread(  246): 1 frames in 3A process queue, handling timestamp 65597863556 instead of 65597863556
01-09 00:41:42.400 W/Camera_SensorThread(  246): @preventFastLooping, loop running too fast, throttling down!
01-09 00:41:42.440 E/PVL     (  246): E] acceleration is disabled
01-09 00:41:42.440 V/CAM_PhotoModule( 1982): Close camera device.
01-09 00:41:42.440 D/Camera_HAL(  246): atom_stop_preview
01-09 00:41:42.440 D/Camera_HAL(  246): atom_cancel_picture
01-09 00:41:42.440 D/Camera_HAL(  246): atom_release
01-09 00:41:42.450 D/Camera_HAL(  246): atom_set_preview_window preview_window = 0x0
01-09 00:41:42.450 I/CameraClient(  246): Destroying camera 0
01-09 00:41:42.450 D/Camera_HAL(  246): ATOM_CloseCameraHardware
01-09 00:41:42.460 D/Camera_DebugFrameRate(  246): Exiting...
01-09 00:41:42.480 D/Camera_SensorThread(  246): @unRegisterOrientationListener: accelerometer sensor stop 0xf7bf75f8 (PSH Accelerometer)
01-09 00:41:42.500 W/Camera_V4L2DevBase(  246): Device not opened!
01-09 00:41:42.500 W/Camera_V4L2DevBase(  246): Destroying a device object not closed, closing first
01-09 00:41:42.500 W/Camera_V4L2DevBase(  246): Destroying a device object not closed, closing first
01-09 00:41:42.500 D/Camera_HAL(  246): ATOM_CloseCameraHardware: Camera close done (open instances after close: 0)
01-09 00:41:42.500 I/cip_VorbisDec(  246): UMC Decoder plugin deleted
01-09 00:41:42.510 I/cip_VorbisDec(  246): UMC Decoder plugin deleted
01-09 00:41:42.520 I/WAKELOCK_RELEASE(  650): TIMESTAMP=66346563746278, TAG=WindowManager, TYPE=SCREEN_BRIGHT_WAKE_LOCK       , COUNT=0, PID=650, UID=1000, FLAGS= ON_AFTER_RELEASE
01-09 00:41:42.540 D/hwcomposer(  234): void android::intel::HwcLayerList::dump():  numHwLayers = 3, flags = 00000001
01-09 00:41:42.540 D/hwcomposer(  234): void android::intel::HwcLayerList::dump():  type |  handle  | hints | flags | tr | blend | alpha |  format  |           source crop             |            frame          | index | zorder |  plane  
01-09 00:41:42.540 D/hwcomposer(  234): void android::intel::HwcLayerList::dump(): ------+----------+-------+-------+----+-------+-------+----------+-----------------------------------+---------------------------+-------+--------+---------
01-09 00:41:42.540 D/hwcomposer(  234): void android::intel::HwcLayerList::dump():   HWC | f88f4e80 |     2 |     0 |  0 |   100 |    ff |        5 | [    0.0,    0.0,  720.0, 1184.0] | [    0,    0,  720, 1184] |     0 |      0 | PRIMARY 
01-09 00:41:42.540 D/hwcomposer(  234): void android::intel::HwcLayerList::dump():   HWC | f88eabf8 |     2 |     0 |  0 |   105 |    ff |        5 | [    0.0,    0.0,  720.0,   96.0] | [    0, 1184,  720, 1280] |     0 |      1 |  SPRITE 
01-09 00:41:42.540 D/hwcomposer(  234): void android::intel::HwcLayerList::dump():   FBT | f88d48e8 |     0 |     0 |  0 |   105 |    ff |        5 | [    0.0,    0.0,  720.0, 1280.0] | [    0,    0,  720, 1280] |    -1 |     -1 |     N/A 
01-09 00:41:42.560 D/hwcomposer(  234): void android::intel::HwcLayerList::dump():  numHwLayers = 3, flags = 00000001
01-09 00:41:42.560 D/hwcomposer(  234): void android::intel::HwcLayerList::dump():  type |  handle  | hints | flags | tr | blend | alpha |  format  |           source crop             |            frame          | index | zorder |  plane  
01-09 00:41:42.560 D/hwcomposer(  234): void android::intel::HwcLayerList::dump(): ------+----------+-------+-------+----+-------+-------+----------+-----------------------------------+---------------------------+-------+--------+---------
01-09 00:41:42.560 D/hwcomposer(  234): void android::intel::HwcLayerList::dump():   HWC | f88f4e80 |     2 |     0 |  0 |   100 |    ff |        5 | [    0.0,    0.0,  720.0, 1184.0] | [    0,    0,  720, 1184] |     0 |      0 | PRIMARY 
01-09 00:41:42.560 D/hwcomposer(  234): void android::intel::HwcLayerList::dump():   HWC | f8945150 |     2 |     0 |  0 |   105 |    ff |        5 | [    0.0,    0.0,  720.0,   96.0] | [    0, 1184,  720, 1280] |     0 |      1 |  SPRITE 
01-09 00:41:42.560 D/hwcomposer(  234): void android::intel::HwcLayerList::dump():   FBT | f88d48e8 |     0 |     0 |  0 |   105 |    ff |        5 | [    0.0,    0.0,  720.0, 1280.0] | [    0,    0,  720, 1280] |    -1 |     -1 |     N/A 
01-09 00:41:42.570 D/InputMethodManagerService(  650): --- calledFromForegroundUserOrSystemProcess ? calling uid = 10014 system uid = 1000 calling userId = 0, foreground user id = 0, calling pid = 1039com.android.server.InputMethodManagerService.windowGainedFocus(InputMethodManagerService.java:1882)
01-09 00:41:42.570 V/InputMethodManagerService(  650): windowGainedFocus: android.os.BinderProxy@2ed1fa54 controlFlags=#104 softInputMode=#20 windowFlags=#1910100
01-09 00:41:42.570 V/InputMethodManagerService(  650): Unspecified window will hide input
01-09 00:41:42.570 V/InputMethodManagerService(  650): unbindCurrentInputLocked: client = android.os.BinderProxy@2edba7d4
01-09 00:41:42.570 V/InputMethodManagerService(  650): Hide switching menu
01-09 00:41:42.570 V/InputMethodManagerService(  650): switching to client: client = android.os.BinderProxy@2ed1fa54 keyguard=false
01-09 00:41:42.570 V/InputMethodManagerService(  650): Disabling: SessionState{uid 10033 pid 1982 method 2eb82308 session 2ec64ce0 channel ClientState{2ec82a80 uid 10033 pid 1982} (server)}
01-09 00:41:42.570 D/hwcomposer(  234): void android::intel::HwcLayerList::dump():  numHwLayers = 3, flags = 00000001
01-09 00:41:42.570 D/hwcomposer(  234): void android::intel::HwcLayerList::dump():  type |  handle  | hints | flags | tr | blend | alpha |  format  |           source crop             |            frame          | index | zorder |  plane  
01-09 00:41:42.570 V/InputMethodManagerService(  650): Enabling: SessionState{uid 10014 pid 1039 method 2eb82308 session 2ed2f4f8 channel ClientState{2ed1e990 uid 10014 pid 1039} (server)}
01-09 00:41:42.580 D/hwcomposer(  234): void android::intel::HwcLayerList::dump(): ------+----------+-------+-------+----+-------+-------+----------+-----------------------------------+---------------------------+-------+--------+---------
01-09 00:41:42.580 D/hwcomposer(  234): void android::intel::HwcLayerList::dump():   HWC | f88f4e80 |     2 |     0 |  0 |   100 |    ff |        5 | [    0.0,    0.0,  720.0, 1184.0] | [    0,    0,  720, 1184] |     0 |      0 | PRIMARY 
01-09 00:41:42.580 D/hwcomposer(  234): void android::intel::HwcLayerList::dump():   HWC | f893fc30 |     2 |     0 |  0 |   105 |    ff |        5 | [    0.0,    0.0,  720.0,   96.0] | [    0, 1184,  720, 1280] |     0 |      1 |  SPRITE 
01-09 00:41:42.580 D/hwcomposer(  234): void android::intel::HwcLayerList::dump():   FBT | f88d48e8 |     0 |     0 |  0 |   105 |    ff |        5 | [    0.0,    0.0,  720.0, 1280.0] | [    0,    0,  720, 1280] |    -1 |     -1 |     N/A 
01-09 00:41:42.590 D/hwcomposer(  234): void android::intel::HwcLayerList::dump():  numHwLayers = 3, flags = 00000001
01-09 00:41:42.590 D/hwcomposer(  234): void android::intel::HwcLayerList::dump():  type |  handle  | hints | flags | tr | blend | alpha |  format  |           source crop             |            frame          | index | zorder |  plane  
01-09 00:41:42.590 D/hwcomposer(  234): void android::intel::HwcLayerList::dump(): ------+----------+-------+-------+----+-------+-------+----------+-----------------------------------+---------------------------+-------+--------+---------
01-09 00:41:42.590 D/hwcomposer(  234): void android::intel::HwcLayerList::dump():   HWC | f88d5fe8 |     2 |     0 |  0 |   100 |    ff |        5 | [    0.0,    0.0,  720.0, 1184.0] | [    0,    0,  720, 1184] |     0 |      0 | PRIMARY 
01-09 00:41:42.590 D/hwcomposer(  234): void android::intel::HwcLayerList::dump():   HWC | f88eabf8 |     2 |     0 |  0 |   105 |    ff |        5 | [    0.0,    0.0,  720.0,   96.0] | [    0, 1184,  720, 1280] |     0 |      1 |  SPRITE 
01-09 00:41:42.590 D/hwcomposer(  234): void android::intel::HwcLayerList::dump():   FBT | f88d48e8 |     0 |     0 |  0 |   105 |    ff |        5 | [    0.0,    0.0,  720.0, 1280.0] | [    0,    0,  720, 1280] |    -1 |     -1 |     N/A 
01-09 00:41:42.600 D/RenderScript( 1039): The debug.rs.dev.scripts property forces scripts on GPU
01-09 00:41:42.600 D/RenderScript( 1039): The debug.rs.dev.intrinsics property forces intrinsics on GPU
01-09 00:41:42.600 V/RenderScript( 1039): Application requested CPU execution
01-09 00:41:42.600 V/RenderScript( 1039): 0x70db9050 Launching thread(s), CPUs 4
01-09 00:41:42.610 D/hwcomposer(  234): void android::intel::HwcLayerList::dump():  numHwLayers = 3, flags = 00000001
01-09 00:41:42.610 D/hwcomposer(  234): void android::intel::HwcLayerList::dump():  type |  handle  | hints | flags | tr | blend | alpha |  format  |           source crop             |            frame          | index | zorder |  plane  
01-09 00:41:42.610 D/hwcomposer(  234): void android::intel::HwcLayerList::dump(): ------+----------+-------+-------+----+-------+-------+----------+-----------------------------------+---------------------------+-------+--------+---------
01-09 00:41:42.610 D/hwcomposer(  234): void android::intel::HwcLayerList::dump():   HWC | f88d5fe8 |     2 |     0 |  0 |   100 |    ff |        5 | [    0.0,    0.0,  720.0, 1184.0] | [    0,    0,  720, 1184] |     0 |      0 | PRIMARY 
01-09 00:41:42.610 D/hwcomposer(  234): void android::intel::HwcLayerList::dump():   HWC | f8945150 |     2 |     0 |  0 |   105 |    ff |        5 | [    0.0,    0.0,  720.0,   96.0] | [    0, 1184,  720, 1280] |     0 |      1 |  SPRITE 
01-09 00:41:42.610 D/hwcomposer(  234): void android::intel::HwcLayerList::dump():   FBT | f88d48e8 |     0 |     0 |  0 |   105 |    ff |        5 | [    0.0,    0.0,  720.0, 1280.0] | [    0,    0,  720, 1280] |    -1 |     -1 |     N/A 
01-09 00:41:42.610 D/RenderScript( 1039): Load RS driver 'libRSDriver.so' successfully.
01-09 00:41:42.650 D/hwcomposer(  234): void android::intel::HwcLayerList::dump():  numHwLayers = 3, flags = 00000001
01-09 00:41:42.650 D/hwcomposer(  234): void android::intel::HwcLayerList::dump():  type |  handle  | hints | flags | tr | blend | alpha |  format  |           source crop             |            frame          | index | zorder |  plane  
01-09 00:41:42.650 D/hwcomposer(  234): void android::intel::HwcLayerList::dump(): ------+----------+-------+-------+----+-------+-------+----------+-----------------------------------+---------------------------+-------+--------+---------
01-09 00:41:42.650 D/hwcomposer(  234): void android::intel::HwcLayerList::dump():   HWC | f88d5fe8 |     2 |     0 |  0 |   100 |    ff |        5 | [    0.0,    0.0,  720.0, 1184.0] | [    0,    0,  720, 1184] |     0 |      0 | PRIMARY 
01-09 00:41:42.650 D/hwcomposer(  234): void android::intel::HwcLayerList::dump():   HWC | f893fc30 |     2 |     0 |  0 |   105 |    ff |        5 | [    0.0,    0.0,  720.0,   96.0] | [    0, 1184,  720, 1280] |     0 |      1 |  SPRITE 
01-09 00:41:42.650 D/hwcomposer(  234): void android::intel::HwcLayerList::dump():   FBT | f88d48e8 |     0 |     0 |  0 |   105 |    ff |        5 | [    0.0,    0.0,  720.0, 1280.0] | [    0,    0,  720, 1280] |    -1 |     -1 |     N/A 
01-09 00:41:42.660 D/hwcomposer(  234): void android::intel::HwcLayerList::dump():  numHwLayers = 3, flags = 00000001
01-09 00:41:42.660 D/hwcomposer(  234): void android::intel::HwcLayerList::dump():  type |  handle  | hints | flags | tr | blend | alpha |  format  |           source crop             |            frame          | index | zorder |  plane  
01-09 00:41:42.660 D/hwcomposer(  234): void android::intel::HwcLayerList::dump(): ------+----------+-------+-------+----+-------+-------+----------+-----------------------------------+---------------------------+-------+--------+---------
01-09 00:41:42.660 D/hwcomposer(  234): void android::intel::HwcLayerList::dump():   HWC | f88d5fe8 |     2 |     0 |  0 |   100 |    ff |        5 | [    0.0,    0.0,  720.0, 1184.0] | [    0,    0,  720, 1184] |     0 |      0 | PRIMARY 
01-09 00:41:42.660 D/hwcomposer(  234): void android::intel::HwcLayerList::dump():   HWC | f88eabf8 |     2 |     0 |  0 |   105 |    ff |        5 | [    0.0,    0.0,  720.0,   96.0] | [    0, 1184,  720, 1280] |     0 |      1 |  SPRITE 
01-09 00:41:42.660 D/hwcomposer(  234): void android::intel::HwcLayerList::dump():   FBT | f88d48e8 |     0 |     0 |  0 |   105 |    ff |        5 | [    0.0,    0.0,  720.0, 1280.0] | [    0,    0,  720, 1280] |    -1 |     -1 |     N/A 
01-09 00:41:42.660 D/hwcomposer(  234): void android::intel::HwcLayerList::dump():  numHwLayers = 3, flags = 00000001
01-09 00:41:42.660 D/hwcomposer(  234): void android::intel::HwcLayerList::dump():  type |  handle  | hints | flags | tr | blend | alpha |  format  |           source crop             |            frame          | index | zorder |  plane  
01-09 00:41:42.660 D/hwcomposer(  234): void android::intel::HwcLayerList::dump(): ------+----------+-------+-------+----+-------+-------+----------+-----------------------------------+---------------------------+-------+--------+---------
01-09 00:41:42.660 D/hwcomposer(  234): void android::intel::HwcLayerList::dump():   HWC | f88d5fe8 |     2 |     0 |  0 |   100 |    ff |        5 | [    0.0,    0.0,  720.0, 1184.0] | [    0,    0,  720, 1184] |     0 |      0 | PRIMARY 
01-09 00:41:42.660 D/hwcomposer(  234): void android::intel::HwcLayerList::dump():   HWC | f8945150 |     2 |     0 |  0 |   105 |    ff |        5 | [    0.0,    0.0,  720.0,   96.0] | [    0, 1184,  720, 1280] |     0 |      1 |  SPRITE 
01-09 00:41:42.660 D/hwcomposer(  234): void android::intel::HwcLayerList::dump():   FBT | f88d48e8 |     0 |     0 |  0 |   105 |    ff |        5 | [    0.0,    0.0,  720.0, 1280.0] | [    0,    0,  720, 1280] |    -1 |     -1 |     N/A 
01-09 00:41:42.680 D/hwcomposer(  234): void android::intel::HwcLayerList::dump():  numHwLayers = 3, flags = 00000001
01-09 00:41:42.680 D/hwcomposer(  234): void android::intel::HwcLayerList::dump():  type |  handle  | hints | flags | tr | blend | alpha |  format  |           source crop             |            frame          | index | zorder |  plane  
01-09 00:41:42.680 D/hwcomposer(  234): void android::intel::HwcLayerList::dump(): ------+----------+-------+-------+----+-------+-------+----------+-----------------------------------+---------------------------+-------+--------+---------
01-09 00:41:42.680 D/hwcomposer(  234): void android::intel::HwcLayerList::dump():   HWC | f88d5fe8 |     2 |     0 |  0 |   100 |    ff |        5 | [    0.0,    0.0,  720.0, 1184.0] | [    0,    0,  720, 1184] |     0 |      0 | PRIMARY 
01-09 00:41:42.680 D/hwcomposer(  234): void android::intel::HwcLayerList::dump():   HWC | f893fc30 |     2 |     0 |  0 |   105 |    ff |        5 | [    0.0,    0.0,  720.0,   96.0] | [    0, 1184,  720, 1280] |     0 |      1 |  SPRITE 
01-09 00:41:42.680 D/hwcomposer(  234): void android::intel::HwcLayerList::dump():   FBT | f88d48e8 |     0 |     0 |  0 |   105 |    ff |        5 | [    0.0,    0.0,  720.0, 1280.0] | [    0,    0,  720, 1280] |    -1 |     -1 |     N/A 
01-09 00:41:42.690 I/WAKELOCK_RELEASE(  650): TIMESTAMP=66346730956736, TAG=ActivityManager-Launch, TYPE=PARTIAL_WAKE_LOCK             , COUNT=0, PID=650, UID=1000, FLAGS=
01-09 00:41:42.690 D/hwcomposer(  234): void android::intel::HwcLayerList::dump():  numHwLayers = 3, flags = 00000001
01-09 00:41:42.690 D/hwcomposer(  234): void android::intel::HwcLayerList::dump():  type |  handle  | hints | flags | tr | blend | alpha |  format  |           source crop             |            frame          | index | zorder |  plane  
01-09 00:41:42.690 D/hwcomposer(  234): void android::intel::HwcLayerList::dump(): ------+----------+-------+-------+----+-------+-------+----------+-----------------------------------+---------------------------+-------+--------+---------
01-09 00:41:42.690 D/hwcomposer(  234): void android::intel::HwcLayerList::dump():   HWC | f88d5fe8 |     2 |     0 |  0 |   100 |    ff |        5 | [    0.0,    0.0,  720.0, 1184.0] | [    0,    0,  720, 1184] |     0 |      0 | PRIMARY 
01-09 00:41:42.690 D/hwcomposer(  234): void android::intel::HwcLayerList::dump():   HWC | f88eabf8 |     2 |     0 |  0 |   105 |    ff |        5 | [    0.0,    0.0,  720.0,   96.0] | [    0, 1184,  720, 1280] |     0 |      1 |  SPRITE 
01-09 00:41:42.690 D/hwcomposer(  234): void android::intel::HwcLayerList::dump():   FBT | f88d48e8 |     0 |     0 |  0 |   105 |    ff |        5 | [    0.0,    0.0,  720.0, 1280.0] | [    0,    0,  720, 1280] |    -1 |     -1 |     N/A 
01-09 00:41:42.700 W/CAM_UI  ( 1982): SurfaceTexture destroyed
01-09 00:41:42.710 D/hwcomposer(  234): void android::intel::HwcLayerList::dump():  numHwLayers = 3, flags = 00000001
01-09 00:41:42.710 D/hwcomposer(  234): void android::intel::HwcLayerList::dump():  type |  handle  | hints | flags | tr | blend | alpha |  format  |           source crop             |            frame          | index | zorder |  plane  
01-09 00:41:42.710 D/hwcomposer(  234): void android::intel::HwcLayerList::dump(): ------+----------+-------+-------+----+-------+-------+----------+-----------------------------------+---------------------------+-------+--------+---------
01-09 00:41:42.710 D/hwcomposer(  234): void android::intel::HwcLayerList::dump():   HWC | f88d5fe8 |     2 |     0 |  0 |   100 |    ff |        5 | [    0.0,    0.0,  720.0, 1184.0] | [    0,    0,  720, 1184] |     0 |      0 | PRIMARY 
01-09 00:41:42.710 D/hwcomposer(  234): void android::intel::HwcLayerList::dump():   HWC | f8945150 |     2 |     0 |  0 |   105 |    ff |        5 | [    0.0,    0.0,  720.0,   96.0] | [    0, 1184,  720, 1280] |     0 |      1 |  SPRITE 
01-09 00:41:42.710 D/hwcomposer(  234): void android::intel::HwcLayerList::dump():   FBT | f88d48e8 |     0 |     0 |  0 |   105 |    ff |        5 | [    0.0,    0.0,  720.0, 1280.0] | [    0,    0,  720, 1280] |    -1 |     -1 |     N/A 
01-09 00:41:42.730 D/hwcomposer(  234): void android::intel::HwcLayerList::dump():  numHwLayers = 6, flags = 00000001
01-09 00:41:42.730 D/hwcomposer(  234): void android::intel::HwcLayerList::dump():  type |  handle  | hints | flags | tr | blend | alpha |  format  |           source crop             |            frame          | index | zorder |  plane  
01-09 00:41:42.730 D/hwcomposer(  234): void android::intel::HwcLayerList::dump(): ------+----------+-------+-------+----+-------+-------+----------+-----------------------------------+---------------------------+-------+--------+---------
01-09 00:41:42.730 D/hwcomposer(  234): void android::intel::HwcLayerList::dump():  GLES | f88e5150 |     0 |     0 |  0 |   100 |    ff |      1ff | [  120.0,    0.0,  840.0, 1184.0] | [    0,    0,  720, 1184] |    -1 |     -1 |     N/A 
01-09 00:41:42.730 D/hwcomposer(  234): void android::intel::HwcLayerList::dump():  GLES | f89296c0 |     0 |     0 |  0 |   105 |    ff |        5 | [    0.0,   50.0,  720.0, 1184.0] | [    0,   50,  720, 1184] |    -1 |     -1 |     N/A 
01-09 00:41:42.730 D/hwcomposer(  234): void android::intel::HwcLayerList::dump():  GLES | f88d5fe8 |     0 |     0 |  0 |   105 |    fa |        5 | [    0.0,    0.0,  720.0, 1184.0] | [   16,   26,  704, 1158] |    -1 |     -1 |     N/A 
01-09 00:41:42.730 D/hwcomposer(  234): void android::intel::HwcLayerList::dump():  GLES | f88ecce8 |     0 |     0 |  0 |   105 |    ff |        5 | [    0.0,   40.0,  720.0,   50.0] | [    0,    0,  720,   10] |    -1 |     -1 |     N/A 
01-09 00:41:42.730 D/hwcomposer(  234): void android::intel::HwcLayerList::dump():  GLES | f893fc30 |     0 |     0 |  0 |   105 |    ff |        5 | [    0.0,    0.0,  720.0,   96.0] | [    0, 1184,  720, 1280] |    -1 |     -1 |     N/A 
01-09 00:41:42.730 D/hwcomposer(  234): void android::intel::HwcLayerList::dump():   FBT | f88d48e8 |     0 |     0 |  0 |   105 |    ff |        5 | [    0.0,    0.0,  720.0, 1280.0] | [    0,    0,  720, 1280] |     0 |      0 | PRIMARY 
01-09 00:41:42.750 D/hwcomposer(  234): void android::intel::HwcLayerList::dump():  numHwLayers = 6, flags = 00000001
01-09 00:41:42.750 D/hwcomposer(  234): void android::intel::HwcLayerList::dump():  type |  handle  | hints | flags | tr | blend | alpha |  format  |           source crop             |            frame          | index | zorder |  plane  
01-09 00:41:42.750 D/hwcomposer(  234): void android::intel::HwcLayerList::dump(): ------+----------+-------+-------+----+-------+-------+----------+-----------------------------------+---------------------------+-------+--------+---------
01-09 00:41:42.750 D/hwcomposer(  234): void android::intel::HwcLayerList::dump():  GLES | f88e5150 |     0 |     0 |  0 |   100 |    ff |      1ff | [  120.0,    0.0,  840.0, 1184.0] | [    0,    0,  720, 1184] |    -1 |     -1 |     N/A 
01-09 00:41:42.750 D/hwcomposer(  234): void android::intel::HwcLayerList::dump():  GLES | f89296c0 |     0 |     0 |  0 |   105 |    ff |        5 | [    0.0,   50.0,  720.0, 1184.0] | [    0,   50,  720, 1184] |    -1 |     -1 |     N/A 
01-09 00:41:42.750 D/hwcomposer(  234): void android::intel::HwcLayerList::dump():  GLES | f88d5fe8 |     0 |     0 |  0 |   105 |    ec |        5 | [    0.0,    0.0,  720.0, 1184.0] | [   32,   53,  688, 1131] |    -1 |     -1 |     N/A 
01-09 00:41:42.750 D/hwcomposer(  234): void android::intel::HwcLayerList::dump():  GLES | f88ecce8 |     0 |     0 |  0 |   105 |    ff |        5 | [    0.0,   32.0,  720.0,   50.0] | [    0,    0,  720,   18] |    -1 |     -1 |     N/A 
01-09 00:41:42.750 D/hwcomposer(  234): void android::intel::HwcLayerList::dump():  GLES | f88eabf8 |     0 |     0 |  0 |   105 |    ff |        5 | [    0.0,    0.0,  720.0,   96.0] | [    0, 1184,  720, 1280] |    -1 |     -1 |     N/A 
01-09 00:41:42.750 D/hwcomposer(  234): void android::intel::HwcLayerList::dump():   FBT | f88d7bb8 |     0 |     0 |  0 |   105 |    ff |        5 | [    0.0,    0.0,  720.0, 1280.0] | [    0,    0,  720, 1280] |     0 |      0 | PRIMARY 
01-09 00:41:42.760 D/hwcomposer(  234): void android::intel::HwcLayerList::dump():  numHwLayers = 6, flags = 00000001
01-09 00:41:42.760 D/hwcomposer(  234): void android::intel::HwcLayerList::dump():  type |  handle  | hints | flags | tr | blend | alpha |  format  |           source crop             |            frame          | index | zorder |  plane  
01-09 00:41:42.760 D/hwcomposer(  234): void android::intel::HwcLayerList::dump(): ------+----------+-------+-------+----+-------+-------+----------+-----------------------------------+---------------------------+-------+--------+---------
01-09 00:41:42.760 D/hwcomposer(  234): void android::intel::HwcLayerList::dump():  GLES | f88e5150 |     0 |     0 |  0 |   100 |    ff |      1ff | [  120.0,    0.0,  840.0, 1184.0] | [    0,    0,  720, 1184] |    -1 |     -1 |     N/A 
01-09 00:41:42.760 D/hwcomposer(  234): void android::intel::HwcLayerList::dump():  GLES | f89296c0 |     0 |     0 |  0 |   105 |    ff |        5 | [    0.0,   50.0,  720.0, 1184.0] | [    0,   50,  720, 1184] |    -1 |     -1 |     N/A 
01-09 00:41:42.760 D/hwcomposer(  234): void android::intel::HwcLayerList::dump():  GLES | f88d5fe8 |     0 |     0 |  0 |   105 |    d7 |        5 | [    0.0,    0.0,  720.0, 1184.0] | [   46,   76,  674, 1108] |    -1 |     -1 |     N/A 
01-09 00:41:42.760 D/hwcomposer(  234): void android::intel::HwcLayerList::dump():  GLES | f88ecce8 |     0 |     0 |  0 |   105 |    ff |        5 | [    0.0,   25.0,  720.0,   50.0] | [    0,    0,  720,   25] |    -1 |     -1 |     N/A 
01-09 00:41:42.760 D/hwcomposer(  234): void android::intel::HwcLayerList::dump():  GLES | f88eabf8 |     0 |     0 |  0 |   105 |    ff |        5 | [    0.0,    0.0,  720.0,   96.0] | [    0, 1184,  720, 1280] |    -1 |     -1 |     N/A 
01-09 00:41:42.760 D/hwcomposer(  234): void android::intel::HwcLayerList::dump():   FBT | f89118e0 |     0 |     0 |  0 |   105 |    ff |        5 | [    0.0,    0.0,  720.0, 1280.0] | [    0,    0,  720, 1280] |     0 |      0 | PRIMARY 
01-09 00:41:42.780 D/hwcomposer(  234): void android::intel::HwcLayerList::dump():  numHwLayers = 6, flags = 00000001
01-09 00:41:42.780 D/hwcomposer(  234): void android::intel::HwcLayerList::dump():  type |  handle  | hints | flags | tr | blend | alpha |  format  |           source crop             |            frame          | index | zorder |  plane  
01-09 00:41:42.780 D/hwcomposer(  234): void android::intel::HwcLayerList::dump(): ------+----------+-------+-------+----+-------+-------+----------+-----------------------------------+---------------------------+-------+--------+---------
01-09 00:41:42.780 D/hwcomposer(  234): void android::intel::HwcLayerList::dump():  GLES | f88e5150 |     0 |     0 |  0 |   100 |    ff |      1ff | [  120.0,    0.0,  840.0, 1184.0] | [    0,    0,  720, 1184] |    -1 |     -1 |     N/A 
01-09 00:41:42.780 D/hwcomposer(  234): void android::intel::HwcLayerList::dump():  GLES | f89296c0 |     0 |     0 |  0 |   105 |    ff |        5 | [    0.0,   50.0,  720.0, 1184.0] | [    0,   50,  720, 1184] |    -1 |     -1 |     N/A 
01-09 00:41:42.780 D/hwcomposer(  234): void android::intel::HwcLayerList::dump():  GLES | f88d5fe8 |     0 |     0 |  0 |   105 |    b9 |        5 | [    0.0,    0.0,  720.0, 1184.0] | [   61,  100,  659, 1084] |    -1 |     -1 |     N/A 
01-09 00:41:42.780 D/hwcomposer(  234): void android::intel::HwcLayerList::dump():  GLES | f88ecce8 |     0 |     0 |  0 |   105 |    ff |        5 | [    0.0,   19.0,  720.0,   50.0] | [    0,    0,  720,   31] |    -1 |     -1 |     N/A 
01-09 00:41:42.780 D/hwcomposer(  234): void android::intel::HwcLayerList::dump():  GLES | f88eabf8 |     0 |     0 |  0 |   105 |    ff |        5 | [    0.0,    0.0,  720.0,   96.0] | [    0, 1184,  720, 1280] |    -1 |     -1 |     N/A 
01-09 00:41:42.780 D/hwcomposer(  234): void android::intel::HwcLayerList::dump():   FBT | f88d48e8 |     0 |     0 |  0 |   105 |    ff |        5 | [    0.0,    0.0,  720.0, 1280.0] | [    0,    0,  720, 1280] |     0 |      0 | PRIMARY 
01-09 00:41:42.790 D/dalvikvm( 1982): GC_CONCURRENT freed 13147K, 42% free 39170K/66408K, paused 1ms+3ms, total 25ms
01-09 00:41:42.800 D/hwcomposer(  234): void android::intel::HwcLayerList::dump():  numHwLayers = 6, flags = 00000001
01-09 00:41:42.800 D/hwcomposer(  234): void android::intel::HwcLayerList::dump():  type |  handle  | hints | flags | tr | blend | alpha |  format  |           source crop             |            frame          | index | zorder |  plane  
