--------- beginning of /dev/log/main
01-09 00:41:34.500 E/Intel PowerHAL(  650): Error opening /sys/devices/system/cpu/cpufreq/interactive/touchboostpulse: Permission denied
01-09 00:41:34.500 E/Intel PowerHAL(  650): Error opening /sys/devices/system/cpu/cpufreq/interactive/touchboostpulse: Permission denied
01-09 00:41:34.510 E/Intel PowerHAL(  650): Error opening /sys/devices/system/cpu/cpufreq/interactive/touchboostpulse: Permission denied
01-09 00:41:34.510 E/Intel PowerHAL(  650): Error opening /sys/devices/system/cpu/cpufreq/interactive/touchboostpulse: Permission denied
01-09 00:41:34.520 E/Intel PowerHAL(  650): Error opening /sys/devices/system/cpu/cpufreq/interactive/touchboostpulse: Permission denied
01-09 00:41:35.300 W/Sensors (  650): flush line: 156 PSH Accelerometer not activated
01-09 00:41:35.390 W/Sensors (  650): flush line: 156 PSH Accelerometer not activated
01-09 00:41:36.370 E/Intel PowerHAL(  650): Error opening /sys/devices/system/cpu/cpufreq/interactive/touchboostpulse: Permission denied
01-09 00:41:36.370 E/Intel PowerHAL(  650): Error opening /sys/devices/system/cpu/cpufreq/interactive/touchboostpulse: Permission denied
01-09 00:41:36.380 E/Intel PowerHAL(  650): Error opening /sys/devices/system/cpu/cpufreq/interactive/touchboostpulse: Permission denied
01-09 00:41:36.380 E/Intel PowerHAL(  650): Error opening /sys/devices/system/cpu/cpufreq/interactive/touchboostpulse: Permission denied
01-09 00:41:36.390 E/Intel PowerHAL(  650): Error opening /sys/devices/system/cpu/cpufreq/interactive/touchboostpulse: Permission denied
01-09 00:41:36.510 I/AudioPolicyManagerBase(  246): APM: getOutput
01-09 00:41:36.510 I/AudioPolicyManagerBase(  246): APM: getOutput
01-09 00:41:36.510 I/AudioPolicyManagerBase(  246): APM: getOutput
01-09 00:41:36.510 W/AudioTrack(  650): AUDIO_OUTPUT_FLAG_FAST denied by client
01-09 00:41:36.510 D/AudioPolicyManagerALSA(  246): startOutput() output 2, stream type 1, session 66
01-09 00:41:36.510 D/AudioIntelHal(  246): setStreamParameters: key value pair android_mode=0;output_devices=2
01-09 00:41:36.510 D/AudioIntelHal/AudioPlatformState(  246): setParameters: key value pair android_mode=0;output_devices=2
--------- beginning of /dev/log/system
01-09 00:41:36.510 I/ActivityManager(  650): START u0 {act=android.intent.action.MAIN cat=[android.intent.category.LAUNCHER] flg=0x10200000 cmp=com.android.camera2/com.android.camera.CameraLauncher bnds=[40,585][200,785]} from pid 1039
01-09 00:41:36.510 I/WAKELOCK_ACQUIRE(  650): TIMESTAMP=66340556224619, TAG=AudioMix, TYPE=PARTIAL_WAKE_LOCK             , COUNT=0, PID=246, UID=1013, FLAGS=
01-09 00:41:36.520 D/hwcomposer(  234): void android::intel::DisplayAnalyzer::handleIdleExitEvent(): handling idle exit event
01-09 00:41:36.520 D/hwcomposer(  234): virtual void android::intel::PowerManager::exitIdleState(): exiting s0i1 mode
01-09 00:41:36.520 D/hwcomposer(  234): void android::intel::HwcLayerList::dump():  numHwLayers = 5, flags = 00000001
01-09 00:41:36.520 D/hwcomposer(  234): void android::intel::HwcLayerList::dump():  type |  handle  | hints | flags | tr | blend | alpha |  format  |           source crop             |            frame          | index | zorder |  plane  
01-09 00:41:36.520 D/hwcomposer(  234): void android::intel::HwcLayerList::dump(): ------+----------+-------+-------+----+-------+-------+----------+-----------------------------------+---------------------------+-------+--------+---------
01-09 00:41:36.520 D/hwcomposer(  234): void android::intel::HwcLayerList::dump():   HWC | f88e5150 |     2 |     0 |  0 |   100 |    ff |      1ff | [  120.0,   50.0,  840.0, 1184.0] | [    0,   50,  720, 1184] |     0 |      0 | PRIMARY 
01-09 00:41:36.520 D/hwcomposer(  234): void android::intel::HwcLayerList::dump():   HWC | f891c168 |     2 |     0 |  0 |   105 |    ff |        5 | [    0.0,   50.0,  720.0, 1184.0] | [    0,   50,  720, 1184] |     0 |      1 |  SPRITE 
01-09 00:41:36.520 D/hwcomposer(  234): void android::intel::HwcLayerList::dump():   HWC | f88d9aa0 |     2 |     0 |  0 |   105 |    ff |        5 | [    0.0,    0.0,  720.0,   50.0] | [    0,    0,  720,   50] |     1 |      2 |  SPRITE 
01-09 00:41:36.520 D/hwcomposer(  234): void android::intel::HwcLayerList::dump():   HWC | f8945150 |     2 |     0 |  0 |   105 |    ff |        5 | [    0.0,    0.0,  720.0,   96.0] | [    0, 1184,  720, 1280] |     2 |      3 |  SPRITE 
01-09 00:41:36.520 D/hwcomposer(  234): void android::intel::HwcLayerList::dump():   FBT | f89118e0 |     0 |     0 |  0 |   105 |    ff |        5 | [    0.0,    0.0,  720.0, 1280.0] | [    0,    0,  720, 1280] |    -1 |     -1 |     N/A 
01-09 00:41:36.530 D/AudioResamplerIA(  246): Create AudioResamplerIA Resampler: Input rate 44100, output rate 48000
01-09 00:41:36.530 D/PROPERTY(  246): get media.dump_output.befconv: 0
01-09 00:41:36.530 D/PROPERTY(  246): get media.dump_output.aftconv: 0
01-09 00:41:36.530 D/AudioIntelHal(  246): startStream: output stream
01-09 00:41:36.530 D/AudioIntelHal/AudioPlatformState(  246): route-parameter-manager: Selection criterion changed event: Criterion name: OutputFlags, current state: Primary
01-09 00:41:36.530 D/AudioIntelHal/AudioPlatformState(  246): route-parameter-manager: Configuration application request {
01-09 00:41:36.530 D/AudioIntelHal/AudioPlatformState(  246): route-parameter-manager:     Applying configurations {
01-09 00:41:36.530 D/AudioIntelHal/AudioPlatformState(  246): route-parameter-manager:         Applying configuration "Applicable" from domain "StreamRoute.Media.Playback"
01-09 00:41:36.530 D/AudioIntelHal/AudioPlatformState(  246): route-parameter-manager:         Applying configuration "Yes" from domain "Route.HwCodec0IA.Playback.Applicable"
01-09 00:41:36.530 D/AudioIntelHal/AudioPlatformState(  246): route-parameter-manager:         Applying configuration "Selected" from domain "Parameter.Outputflags.Primary"
01-09 00:41:36.530 D/AudioIntelHal/AudioPlatformState(  246): route-parameter-manager:     } Applying configurations
01-09 00:41:36.530 D/AudioIntelHal/AudioPlatformState(  246): route-parameter-manager: } Configuration application request
01-09 00:41:36.530 D/EVENT_THREAD(  246): void CEventThread::trig(void*, uint32_t): in
01-09 00:41:36.530 D/EVENT_THREAD(  246): void CEventThread::trig(void*, uint32_t): out
01-09 00:41:36.530 D/RouteManager(  246): doReconsiderRouting: Route state:
01-09 00:41:36.530 D/RouteManager(  246): 	-Previously Enabled Route in Input = <none>
01-09 00:41:36.530 D/RouteManager(  246): 	-Previously Enabled Route in Output = <none>
01-09 00:41:36.530 D/RouteManager(  246): 	-Selected Route in Input = <none>
01-09 00:41:36.530 D/RouteManager(  246): 	-Selected Route in Output = Media|HwCodec0IA
01-09 00:41:36.530 D/RouteManager(  246): 		-executeMuteRoutingStage-
01-09 00:41:36.530 D/RouteManager(  246): audio-parameter-manager: Selection criterion changed event: Criterion name: RoutageState, current state: Flow
01-09 00:41:36.530 D/RouteManager(  246): audio-parameter-manager: Configuration application request {
01-09 00:41:36.530 D/RouteManager(  246): audio-parameter-manager:     Applying configurations {
01-09 00:41:36.530 D/RouteManager(  246): audio-parameter-manager:     } Applying configurations
01-09 00:41:36.530 D/RouteManager(  246): audio-parameter-manager: } Configuration application request
01-09 00:41:36.530 D/RouteManager(  246): 		-executeDisableRoutingStage-
01-09 00:41:36.530 D/RouteManager(  246): audio-parameter-manager: Selection criterion changed event: Criterion name: RoutageState, current state: Path
01-09 00:41:36.530 D/RouteManager(  246): audio-parameter-manager: Configuration application request {
01-09 00:41:36.530 D/RouteManager(  246): audio-parameter-manager:     Applying configurations {
01-09 00:41:36.530 D/RouteManager(  246): audio-parameter-manager:         Applying configuration "Locked" from domain "Routing.Sst.Enable.VoiceProcessingLock.Uplink"
01-09 00:41:36.530 D/RouteManager(  246): audio-parameter-manager:         Applying configuration "Locked" from domain "Routing.Sst.Enable.VoiceProcessingLock.Downlink"
01-09 00:41:36.530 D/RouteManager(  246): audio-parameter-manager:     } Applying configurations
01-09 00:41:36.530 D/RouteManager(  246): audio-parameter-manager: } Configuration application request
01-09 00:41:36.530 D/RouteManager(  246): 		-executeConfigureRoutingStage-
01-09 00:41:36.530 D/RouteManager(  246): audio-parameter-manager: Selection criterion changed event: Criterion name: RoutageState, current state: Configure
01-09 00:41:36.530 D/RouteManager(  246): audio-parameter-manager: Selection criterion changed event: Criterion name: OpenedPlaybackRoutes, current state: Media|HwCodec0IA
01-09 00:41:36.530 D/RouteManager(  246): audio-parameter-manager: Selection criterion changed event: Criterion name: OutputFlags, current state: AUDIO_OUTPUT_FLAG_PRIMARY
01-09 00:41:36.530 D/RouteManager(  246): audio-parameter-manager: Configuration application request {
01-09 00:41:36.530 D/RouteManager(  246): audio-parameter-manager:     Applying configurations {
01-09 00:41:36.530 D/RouteManager(  246): audio-parameter-manager:         Applying configuration "Bind" from domain "Routing.Sst.Configure.Playback.SpeakerEqToSprot"
01-09 00:41:36.530 D/RouteManager(  246): audio-parameter-manager:         Applying configuration "Bind" from domain "Routing.Sst.Configure.Playback.Media.ToSpeakerEq"
01-09 00:41:36.530 D/RouteManager(  246): audio-parameter-manager:         Applying configuration "Bind" from domain "Routing.Sst.Configure.Playback.HwCodec.SprotToSpeaker"
01-09 00:41:36.530 D/RouteManager(  246): audio-parameter-manager:         Applying configuration "Enable" from domain "Routing.Configure.CodecWM8958.Playback"
01-09 00:41:36.530 D/RouteManager(  246): audio-parameter-manager:         Applying configuration "SpeakerEarpieceBind" from domain "Routing.Configure.CodecWM8958.AIF.Playback.Internal"
01-09 00:41:36.540 D/RouteManager(  246): audio-parameter-manager:     } Applying configurations
01-09 00:41:36.540 D/RouteManager(  246): audio-parameter-manager: } Configuration application request
01-09 00:41:36.540 D/RouteManager(  246): 		-executeEnableRoutingStage-
01-09 00:41:36.540 D/RouteManager(  246): audio-parameter-manager: Selection criterion changed event: Criterion name: RoutageState, current state: Path|Configure
01-09 00:41:36.540 D/TinyAlsaAudioDevice(  246): open card (wm8958audio,0) with config (rate(48000), format(0), channels(2))
01-09 00:41:36.540 D/TinyAlsaAudioDevice(  246): open	 RingBuffer config: periodSize=1152, nbPeriod=4 startTh=1151, stop Th=4608 silence Th=0
01-09 00:41:36.560 D/dalvikvm(  650): GC_FOR_ALLOC freed 775K, 18% free 21566K/26240K, paused 40ms, total 40ms
01-09 00:41:36.560 I/WAKELOCK_ACQUIRE(  650): TIMESTAMP=66340600114175, TAG=ActivityManager-Launch, TYPE=PARTIAL_WAKE_LOCK             , COUNT=0, PID=650, UID=1000, FLAGS=
01-09 00:41:36.570 D/hwcomposer(  234): void android::intel::HwcLayerList::dump():  numHwLayers = 5, flags = 00000001
01-09 00:41:36.570 D/hwcomposer(  234): void android::intel::HwcLayerList::dump():  type |  handle  | hints | flags | tr | blend | alpha |  format  |           source crop             |            frame          | index | zorder |  plane  
01-09 00:41:36.570 D/hwcomposer(  234): void android::intel::HwcLayerList::dump(): ------+----------+-------+-------+----+-------+-------+----------+-----------------------------------+---------------------------+-------+--------+---------
01-09 00:41:36.570 D/hwcomposer(  234): void android::intel::HwcLayerList::dump():   HWC | f88e5150 |     2 |     0 |  0 |   100 |    ff |      1ff | [  120.0,   50.0,  840.0, 1184.0] | [    0,   50,  720, 1184] |     0 |      0 | PRIMARY 
01-09 00:41:36.570 D/hwcomposer(  234): void android::intel::HwcLayerList::dump():   HWC | f891c168 |     2 |     0 |  0 |   105 |    ff |        5 | [    0.0,   50.0,  720.0, 1184.0] | [    0,   50,  720, 1184] |     0 |      1 |  SPRITE 
01-09 00:41:36.570 D/hwcomposer(  234): void android::intel::HwcLayerList::dump():   HWC | f88d9aa0 |     2 |     0 |  0 |   105 |    ff |        5 | [    0.0,    0.0,  720.0,   50.0] | [    0,    0,  720,   50] |     1 |      2 |  SPRITE 
01-09 00:41:36.570 D/hwcomposer(  234): void android::intel::HwcLayerList::dump():   HWC | f8945150 |     2 |     0 |  0 |   105 |    ff |        5 | [    0.0,    0.0,  720.0,   96.0] | [    0, 1184,  720, 1280] |     2 |      3 |  SPRITE 
01-09 00:41:36.570 D/hwcomposer(  234): void android::intel::HwcLayerList::dump():   FBT | f89118e0 |     0 |     0 |  0 |   105 |    ff |        5 | [    0.0,    0.0,  720.0, 1280.0] | [    0,    0,  720, 1280] |    -1 |     -1 |     N/A 
01-09 00:41:36.580 D/RouteManager(  246): audio-parameter-manager: Configuration application request {
01-09 00:41:36.580 D/RouteManager(  246): audio-parameter-manager:     Applying configurations {
01-09 00:41:36.580 D/RouteManager(  246): audio-parameter-manager:         Applying configuration "UnLocked" from domain "Routing.Sst.Enable.VoiceProcessingLock.Uplink"
01-09 00:41:36.580 D/RouteManager(  246): audio-parameter-manager:         Applying configuration "UnLocked" from domain "Routing.Sst.Enable.VoiceProcessingLock.Downlink"
01-09 00:41:36.580 D/RouteManager(  246): audio-parameter-manager:         Applying configuration "SpeakerEnable" from domain "Routing.Enable.CodecWM8958.Playback.Internal.Speaker"
01-09 00:41:36.580 D/RouteManager(  246): audio-parameter-manager:     } Applying configurations
01-09 00:41:36.580 D/RouteManager(  246): audio-parameter-manager: } Configuration application request
01-09 00:41:36.580 D/AudioConversion(  246): configure: no convertion required
01-09 00:41:36.580 D/RouteManager(  246): 		-executeUnmuteRoutingStage
01-09 00:41:36.580 D/RouteManager(  246): audio-parameter-manager: Selection criterion changed event: Criterion name: RoutageState, current state: Flow|Path|Configure
01-09 00:41:36.580 D/RouteManager(  246): audio-parameter-manager: Configuration application request {
01-09 00:41:36.580 D/RouteManager(  246): audio-parameter-manager:     Applying configurations {
01-09 00:41:36.590 D/RouteManager(  246): audio-parameter-manager:         Applying configuration "Unmute" from domain "Routing.Sst.Mute.HwCodec.Playback.Internal"
01-09 00:41:36.590 D/RouteManager(  246): audio-parameter-manager:         Applying configuration "Unmute" from domain "Routing.Sst.Mute.Media.Playback.Regular"
01-09 00:41:36.590 D/RouteManager(  246): audio-parameter-manager:         Applying configuration "Unmute" from domain "Routing.Mute.CodecWM8958.Playback.Internal.IHF"
01-09 00:41:36.590 D/RouteManager(  246): audio-parameter-manager:     } Applying configurations
01-09 00:41:36.590 D/RouteManager(  246): audio-parameter-manager: } Configuration application request
01-09 00:41:36.590 D/RouteManager(  246): doReconsiderRouting: DONE
01-09 00:41:36.590 D/EVENT_THREAD(  246): void CEventThread::run() Do poll with timeout: -1
01-09 00:41:36.590 D/hwcomposer(  234): void android::intel::HwcLayerList::dump():  numHwLayers = 5, flags = 00000001
01-09 00:41:36.590 D/hwcomposer(  234): void android::intel::HwcLayerList::dump():  type |  handle  | hints | flags | tr | blend | alpha |  format  |           source crop             |            frame          | index | zorder |  plane  
01-09 00:41:36.590 D/hwcomposer(  234): void android::intel::HwcLayerList::dump(): ------+----------+-------+-------+----+-------+-------+----------+-----------------------------------+---------------------------+-------+--------+---------
01-09 00:41:36.590 D/hwcomposer(  234): void android::intel::HwcLayerList::dump():   HWC | f88e5150 |     2 |     0 |  0 |   100 |    ff |      1ff | [  120.0,   50.0,  840.0, 1184.0] | [    0,   50,  720, 1184] |     0 |      0 | PRIMARY 
01-09 00:41:36.590 D/hwcomposer(  234): void android::intel::HwcLayerList::dump():   HWC | f88f4e80 |     2 |     0 |  0 |   105 |    ff |        5 | [    0.0,   50.0,  720.0, 1184.0] | [    0,   50,  720, 1184] |     0 |      1 |  SPRITE 
01-09 00:41:36.590 D/hwcomposer(  234): void android::intel::HwcLayerList::dump():   HWC | f88d9aa0 |     2 |     0 |  0 |   105 |    ff |        5 | [    0.0,    0.0,  720.0,   50.0] | [    0,    0,  720,   50] |     1 |      2 |  SPRITE 
01-09 00:41:36.590 D/hwcomposer(  234): void android::intel::HwcLayerList::dump():   HWC | f8945150 |     2 |     0 |  0 |   105 |    ff |        5 | [    0.0,    0.0,  720.0,   96.0] | [    0, 1184,  720, 1280] |     2 |      3 |  SPRITE 
01-09 00:41:36.590 D/hwcomposer(  234): void android::intel::HwcLayerList::dump():   FBT | f89118e0 |     0 |     0 |  0 |   105 |    ff |        5 | [    0.0,    0.0,  720.0, 1280.0] | [    0,    0,  720, 1280] |    -1 |     -1 |     N/A 
01-09 00:41:36.600 D/hwcomposer(  234): void android::intel::HwcLayerList::dump():  numHwLayers = 5, flags = 00000001
01-09 00:41:36.600 D/hwcomposer(  234): void android::intel::HwcLayerList::dump():  type |  handle  | hints | flags | tr | blend | alpha |  format  |           source crop             |            frame          | index | zorder |  plane  
01-09 00:41:36.600 D/hwcomposer(  234): void android::intel::HwcLayerList::dump(): ------+----------+-------+-------+----+-------+-------+----------+-----------------------------------+---------------------------+-------+--------+---------
01-09 00:41:36.600 D/hwcomposer(  234): void android::intel::HwcLayerList::dump():   HWC | f88e5150 |     2 |     0 |  0 |   100 |    ff |      1ff | [  120.0,   50.0,  840.0, 1184.0] | [    0,   50,  720, 1184] |     0 |      0 | PRIMARY 
01-09 00:41:36.610 D/hwcomposer(  234): void android::intel::HwcLayerList::dump():   HWC | f88f4e80 |     2 |     0 |  0 |   105 |    ff |        5 | [    0.0,   50.0,  720.0, 1184.0] | [    0,   50,  720, 1184] |     0 |      1 |  SPRITE 
01-09 00:41:36.610 D/hwcomposer(  234): void android::intel::HwcLayerList::dump():   HWC | f88d9aa0 |     2 |     0 |  0 |   105 |    ff |        5 | [    0.0,    0.0,  720.0,   50.0] | [    0,    0,  720,   50] |     1 |      2 |  SPRITE 
01-09 00:41:36.610 D/hwcomposer(  234): void android::intel::HwcLayerList::dump():   HWC | f8945150 |     2 |     0 |  0 |   105 |    ff |        5 | [    0.0,    0.0,  720.0,   96.0] | [    0, 1184,  720, 1280] |     2 |      3 |  SPRITE 
01-09 00:41:36.610 D/hwcomposer(  234): void android::intel::HwcLayerList::dump():   FBT | f89118e0 |     0 |     0 |  0 |   105 |    ff |        5 | [    0.0,    0.0,  720.0, 1280.0] | [    0,    0,  720, 1280] |    -1 |     -1 |     N/A 
01-09 00:41:36.620 D/hwcomposer(  234): void android::intel::HwcLayerList::dump():  numHwLayers = 5, flags = 00000001
01-09 00:41:36.620 D/hwcomposer(  234): void android::intel::HwcLayerList::dump():  type |  handle  | hints | flags | tr | blend | alpha |  format  |           source crop             |            frame          | index | zorder |  plane  
01-09 00:41:36.620 D/hwcomposer(  234): void android::intel::HwcLayerList::dump(): ------+----------+-------+-------+----+-------+-------+----------+-----------------------------------+---------------------------+-------+--------+---------
01-09 00:41:36.620 D/hwcomposer(  234): void android::intel::HwcLayerList::dump():   HWC | f88e5150 |     2 |     0 |  0 |   100 |    ff |      1ff | [  120.0,    0.0,  840.0, 1184.0] | [    0,    0,  720, 1184] |     0 |      0 | PRIMARY 
01-09 00:41:36.620 D/hwcomposer(  234): void android::intel::HwcLayerList::dump():   HWC | f88f4e80 |     2 |     0 |  0 |   105 |    ff |        5 | [    0.0,   50.0,  720.0, 1184.0] | [    0,   50,  720, 1184] |     0 |      1 |  SPRITE 
01-09 00:41:36.620 D/hwcomposer(  234): void android::intel::HwcLayerList::dump():   HWC | f88d9aa0 |     2 |     0 |  0 |   105 |    ff |        5 | [    0.0,    0.0,  720.0,   50.0] | [    0,    0,  720,   50] |     1 |      2 |  SPRITE 
01-09 00:41:36.620 D/hwcomposer(  234): void android::intel::HwcLayerList::dump():   HWC | f8945150 |     2 |     0 |  0 |   105 |    ff |        5 | [    0.0,    0.0,  720.0,   96.0] | [    0, 1184,  720, 1280] |     2 |      3 |  SPRITE 
01-09 00:41:36.620 D/hwcomposer(  234): void android::intel::HwcLayerList::dump():   FBT | f89118e0 |     0 |     0 |  0 |   105 |    ff |        5 | [    0.0,    0.0,  720.0, 1280.0] | [    0,    0,  720, 1280] |    -1 |     -1 |     N/A 
01-09 00:41:36.640 D/hwcomposer(  234): void android::intel::HwcLayerList::dump():  numHwLayers = 6, flags = 00000001
01-09 00:41:36.640 D/hwcomposer(  234): void android::intel::HwcLayerList::dump():  type |  handle  | hints | flags | tr | blend | alpha |  format  |           source crop             |            frame          | index | zorder |  plane  
01-09 00:41:36.640 D/hwcomposer(  234): void android::intel::HwcLayerList::dump(): ------+----------+-------+-------+----+-------+-------+----------+-----------------------------------+---------------------------+-------+--------+---------
01-09 00:41:36.640 D/hwcomposer(  234): void android::intel::HwcLayerList::dump():  GLES | f88e5150 |     0 |     0 |  0 |   100 |    ff |      1ff | [  120.0,    0.0,  840.0, 1184.0] | [    0,    0,  720, 1184] |    -1 |     -1 |     N/A 
01-09 00:41:36.640 D/hwcomposer(  234): void android::intel::HwcLayerList::dump():  GLES | f88f4e80 |     0 |     0 |  0 |   105 |    ff |        5 | [    0.0,   50.0,  720.0, 1184.0] | [    0,   50,  720, 1184] |    -1 |     -1 |     N/A 
01-09 00:41:36.640 D/hwcomposer(  234): void android::intel::HwcLayerList::dump():  GLES | f88ee490 |     0 |     0 |  0 |   105 |    35 |        1 | [    0.0,    0.0,  720.0, 1184.0] | [   34,  498,  277,  844] |    -1 |     -1 |     N/A 
01-09 00:41:36.640 D/hwcomposer(  234): void android::intel::HwcLayerList::dump():  GLES | f88d9aa0 |     0 |     0 |  0 |   105 |    ff |        5 | [    0.0,    0.0,  720.0,   50.0] | [    0,    0,  720,   50] |    -1 |     -1 |     N/A 
01-09 00:41:36.640 D/hwcomposer(  234): void android::intel::HwcLayerList::dump():  GLES | f8945150 |     0 |     0 |  0 |   105 |    ff |        5 | [    0.0,    0.0,  720.0,   96.0] | [    0, 1184,  720, 1280] |    -1 |     -1 |     N/A 
01-09 00:41:36.640 D/hwcomposer(  234): void android::intel::HwcLayerList::dump():   FBT | f89118e0 |     0 |     0 |  0 |   105 |    ff |        5 | [    0.0,    0.0,  720.0, 1280.0] | [    0,    0,  720, 1280] |     0 |      0 | PRIMARY 
01-09 00:41:36.650 D/hwcomposer(  234): void android::intel::HwcLayerList::dump():  numHwLayers = 6, flags = 00000001
01-09 00:41:36.650 V/CAM_PhotoModule( 1982): On resume.
01-09 00:41:36.650 V/CAM_PhotoModule( 1982): Executing onResumeTasks.
01-09 00:41:36.650 V/CAM_PhotoModule( 1982): Open camera device.
01-09 00:41:36.650 D/hwcomposer(  234): void android::intel::HwcLayerList::dump():  type |  handle  | hints | flags | tr | blend | alpha |  format  |           source crop             |            frame          | index | zorder |  plane  
01-09 00:41:36.650 V/CameraHolder( 1982): open camera 0
01-09 00:41:36.650 D/hwcomposer(  234): void android::intel::HwcLayerList::dump(): ------+----------+-------+-------+----+-------+-------+----------+-----------------------------------+---------------------------+-------+--------+---------
01-09 00:41:36.660 D/AsfDeviceAosp(  246): Sending DeviceSecurityEvent: CAMERA : com.android.camera2
01-09 00:41:36.660 D/hwcomposer(  234): void android::intel::HwcLayerList::dump():  GLES | f88e5150 |     0 |     0 |  0 |   100 |    ff |      1ff | [  120.0,    0.0,  840.0, 1184.0] | [    0,    0,  720, 1184] |    -1 |     -1 |     N/A 
01-09 00:41:36.660 D/hwcomposer(  234): void android::intel::HwcLayerList::dump():  GLES | f88f4e80 |     0 |     0 |  0 |   105 |    ff |        5 | [    0.0,   50.0,  720.0, 1184.0] | [    0,   50,  720, 1184] |    -1 |     -1 |     N/A 
01-09 00:41:36.660 D/hwcomposer(  234): void android::intel::HwcLayerList::dump():  GLES | f88ee490 |     0 |     0 |  0 |   105 |    6e |        1 | [    0.0,    0.0,  720.0, 1184.0] | [   28,  415,  351,  901] |    -1 |     -1 |     N/A 
01-09 00:41:36.660 D/hwcomposer(  234): void android::intel::HwcLayerList::dump():  GLES | f88d9aa0 |     0 |     0 |  0 |   105 |    ff |        5 | [    0.0,    0.0,  720.0,   50.0] | [    0,    0,  720,   50] |    -1 |     -1 |     N/A 
01-09 00:41:36.660 D/hwcomposer(  234): void android::intel::HwcLayerList::dump():  GLES | f8945150 |     0 |     0 |  0 |   105 |    ff |        5 | [    0.0,    0.0,  720.0,   96.0] | [    0, 1184,  720, 1280] |    -1 |     -1 |     N/A 
01-09 00:41:36.660 D/hwcomposer(  234): void android::intel::HwcLayerList::dump():   FBT | f88d48e8 |     0 |     0 |  0 |   105 |    ff |        5 | [    0.0,    0.0,  720.0, 1280.0] | [    0,    0,  720, 1280] |     0 |      0 | PRIMARY 
01-09 00:41:36.660 D/Camera_HAL(  246): ATOM_GetCameraInfo
01-09 00:41:36.660 D/Camera_HAL(  246): ATOM_GetCameraInfo
01-09 00:41:36.660 I/AwesomePlayer(  246): setDataSource_l(URL suppressed)
01-09 00:41:36.670 I/cip_VorbisDec(  246): UMC Decoder plugin created, Media Codecs version: 1.0.2098
01-09 00:41:36.670 I/AwesomePlayer(  246): setDataSource_l(URL suppressed)
01-09 00:41:36.670 D/hwcomposer(  234): void android::intel::HwcLayerList::dump():  numHwLayers = 6, flags = 00000001
01-09 00:41:36.670 D/hwcomposer(  234): void android::intel::HwcLayerList::dump():  type |  handle  | hints | flags | tr | blend | alpha |  format  |           source crop             |            frame          | index | zorder |  plane  
01-09 00:41:36.670 D/hwcomposer(  234): void android::intel::HwcLayerList::dump(): ------+----------+-------+-------+----+-------+-------+----------+-----------------------------------+---------------------------+-------+--------+---------
01-09 00:41:36.670 D/hwcomposer(  234): void android::intel::HwcLayerList::dump():  GLES | f88e5150 |     0 |     0 |  0 |   100 |    ff |      1ff | [  120.0,    0.0,  840.0, 1184.0] | [    0,    0,  720, 1184] |    -1 |     -1 |     N/A 
01-09 00:41:36.670 D/hwcomposer(  234): void android::intel::HwcLayerList::dump():  GLES | f88f4e80 |     0 |     0 |  0 |   105 |    ff |        5 | [    0.0,   50.0,  720.0, 1184.0] | [    0,   50,  720, 1184] |    -1 |     -1 |     N/A 
01-09 00:41:36.670 D/hwcomposer(  234): void android::intel::HwcLayerList::dump():  GLES | f88ee490 |     0 |     0 |  0 |   105 |    ab |        1 | [    0.0,    0.0,  720.0, 1184.0] | [   23,  337,  421,  954] |    -1 |     -1 |     N/A 
01-09 00:41:36.670 D/hwcomposer(  234): void android::intel::HwcLayerList::dump():  GLES | f88d9aa0 |     0 |     0 |  0 |   105 |    ff |        5 | [    0.0,    0.0,  720.0,   50.0] | [    0,    0,  720,   50] |    -1 |     -1 |     N/A 
01-09 00:41:36.670 D/hwcomposer(  234): void android::intel::HwcLayerList::dump():  GLES | f8945150 |     0 |     0 |  0 |   105 |    ff |        5 | [    0.0,    0.0,  720.0,   96.0] | [    0, 1184,  720, 1280] |    -1 |     -1 |     N/A 
01-09 00:41:36.670 D/hwcomposer(  234): void android::intel::HwcLayerList::dump():   FBT | f88d7bb8 |     0 |     0 |  0 |   105 |    ff |        5 | [    0.0,    0.0,  720.0, 1280.0] | [    0,    0,  720, 1280] |     0 |      0 | PRIMARY 
01-09 00:41:36.680 I/cip_VorbisDec(  246): UMC Decoder plugin created, Media Codecs version: 1.0.2098
01-09 00:41:36.680 I/AudioPolicyManagerBase(  246): APM: getOutput
01-09 00:41:36.680 I/AudioPolicyManagerBase(  246): APM: getOutput
01-09 00:41:36.680 I/AudioPolicyManagerBase(  246): APM: getOutput
01-09 00:41:36.680 I/CameraClient(  246): Opening camera 0
01-09 00:41:36.680 D/Camera_HAL(  246): ATOM_OpenCameraHardware
01-09 00:41:36.680 D/Camera_LogHelper(  246): Performance level is 1
01-09 00:41:36.680 D/Atom_PerformanceTraces(  246): Launch2FocusLock:start, Time: 38901298 us, Diff: 38901297 us
01-09 00:41:36.680 D/Camera_Conf(  246): cpf config file name: /etc/atomisp/00imx135-0-0x8-0x1.cpf
01-09 00:41:36.680 D/Camera_Conf(  246): Opening CPF file "/etc/atomisp/00imx135-0-0x8-0x1.cpf"
01-09 00:41:36.680 D/Camera_Conf(  246): CPF file already validated
01-09 00:41:36.680 D/Camera_Conf(  246): CPF AIQ record found!
01-09 00:41:36.680 D/Camera_Conf(  246): CPF HAL record found!
01-09 00:41:36.690 D/hwcomposer(  234): void android::intel::HwcLayerList::dump():  numHwLayers = 6, flags = 00000001
01-09 00:41:36.690 D/hwcomposer(  234): void android::intel::HwcLayerList::dump():  type |  handle  | hints | flags | tr | blend | alpha |  format  |           source crop             |            frame          | index | zorder |  plane  
01-09 00:41:36.690 D/hwcomposer(  234): void android::intel::HwcLayerList::dump(): ------+----------+-------+-------+----+-------+-------+----------+-----------------------------------+---------------------------+-------+--------+---------
01-09 00:41:36.690 D/hwcomposer(  234): void android::intel::HwcLayerList::dump():  GLES | f88e5150 |     0 |     0 |  0 |   100 |    ff |      1ff | [  120.0,    0.0,  840.0, 1184.0] | [    0,    0,  720, 1184] |    -1 |     -1 |     N/A 
01-09 00:41:36.690 D/hwcomposer(  234): void android::intel::HwcLayerList::dump():  GLES | f88f4e80 |     0 |     0 |  0 |   105 |    ff |        5 | [    0.0,   50.0,  720.0, 1184.0] | [    0,   50,  720, 1184] |    -1 |     -1 |     N/A 
01-09 00:41:36.690 D/hwcomposer(  234): void android::intel::HwcLayerList::dump():  GLES | f88ee490 |     0 |     0 |  0 |   105 |    f1 |        1 | [    0.0,    0.0,  720.0, 1184.0] | [   18,  261,  488, 1006] |    -1 |     -1 |     N/A 
01-09 00:41:36.690 D/hwcomposer(  234): void android::intel::HwcLayerList::dump():  GLES | f88d9aa0 |     0 |     0 |  0 |   105 |    ff |        5 | [    0.0,    0.0,  720.0,   50.0] | [    0,    0,  720,   50] |    -1 |     -1 |     N/A 
01-09 00:41:36.690 D/hwcomposer(  234): void android::intel::HwcLayerList::dump():  GLES | f8945150 |     0 |     0 |  0 |   105 |    ff |        5 | [    0.0,    0.0,  720.0,   96.0] | [    0, 1184,  720, 1280] |    -1 |     -1 |     N/A 
01-09 00:41:36.690 D/hwcomposer(  234): void android::intel::HwcLayerList::dump():   FBT | f89118e0 |     0 |     0 |  0 |   105 |    ff |        5 | [    0.0,    0.0,  720.0, 1280.0] | [    0,    0,  720, 1280] |     0 |      0 | PRIMARY 
01-09 00:41:36.710 D/hwcomposer(  234): void android::intel::HwcLayerList::dump():  numHwLayers = 6, flags = 00000001
01-09 00:41:36.710 D/hwcomposer(  234): void android::intel::HwcLayerList::dump():  type |  handle  | hints | flags | tr | blend | alpha |  format  |           source crop             |            frame          | index | zorder |  plane  
01-09 00:41:36.710 D/hwcomposer(  234): void android::intel::HwcLayerList::dump(): ------+----------+-------+-------+----+-------+-------+----------+-----------------------------------+---------------------------+-------+--------+---------
01-09 00:41:36.710 D/hwcomposer(  234): void android::intel::HwcLayerList::dump():  GLES | f88e5150 |     0 |     0 |  0 |   100 |    ff |      1ff | [  120.0,    0.0,  840.0, 1184.0] | [    0,    0,  720, 1184] |    -1 |     -1 |     N/A 
01-09 00:41:36.710 D/hwcomposer(  234): void android::intel::HwcLayerList::dump():  GLES | f88f4e80 |     0 |     0 |  0 |   105 |    ff |        5 | [    0.0,   50.0,  720.0, 1184.0] | [    0,   50,  720, 1184] |    -1 |     -1 |     N/A 
01-09 00:41:36.710 D/hwcomposer(  234): void android::intel::HwcLayerList::dump():  GLES | f88ee490 |     0 |     0 |  0 |   100 |    ff |        1 | [    0.0,    0.0,  720.0, 1183.0] | [   13,  197,  545, 1049] |    -1 |     -1 |     N/A 
01-09 00:41:36.710 D/hwcomposer(  234): void android::intel::HwcLayerList::dump():  GLES | f88d9aa0 |     0 |     0 |  0 |   105 |    ff |        5 | [    0.0,    0.0,  720.0,   50.0] | [    0,    0,  720,   50] |    -1 |     -1 |     N/A 
01-09 00:41:36.710 D/hwcomposer(  234): void android::intel::HwcLayerList::dump():  GLES | f8945150 |     0 |     0 |  0 |   105 |    ff |        5 | [    0.0,    0.0,  720.0,   96.0] | [    0, 1184,  720, 1280] |    -1 |     -1 |     N/A 
01-09 00:41:36.710 D/hwcomposer(  234): void android::intel::HwcLayerList::dump():   FBT | f88d48e8 |     0 |     0 |  0 |   105 |    ff |        5 | [    0.0,    0.0,  720.0, 1280.0] | [    0,    0,  720, 1280] |     0 |      0 | PRIMARY 
01-09 00:41:36.710 W/Camera_V4L2DevBase(  246): xioctl: Request 0xc01076dd failed: Invalid argument
01-09 00:41:36.710 D/Camera_SensorHW(  246): Failed to get motor private data size. Error: -22
01-09 00:41:36.710 D/IA_IMAGING(  246): IA AIQ VERSION v2.0_004.004
01-09 00:41:36.710 E/IA NVM: ERROR: (  246): NVM: Invalid AF calibration values!
01-09 00:41:36.710 D/IA_IMAGING(  246): IA ISP 2.2 VERSION v2.0_004.004
01-09 00:41:36.710 I/PVL     (  246): I] engine build info [ name ] : pvl_ia_face_icc
01-09 00:41:36.710 I/PVL     (  246): I] engine build info [ date ] : 2014-07-14 19:08:23
01-09 00:41:36.710 I/PVL     (  246): I] engine build info [ version ] : __bulid_revision_ccb29f4__ (jenkins-pvl-engine-android-40)
01-09 00:41:36.710 D/PVL     (  246): D] fd_params.max_num_faces : 32 @ pvl_face_detection_set_parameters():461
01-09 00:41:36.710 D/PVL     (  246): D] new_params.rip_range_max : 135 @ pvl_face_detection_set_parameters():462
01-09 00:41:36.710 D/PVL     (  246): D] fd_params.rip_flag : 59 @ pvl_face_detection_set_parameters():463
01-09 00:41:36.710 D/PVL     (  246): D] new_params.rop_range_max : 90 @ pvl_face_detection_set_parameters():464
01-09 00:41:36.710 D/PVL     (  246): D] fd_params.rop_flag : 5 @ pvl_face_detection_set_parameters():465
01-09 00:41:36.710 D/PVL     (  246): D] new_params.min_face_ratio : 0.076000 @ pvl_face_detection_set_parameters():466
01-09 00:41:36.710 D/PVL     (  246): D] fd_params.min_face_size : 32 @ pvl_face_detection_set_parameters():467
01-09 00:41:36.710 D/PVL     (  246): D] new_params.num_rollover_frames : 42 @ pvl_face_detection_set_parameters():468
01-09 00:41:36.710 D/PVL     (  246): D] fd_params.max_computable_pixels : 14000 @ pvl_face_detection_set_parameters():469
01-09 00:41:36.720 D/Camera_ControlThread(  246): Application doesn't set picture size, hal chooses 320x240 to match preview size
01-09 00:41:36.720 I/Camera_ControlThread(  246): DEPRECATED: Got new preview frame rate: 30
01-09 00:41:36.720 I/dispmgr (  242): waiting for message from kernel.
01-09 00:41:36.720 I/dispmgr (  242): message from kernel received.
01-09 00:41:36.720 I/dispmgr (  242): DpstAlgorithm_DPST4_5 
01-09 00:41:36.720 I/dispmgr (  242): DpstAlgorithm_DPST4_5 level is 3
01-09 00:41:36.720 D/Camera_HAL(  246): atom_set_callbacks
01-09 00:41:36.720 D/Camera_HAL(  246): atom_get_parameters
01-09 00:41:36.720 D/Camera_HAL(  246): atom_put_parameters
01-09 00:41:36.720 D/Camera_HAL(  246): atom_get_parameters
01-09 00:41:36.720 D/Camera_HAL(  246): atom_put_parameters
01-09 00:41:36.720 D/hwcomposer(  234): void android::intel::HwcLayerList::dump():  numHwLayers = 6, flags = 00000001
01-09 00:41:36.720 D/hwcomposer(  234): void android::intel::HwcLayerList::dump():  type |  handle  | hints | flags | tr | blend | alpha |  format  |           source crop             |            frame          | index | zorder |  plane  
01-09 00:41:36.720 D/hwcomposer(  234): void android::intel::HwcLayerList::dump(): ------+----------+-------+-------+----+-------+-------+----------+-----------------------------------+---------------------------+-------+--------+---------
01-09 00:41:36.720 D/hwcomposer(  234): void android::intel::HwcLayerList::dump():  GLES | f88e5150 |     0 |     0 |  0 |   100 |    ff |      1ff | [  120.0,    0.0,  840.0, 1184.0] | [    0,    0,  720, 1184] |    -1 |     -1 |     N/A 
01-09 00:41:36.720 D/hwcomposer(  234): void android::intel::HwcLayerList::dump():  GLES | f88f4e80 |     0 |     0 |  0 |   105 |    ff |        5 | [    0.0,   50.0,  720.0, 1184.0] | [    0,   50,  720, 1184] |    -1 |     -1 |     N/A 
01-09 00:41:36.720 D/hwcomposer(  234): void android::intel::HwcLayerList::dump():  GLES | f88ee490 |     0 |     0 |  0 |   100 |    ff |        1 | [    0.0,    0.0,  720.0, 1184.0] | [   10,  142,  594, 1087] |    -1 |     -1 |     N/A 
01-09 00:41:36.720 D/hwcomposer(  234): void android::intel::HwcLayerList::dump():  GLES | f88d9aa0 |     0 |     0 |  0 |   105 |    ff |        5 | [    0.0,    0.0,  720.0,   50.0] | [    0,    0,  720,   50] |    -1 |     -1 |     N/A 
01-09 00:41:36.720 D/hwcomposer(  234): void android::intel::HwcLayerList::dump():  GLES | f8945150 |     0 |     0 |  0 |   105 |    ff |        5 | [    0.0,    0.0,  720.0,   96.0] | [    0, 1184,  720, 1280] |    -1 |     -1 |     N/A 
01-09 00:41:36.720 D/hwcomposer(  234): void android::intel::HwcLayerList::dump():   FBT | f88d7bb8 |     0 |     0 |  0 |   105 |    ff |        5 | [    0.0,    0.0,  720.0, 1280.0] | [    0,    0,  720, 1280] |     0 |      0 | PRIMARY 
01-09 00:41:36.720 D/Camera_HAL(  246): atom_get_parameters
01-09 00:41:36.730 D/Camera_HAL(  246): atom_put_parameters
01-09 00:41:36.730 W/CAM_PhotoModule( 1982): startPreview: surfaceTexture is not ready.
01-09 00:41:36.730 D/Camera_HAL(  246): atom_get_parameters
01-09 00:41:36.730 D/Camera_HAL(  246): atom_put_parameters
01-09 00:41:36.730 V/CAM_PhotoModule( 1982): Preview size is 960x720
01-09 00:41:36.730 W/CAM_PhotoModule( 1982): startPreview: surfaceTexture is not ready.
01-09 00:41:36.730 D/Camera_HAL(  246): atom_send_command
01-09 00:41:36.730 D/Camera_HAL(  246): atom_set_parameters
01-09 00:41:36.740 W/Sensors (  650): flush line: 156 PSH Magnetic field sensor not activated
01-09 00:41:36.740 D/hwcomposer(  234): void android::intel::HwcLayerList::dump():  numHwLayers = 6, flags = 00000001
01-09 00:41:36.740 D/hwcomposer(  234): void android::intel::HwcLayerList::dump():  type |  handle  | hints | flags | tr | blend | alpha |  format  |           source crop             |            frame          | index | zorder |  plane  
01-09 00:41:36.740 D/hwcomposer(  234): void android::intel::HwcLayerList::dump(): ------+----------+-------+-------+----+-------+-------+----------+-----------------------------------+---------------------------+-------+--------+---------
01-09 00:41:36.740 D/hwcomposer(  234): void android::intel::HwcLayerList::dump():  GLES | f88e5150 |     0 |     0 |  0 |   100 |    ff |      1ff | [  120.0,    0.0,  840.0, 1184.0] | [    0,    0,  720, 1184] |    -1 |     -1 |     N/A 
01-09 00:41:36.740 D/hwcomposer(  234): void android::intel::HwcLayerList::dump():  GLES | f88f4e80 |     0 |     0 |  0 |   105 |    ff |        5 | [    0.0,   50.0,  720.0, 1184.0] | [    0,   50,  720, 1184] |    -1 |     -1 |     N/A 
01-09 00:41:36.740 D/hwcomposer(  234): void android::intel::HwcLayerList::dump():  GLES | f88ee490 |     0 |     0 |  0 |   100 |    ff |        1 | [    0.0,    1.0,  720.0, 1184.0] | [    7,  101,  631, 1115] |    -1 |     -1 |     N/A 
01-09 00:41:36.740 D/hwcomposer(  234): void android::intel::HwcLayerList::dump():  GLES | f88d9aa0 |     0 |     0 |  0 |   105 |    ff |        5 | [    0.0,    0.0,  720.0,   50.0] | [    0,    0,  720,   50] |    -1 |     -1 |     N/A 
01-09 00:41:36.740 D/hwcomposer(  234): void android::intel::HwcLayerList::dump():  GLES | f8945150 |     0 |     0 |  0 |   105 |    ff |        5 | [    0.0,    0.0,  720.0,   96.0] | [    0, 1184,  720, 1280] |    -1 |     -1 |     N/A 
01-09 00:41:36.740 D/hwcomposer(  234): void android::intel::HwcLayerList::dump():   FBT | f89118e0 |     0 |     0 |  0 |   105 |    ff |        5 | [    0.0,    0.0,  720.0, 1280.0] | [    0,    0,  720, 1280] |     0 |      0 | PRIMARY 
01-09 00:41:36.750 D/dalvikvm( 1982): GC_FOR_ALLOC freed 214K, 50% free 39545K/79020K, paused 5ms, total 5ms
01-09 00:41:36.760 D/hwcomposer(  234): void android::intel::HwcLayerList::dump():  numHwLayers = 6, flags = 00000001
01-09 00:41:36.760 D/hwcomposer(  234): void android::intel::HwcLayerList::dump():  type |  handle  | hints | flags | tr | blend | alpha |  format  |           source crop             |            frame          | index | zorder |  plane  
01-09 00:41:36.760 D/hwcomposer(  234): void android::intel::HwcLayerList::dump(): ------+----------+-------+-------+----+-------+-------+----------+-----------------------------------+---------------------------+-------+--------+---------
01-09 00:41:36.760 D/hwcomposer(  234): void android::intel::HwcLayerList::dump():  GLES | f88e5150 |     0 |     0 |  0 |   100 |    ff |      1ff | [  120.0,    0.0,  840.0, 1184.0] | [    0,    0,  720, 1184] |    -1 |     -1 |     N/A 
01-09 00:41:36.760 D/hwcomposer(  234): void android::intel::HwcLayerList::dump():  GLES | f88f4e80 |     0 |     0 |  0 |   105 |    ff |        5 | [    0.0,   50.0,  720.0, 1184.0] | [    0,   50,  720, 1184] |    -1 |     -1 |     N/A 
01-09 00:41:36.760 D/hwcomposer(  234): void android::intel::HwcLayerList::dump():  GLES | f88ee490 |     0 |     0 |  0 |   100 |    ff |        1 | [    1.0,    0.0,  720.0, 1184.0] | [    5,   66,  661, 1139] |    -1 |     -1 |     N/A 
01-09 00:41:36.760 D/hwcomposer(  234): void android::intel::HwcLayerList::dump():  GLES | f88d9aa0 |     0 |     0 |  0 |   105 |    ff |        5 | [    0.0,    0.0,  720.0,   50.0] | [    0,    0,  720,   50] |    -1 |     -1 |     N/A 
01-09 00:41:36.760 D/hwcomposer(  234): void android::intel::HwcLayerList::dump():  GLES | f8945150 |     0 |     0 |  0 |   105 |    ff |        5 | [    0.0,    0.0,  720.0,   96.0] | [    0, 1184,  720, 1280] |    -1 |     -1 |     N/A 
01-09 00:41:36.760 D/hwcomposer(  234): void android::intel::HwcLayerList::dump():   FBT | f88d48e8 |     0 |     0 |  0 |   105 |    ff |        5 | [    0.0,    0.0,  720.0, 1280.0] | [    0,    0,  720, 1280] |     0 |      0 | PRIMARY 
01-09 00:41:36.780 I/dalvikvm-heap( 1982): Grow heap (frag case) to 50.963MB for 12912656-byte allocation
01-09 00:41:36.780 D/hwcomposer(  234): void android::intel::HwcLayerList::dump():  numHwLayers = 6, flags = 00000001
01-09 00:41:36.780 D/hwcomposer(  234): void android::intel::HwcLayerList::dump():  type |  handle  | hints | flags | tr | blend | alpha |  format  |           source crop             |            frame          | index | zorder |  plane  
01-09 00:41:36.780 D/hwcomposer(  234): void android::intel::HwcLayerList::dump(): ------+----------+-------+-------+----+-------+-------+----------+-----------------------------------+---------------------------+-------+--------+---------
01-09 00:41:36.780 D/hwcomposer(  234): void android::intel::HwcLayerList::dump():  GLES | f88e5150 |     0 |     0 |  0 |   100 |    ff |      1ff | [  120.0,    0.0,  840.0, 1184.0] | [    0,    0,  720, 1184] |    -1 |     -1 |     N/A 
01-09 00:41:36.780 D/hwcomposer(  234): void android::intel::HwcLayerList::dump():  GLES | f88f4e80 |     0 |     0 |  0 |   105 |    ff |        5 | [    0.0,   50.0,  720.0, 1184.0] | [    0,   50,  720, 1184] |    -1 |     -1 |     N/A 
01-09 00:41:36.780 D/hwcomposer(  234): void android::intel::HwcLayerList::dump():  GLES | f88ee490 |     0 |     0 |  0 |   100 |    ff |        1 | [    0.0,    0.0,  720.0, 1184.0] | [    3,   42,  683, 1155] |    -1 |     -1 |     N/A 
01-09 00:41:36.780 D/hwcomposer(  234): void android::intel::HwcLayerList::dump():  GLES | f88d9aa0 |     0 |     0 |  0 |   105 |    ff |        5 | [    0.0,    0.0,  720.0,   50.0] | [    0,    0,  720,   50] |    -1 |     -1 |     N/A 
01-09 00:41:36.780 D/hwcomposer(  234): void android::intel::HwcLayerList::dump():  GLES | f8945150 |     0 |     0 |  0 |   105 |    ff |        5 | [    0.0,    0.0,  720.0,   96.0] | [    0, 1184,  720, 1280] |    -1 |     -1 |     N/A 
01-09 00:41:36.780 D/hwcomposer(  234): void android::intel::HwcLayerList::dump():   FBT | f88d7bb8 |     0 |     0 |  0 |   105 |    ff |        5 | [    0.0,    0.0,  720.0, 1280.0] | [    0,    0,  720, 1280] |     0 |      0 | PRIMARY 
01-09 00:41:36.780 D/dalvikvm( 1982): GC_CONCURRENT freed 8K, 35% free 52146K/79020K, paused 1ms+1ms, total 8ms
01-09 00:41:36.780 D/dalvikvm( 1982): WAIT_FOR_CONCURRENT_GC blocked 4ms
01-09 00:41:36.780 D/dalvikvm( 1982): WAIT_FOR_CONCURRENT_GC blocked 4ms
01-09 00:41:36.790 I/dispmgr (  242): waiting for message from kernel.
01-09 00:41:36.790 I/dispmgr (  242): message from kernel received.
01-09 00:41:36.790 I/dispmgr (  242): DpstAlgorithm_DPST4_5 
01-09 00:41:36.790 I/dispmgr (  242): DpstAlgorithm_DPST4_5 level is 3
01-09 00:41:36.790 D/hwcomposer(  234): void android::intel::HwcLayerList::dump():  numHwLayers = 6, flags = 00000001
01-09 00:41:36.790 D/hwcomposer(  234): void android::intel::HwcLayerList::dump():  type |  handle  | hints | flags | tr | blend | alpha |  format  |           source crop             |            frame          | index | zorder |  plane  
01-09 00:41:36.790 D/hwcomposer(  234): void android::intel::HwcLayerList::dump(): ------+----------+-------+-------+----+-------+-------+----------+-----------------------------------+---------------------------+-------+--------+---------
01-09 00:41:36.790 D/hwcomposer(  234): void android::intel::HwcLayerList::dump():  GLES | f88e5150 |     0 |     0 |  0 |   100 |    ff |      1ff | [  120.0,    0.0,  840.0, 1184.0] | [    0,    0,  720, 1184] |    -1 |     -1 |     N/A 
01-09 00:41:36.790 D/hwcomposer(  234): void android::intel::HwcLayerList::dump():  GLES | f88f4e80 |     0 |     0 |  0 |   105 |    ff |        5 | [    0.0,   50.0,  720.0, 1184.0] | [    0,   50,  720, 1184] |    -1 |     -1 |     N/A 
01-09 00:41:36.790 D/hwcomposer(  234): void android::intel::HwcLayerList::dump():  GLES | f88ee490 |     0 |     0 |  0 |   100 |    ff |        1 | [    0.0,    0.0,  720.0, 1184.0] | [    2,   25,  698, 1167] |    -1 |     -1 |     N/A 
01-09 00:41:36.790 D/hwcomposer(  234): void android::intel::HwcLayerList::dump():  GLES | f88d9aa0 |     0 |     0 |  0 |   105 |    ff |        5 | [    0.0,    1.0,  720.0,   50.0] | [    0,    0,  720,   49] |    -1 |     -1 |     N/A 
01-09 00:41:36.790 D/hwcomposer(  234): void android::intel::HwcLayerList::dump():  GLES | f8945150 |     0 |     0 |  0 |   105 |    ff |        5 | [    0.0,    0.0,  720.0,   96.0] | [    0, 1184,  720, 1280] |    -1 |     -1 |     N/A 
01-09 00:41:36.790 D/hwcomposer(  234): void android::intel::HwcLayerList::dump():   FBT | f89118e0 |     0 |     0 |  0 |   105 |    ff |        5 | [    0.0,    0.0,  720.0, 1280.0] | [    0,    0,  720, 1280] |     0 |      0 | PRIMARY 
01-09 00:41:36.810 D/hwcomposer(  234): void android::intel::HwcLayerList::dump():  numHwLayers = 6, flags = 00000001
01-09 00:41:36.810 D/hwcomposer(  234): void android::intel::HwcLayerList::dump():  type |  handle  | hints | flags | tr | blend | alpha |  format  |           source crop             |            frame          | index | zorder |  plane  
01-09 00:41:36.810 D/hwcomposer(  234): void android::intel::HwcLayerList::dump(): ------+----------+-------+-------+----+-------+-------+----------+-----------------------------------+---------------------------+-------+--------+---------
01-09 00:41:36.810 D/hwcomposer(  234): void android::intel::HwcLayerList::dump():  GLES | f88e5150 |     0 |     0 |  0 |   100 |    ff |      1ff | [  120.0,    0.0,  840.0, 1184.0] | [    0,    0,  720, 1184] |    -1 |     -1 |     N/A 
01-09 00:41:36.810 D/hwcomposer(  234): void android::intel::HwcLayerList::dump():  GLES | f88f4e80 |     0 |     0 |  0 |   105 |    ff |        5 | [    0.0,   50.0,  720.0, 1184.0] | [    0,   50,  720, 1184] |    -1 |     -1 |     N/A 
01-09 00:41:36.810 D/hwcomposer(  234): void android::intel::HwcLayerList::dump():  GLES | f88ee490 |     0 |     0 |  0 |   100 |    ff |        1 | [    0.0,    0.0,  720.0, 1184.0] | [    1,   12,  709, 1176] |    -1 |     -1 |     N/A 
01-09 00:41:36.810 D/hwcomposer(  234): void android::intel::HwcLayerList::dump():  GLES | f88d9aa0 |     0 |     0 |  0 |   105 |    ff |        5 | [    0.0,    2.0,  720.0,   50.0] | [    0,    0,  720,   48] |    -1 |     -1 |     N/A 
01-09 00:41:36.810 D/hwcomposer(  234): void android::intel::HwcLayerList::dump():  GLES | f8945150 |     0 |     0 |  0 |   105 |    ff |        5 | [    0.0,    0.0,  720.0,   96.0] | [    0, 1184,  720, 1280] |    -1 |     -1 |     N/A 
01-09 00:41:36.810 D/hwcomposer(  234): void android::intel::HwcLayerList::dump():   FBT | f88d48e8 |     0 |     0 |  0 |   105 |    ff |        5 | [    0.0,    0.0,  720.0, 1280.0] | [    0,    0,  720, 1280] |     0 |      0 | PRIMARY 
01-09 00:41:36.810 D/CameraStorage( 1982): External storage state=mounted
01-09 00:41:36.830 D/hwcomposer(  234): void android::intel::HwcLayerList::dump():  numHwLayers = 6, flags = 00000001
01-09 00:41:36.830 D/hwcomposer(  234): void android::intel::HwcLayerList::dump():  type |  handle  | hints | flags | tr | blend | alpha |  format  |           source crop             |            frame          | index | zorder |  plane  
01-09 00:41:36.830 D/hwcomposer(  234): void android::intel::HwcLayerList::dump(): ------+----------+-------+-------+----+-------+-------+----------+-----------------------------------+---------------------------+-------+--------+---------
01-09 00:41:36.830 D/hwcomposer(  234): void android::intel::HwcLayerList::dump():  GLES | f88e5150 |     0 |     0 |  0 |   100 |    ff |      1ff | [  120.0,    0.0,  840.0, 1184.0] | [    0,    0,  720, 1184] |    -1 |     -1 |     N/A 
01-09 00:41:36.830 D/hwcomposer(  234): void android::intel::HwcLayerList::dump():  GLES | f88f4e80 |     0 |     0 |  0 |   105 |    ff |        5 | [    0.0,   50.0,  720.0, 1184.0] | [    0,   50,  720, 1184] |    -1 |     -1 |     N/A 
01-09 00:41:36.830 D/hwcomposer(  234): void android::intel::HwcLayerList::dump():  GLES | f88ee490 |     0 |     0 |  0 |   100 |    ff |        1 | [    0.0,    0.0,  720.0, 1184.0] | [    0,    5,  715, 1180] |    -1 |     -1 |     N/A 
