01-09 00:41:42.570 D/hwcomposer(  234): void android::intel::HwcLayerList::dump():  type |  handle  | hints | flags | tr | blend | alpha |  format  |           source crop             |            frame          | index | zorder |  plane  
01-09 00:41:42.570 V/InputMethodManagerService(  650): Enabling: SessionState{uid 10014 pid 1039 method 2eb82308 session 2ed2f4f8 channel ClientState{2ed1e990 uid 10014 pid 1039} (server)}
01-09 00:41:42.580 D/hwcomposer(  234): void android::intel::HwcLayerList::dump(): ------+----------+-------+-------+----+-------+-------+----------+-----------------------------------+---------------------------+-------+--------+---------
01-09 00:41:42.580 D/hwcomposer(  234): void android::intel::HwcLayerList::dump():   HWC | f88f4e80 |     2 |     0 |  0 |   100 |    ff |        5 | [    0.0,    0.0,  720.0, 1184.0] | [    0,    0,  720, 1184] |     0 |      0 | PRIMARY 
01-09 00:41:42.580 D/hwcomposer(  234): void android::intel::HwcLayerList::dump():   HWC | f893fc30 |     2 |     0 |  0 |   105 |    ff |        5 | [    0.0,    0.0,  720.0,   96.0] | [    0, 1184,  720, 1280] |     0 |      1 |  SPRITE 
01-09 00:41:42.580 D/hwcomposer(  234): void android::intel::HwcLayerList::dump():   FBT | f88d48e8 |     0 |     0 |  0 |   105 |    ff |        5 | [    0.0,    0.0,  720.0, 1280.0] | [    0,    0,  720, 1280] |    -1 |     -1 |     N/A 
01-09 00:41:42.590 D/hwcomposer(  234): void android::intel::HwcLayerList::dump():  numHwLayers = 3, flags = 00000001
01-09 00:41:42.590 D/hwcomposer(  234): void android::intel::HwcLayerList::dump():  type |  handle  | hints | flags | tr | blend | alpha |  format  |           source crop             |            frame          | index | zorder |  plane  
01-09 00:41:42.590 D/hwcomposer(  234): void android::intel::HwcLayerList::dump(): ------+----------+-------+-------+----+-------+-------+----------+-----------------------------------+---------------------------+-------+--------+---------
01-09 00:41:42.590 D/hwcomposer(  234): void android::intel::HwcLayerList::dump():   HWC | f88d5fe8 |     2 |     0 |  0 |   100 |    ff |        5 | [    0.0,    0.0,  720.0, 1184.0] | [    0,    0,  720, 1184] |     0 |      0 | PRIMARY 
01-09 00:41:42.590 D/hwcomposer(  234): void android::intel::HwcLayerList::dump():   HWC | f88eabf8 |     2 |     0 |  0 |   105 |    ff |        5 | [    0.0,    0.0,  720.0,   96.0] | [    0, 1184,  720, 1280] |     0 |      1 |  SPRITE 
01-09 00:41:42.590 D/hwcomposer(  234): void android::intel::HwcLayerList::dump():   FBT | f88d48e8 |     0 |     0 |  0 |   105 |    ff |        5 | [    0.0,    0.0,  720.0, 1280.0] | [    0,    0,  720, 1280] |    -1 |     -1 |     N/A 
01-09 00:41:42.600 D/RenderScript( 1039): The debug.rs.dev.scripts property forces scripts on GPU
01-09 00:41:42.600 D/RenderScript( 1039): The debug.rs.dev.intrinsics property forces intrinsics on GPU
01-09 00:41:42.600 V/RenderScript( 1039): Application requested CPU execution
01-09 00:41:42.600 V/RenderScript( 1039): 0x70db9050 Launching thread(s), CPUs 4
01-09 00:41:42.610 D/hwcomposer(  234): void android::intel::HwcLayerList::dump():  numHwLayers = 3, flags = 00000001
01-09 00:41:42.610 D/hwcomposer(  234): void android::intel::HwcLayerList::dump():  type |  handle  | hints | flags | tr | blend | alpha |  format  |           source crop             |            frame          | index | zorder |  plane  
01-09 00:41:42.610 D/hwcomposer(  234): void android::intel::HwcLayerList::dump(): ------+----------+-------+-------+----+-------+-------+----------+-----------------------------------+---------------------------+-------+--------+---------
01-09 00:41:42.610 D/hwcomposer(  234): void android::intel::HwcLayerList::dump():   HWC | f88d5fe8 |     2 |     0 |  0 |   100 |    ff |        5 | [    0.0,    0.0,  720.0, 1184.0] | [    0,    0,  720, 1184] |     0 |      0 | PRIMARY 
01-09 00:41:42.610 D/hwcomposer(  234): void android::intel::HwcLayerList::dump():   HWC | f8945150 |     2 |     0 |  0 |   105 |    ff |        5 | [    0.0,    0.0,  720.0,   96.0] | [    0, 1184,  720, 1280] |     0 |      1 |  SPRITE 
01-09 00:41:42.610 D/hwcomposer(  234): void android::intel::HwcLayerList::dump():   FBT | f88d48e8 |     0 |     0 |  0 |   105 |    ff |        5 | [    0.0,    0.0,  720.0, 1280.0] | [    0,    0,  720, 1280] |    -1 |     -1 |     N/A 
01-09 00:41:42.610 D/RenderScript( 1039): Load RS driver 'libRSDriver.so' successfully.
01-09 00:41:42.650 D/hwcomposer(  234): void android::intel::HwcLayerList::dump():  numHwLayers = 3, flags = 00000001
01-09 00:41:42.650 D/hwcomposer(  234): void android::intel::HwcLayerList::dump():  type |  handle  | hints | flags | tr | blend | alpha |  format  |           source crop             |            frame          | index | zorder |  plane  
01-09 00:41:42.650 D/hwcomposer(  234): void android::intel::HwcLayerList::dump(): ------+----------+-------+-------+----+-------+-------+----------+-----------------------------------+---------------------------+-------+--------+---------
01-09 00:41:42.650 D/hwcomposer(  234): void android::intel::HwcLayerList::dump():   HWC | f88d5fe8 |     2 |     0 |  0 |   100 |    ff |        5 | [    0.0,    0.0,  720.0, 1184.0] | [    0,    0,  720, 1184] |     0 |      0 | PRIMARY 
01-09 00:41:42.650 D/hwcomposer(  234): void android::intel::HwcLayerList::dump():   HWC | f893fc30 |     2 |     0 |  0 |   105 |    ff |        5 | [    0.0,    0.0,  720.0,   96.0] | [    0, 1184,  720, 1280] |     0 |      1 |  SPRITE 
01-09 00:41:42.650 D/hwcomposer(  234): void android::intel::HwcLayerList::dump():   FBT | f88d48e8 |     0 |     0 |  0 |   105 |    ff |        5 | [    0.0,    0.0,  720.0, 1280.0] | [    0,    0,  720, 1280] |    -1 |     -1 |     N/A 
01-09 00:41:42.660 D/hwcomposer(  234): void android::intel::HwcLayerList::dump():  numHwLayers = 3, flags = 00000001
01-09 00:41:42.660 D/hwcomposer(  234): void android::intel::HwcLayerList::dump():  type |  handle  | hints | flags | tr | blend | alpha |  format  |           source crop             |            frame          | index | zorder |  plane  
01-09 00:41:42.660 D/hwcomposer(  234): void android::intel::HwcLayerList::dump(): ------+----------+-------+-------+----+-------+-------+----------+-----------------------------------+---------------------------+-------+--------+---------
01-09 00:41:42.660 D/hwcomposer(  234): void android::intel::HwcLayerList::dump():   HWC | f88d5fe8 |     2 |     0 |  0 |   100 |    ff |        5 | [    0.0,    0.0,  720.0, 1184.0] | [    0,    0,  720, 1184] |     0 |      0 | PRIMARY 
01-09 00:41:42.660 D/hwcomposer(  234): void android::intel::HwcLayerList::dump():   HWC | f88eabf8 |     2 |     0 |  0 |   105 |    ff |        5 | [    0.0,    0.0,  720.0,   96.0] | [    0, 1184,  720, 1280] |     0 |      1 |  SPRITE 
01-09 00:41:42.660 D/hwcomposer(  234): void android::intel::HwcLayerList::dump():   FBT | f88d48e8 |     0 |     0 |  0 |   105 |    ff |        5 | [    0.0,    0.0,  720.0, 1280.0] | [    0,    0,  720, 1280] |    -1 |     -1 |     N/A 
01-09 00:41:42.660 D/hwcomposer(  234): void android::intel::HwcLayerList::dump():  numHwLayers = 3, flags = 00000001
01-09 00:41:42.660 D/hwcomposer(  234): void android::intel::HwcLayerList::dump():  type |  handle  | hints | flags | tr | blend | alpha |  format  |           source crop             |            frame          | index | zorder |  plane  
01-09 00:41:42.660 D/hwcomposer(  234): void android::intel::HwcLayerList::dump(): ------+----------+-------+-------+----+-------+-------+----------+-----------------------------------+---------------------------+-------+--------+---------
01-09 00:41:42.660 D/hwcomposer(  234): void android::intel::HwcLayerList::dump():   HWC | f88d5fe8 |     2 |     0 |  0 |   100 |    ff |        5 | [    0.0,    0.0,  720.0, 1184.0] | [    0,    0,  720, 1184] |     0 |      0 | PRIMARY 
01-09 00:41:42.660 D/hwcomposer(  234): void android::intel::HwcLayerList::dump():   HWC | f8945150 |     2 |     0 |  0 |   105 |    ff |        5 | [    0.0,    0.0,  720.0,   96.0] | [    0, 1184,  720, 1280] |     0 |      1 |  SPRITE 
01-09 00:41:42.660 D/hwcomposer(  234): void android::intel::HwcLayerList::dump():   FBT | f88d48e8 |     0 |     0 |  0 |   105 |    ff |        5 | [    0.0,    0.0,  720.0, 1280.0] | [    0,    0,  720, 1280] |    -1 |     -1 |     N/A 
01-09 00:41:42.680 D/hwcomposer(  234): void android::intel::HwcLayerList::dump():  numHwLayers = 3, flags = 00000001
01-09 00:41:42.680 D/hwcomposer(  234): void android::intel::HwcLayerList::dump():  type |  handle  | hints | flags | tr | blend | alpha |  format  |           source crop             |            frame          | index | zorder |  plane  
01-09 00:41:42.680 D/hwcomposer(  234): void android::intel::HwcLayerList::dump(): ------+----------+-------+-------+----+-------+-------+----------+-----------------------------------+---------------------------+-------+--------+---------
01-09 00:41:42.680 D/hwcomposer(  234): void android::intel::HwcLayerList::dump():   HWC | f88d5fe8 |     2 |     0 |  0 |   100 |    ff |        5 | [    0.0,    0.0,  720.0, 1184.0] | [    0,    0,  720, 1184] |     0 |      0 | PRIMARY 
01-09 00:41:42.680 D/hwcomposer(  234): void android::intel::HwcLayerList::dump():   HWC | f893fc30 |     2 |     0 |  0 |   105 |    ff |        5 | [    0.0,    0.0,  720.0,   96.0] | [    0, 1184,  720, 1280] |     0 |      1 |  SPRITE 
01-09 00:41:42.680 D/hwcomposer(  234): void android::intel::HwcLayerList::dump():   FBT | f88d48e8 |     0 |     0 |  0 |   105 |    ff |        5 | [    0.0,    0.0,  720.0, 1280.0] | [    0,    0,  720, 1280] |    -1 |     -1 |     N/A 
01-09 00:41:42.690 I/WAKELOCK_RELEASE(  650): TIMESTAMP=66346730956736, TAG=ActivityManager-Launch, TYPE=PARTIAL_WAKE_LOCK             , COUNT=0, PID=650, UID=1000, FLAGS=
01-09 00:41:42.690 D/hwcomposer(  234): void android::intel::HwcLayerList::dump():  numHwLayers = 3, flags = 00000001
01-09 00:41:42.690 D/hwcomposer(  234): void android::intel::HwcLayerList::dump():  type |  handle  | hints | flags | tr | blend | alpha |  format  |           source crop             |            frame          | index | zorder |  plane  
01-09 00:41:42.690 D/hwcomposer(  234): void android::intel::HwcLayerList::dump(): ------+----------+-------+-------+----+-------+-------+----------+-----------------------------------+---------------------------+-------+--------+---------
01-09 00:41:42.690 D/hwcomposer(  234): void android::intel::HwcLayerList::dump():   HWC | f88d5fe8 |     2 |     0 |  0 |   100 |    ff |        5 | [    0.0,    0.0,  720.0, 1184.0] | [    0,    0,  720, 1184] |     0 |      0 | PRIMARY 
01-09 00:41:42.690 D/hwcomposer(  234): void android::intel::HwcLayerList::dump():   HWC | f88eabf8 |     2 |     0 |  0 |   105 |    ff |        5 | [    0.0,    0.0,  720.0,   96.0] | [    0, 1184,  720, 1280] |     0 |      1 |  SPRITE 
01-09 00:41:42.690 D/hwcomposer(  234): void android::intel::HwcLayerList::dump():   FBT | f88d48e8 |     0 |     0 |  0 |   105 |    ff |        5 | [    0.0,    0.0,  720.0, 1280.0] | [    0,    0,  720, 1280] |    -1 |     -1 |     N/A 
01-09 00:41:42.700 W/CAM_UI  ( 1982): SurfaceTexture destroyed
01-09 00:41:42.710 D/hwcomposer(  234): void android::intel::HwcLayerList::dump():  numHwLayers = 3, flags = 00000001
01-09 00:41:42.710 D/hwcomposer(  234): void android::intel::HwcLayerList::dump():  type |  handle  | hints | flags | tr | blend | alpha |  format  |           source crop             |            frame          | index | zorder |  plane  
01-09 00:41:42.710 D/hwcomposer(  234): void android::intel::HwcLayerList::dump(): ------+----------+-------+-------+----+-------+-------+----------+-----------------------------------+---------------------------+-------+--------+---------
01-09 00:41:42.710 D/hwcomposer(  234): void android::intel::HwcLayerList::dump():   HWC | f88d5fe8 |     2 |     0 |  0 |   100 |    ff |        5 | [    0.0,    0.0,  720.0, 1184.0] | [    0,    0,  720, 1184] |     0 |      0 | PRIMARY 
01-09 00:41:42.710 D/hwcomposer(  234): void android::intel::HwcLayerList::dump():   HWC | f8945150 |     2 |     0 |  0 |   105 |    ff |        5 | [    0.0,    0.0,  720.0,   96.0] | [    0, 1184,  720, 1280] |     0 |      1 |  SPRITE 
01-09 00:41:42.710 D/hwcomposer(  234): void android::intel::HwcLayerList::dump():   FBT | f88d48e8 |     0 |     0 |  0 |   105 |    ff |        5 | [    0.0,    0.0,  720.0, 1280.0] | [    0,    0,  720, 1280] |    -1 |     -1 |     N/A 
01-09 00:41:42.730 D/hwcomposer(  234): void android::intel::HwcLayerList::dump():  numHwLayers = 6, flags = 00000001
01-09 00:41:42.730 D/hwcomposer(  234): void android::intel::HwcLayerList::dump():  type |  handle  | hints | flags | tr | blend | alpha |  format  |           source crop             |            frame          | index | zorder |  plane  
01-09 00:41:42.730 D/hwcomposer(  234): void android::intel::HwcLayerList::dump(): ------+----------+-------+-------+----+-------+-------+----------+-----------------------------------+---------------------------+-------+--------+---------
01-09 00:41:42.730 D/hwcomposer(  234): void android::intel::HwcLayerList::dump():  GLES | f88e5150 |     0 |     0 |  0 |   100 |    ff |      1ff | [  120.0,    0.0,  840.0, 1184.0] | [    0,    0,  720, 1184] |    -1 |     -1 |     N/A 
01-09 00:41:42.730 D/hwcomposer(  234): void android::intel::HwcLayerList::dump():  GLES | f89296c0 |     0 |     0 |  0 |   105 |    ff |        5 | [    0.0,   50.0,  720.0, 1184.0] | [    0,   50,  720, 1184] |    -1 |     -1 |     N/A 
01-09 00:41:42.730 D/hwcomposer(  234): void android::intel::HwcLayerList::dump():  GLES | f88d5fe8 |     0 |     0 |  0 |   105 |    fa |        5 | [    0.0,    0.0,  720.0, 1184.0] | [   16,   26,  704, 1158] |    -1 |     -1 |     N/A 
01-09 00:41:42.730 D/hwcomposer(  234): void android::intel::HwcLayerList::dump():  GLES | f88ecce8 |     0 |     0 |  0 |   105 |    ff |        5 | [    0.0,   40.0,  720.0,   50.0] | [    0,    0,  720,   10] |    -1 |     -1 |     N/A 
01-09 00:41:42.730 D/hwcomposer(  234): void android::intel::HwcLayerList::dump():  GLES | f893fc30 |     0 |     0 |  0 |   105 |    ff |        5 | [    0.0,    0.0,  720.0,   96.0] | [    0, 1184,  720, 1280] |    -1 |     -1 |     N/A 
01-09 00:41:42.730 D/hwcomposer(  234): void android::intel::HwcLayerList::dump():   FBT | f88d48e8 |     0 |     0 |  0 |   105 |    ff |        5 | [    0.0,    0.0,  720.0, 1280.0] | [    0,    0,  720, 1280] |     0 |      0 | PRIMARY 
01-09 00:41:42.750 D/hwcomposer(  234): void android::intel::HwcLayerList::dump():  numHwLayers = 6, flags = 00000001
01-09 00:41:42.750 D/hwcomposer(  234): void android::intel::HwcLayerList::dump():  type |  handle  | hints | flags | tr | blend | alpha |  format  |           source crop             |            frame          | index | zorder |  plane  
01-09 00:41:42.750 D/hwcomposer(  234): void android::intel::HwcLayerList::dump(): ------+----------+-------+-------+----+-------+-------+----------+-----------------------------------+---------------------------+-------+--------+---------
01-09 00:41:42.750 D/hwcomposer(  234): void android::intel::HwcLayerList::dump():  GLES | f88e5150 |     0 |     0 |  0 |   100 |    ff |      1ff | [  120.0,    0.0,  840.0, 1184.0] | [    0,    0,  720, 1184] |    -1 |     -1 |     N/A 
01-09 00:41:42.750 D/hwcomposer(  234): void android::intel::HwcLayerList::dump():  GLES | f89296c0 |     0 |     0 |  0 |   105 |    ff |        5 | [    0.0,   50.0,  720.0, 1184.0] | [    0,   50,  720, 1184] |    -1 |     -1 |     N/A 
01-09 00:41:42.750 D/hwcomposer(  234): void android::intel::HwcLayerList::dump():  GLES | f88d5fe8 |     0 |     0 |  0 |   105 |    ec |        5 | [    0.0,    0.0,  720.0, 1184.0] | [   32,   53,  688, 1131] |    -1 |     -1 |     N/A 
01-09 00:41:42.750 D/hwcomposer(  234): void android::intel::HwcLayerList::dump():  GLES | f88ecce8 |     0 |     0 |  0 |   105 |    ff |        5 | [    0.0,   32.0,  720.0,   50.0] | [    0,    0,  720,   18] |    -1 |     -1 |     N/A 
01-09 00:41:42.750 D/hwcomposer(  234): void android::intel::HwcLayerList::dump():  GLES | f88eabf8 |     0 |     0 |  0 |   105 |    ff |        5 | [    0.0,    0.0,  720.0,   96.0] | [    0, 1184,  720, 1280] |    -1 |     -1 |     N/A 
01-09 00:41:42.750 D/hwcomposer(  234): void android::intel::HwcLayerList::dump():   FBT | f88d7bb8 |     0 |     0 |  0 |   105 |    ff |        5 | [    0.0,    0.0,  720.0, 1280.0] | [    0,    0,  720, 1280] |     0 |      0 | PRIMARY 
01-09 00:41:42.760 D/hwcomposer(  234): void android::intel::HwcLayerList::dump():  numHwLayers = 6, flags = 00000001
01-09 00:41:42.760 D/hwcomposer(  234): void android::intel::HwcLayerList::dump():  type |  handle  | hints | flags | tr | blend | alpha |  format  |           source crop             |            frame          | index | zorder |  plane  
01-09 00:41:42.760 D/hwcomposer(  234): void android::intel::HwcLayerList::dump(): ------+----------+-------+-------+----+-------+-------+----------+-----------------------------------+---------------------------+-------+--------+---------
01-09 00:41:42.760 D/hwcomposer(  234): void android::intel::HwcLayerList::dump():  GLES | f88e5150 |     0 |     0 |  0 |   100 |    ff |      1ff | [  120.0,    0.0,  840.0, 1184.0] | [    0,    0,  720, 1184] |    -1 |     -1 |     N/A 
01-09 00:41:42.760 D/hwcomposer(  234): void android::intel::HwcLayerList::dump():  GLES | f89296c0 |     0 |     0 |  0 |   105 |    ff |        5 | [    0.0,   50.0,  720.0, 1184.0] | [    0,   50,  720, 1184] |    -1 |     -1 |     N/A 
01-09 00:41:42.760 D/hwcomposer(  234): void android::intel::HwcLayerList::dump():  GLES | f88d5fe8 |     0 |     0 |  0 |   105 |    d7 |        5 | [    0.0,    0.0,  720.0, 1184.0] | [   46,   76,  674, 1108] |    -1 |     -1 |     N/A 
01-09 00:41:42.760 D/hwcomposer(  234): void android::intel::HwcLayerList::dump():  GLES | f88ecce8 |     0 |     0 |  0 |   105 |    ff |        5 | [    0.0,   25.0,  720.0,   50.0] | [    0,    0,  720,   25] |    -1 |     -1 |     N/A 
01-09 00:41:42.760 D/hwcomposer(  234): void android::intel::HwcLayerList::dump():  GLES | f88eabf8 |     0 |     0 |  0 |   105 |    ff |        5 | [    0.0,    0.0,  720.0,   96.0] | [    0, 1184,  720, 1280] |    -1 |     -1 |     N/A 
01-09 00:41:42.760 D/hwcomposer(  234): void android::intel::HwcLayerList::dump():   FBT | f89118e0 |     0 |     0 |  0 |   105 |    ff |        5 | [    0.0,    0.0,  720.0, 1280.0] | [    0,    0,  720, 1280] |     0 |      0 | PRIMARY 
01-09 00:41:42.780 D/hwcomposer(  234): void android::intel::HwcLayerList::dump():  numHwLayers = 6, flags = 00000001
01-09 00:41:42.780 D/hwcomposer(  234): void android::intel::HwcLayerList::dump():  type |  handle  | hints | flags | tr | blend | alpha |  format  |           source crop             |            frame          | index | zorder |  plane  
01-09 00:41:42.780 D/hwcomposer(  234): void android::intel::HwcLayerList::dump(): ------+----------+-------+-------+----+-------+-------+----------+-----------------------------------+---------------------------+-------+--------+---------
01-09 00:41:42.780 D/hwcomposer(  234): void android::intel::HwcLayerList::dump():  GLES | f88e5150 |     0 |     0 |  0 |   100 |    ff |      1ff | [  120.0,    0.0,  840.0, 1184.0] | [    0,    0,  720, 1184] |    -1 |     -1 |     N/A 
01-09 00:41:42.780 D/hwcomposer(  234): void android::intel::HwcLayerList::dump():  GLES | f89296c0 |     0 |     0 |  0 |   105 |    ff |        5 | [    0.0,   50.0,  720.0, 1184.0] | [    0,   50,  720, 1184] |    -1 |     -1 |     N/A 
01-09 00:41:42.780 D/hwcomposer(  234): void android::intel::HwcLayerList::dump():  GLES | f88d5fe8 |     0 |     0 |  0 |   105 |    b9 |        5 | [    0.0,    0.0,  720.0, 1184.0] | [   61,  100,  659, 1084] |    -1 |     -1 |     N/A 
01-09 00:41:42.780 D/hwcomposer(  234): void android::intel::HwcLayerList::dump():  GLES | f88ecce8 |     0 |     0 |  0 |   105 |    ff |        5 | [    0.0,   19.0,  720.0,   50.0] | [    0,    0,  720,   31] |    -1 |     -1 |     N/A 
01-09 00:41:42.780 D/hwcomposer(  234): void android::intel::HwcLayerList::dump():  GLES | f88eabf8 |     0 |     0 |  0 |   105 |    ff |        5 | [    0.0,    0.0,  720.0,   96.0] | [    0, 1184,  720, 1280] |    -1 |     -1 |     N/A 
01-09 00:41:42.780 D/hwcomposer(  234): void android::intel::HwcLayerList::dump():   FBT | f88d48e8 |     0 |     0 |  0 |   105 |    ff |        5 | [    0.0,    0.0,  720.0, 1280.0] | [    0,    0,  720, 1280] |     0 |      0 | PRIMARY 
01-09 00:41:42.790 D/dalvikvm( 1982): GC_CONCURRENT freed 13147K, 42% free 39170K/66408K, paused 1ms+3ms, total 25ms
01-09 00:41:42.800 D/hwcomposer(  234): void android::intel::HwcLayerList::dump():  numHwLayers = 6, flags = 00000001
01-09 00:41:42.800 D/hwcomposer(  234): void android::intel::HwcLayerList::dump():  type |  handle  | hints | flags | tr | blend | alpha |  format  |           source crop             |            frame          | index | zorder |  plane  
01-09 00:41:42.800 D/hwcomposer(  234): void android::intel::HwcLayerList::dump(): ------+----------+-------+-------+----+-------+-------+----------+-----------------------------------+---------------------------+-------+--------+---------
01-09 00:41:42.800 D/hwcomposer(  234): void android::intel::HwcLayerList::dump():  GLES | f88e5150 |     0 |     0 |  0 |   100 |    ff |      1ff | [  120.0,    0.0,  840.0, 1184.0] | [    0,    0,  720, 1184] |    -1 |     -1 |     N/A 
01-09 00:41:42.800 D/hwcomposer(  234): void android::intel::HwcLayerList::dump():  GLES | f89296c0 |     0 |     0 |  0 |   105 |    ff |        5 | [    0.0,   50.0,  720.0, 1184.0] | [    0,   50,  720, 1184] |    -1 |     -1 |     N/A 
01-09 00:41:42.800 D/hwcomposer(  234): void android::intel::HwcLayerList::dump():  GLES | f88d5fe8 |     0 |     0 |  0 |   105 |    95 |        5 | [    0.0,    0.0,  720.0, 1184.0] | [   75,  124,  645, 1060] |    -1 |     -1 |     N/A 
01-09 00:41:42.800 D/hwcomposer(  234): void android::intel::HwcLayerList::dump():  GLES | f88ecce8 |     0 |     0 |  0 |   105 |    ff |        5 | [    0.0,   13.0,  720.0,   50.0] | [    0,    0,  720,   37] |    -1 |     -1 |     N/A 
01-09 00:41:42.800 D/hwcomposer(  234): void android::intel::HwcLayerList::dump():  GLES | f88eabf8 |     0 |     0 |  0 |   105 |    ff |        5 | [    0.0,    0.0,  720.0,   96.0] | [    0, 1184,  720, 1280] |    -1 |     -1 |     N/A 
01-09 00:41:42.800 D/hwcomposer(  234): void android::intel::HwcLayerList::dump():   FBT | f88d7bb8 |     0 |     0 |  0 |   105 |    ff |        5 | [    0.0,    0.0,  720.0, 1280.0] | [    0,    0,  720, 1280] |     0 |      0 | PRIMARY 
01-09 00:41:42.820 D/hwcomposer(  234): void android::intel::HwcLayerList::dump():  numHwLayers = 6, flags = 00000001
01-09 00:41:42.820 D/hwcomposer(  234): void android::intel::HwcLayerList::dump():  type |  handle  | hints | flags | tr | blend | alpha |  format  |           source crop             |            frame          | index | zorder |  plane  
01-09 00:41:42.820 D/hwcomposer(  234): void android::intel::HwcLayerList::dump(): ------+----------+-------+-------+----+-------+-------+----------+-----------------------------------+---------------------------+-------+--------+---------
01-09 00:41:42.820 D/hwcomposer(  234): void android::intel::HwcLayerList::dump():  GLES | f88e5150 |     0 |     0 |  0 |   100 |    ff |      1ff | [  120.0,    0.0,  840.0, 1184.0] | [    0,    0,  720, 1184] |    -1 |     -1 |     N/A 
01-09 00:41:42.820 D/hwcomposer(  234): void android::intel::HwcLayerList::dump():  GLES | f89296c0 |     0 |     0 |  0 |   105 |    ff |        5 | [    0.0,   50.0,  720.0, 1184.0] | [    0,   50,  720, 1184] |    -1 |     -1 |     N/A 
01-09 00:41:42.820 D/hwcomposer(  234): void android::intel::HwcLayerList::dump():  GLES | f88d5fe8 |     0 |     0 |  0 |   105 |    72 |        5 | [    0.0,    0.0,  720.0, 1184.0] | [   88,  145,  632, 1039] |    -1 |     -1 |     N/A 
01-09 00:41:42.820 D/hwcomposer(  234): void android::intel::HwcLayerList::dump():  GLES | f88ecce8 |     0 |     0 |  0 |   105 |    ff |        5 | [    0.0,    9.0,  720.0,   50.0] | [    0,    0,  720,   41] |    -1 |     -1 |     N/A 
01-09 00:41:42.820 D/hwcomposer(  234): void android::intel::HwcLayerList::dump():  GLES | f88eabf8 |     0 |     0 |  0 |   105 |    ff |        5 | [    0.0,    0.0,  720.0,   96.0] | [    0, 1184,  720, 1280] |    -1 |     -1 |     N/A 
01-09 00:41:42.820 D/hwcomposer(  234): void android::intel::HwcLayerList::dump():   FBT | f89118e0 |     0 |     0 |  0 |   105 |    ff |        5 | [    0.0,    0.0,  720.0, 1280.0] | [    0,    0,  720, 1280] |     0 |      0 | PRIMARY 
01-09 00:41:42.830 D/hwcomposer(  234): void android::intel::HwcLayerList::dump():  numHwLayers = 6, flags = 00000001
01-09 00:41:42.830 D/hwcomposer(  234): void android::intel::HwcLayerList::dump():  type |  handle  | hints | flags | tr | blend | alpha |  format  |           source crop             |            frame          | index | zorder |  plane  
01-09 00:41:42.830 D/hwcomposer(  234): void android::intel::HwcLayerList::dump(): ------+----------+-------+-------+----+-------+-------+----------+-----------------------------------+---------------------------+-------+--------+---------
01-09 00:41:42.830 D/hwcomposer(  234): void android::intel::HwcLayerList::dump():  GLES | f88e5150 |     0 |     0 |  0 |   100 |    ff |      1ff | [  120.0,    0.0,  840.0, 1184.0] | [    0,    0,  720, 1184] |    -1 |     -1 |     N/A 
01-09 00:41:42.830 D/hwcomposer(  234): void android::intel::HwcLayerList::dump():  GLES | f89296c0 |     0 |     0 |  0 |   105 |    ff |        5 | [    0.0,   50.0,  720.0, 1184.0] | [    0,   50,  720, 1184] |    -1 |     -1 |     N/A 
01-09 00:41:42.830 D/hwcomposer(  234): void android::intel::HwcLayerList::dump():  GLES | f88d5fe8 |     0 |     0 |  0 |   105 |    56 |        5 | [    0.0,    0.0,  720.0, 1184.0] | [   97,  160,  623, 1024] |    -1 |     -1 |     N/A 
01-09 00:41:42.830 D/hwcomposer(  234): void android::intel::HwcLayerList::dump():  GLES | f88ecce8 |     0 |     0 |  0 |   105 |    ff |        5 | [    0.0,    7.0,  720.0,   50.0] | [    0,    0,  720,   43] |    -1 |     -1 |     N/A 
01-09 00:41:42.830 D/hwcomposer(  234): void android::intel::HwcLayerList::dump():  GLES | f88eabf8 |     0 |     0 |  0 |   105 |    ff |        5 | [    0.0,    0.0,  720.0,   96.0] | [    0, 1184,  720, 1280] |    -1 |     -1 |     N/A 
01-09 00:41:42.830 D/hwcomposer(  234): void android::intel::HwcLayerList::dump():   FBT | f88d48e8 |     0 |     0 |  0 |   105 |    ff |        5 | [    0.0,    0.0,  720.0, 1280.0] | [    0,    0,  720, 1280] |     0 |      0 | PRIMARY 
01-09 00:41:42.850 I/dispmgr (  242): waiting for message from kernel.
01-09 00:41:42.850 I/dispmgr (  242): message from kernel received.
01-09 00:41:42.850 I/dispmgr (  242): DpstAlgorithm_DPST4_5 
01-09 00:41:42.850 I/dispmgr (  242): DpstAlgorithm_DPST4_5 level is 3
01-09 00:41:42.850 D/hwcomposer(  234): void android::intel::HwcLayerList::dump():  numHwLayers = 6, flags = 00000001
01-09 00:41:42.850 D/hwcomposer(  234): void android::intel::HwcLayerList::dump():  type |  handle  | hints | flags | tr | blend | alpha |  format  |           source crop             |            frame          | index | zorder |  plane  
01-09 00:41:42.850 D/hwcomposer(  234): void android::intel::HwcLayerList::dump(): ------+----------+-------+-------+----+-------+-------+----------+-----------------------------------+---------------------------+-------+--------+---------
01-09 00:41:42.850 D/hwcomposer(  234): void android::intel::HwcLayerList::dump():  GLES | f88e5150 |     0 |     0 |  0 |   100 |    ff |      1ff | [  120.0,    0.0,  840.0, 1184.0] | [    0,    0,  720, 1184] |    -1 |     -1 |     N/A 
01-09 00:41:42.850 D/hwcomposer(  234): void android::intel::HwcLayerList::dump():  GLES | f89296c0 |     0 |     0 |  0 |   105 |    ff |        5 | [    0.0,   50.0,  720.0, 1184.0] | [    0,   50,  720, 1184] |    -1 |     -1 |     N/A 
01-09 00:41:42.850 D/hwcomposer(  234): void android::intel::HwcLayerList::dump():  GLES | f88d5fe8 |     0 |     0 |  0 |   105 |    36 |        5 | [    0.0,    0.0,  720.0, 1184.0] | [  109,  179,  611, 1005] |    -1 |     -1 |     N/A 
01-09 00:41:42.850 D/hwcomposer(  234): void android::intel::HwcLayerList::dump():  GLES | f88ecce8 |     0 |     0 |  0 |   105 |    ff |        5 | [    0.0,    4.0,  720.0,   50.0] | [    0,    0,  720,   46] |    -1 |     -1 |     N/A 
01-09 00:41:42.850 D/hwcomposer(  234): void android::intel::HwcLayerList::dump():  GLES | f88eabf8 |     0 |     0 |  0 |   105 |    ff |        5 | [    0.0,    0.0,  720.0,   96.0] | [    0, 1184,  720, 1280] |    -1 |     -1 |     N/A 
01-09 00:41:42.850 D/hwcomposer(  234): void android::intel::HwcLayerList::dump():   FBT | f88d7bb8 |     0 |     0 |  0 |   105 |    ff |        5 | [    0.0,    0.0,  720.0, 1280.0] | [    0,    0,  720, 1280] |     0 |      0 | PRIMARY 
01-09 00:41:42.870 D/hwcomposer(  234): void android::intel::HwcLayerList::dump():  numHwLayers = 6, flags = 00000001
01-09 00:41:42.870 D/hwcomposer(  234): void android::intel::HwcLayerList::dump():  type |  handle  | hints | flags | tr | blend | alpha |  format  |           source crop             |            frame          | index | zorder |  plane  
01-09 00:41:42.870 D/hwcomposer(  234): void android::intel::HwcLayerList::dump(): ------+----------+-------+-------+----+-------+-------+----------+-----------------------------------+---------------------------+-------+--------+---------
01-09 00:41:42.870 D/hwcomposer(  234): void android::intel::HwcLayerList::dump():  GLES | f88e5150 |     0 |     0 |  0 |   100 |    ff |      1ff | [  120.0,    0.0,  840.0, 1184.0] | [    0,    0,  720, 1184] |    -1 |     -1 |     N/A 
01-09 00:41:42.870 D/hwcomposer(  234): void android::intel::HwcLayerList::dump():  GLES | f89296c0 |     0 |     0 |  0 |   105 |    ff |        5 | [    0.0,   50.0,  720.0, 1184.0] | [    0,   50,  720, 1184] |    -1 |     -1 |     N/A 
01-09 00:41:42.870 D/hwcomposer(  234): void android::intel::HwcLayerList::dump():  GLES | f88d5fe8 |     0 |     0 |  0 |   105 |    1d |        5 | [    1.0,    0.0,  719.0, 1184.0] | [  119,  195,  601,  989] |    -1 |     -1 |     N/A 
01-09 00:41:42.870 D/hwcomposer(  234): void android::intel::HwcLayerList::dump():  GLES | f88ecce8 |     0 |     0 |  0 |   105 |    ff |        5 | [    0.0,    3.0,  720.0,   50.0] | [    0,    0,  720,   47] |    -1 |     -1 |     N/A 
01-09 00:41:42.870 D/hwcomposer(  234): void android::intel::HwcLayerList::dump():  GLES | f88eabf8 |     0 |     0 |  0 |   105 |    ff |        5 | [    0.0,    0.0,  720.0,   96.0] | [    0, 1184,  720, 1280] |    -1 |     -1 |     N/A 
01-09 00:41:42.870 D/hwcomposer(  234): void android::intel::HwcLayerList::dump():   FBT | f89118e0 |     0 |     0 |  0 |   105 |    ff |        5 | [    0.0,    0.0,  720.0, 1280.0] | [    0,    0,  720, 1280] |     0 |      0 | PRIMARY 
01-09 00:41:42.890 D/hwcomposer(  234): void android::intel::HwcLayerList::dump():  numHwLayers = 6, flags = 00000001
01-09 00:41:42.890 D/hwcomposer(  234): void android::intel::HwcLayerList::dump():  type |  handle  | hints | flags | tr | blend | alpha |  format  |           source crop             |            frame          | index | zorder |  plane  
01-09 00:41:42.890 D/hwcomposer(  234): void android::intel::HwcLayerList::dump(): ------+----------+-------+-------+----+-------+-------+----------+-----------------------------------+---------------------------+-------+--------+---------
01-09 00:41:42.890 D/hwcomposer(  234): void android::intel::HwcLayerList::dump():  GLES | f88e5150 |     0 |     0 |  0 |   100 |    ff |      1ff | [  120.0,    0.0,  840.0, 1184.0] | [    0,    0,  720, 1184] |    -1 |     -1 |     N/A 
01-09 00:41:42.890 D/hwcomposer(  234): void android::intel::HwcLayerList::dump():  GLES | f89296c0 |     0 |     0 |  0 |   105 |    ff |        5 | [    0.0,   50.0,  720.0, 1184.0] | [    0,   50,  720, 1184] |    -1 |     -1 |     N/A 
01-09 00:41:42.890 D/hwcomposer(  234): void android::intel::HwcLayerList::dump():  GLES | f88d5fe8 |     0 |     0 |  0 |   105 |     a |        5 | [    0.0,    0.0,  720.0, 1184.0] | [  128,  211,  592,  973] |    -1 |     -1 |     N/A 
01-09 00:41:42.890 D/hwcomposer(  234): void android::intel::HwcLayerList::dump():  GLES | f88ecce8 |     0 |     0 |  0 |   105 |    ff |        5 | [    0.0,    1.0,  720.0,   50.0] | [    0,    0,  720,   49] |    -1 |     -1 |     N/A 
01-09 00:41:42.890 D/hwcomposer(  234): void android::intel::HwcLayerList::dump():  GLES | f88eabf8 |     0 |     0 |  0 |   105 |    ff |        5 | [    0.0,    0.0,  720.0,   96.0] | [    0, 1184,  720, 1280] |    -1 |     -1 |     N/A 
01-09 00:41:42.890 D/hwcomposer(  234): void android::intel::HwcLayerList::dump():   FBT | f88d48e8 |     0 |     0 |  0 |   105 |    ff |        5 | [    0.0,    0.0,  720.0, 1280.0] | [    0,    0,  720, 1280] |     0 |      0 | PRIMARY 
01-09 00:41:42.900 D/hwcomposer(  234): void android::intel::HwcLayerList::dump():  numHwLayers = 6, flags = 00000001
01-09 00:41:42.900 D/hwcomposer(  234): void android::intel::HwcLayerList::dump():  type |  handle  | hints | flags | tr | blend | alpha |  format  |           source crop             |            frame          | index | zorder |  plane  
01-09 00:41:42.900 D/hwcomposer(  234): void android::intel::HwcLayerList::dump(): ------+----------+-------+-------+----+-------+-------+----------+-----------------------------------+---------------------------+-------+--------+---------
01-09 00:41:42.900 D/hwcomposer(  234): void android::intel::HwcLayerList::dump():  GLES | f88e5150 |     0 |     0 |  0 |   100 |    ff |      1ff | [  120.0,    0.0,  840.0, 1184.0] | [    0,    0,  720, 1184] |    -1 |     -1 |     N/A 
01-09 00:41:42.900 D/hwcomposer(  234): void android::intel::HwcLayerList::dump():  GLES | f89296c0 |     0 |     0 |  0 |   105 |    ff |        5 | [    0.0,   50.0,  720.0, 1184.0] | [    0,   50,  720, 1184] |    -1 |     -1 |     N/A 
01-09 00:41:42.900 D/hwcomposer(  234): void android::intel::HwcLayerList::dump():  GLES | f88d5fe8 |     0 |     0 |  0 |   105 |     1 |        5 | [    1.0,    0.0,  719.0, 1184.0] | [  137,  225,  583,  959] |    -1 |     -1 |     N/A 
01-09 00:41:42.900 D/hwcomposer(  234): void android::intel::HwcLayerList::dump():  GLES | f88ecce8 |     0 |     0 |  0 |   105 |    ff |        5 | [    0.0,    1.0,  720.0,   50.0] | [    0,    0,  720,   49] |    -1 |     -1 |     N/A 
01-09 00:41:42.900 D/hwcomposer(  234): void android::intel::HwcLayerList::dump():  GLES | f88eabf8 |     0 |     0 |  0 |   105 |    ff |        5 | [    0.0,    0.0,  720.0,   96.0] | [    0, 1184,  720, 1280] |    -1 |     -1 |     N/A 
01-09 00:41:42.900 D/hwcomposer(  234): void android::intel::HwcLayerList::dump():   FBT | f88d7bb8 |     0 |     0 |  0 |   105 |    ff |        5 | [    0.0,    0.0,  720.0, 1280.0] | [    0,    0,  720, 1280] |     0 |      0 | PRIMARY 
01-09 00:41:42.920 D/hwcomposer(  234): void android::intel::HwcLayerList::dump():  numHwLayers = 5, flags = 00000001
01-09 00:41:42.920 D/hwcomposer(  234): void android::intel::HwcLayerList::dump():  type |  handle  | hints | flags | tr | blend | alpha |  format  |           source crop             |            frame          | index | zorder |  plane  
01-09 00:41:42.920 D/hwcomposer(  234): void android::intel::HwcLayerList::dump(): ------+----------+-------+-------+----+-------+-------+----------+-----------------------------------+---------------------------+-------+--------+---------
01-09 00:41:42.920 D/hwcomposer(  234): void android::intel::HwcLayerList::dump():   HWC | f88e5150 |     2 |     0 |  0 |   100 |    ff |      1ff | [  120.0,    0.0,  840.0, 1184.0] | [    0,    0,  720, 1184] |     0 |      0 | PRIMARY 
01-09 00:41:42.920 D/hwcomposer(  234): void android::intel::HwcLayerList::dump():   HWC | f89296c0 |     2 |     0 |  0 |   105 |    ff |        5 | [    0.0,   50.0,  720.0, 1184.0] | [    0,   50,  720, 1184] |     0 |      1 |  SPRITE 
01-09 00:41:42.920 D/hwcomposer(  234): void android::intel::HwcLayerList::dump():   HWC | f88ecce8 |     2 |     0 |  0 |   105 |    ff |        5 | [    0.0,    0.0,  720.0,   50.0] | [    0,    0,  720,   50] |     1 |      2 |  SPRITE 
01-09 00:41:42.920 D/hwcomposer(  234): void android::intel::HwcLayerList::dump():   HWC | f88eabf8 |     2 |     0 |  0 |   105 |    ff |        5 | [    0.0,    0.0,  720.0,   96.0] | [    0, 1184,  720, 1280] |     2 |      3 |  SPRITE 
01-09 00:41:42.920 D/hwcomposer(  234): void android::intel::HwcLayerList::dump():   FBT | f89118e0 |     0 |     0 |  0 |   105 |    ff |        5 | [    0.0,    0.0,  720.0, 1280.0] | [    0,    0,  720, 1280] |    -1 |     -1 |     N/A 
01-09 00:41:42.930 I/dispmgr (  242): waiting for message from kernel.
01-09 00:41:42.930 I/dispmgr (  242): message from kernel received.
01-09 00:41:42.930 I/dispmgr (  242): DpstAlgorithm_DPST4_5 
01-09 00:41:42.930 I/dispmgr (  242): DpstAlgorithm_DPST4_5 level is 3
01-09 00:41:42.940 D/hwcomposer(  234): void android::intel::HwcLayerList::dump():  numHwLayers = 5, flags = 00000001
01-09 00:41:42.940 D/hwcomposer(  234): void android::intel::HwcLayerList::dump():  type |  handle  | hints | flags | tr | blend | alpha |  format  |           source crop             |            frame          | index | zorder |  plane  
01-09 00:41:42.940 D/hwcomposer(  234): void android::intel::HwcLayerList::dump(): ------+----------+-------+-------+----+-------+-------+----------+-----------------------------------+---------------------------+-------+--------+---------
01-09 00:41:42.940 D/hwcomposer(  234): void android::intel::HwcLayerList::dump():   HWC | f88e5150 |     2 |     0 |  0 |   100 |    ff |      1ff | [  120.0,    0.0,  840.0, 1184.0] | [    0,    0,  720, 1184] |     0 |      0 | PRIMARY 
01-09 00:41:42.940 D/hwcomposer(  234): void android::intel::HwcLayerList::dump():   HWC | f89296c0 |     2 |     0 |  0 |   105 |    ff |        5 | [    0.0,   50.0,  720.0, 1184.0] | [    0,   50,  720, 1184] |     0 |      1 |  SPRITE 
01-09 00:41:42.940 D/hwcomposer(  234): void android::intel::HwcLayerList::dump():   HWC | f88ecce8 |     2 |     0 |  0 |   105 |    ff |        5 | [    0.0,    0.0,  720.0,   50.0] | [    0,    0,  720,   50] |     1 |      2 |  SPRITE 
01-09 00:41:42.940 D/hwcomposer(  234): void android::intel::HwcLayerList::dump():   HWC | f88eabf8 |     2 |     0 |  0 |   105 |    ff |        5 | [    0.0,    0.0,  720.0,   96.0] | [    0, 1184,  720, 1280] |     2 |      3 |  SPRITE 
01-09 00:41:42.940 D/hwcomposer(  234): void android::intel::HwcLayerList::dump():   FBT | f89118e0 |     0 |     0 |  0 |   105 |    ff |        5 | [    0.0,    0.0,  720.0, 1280.0] | [    0,    0,  720, 1280] |    -1 |     -1 |     N/A 
01-09 00:41:42.960 D/hwcomposer(  234): void android::intel::HwcLayerList::dump():  numHwLayers = 5, flags = 00000001
01-09 00:41:42.960 D/hwcomposer(  234): void android::intel::HwcLayerList::dump():  type |  handle  | hints | flags | tr | blend | alpha |  format  |           source crop             |            frame          | index | zorder |  plane  
01-09 00:41:42.960 D/hwcomposer(  234): void android::intel::HwcLayerList::dump(): ------+----------+-------+-------+----+-------+-------+----------+-----------------------------------+---------------------------+-------+--------+---------
01-09 00:41:42.960 D/hwcomposer(  234): void android::intel::HwcLayerList::dump():   HWC | f88e5150 |     2 |     0 |  0 |   100 |    ff |      1ff | [  120.0,    0.0,  840.0, 1184.0] | [    0,    0,  720, 1184] |     0 |      0 | PRIMARY 
01-09 00:41:42.960 D/hwcomposer(  234): void android::intel::HwcLayerList::dump():   HWC | f89296c0 |     2 |     0 |  0 |   105 |    ff |        5 | [    0.0,   50.0,  720.0, 1184.0] | [    0,   50,  720, 1184] |     0 |      1 |  SPRITE 
01-09 00:41:42.960 D/hwcomposer(  234): void android::intel::HwcLayerList::dump():   HWC | f88ecce8 |     2 |     0 |  0 |   105 |    ff |        5 | [    0.0,    0.0,  720.0,   50.0] | [    0,    0,  720,   50] |     1 |      2 |  SPRITE 
01-09 00:41:42.960 D/hwcomposer(  234): void android::intel::HwcLayerList::dump():   HWC | f88eabf8 |     2 |     0 |  0 |   105 |    ff |        5 | [    0.0,    0.0,  720.0,   96.0] | [    0, 1184,  720, 1280] |     2 |      3 |  SPRITE 
01-09 00:41:42.960 D/hwcomposer(  234): void android::intel::HwcLayerList::dump():   FBT | f89118e0 |     0 |     0 |  0 |   105 |    ff |        5 | [    0.0,    0.0,  720.0, 1280.0] | [    0,    0,  720, 1280] |    -1 |     -1 |     N/A 
01-09 00:41:42.970 D/hwcomposer(  234): void android::intel::HwcLayerList::dump():  numHwLayers = 5, flags = 00000001
01-09 00:41:42.970 D/hwcomposer(  234): void android::intel::HwcLayerList::dump():  type |  handle  | hints | flags | tr | blend | alpha |  format  |           source crop             |            frame          | index | zorder |  plane  
01-09 00:41:42.970 D/hwcomposer(  234): void android::intel::HwcLayerList::dump(): ------+----------+-------+-------+----+-------+-------+----------+-----------------------------------+---------------------------+-------+--------+---------
01-09 00:41:42.970 D/hwcomposer(  234): void android::intel::HwcLayerList::dump():   HWC | f88e5150 |     2 |     0 |  0 |   100 |    ff |      1ff | [  120.0,    0.0,  840.0, 1184.0] | [    0,    0,  720, 1184] |     0 |      0 | PRIMARY 
01-09 00:41:42.970 D/hwcomposer(  234): void android::intel::HwcLayerList::dump():   HWC | f89296c0 |     2 |     0 |  0 |   105 |    ff |        5 | [    0.0,   50.0,  720.0, 1184.0] | [    0,   50,  720, 1184] |     0 |      1 |  SPRITE 
01-09 00:41:42.970 D/hwcomposer(  234): void android::intel::HwcLayerList::dump():   HWC | f88ecce8 |     2 |     0 |  0 |   105 |    ff |        5 | [    0.0,    0.0,  720.0,   50.0] | [    0,    0,  720,   50] |     1 |      2 |  SPRITE 
01-09 00:41:42.970 D/hwcomposer(  234): void android::intel::HwcLayerList::dump():   HWC | f88eabf8 |     2 |     0 |  0 |   105 |    ff |        5 | [    0.0,    0.0,  720.0,   96.0] | [    0, 1184,  720, 1280] |     2 |      3 |  SPRITE 
01-09 00:41:42.970 D/hwcomposer(  234): void android::intel::HwcLayerList::dump():   FBT | f89118e0 |     0 |     0 |  0 |   105 |    ff |        5 | [    0.0,    0.0,  720.0, 1280.0] | [    0,    0,  720, 1280] |    -1 |     -1 |     N/A 
01-09 00:41:42.990 D/hwcomposer(  234): void android::intel::HwcLayerList::dump():  numHwLayers = 5, flags = 00000001
01-09 00:41:42.990 D/hwcomposer(  234): void android::intel::HwcLayerList::dump():  type |  handle  | hints | flags | tr | blend | alpha |  format  |           source crop             |            frame          | index | zorder |  plane  
01-09 00:41:42.990 D/hwcomposer(  234): void android::intel::HwcLayerList::dump(): ------+----------+-------+-------+----+-------+-------+----------+-----------------------------------+---------------------------+-------+--------+---------
01-09 00:41:42.990 D/hwcomposer(  234): void android::intel::HwcLayerList::dump():   HWC | f88e5150 |     2 |     0 |  0 |   100 |    ff |      1ff | [  120.0,   50.0,  840.0, 1184.0] | [    0,   50,  720, 1184] |     0 |      0 | PRIMARY 
01-09 00:41:42.990 D/hwcomposer(  234): void android::intel::HwcLayerList::dump():   HWC | f89296c0 |     2 |     0 |  0 |   105 |    ff |        5 | [    0.0,   50.0,  720.0, 1184.0] | [    0,   50,  720, 1184] |     0 |      1 |  SPRITE 
01-09 00:41:42.990 D/hwcomposer(  234): void android::intel::HwcLayerList::dump():   HWC | f88ecce8 |     2 |     0 |  0 |   105 |    ff |        5 | [    0.0,    0.0,  720.0,   50.0] | [    0,    0,  720,   50] |     1 |      2 |  SPRITE 
01-09 00:41:42.990 D/hwcomposer(  234): void android::intel::HwcLayerList::dump():   HWC | f88eabf8 |     2 |     0 |  0 |   105 |    ff |        5 | [    0.0,    0.0,  720.0,   96.0] | [    0, 1184,  720, 1280] |     2 |      3 |  SPRITE 
01-09 00:41:42.990 D/hwcomposer(  234): void android::intel::HwcLayerList::dump():   FBT | f89118e0 |     0 |     0 |  0 |   105 |    ff |        5 | [    0.0,    0.0,  720.0, 1280.0] | [    0,    0,  720, 1280] |    -1 |     -1 |     N/A 
01-09 00:41:43.000 I/dispmgr (  242): waiting for message from kernel.
01-09 00:41:43.000 I/dispmgr (  242): message from kernel received.
01-09 00:41:43.000 I/dispmgr (  242): DpstAlgorithm_DPST4_5 
01-09 00:41:43.000 I/dispmgr (  242): DpstAlgorithm_DPST4_5 level is 3
01-09 00:41:43.010 D/hwcomposer(  234): void android::intel::HwcLayerList::dump():  numHwLayers = 5, flags = 00000001
01-09 00:41:43.010 D/hwcomposer(  234): void android::intel::HwcLayerList::dump():  type |  handle  | hints | flags | tr | blend | alpha |  format  |           source crop             |            frame          | index | zorder |  plane  
01-09 00:41:43.010 D/hwcomposer(  234): void android::intel::HwcLayerList::dump(): ------+----------+-------+-------+----+-------+-------+----------+-----------------------------------+---------------------------+-------+--------+---------
01-09 00:41:43.010 D/hwcomposer(  234): void android::intel::HwcLayerList::dump():   HWC | f88e5150 |     2 |     0 |  0 |   100 |    ff |      1ff | [  120.0,   50.0,  840.0, 1184.0] | [    0,   50,  720, 1184] |     0 |      0 | PRIMARY 
01-09 00:41:43.010 D/hwcomposer(  234): void android::intel::HwcLayerList::dump():   HWC | f89296c0 |     2 |     0 |  0 |   105 |    ff |        5 | [    0.0,   50.0,  720.0, 1184.0] | [    0,   50,  720, 1184] |     0 |      1 |  SPRITE 
01-09 00:41:43.010 D/hwcomposer(  234): void android::intel::HwcLayerList::dump():   HWC | f88ecce8 |     2 |     0 |  0 |   105 |    ff |        5 | [    0.0,    0.0,  720.0,   50.0] | [    0,    0,  720,   50] |     1 |      2 |  SPRITE 
01-09 00:41:43.010 D/hwcomposer(  234): void android::intel::HwcLayerList::dump():   HWC | f88eabf8 |     2 |     0 |  0 |   105 |    ff |        5 | [    0.0,    0.0,  720.0,   96.0] | [    0, 1184,  720, 1280] |     2 |      3 |  SPRITE 
01-09 00:41:43.010 D/hwcomposer(  234): void android::intel::HwcLayerList::dump():   FBT | f89118e0 |     0 |     0 |  0 |   105 |    ff |        5 | [    0.0,    0.0,  720.0, 1280.0] | [    0,    0,  720, 1280] |    -1 |     -1 |     N/A 
01-09 00:41:43.030 D/hwcomposer(  234): void android::intel::HwcLayerList::dump():  numHwLayers = 5, flags = 00000001
01-09 00:41:43.030 D/hwcomposer(  234): void android::intel::HwcLayerList::dump():  type |  handle  | hints | flags | tr | blend | alpha |  format  |           source crop             |            frame          | index | zorder |  plane  
01-09 00:41:43.030 D/hwcomposer(  234): void android::intel::HwcLayerList::dump(): ------+----------+-------+-------+----+-------+-------+----------+-----------------------------------+---------------------------+-------+--------+---------
01-09 00:41:43.030 D/hwcomposer(  234): void android::intel::HwcLayerList::dump():   HWC | f88e5150 |     2 |     0 |  0 |   100 |    ff |      1ff | [  120.0,   50.0,  840.0, 1184.0] | [    0,   50,  720, 1184] |     0 |      0 | PRIMARY 
01-09 00:41:43.030 D/hwcomposer(  234): void android::intel::HwcLayerList::dump():   HWC | f89296c0 |     2 |     0 |  0 |   105 |    ff |        5 | [    0.0,   50.0,  720.0, 1184.0] | [    0,   50,  720, 1184] |     0 |      1 |  SPRITE 
01-09 00:41:43.030 D/hwcomposer(  234): void android::intel::HwcLayerList::dump():   HWC | f88ecce8 |     2 |     0 |  0 |   105 |    ff |        5 | [    0.0,    0.0,  720.0,   50.0] | [    0,    0,  720,   50] |     1 |      2 |  SPRITE 
01-09 00:41:43.030 D/hwcomposer(  234): void android::intel::HwcLayerList::dump():   HWC | f88eabf8 |     2 |     0 |  0 |   105 |    ff |        5 | [    0.0,    0.0,  720.0,   96.0] | [    0, 1184,  720, 1280] |     2 |      3 |  SPRITE 
01-09 00:41:43.030 D/hwcomposer(  234): void android::intel::HwcLayerList::dump():   FBT | f89118e0 |     0 |     0 |  0 |   105 |    ff |        5 | [    0.0,    0.0,  720.0, 1280.0] | [    0,    0,  720, 1280] |    -1 |     -1 |     N/A 
01-09 00:41:43.040 D/hwcomposer(  234): void android::intel::HwcLayerList::dump():  numHwLayers = 5, flags = 00000001
01-09 00:41:43.040 D/hwcomposer(  234): void android::intel::HwcLayerList::dump():  type |  handle  | hints | flags | tr | blend | alpha |  format  |           source crop             |            frame          | index | zorder |  plane  
01-09 00:41:43.040 D/hwcomposer(  234): void android::intel::HwcLayerList::dump(): ------+----------+-------+-------+----+-------+-------+----------+-----------------------------------+---------------------------+-------+--------+---------
01-09 00:41:43.040 D/hwcomposer(  234): void android::intel::HwcLayerList::dump():   HWC | f88e5150 |     2 |     0 |  0 |   100 |    ff |      1ff | [  120.0,   50.0,  840.0, 1184.0] | [    0,   50,  720, 1184] |     0 |      0 | PRIMARY 
01-09 00:41:43.040 D/hwcomposer(  234): void android::intel::HwcLayerList::dump():   HWC | f89296c0 |     2 |     0 |  0 |   105 |    ff |        5 | [    0.0,   50.0,  720.0, 1184.0] | [    0,   50,  720, 1184] |     0 |      1 |  SPRITE 
01-09 00:41:43.040 D/hwcomposer(  234): void android::intel::HwcLayerList::dump():   HWC | f88ecce8 |     2 |     0 |  0 |   105 |    ff |        5 | [    0.0,    0.0,  720.0,   50.0] | [    0,    0,  720,   50] |     1 |      2 |  SPRITE 
