01-09 00:41:37.090 D/Camera_HAL(  246): atom_get_parameters
01-09 00:41:37.090 D/Camera_HAL(  246): atom_put_parameters
01-09 00:41:37.090 V/CAM_PhotoModule( 1982): Preview size is 960x720
01-09 00:41:37.090 D/Camera_HAL(  246): atom_send_command
01-09 00:41:37.090 V/CAM_PhotoModule( 1982): startPreview
01-09 00:41:37.100 D/Camera_HAL(  246): atom_set_parameters
01-09 00:41:37.100 D/Camera_HAL(  246): atom_preview_enabled
01-09 00:41:37.110 W/Camera_SensorThread(  246): @preventFastLooping, loop running too fast, throttling down!
01-09 00:41:37.140 D/hwcomposer(  234): void android::intel::HwcLayerList::dump():  numHwLayers = 3, flags = 00000001
01-09 00:41:37.140 D/hwcomposer(  234): void android::intel::HwcLayerList::dump():  type |  handle  | hints | flags | tr | blend | alpha |  format  |           source crop             |            frame          | index | zorder |  plane  
01-09 00:41:37.140 D/hwcomposer(  234): void android::intel::HwcLayerList::dump(): ------+----------+-------+-------+----+-------+-------+----------+-----------------------------------+---------------------------+-------+--------+---------
01-09 00:41:37.140 D/hwcomposer(  234): void android::intel::HwcLayerList::dump():   HWC | f88ee490 |     2 |     0 |  0 |   100 |    ff |        1 | [    0.0,    0.0,  720.0, 1184.0] | [    0,    0,  720, 1184] |     0 |      0 | PRIMARY 
01-09 00:41:37.140 D/hwcomposer(  234): void android::intel::HwcLayerList::dump():   HWC | f893fc30 |     2 |     0 |  0 |   105 |    ff |        5 | [    0.0,    0.0,  720.0,   96.0] | [    0, 1184,  720, 1280] |     0 |      1 |  SPRITE 
01-09 00:41:37.140 D/hwcomposer(  234): void android::intel::HwcLayerList::dump():   FBT | f88d48e8 |     0 |     0 |  0 |   105 |    ff |        5 | [    0.0,    0.0,  720.0, 1280.0] | [    0,    0,  720, 1280] |    -1 |     -1 |     N/A 
01-09 00:41:37.140 I/ActivityManager(  650): Displayed com.android.camera2/com.android.camera.CameraLauncher: +583ms
01-09 00:41:37.150 I/WAKELOCK_ACQUIRE(  650): TIMESTAMP=66341189629034, TAG=WindowManager, TYPE=SCREEN_BRIGHT_WAKE_LOCK       , COUNT=0, PID=650, UID=1000, FLAGS= ON_AFTER_RELEASE
01-09 00:41:37.160 D/hwcomposer(  234): void android::intel::HwcLayerList::dump():  numHwLayers = 3, flags = 00000001
01-09 00:41:37.160 D/hwcomposer(  234): void android::intel::HwcLayerList::dump():  type |  handle  | hints | flags | tr | blend | alpha |  format  |           source crop             |            frame          | index | zorder |  plane  
01-09 00:41:37.160 D/hwcomposer(  234): void android::intel::HwcLayerList::dump(): ------+----------+-------+-------+----+-------+-------+----------+-----------------------------------+---------------------------+-------+--------+---------
01-09 00:41:37.160 D/hwcomposer(  234): void android::intel::HwcLayerList::dump():   HWC | f88ee490 |     2 |     0 |  0 |   100 |    ff |        1 | [    0.0,    0.0,  720.0, 1184.0] | [    0,    0,  720, 1184] |     0 |      0 | PRIMARY 
01-09 00:41:37.160 D/hwcomposer(  234): void android::intel::HwcLayerList::dump():   HWC | f88eabf8 |     2 |     0 |  0 |   105 |    ff |        5 | [    0.0,    0.0,  720.0,   96.0] | [    0, 1184,  720, 1280] |     0 |      1 |  SPRITE 
01-09 00:41:37.160 D/hwcomposer(  234): void android::intel::HwcLayerList::dump():   FBT | f88d48e8 |     0 |     0 |  0 |   105 |    ff |        5 | [    0.0,    0.0,  720.0, 1280.0] | [    0,    0,  720, 1280] |    -1 |     -1 |     N/A 
01-09 00:41:37.170 D/Atom_PerformanceTraces(  246): LAUNCH time to the 1st preview frame show:	486 ms
01-09 00:41:37.170 D/Atom_PerformanceTraces(  246): Using camera mode, Switch from back camera to front camera, SWITCH time::	33808ms
01-09 00:41:37.170 I/Camera_ControlThread(  246): Request to allocate 2 bufs of (4160x3104) fourcc: NV12 0x3231564e
01-09 00:41:37.170 D/PVL     (  246): D] tcp : 469833, roll_over : 42, mcp : 11186 min_face_size(54) @ calculate_MCP():331
01-09 00:41:37.170 I/libva   (  246): VA-API version 0.34.0
01-09 00:41:37.170 I/libva   (  246): va_getDriverName() returns 0
01-09 00:41:37.170 I/libva   (  246): Trying to open /system/lib/pvr_drv_video.so
01-09 00:41:37.180 D/hwcomposer(  234): void android::intel::HwcLayerList::dump():  numHwLayers = 3, flags = 00000001
01-09 00:41:37.180 D/hwcomposer(  234): void android::intel::HwcLayerList::dump():  type |  handle  | hints | flags | tr | blend | alpha |  format  |           source crop             |            frame          | index | zorder |  plane  
01-09 00:41:37.180 D/hwcomposer(  234): void android::intel::HwcLayerList::dump(): ------+----------+-------+-------+----+-------+-------+----------+-----------------------------------+---------------------------+-------+--------+---------
01-09 00:41:37.180 D/hwcomposer(  234): void android::intel::HwcLayerList::dump():   HWC | f88ee490 |     2 |     0 |  0 |   100 |    ff |        1 | [    0.0,    0.0,  720.0, 1184.0] | [    0,    0,  720, 1184] |     0 |      0 | PRIMARY 
01-09 00:41:37.180 D/hwcomposer(  234): void android::intel::HwcLayerList::dump():   HWC | f8945150 |     2 |     0 |  0 |   105 |    ff |        5 | [    0.0,    0.0,  720.0,   96.0] | [    0, 1184,  720, 1280] |     0 |      1 |  SPRITE 
01-09 00:41:37.180 D/hwcomposer(  234): void android::intel::HwcLayerList::dump():   FBT | f88d48e8 |     0 |     0 |  0 |   105 |    ff |        5 | [    0.0,    0.0,  720.0, 1280.0] | [    0,    0,  720, 1280] |    -1 |     -1 |     N/A 
01-09 00:41:37.180 I/libva   (  246): Found init function __vaDriverInit_0_32
01-09 00:41:37.180 I/        (  234): static bool android::VPPSetting::isVppOn(unsigned int*): /data/user/0/com.intel.vpp/shared_prefs/vpp_settings.xml
01-09 00:41:37.180 I/libva   (  246): va_openDriver() returns 0
01-09 00:41:37.190 W/Camera_AAAThread(  246): 1 frames in 3A process queue, handling timestamp 65592737910 instead of 65592737910
01-09 00:41:37.190 D/hwcomposer(  234): void android::intel::HwcLayerList::dump():  numHwLayers = 4, flags = 00000001
01-09 00:41:37.200 D/hwcomposer(  234): void android::intel::HwcLayerList::dump():  type |  handle  | hints | flags | tr | blend | alpha |  format  |           source crop             |            frame          | index | zorder |  plane  
01-09 00:41:37.200 D/hwcomposer(  234): void android::intel::HwcLayerList::dump(): ------+----------+-------+-------+----+-------+-------+----------+-----------------------------------+---------------------------+-------+--------+---------
01-09 00:41:37.200 D/hwcomposer(  234): void android::intel::HwcLayerList::dump():   HWC | f88f4e80 |     2 |     0 |  0 |   100 |    ff |        5 | [    0.0,    0.0,  720.0, 1184.0] | [    0,    0,  720, 1184] |     0 |      0 | PRIMARY 
01-09 00:41:37.200 D/hwcomposer(  234): void android::intel::HwcLayerList::dump():   HWC | f88ee490 |     2 |     0 |  0 |   105 |    c9 |        1 | [    0.0,    0.0,  720.0, 1184.0] | [    0,    0,  720, 1184] |     0 |      1 |  SPRITE 
01-09 00:41:37.200 D/hwcomposer(  234): void android::intel::HwcLayerList::dump():   HWC | f893fc30 |     2 |     0 |  0 |   105 |    ff |        5 | [    0.0,    0.0,  720.0,   96.0] | [    0, 1184,  720, 1280] |     1 |      2 |  SPRITE 
01-09 00:41:37.200 D/hwcomposer(  234): void android::intel::HwcLayerList::dump():   FBT | f88d48e8 |     0 |     0 |  0 |   105 |    ff |        5 | [    0.0,    0.0,  720.0, 1280.0] | [    0,    0,  720, 1280] |    -1 |     -1 |     N/A 
01-09 00:41:37.210 D/dalvikvm( 1982): GC_FOR_ALLOC freed 299K, 34% free 52733K/79020K, paused 17ms, total 17ms
01-09 00:41:37.210 D/hwcomposer(  234): void android::intel::HwcLayerList::dump():  numHwLayers = 4, flags = 00000001
01-09 00:41:37.210 D/hwcomposer(  234): void android::intel::HwcLayerList::dump():  type |  handle  | hints | flags | tr | blend | alpha |  format  |           source crop             |            frame          | index | zorder |  plane  
01-09 00:41:37.210 D/hwcomposer(  234): void android::intel::HwcLayerList::dump(): ------+----------+-------+-------+----+-------+-------+----------+-----------------------------------+---------------------------+-------+--------+---------
01-09 00:41:37.210 D/hwcomposer(  234): void android::intel::HwcLayerList::dump():   HWC | f88d5fe8 |     2 |     0 |  0 |   100 |    ff |        5 | [    0.0,    0.0,  720.0, 1184.0] | [    0,    0,  720, 1184] |     0 |      0 | PRIMARY 
01-09 00:41:37.210 D/hwcomposer(  234): void android::intel::HwcLayerList::dump():   HWC | f88ee490 |     2 |     0 |  0 |   105 |    9c |        1 | [    0.0,    0.0,  720.0, 1184.0] | [    0,    0,  720, 1184] |     0 |      1 |  SPRITE 
01-09 00:41:37.210 D/hwcomposer(  234): void android::intel::HwcLayerList::dump():   HWC | f88eabf8 |     2 |     0 |  0 |   105 |    ff |        5 | [    0.0,    0.0,  720.0,   96.0] | [    0, 1184,  720, 1280] |     1 |      2 |  SPRITE 
01-09 00:41:37.210 D/hwcomposer(  234): void android::intel::HwcLayerList::dump():   FBT | f88d48e8 |     0 |     0 |  0 |   105 |    ff |        5 | [    0.0,    0.0,  720.0, 1280.0] | [    0,    0,  720, 1280] |    -1 |     -1 |     N/A 
01-09 00:41:37.230 D/hwcomposer(  234): void android::intel::HwcLayerList::dump():  numHwLayers = 4, flags = 00000001
01-09 00:41:37.230 D/hwcomposer(  234): void android::intel::HwcLayerList::dump():  type |  handle  | hints | flags | tr | blend | alpha |  format  |           source crop             |            frame          | index | zorder |  plane  
01-09 00:41:37.230 D/hwcomposer(  234): void android::intel::HwcLayerList::dump(): ------+----------+-------+-------+----+-------+-------+----------+-----------------------------------+---------------------------+-------+--------+---------
01-09 00:41:37.230 D/hwcomposer(  234): void android::intel::HwcLayerList::dump():   HWC | f88d5fe8 |     2 |     0 |  0 |   100 |    ff |        5 | [    0.0,    0.0,  720.0, 1184.0] | [    0,    0,  720, 1184] |     0 |      0 | PRIMARY 
01-09 00:41:37.230 D/hwcomposer(  234): void android::intel::HwcLayerList::dump():   HWC | f88ee490 |     2 |     0 |  0 |   105 |    74 |        1 | [    0.0,    0.0,  720.0, 1184.0] | [    0,    0,  720, 1184] |     0 |      1 |  SPRITE 
01-09 00:41:37.230 D/hwcomposer(  234): void android::intel::HwcLayerList::dump():   HWC | f8945150 |     2 |     0 |  0 |   105 |    ff |        5 | [    0.0,    0.0,  720.0,   96.0] | [    0, 1184,  720, 1280] |     1 |      2 |  SPRITE 
01-09 00:41:37.230 D/hwcomposer(  234): void android::intel::HwcLayerList::dump():   FBT | f88d48e8 |     0 |     0 |  0 |   105 |    ff |        5 | [    0.0,    0.0,  720.0, 1280.0] | [    0,    0,  720, 1280] |    -1 |     -1 |     N/A 
01-09 00:41:37.230 W/Camera_AAAThread(  246): 1 frames in 3A process queue, handling timestamp 65592779581 instead of 65592779581
01-09 00:41:37.240 I/dalvikvm-heap( 1982): Grow heap (frag case) to 63.842MB for 12912656-byte allocation
01-09 00:41:37.240 W/Camera_SensorThread(  246): @preventFastLooping, loop running too fast, throttling down!
01-09 00:41:37.240 D/hwcomposer(  234): void android::intel::HwcLayerList::dump():  numHwLayers = 4, flags = 00000001
01-09 00:41:37.240 D/hwcomposer(  234): void android::intel::HwcLayerList::dump():  type |  handle  | hints | flags | tr | blend | alpha |  format  |           source crop             |            frame          | index | zorder |  plane  
01-09 00:41:37.240 D/hwcomposer(  234): void android::intel::HwcLayerList::dump(): ------+----------+-------+-------+----+-------+-------+----------+-----------------------------------+---------------------------+-------+--------+---------
01-09 00:41:37.240 D/hwcomposer(  234): void android::intel::HwcLayerList::dump():   HWC | f88d5fe8 |     2 |     0 |  0 |   100 |    ff |        5 | [    0.0,    0.0,  720.0, 1184.0] | [    0,    0,  720, 1184] |     0 |      0 | PRIMARY 
01-09 00:41:37.240 D/hwcomposer(  234): void android::intel::HwcLayerList::dump():   HWC | f88ee490 |     2 |     0 |  0 |   105 |    51 |        1 | [    0.0,    0.0,  720.0, 1184.0] | [    0,    0,  720, 1184] |     0 |      1 |  SPRITE 
01-09 00:41:37.240 D/hwcomposer(  234): void android::intel::HwcLayerList::dump():   HWC | f8945150 |     2 |     0 |  0 |   105 |    ff |        5 | [    0.0,    0.0,  720.0,   96.0] | [    0, 1184,  720, 1280] |     1 |      2 |  SPRITE 
01-09 00:41:37.250 D/hwcomposer(  234): void android::intel::HwcLayerList::dump():   FBT | f88d48e8 |     0 |     0 |  0 |   105 |    ff |        5 | [    0.0,    0.0,  720.0, 1280.0] | [    0,    0,  720, 1280] |    -1 |     -1 |     N/A 
01-09 00:41:37.250 D/dalvikvm( 1982): GC_FOR_ALLOC freed 3K, 18% free 65340K/79020K, paused 11ms, total 11ms
01-09 00:41:37.260 D/hwcomposer(  234): void android::intel::HwcLayerList::dump():  numHwLayers = 4, flags = 00000001
01-09 00:41:37.260 D/hwcomposer(  234): void android::intel::HwcLayerList::dump():  type |  handle  | hints | flags | tr | blend | alpha |  format  |           source crop             |            frame          | index | zorder |  plane  
01-09 00:41:37.260 D/hwcomposer(  234): void android::intel::HwcLayerList::dump(): ------+----------+-------+-------+----+-------+-------+----------+-----------------------------------+---------------------------+-------+--------+---------
01-09 00:41:37.260 D/hwcomposer(  234): void android::intel::HwcLayerList::dump():   HWC | f88d5fe8 |     2 |     0 |  0 |   100 |    ff |        5 | [    0.0,    0.0,  720.0, 1184.0] | [    0,    0,  720, 1184] |     0 |      0 | PRIMARY 
01-09 00:41:37.260 D/hwcomposer(  234): void android::intel::HwcLayerList::dump():   HWC | f88ee490 |     2 |     0 |  0 |   105 |    35 |        1 | [    0.0,    0.0,  720.0, 1184.0] | [    0,    0,  720, 1184] |     0 |      1 |  SPRITE 
01-09 00:41:37.260 D/hwcomposer(  234): void android::intel::HwcLayerList::dump():   HWC | f893fc30 |     2 |     0 |  0 |   105 |    ff |        5 | [    0.0,    0.0,  720.0,   96.0] | [    0, 1184,  720, 1280] |     1 |      2 |  SPRITE 
01-09 00:41:37.260 D/hwcomposer(  234): void android::intel::HwcLayerList::dump():   FBT | f88d48e8 |     0 |     0 |  0 |   105 |    ff |        5 | [    0.0,    0.0,  720.0, 1280.0] | [    0,    0,  720, 1280] |    -1 |     -1 |     N/A 
01-09 00:41:37.280 W/Camera_AAAThread(  246): 1 frames in 3A process queue, handling timestamp 65592821253 instead of 65592821253
01-09 00:41:37.280 D/hwcomposer(  234): void android::intel::HwcLayerList::dump():  numHwLayers = 4, flags = 00000001
01-09 00:41:37.280 D/hwcomposer(  234): void android::intel::HwcLayerList::dump():  type |  handle  | hints | flags | tr | blend | alpha |  format  |           source crop             |            frame          | index | zorder |  plane  
01-09 00:41:37.280 D/hwcomposer(  234): void android::intel::HwcLayerList::dump(): ------+----------+-------+-------+----+-------+-------+----------+-----------------------------------+---------------------------+-------+--------+---------
01-09 00:41:37.280 D/hwcomposer(  234): void android::intel::HwcLayerList::dump():   HWC | f88d5fe8 |     2 |     0 |  0 |   100 |    ff |        5 | [    0.0,    0.0,  720.0, 1184.0] | [    0,    0,  720, 1184] |     0 |      0 | PRIMARY 
01-09 00:41:37.280 D/hwcomposer(  234): void android::intel::HwcLayerList::dump():   HWC | f88ee490 |     2 |     0 |  0 |   105 |    1e |        1 | [    0.0,    0.0,  720.0, 1184.0] | [    0,    0,  720, 1184] |     0 |      1 |  SPRITE 
01-09 00:41:37.280 D/hwcomposer(  234): void android::intel::HwcLayerList::dump():   HWC | f88eabf8 |     2 |     0 |  0 |   105 |    ff |        5 | [    0.0,    0.0,  720.0,   96.0] | [    0, 1184,  720, 1280] |     1 |      2 |  SPRITE 
01-09 00:41:37.280 D/hwcomposer(  234): void android::intel::HwcLayerList::dump():   FBT | f88d48e8 |     0 |     0 |  0 |   105 |    ff |        5 | [    0.0,    0.0,  720.0, 1280.0] | [    0,    0,  720, 1280] |    -1 |     -1 |     N/A 
01-09 00:41:37.290 D/dalvikvm( 1982): GC_CONCURRENT freed <1K, 18% free 65359K/79020K, paused 2ms+16ms, total 33ms
01-09 00:41:37.300 D/hwcomposer(  234): void android::intel::HwcLayerList::dump():  numHwLayers = 4, flags = 00000001
01-09 00:41:37.300 D/hwcomposer(  234): void android::intel::HwcLayerList::dump():  type |  handle  | hints | flags | tr | blend | alpha |  format  |           source crop             |            frame          | index | zorder |  plane  
01-09 00:41:37.300 D/hwcomposer(  234): void android::intel::HwcLayerList::dump(): ------+----------+-------+-------+----+-------+-------+----------+-----------------------------------+---------------------------+-------+--------+---------
01-09 00:41:37.300 D/hwcomposer(  234): void android::intel::HwcLayerList::dump():   HWC | f88d5fe8 |     2 |     0 |  0 |   100 |    ff |        5 | [    0.0,    0.0,  720.0, 1184.0] | [    0,    0,  720, 1184] |     0 |      0 | PRIMARY 
01-09 00:41:37.300 D/hwcomposer(  234): void android::intel::HwcLayerList::dump():   HWC | f88ee490 |     2 |     0 |  0 |   105 |     e |        1 | [    0.0,    0.0,  720.0, 1184.0] | [    0,    0,  720, 1184] |     0 |      1 |  SPRITE 
01-09 00:41:37.300 D/hwcomposer(  234): void android::intel::HwcLayerList::dump():   HWC | f8945150 |     2 |     0 |  0 |   105 |    ff |        5 | [    0.0,    0.0,  720.0,   96.0] | [    0, 1184,  720, 1280] |     1 |      2 |  SPRITE 
01-09 00:41:37.300 D/hwcomposer(  234): void android::intel::HwcLayerList::dump():   FBT | f88d48e8 |     0 |     0 |  0 |   105 |    ff |        5 | [    0.0,    0.0,  720.0, 1280.0] | [    0,    0,  720, 1280] |    -1 |     -1 |     N/A 
01-09 00:41:37.310 D/hwcomposer(  234): void android::intel::HwcLayerList::dump():  numHwLayers = 4, flags = 00000001
01-09 00:41:37.310 D/hwcomposer(  234): void android::intel::HwcLayerList::dump():  type |  handle  | hints | flags | tr | blend | alpha |  format  |           source crop             |            frame          | index | zorder |  plane  
01-09 00:41:37.310 D/hwcomposer(  234): void android::intel::HwcLayerList::dump(): ------+----------+-------+-------+----+-------+-------+----------+-----------------------------------+---------------------------+-------+--------+---------
01-09 00:41:37.320 D/hwcomposer(  234): void android::intel::HwcLayerList::dump():   HWC | f89439c8 |     2 |     0 |  0 |   100 |    ff |        5 | [    0.0,    0.0,  720.0, 1184.0] | [    0,    0,  720, 1184] |     0 |      0 | PRIMARY 
01-09 00:41:37.320 D/hwcomposer(  234): void android::intel::HwcLayerList::dump():   HWC | f88ee490 |     2 |     0 |  0 |   105 |     4 |        1 | [    0.0,    0.0,  720.0, 1184.0] | [    0,    0,  720, 1184] |     0 |      1 |  SPRITE 
01-09 00:41:37.320 D/hwcomposer(  234): void android::intel::HwcLayerList::dump():   HWC | f893fc30 |     2 |     0 |  0 |   105 |    ff |        5 | [    0.0,    0.0,  720.0,   96.0] | [    0, 1184,  720, 1280] |     1 |      2 |  SPRITE 
01-09 00:41:37.320 D/hwcomposer(  234): void android::intel::HwcLayerList::dump():   FBT | f88d48e8 |     0 |     0 |  0 |   105 |    ff |        5 | [    0.0,    0.0,  720.0, 1280.0] | [    0,    0,  720, 1280] |    -1 |     -1 |     N/A 
01-09 00:41:37.320 W/Camera_AAAThread(  246): 1 frames in 3A process queue, handling timestamp 65592862918 instead of 65592862918
01-09 00:41:37.330 D/hwcomposer(  234): void android::intel::HwcLayerList::dump():  numHwLayers = 3, flags = 00000001
01-09 00:41:37.330 D/hwcomposer(  234): void android::intel::HwcLayerList::dump():  type |  handle  | hints | flags | tr | blend | alpha |  format  |           source crop             |            frame          | index | zorder |  plane  
01-09 00:41:37.330 D/hwcomposer(  234): void android::intel::HwcLayerList::dump(): ------+----------+-------+-------+----+-------+-------+----------+-----------------------------------+---------------------------+-------+--------+---------
01-09 00:41:37.330 D/hwcomposer(  234): void android::intel::HwcLayerList::dump():   HWC | f88f4e80 |     2 |     0 |  0 |   100 |    ff |        5 | [    0.0,    0.0,  720.0, 1184.0] | [    0,    0,  720, 1184] |     0 |      0 | PRIMARY 
01-09 00:41:37.330 D/hwcomposer(  234): void android::intel::HwcLayerList::dump():   HWC | f88eabf8 |     2 |     0 |  0 |   105 |    ff |        5 | [    0.0,    0.0,  720.0,   96.0] | [    0, 1184,  720, 1280] |     0 |      1 |  SPRITE 
01-09 00:41:37.330 D/hwcomposer(  234): void android::intel::HwcLayerList::dump():   FBT | f88d48e8 |     0 |     0 |  0 |   105 |    ff |        5 | [    0.0,    0.0,  720.0, 1280.0] | [    0,    0,  720, 1280] |    -1 |     -1 |     N/A 
01-09 00:41:37.350 D/hwcomposer(  234): void android::intel::HwcLayerList::dump():  numHwLayers = 3, flags = 00000001
01-09 00:41:37.350 D/hwcomposer(  234): void android::intel::HwcLayerList::dump():  type |  handle  | hints | flags | tr | blend | alpha |  format  |           source crop             |            frame          | index | zorder |  plane  
01-09 00:41:37.350 D/hwcomposer(  234): void android::intel::HwcLayerList::dump(): ------+----------+-------+-------+----+-------+-------+----------+-----------------------------------+---------------------------+-------+--------+---------
01-09 00:41:37.350 D/hwcomposer(  234): void android::intel::HwcLayerList::dump():   HWC | f88d5fe8 |     2 |     0 |  0 |   100 |    ff |        5 | [    0.0,    0.0,  720.0, 1184.0] | [    0,    0,  720, 1184] |     0 |      0 | PRIMARY 
01-09 00:41:37.350 D/hwcomposer(  234): void android::intel::HwcLayerList::dump():   HWC | f8945150 |     2 |     0 |  0 |   105 |    ff |        5 | [    0.0,    0.0,  720.0,   96.0] | [    0, 1184,  720, 1280] |     0 |      1 |  SPRITE 
01-09 00:41:37.350 D/hwcomposer(  234): void android::intel::HwcLayerList::dump():   FBT | f88d48e8 |     0 |     0 |  0 |   105 |    ff |        5 | [    0.0,    0.0,  720.0, 1280.0] | [    0,    0,  720, 1280] |    -1 |     -1 |     N/A 
01-09 00:41:37.360 W/Camera_AAAThread(  246): 1 frames in 3A process queue, handling timestamp 65592904658 instead of 65592904658
01-09 00:41:37.360 I/dispmgr (  242): waiting for message from kernel.
01-09 00:41:37.360 I/dispmgr (  242): message from kernel received.
01-09 00:41:37.360 I/dispmgr (  242): DpstAlgorithm_DPST4_5 
01-09 00:41:37.360 I/dispmgr (  242): DpstAlgorithm_DPST4_5 level is 3
01-09 00:41:37.370 D/hwcomposer(  234): void android::intel::HwcLayerList::dump():  numHwLayers = 3, flags = 00000001
01-09 00:41:37.370 D/hwcomposer(  234): void android::intel::HwcLayerList::dump():  type |  handle  | hints | flags | tr | blend | alpha |  format  |           source crop             |            frame          | index | zorder |  plane  
01-09 00:41:37.370 D/hwcomposer(  234): void android::intel::HwcLayerList::dump(): ------+----------+-------+-------+----+-------+-------+----------+-----------------------------------+---------------------------+-------+--------+---------
01-09 00:41:37.370 D/hwcomposer(  234): void android::intel::HwcLayerList::dump():   HWC | f89439c8 |     2 |     0 |  0 |   100 |    ff |        5 | [    0.0,    0.0,  720.0, 1184.0] | [    0,    0,  720, 1184] |     0 |      0 | PRIMARY 
01-09 00:41:37.370 D/hwcomposer(  234): void android::intel::HwcLayerList::dump():   HWC | f893fc30 |     2 |     0 |  0 |   105 |    ff |        5 | [    0.0,    0.0,  720.0,   96.0] | [    0, 1184,  720, 1280] |     0 |      1 |  SPRITE 
01-09 00:41:37.370 D/hwcomposer(  234): void android::intel::HwcLayerList::dump():   FBT | f88d48e8 |     0 |     0 |  0 |   105 |    ff |        5 | [    0.0,    0.0,  720.0, 1280.0] | [    0,    0,  720, 1280] |    -1 |     -1 |     N/A 
01-09 00:41:37.370 W/Camera_SensorThread(  246): @preventFastLooping, loop running too fast, throttling down!
01-09 00:41:37.370 D/dalvikvm( 1982): GC_FOR_ALLOC freed 38815K, 60% free 26572K/66408K, paused 10ms, total 10ms
01-09 00:41:37.380 I/dalvikvm-heap( 1982): Grow heap (frag case) to 38.294MB for 12912656-byte allocation
01-09 00:41:37.380 D/dalvikvm( 1982): GC_FOR_ALLOC freed <1K, 41% free 39182K/66408K, paused 4ms, total 4ms
01-09 00:41:37.390 D/dalvikvm( 1982): GC_CONCURRENT freed 1K, 41% free 39185K/66408K, paused 1ms+3ms, total 9ms
01-09 00:41:37.400 W/Camera_AAAThread(  246): 1 frames in 3A process queue, handling timestamp 65592946282 instead of 65592946282
01-09 00:41:37.440 W/Camera_AAAThread(  246): 1 frames in 3A process queue, handling timestamp 65592987943 instead of 65592987943
01-09 00:41:37.460 I/dispmgr (  242): waiting for message from kernel.
01-09 00:41:37.460 I/dispmgr (  242): message from kernel received.
01-09 00:41:37.460 I/dispmgr (  242): DpstAlgorithm_DPST4_5 
01-09 00:41:37.460 I/dispmgr (  242): DpstAlgorithm_DPST4_5 level is 3
01-09 00:41:37.500 W/Camera_SensorThread(  246): @preventFastLooping, loop running too fast, throttling down!
01-09 00:41:37.530 W/Camera_AAAThread(  246): 1 frames in 3A process queue, handling timestamp 65593071274 instead of 65593071274
01-09 00:41:37.570 W/Camera_AAAThread(  246): 1 frames in 3A process queue, handling timestamp 65593112949 instead of 65593112949
01-09 00:41:37.590 I/dispmgr (  242): waiting for message from kernel.
01-09 00:41:37.590 I/dispmgr (  242): message from kernel received.
01-09 00:41:37.590 I/dispmgr (  242): DpstAlgorithm_DPST4_5 
01-09 00:41:37.590 I/dispmgr (  242): DpstAlgorithm_DPST4_5 level is 3
01-09 00:41:37.610 W/Camera_AAAThread(  246): 1 frames in 3A process queue, handling timestamp 65593154619 instead of 65593154619
01-09 00:41:37.630 W/Camera_SensorThread(  246): @preventFastLooping, loop running too fast, throttling down!
01-09 00:41:37.650 W/Camera_AAAThread(  246): 1 frames in 3A process queue, handling timestamp 65593196289 instead of 65593196289
01-09 00:41:37.670 I/dispmgr (  242): waiting for message from kernel.
01-09 00:41:37.670 I/dispmgr (  242): message from kernel received.
01-09 00:41:37.670 I/dispmgr (  242): DpstAlgorithm_DPST4_5 
01-09 00:41:37.670 I/dispmgr (  242): DpstAlgorithm_DPST4_5 level is 3
01-09 00:41:37.690 W/Camera_AAAThread(  246): 1 frames in 3A process queue, handling timestamp 65593238011 instead of 65593238011
01-09 00:41:37.730 D/dalvikvm( 1982): GC_FOR_ALLOC freed 48K, 41% free 39181K/66408K, paused 4ms, total 4ms
01-09 00:41:37.730 I/dalvikvm-heap( 1982): Grow heap (frag case) to 50.608MB for 12912656-byte allocation
01-09 00:41:37.730 W/Camera_AAAThread(  246): 1 frames in 3A process queue, handling timestamp 65593279631 instead of 65593279631
01-09 00:41:37.740 D/dalvikvm( 1982): GC_FOR_ALLOC freed 0K, 23% free 51791K/66408K, paused 5ms, total 5ms
01-09 00:41:37.750 W/Camera_SensorThread(  246): @preventFastLooping, loop running too fast, throttling down!
01-09 00:41:37.760 I/dispmgr (  242): waiting for message from kernel.
01-09 00:41:37.760 I/dispmgr (  242): message from kernel received.
01-09 00:41:37.760 I/dispmgr (  242): DpstAlgorithm_DPST4_5 
01-09 00:41:37.760 I/dispmgr (  242): DpstAlgorithm_DPST4_5 level is 3
01-09 00:41:37.760 D/dalvikvm( 1982): GC_CONCURRENT freed 3K, 23% free 51792K/66408K, paused 1ms+3ms, total 23ms
01-09 00:41:37.820 W/Camera_AAAThread(  246): 1 frames in 3A process queue, handling timestamp 65593363334 instead of 65593363334
01-09 00:41:37.860 W/Camera_AAAThread(  246): 1 frames in 3A process queue, handling timestamp 65593404677 instead of 65593404677
01-09 00:41:37.860 I/dispmgr (  242): waiting for message from kernel.
01-09 00:41:37.860 I/dispmgr (  242): message from kernel received.
01-09 00:41:37.860 I/dispmgr (  242): DpstAlgorithm_DPST4_5 
01-09 00:41:37.860 I/dispmgr (  242): DpstAlgorithm_DPST4_5 level is 3
01-09 00:41:37.880 W/Camera_SensorThread(  246): @preventFastLooping, loop running too fast, throttling down!
01-09 00:41:37.940 W/Camera_AAAThread(  246): 1 frames in 3A process queue, handling timestamp 65593488047 instead of 65593488047
01-09 00:41:37.970 I/dispmgr (  242): waiting for message from kernel.
01-09 00:41:37.970 I/dispmgr (  242): message from kernel received.
01-09 00:41:37.970 I/dispmgr (  242): DpstAlgorithm_DPST4_5 
01-09 00:41:37.970 I/dispmgr (  242): DpstAlgorithm_DPST4_5 level is 3
01-09 00:41:38.010 W/Camera_SensorThread(  246): @preventFastLooping, loop running too fast, throttling down!
01-09 00:41:38.020 W/Camera_AAAThread(  246): 1 frames in 3A process queue, handling timestamp 65593571370 instead of 65593571370
01-09 00:41:38.040 I/dispmgr (  242): waiting for message from kernel.
01-09 00:41:38.040 I/dispmgr (  242): message from kernel received.
01-09 00:41:38.040 I/dispmgr (  242): DpstAlgorithm_DPST4_5 
01-09 00:41:38.040 I/dispmgr (  242): DpstAlgorithm_DPST4_5 level is 3
01-09 00:41:38.070 W/Camera_AAAThread(  246): 1 frames in 3A process queue, handling timestamp 65593613041 instead of 65593613041
01-09 00:41:38.110 W/Camera_AAAThread(  246): 1 frames in 3A process queue, handling timestamp 65593654781 instead of 65593654781
01-09 00:41:38.120 I/dispmgr (  242): waiting for message from kernel.
01-09 00:41:38.120 I/dispmgr (  242): message from kernel received.
01-09 00:41:38.120 I/dispmgr (  242): DpstAlgorithm_DPST4_5 
01-09 00:41:38.120 I/dispmgr (  242): DpstAlgorithm_DPST4_5 level is 3
01-09 00:41:38.140 W/Camera_SensorThread(  246): @preventFastLooping, loop running too fast, throttling down!
01-09 00:41:38.150 W/Camera_AAAThread(  246): 1 frames in 3A process queue, handling timestamp 65593696676 instead of 65593696676
01-09 00:41:38.190 W/Camera_AAAThread(  246): 1 frames in 3A process queue, handling timestamp 65593738100 instead of 65593738100
01-09 00:41:38.210 I/dispmgr (  242): waiting for message from kernel.
01-09 00:41:38.210 I/dispmgr (  242): message from kernel received.
01-09 00:41:38.210 I/dispmgr (  242): DpstAlgorithm_DPST4_5 
01-09 00:41:38.210 I/dispmgr (  242): DpstAlgorithm_DPST4_5 level is 3
01-09 00:41:38.230 W/Camera_AAAThread(  246): 1 frames in 3A process queue, handling timestamp 65593780336 instead of 65593780336
01-09 00:41:38.270 W/Camera_SensorThread(  246): @preventFastLooping, loop running too fast, throttling down!
01-09 00:41:38.300 I/dispmgr (  242): waiting for message from kernel.
01-09 00:41:38.300 I/dispmgr (  242): message from kernel received.
01-09 00:41:38.300 I/dispmgr (  242): DpstAlgorithm_DPST4_5 
01-09 00:41:38.300 I/dispmgr (  242): DpstAlgorithm_DPST4_5 level is 3
01-09 00:41:38.320 W/Camera_AAAThread(  246): 1 frames in 3A process queue, handling timestamp 65593863358 instead of 65593863358
01-09 00:41:38.360 W/Camera_AAAThread(  246): 1 frames in 3A process queue, handling timestamp 65593904827 instead of 65593904827
01-09 00:41:38.400 W/Camera_SensorThread(  246): @preventFastLooping, loop running too fast, throttling down!
01-09 00:41:38.400 W/Camera_AAAThread(  246): 1 frames in 3A process queue, handling timestamp 65593946452 instead of 65593946452
01-09 00:41:38.440 W/Camera_AAAThread(  246): 1 frames in 3A process queue, handling timestamp 65593988207 instead of 65593988207
01-09 00:41:38.450 I/dispmgr (  242): waiting for message from kernel.
01-09 00:41:38.450 I/dispmgr (  242): message from kernel received.
01-09 00:41:38.450 I/dispmgr (  242): DpstAlgorithm_DPST4_5 
01-09 00:41:38.450 I/dispmgr (  242): DpstAlgorithm_DPST4_5 level is 3
01-09 00:41:38.480 W/Camera_AAAThread(  246): 1 frames in 3A process queue, handling timestamp 65594030036 instead of 65594030036
01-09 00:41:38.530 W/Camera_AAAThread(  246): 1 frames in 3A process queue, handling timestamp 65594071517 instead of 65594071517
01-09 00:41:38.530 W/Camera_SensorThread(  246): @preventFastLooping, loop running too fast, throttling down!
01-09 00:41:38.540 I/dispmgr (  242): waiting for message from kernel.
01-09 00:41:38.540 I/dispmgr (  242): message from kernel received.
01-09 00:41:38.540 I/dispmgr (  242): DpstAlgorithm_DPST4_5 
01-09 00:41:38.540 I/dispmgr (  242): DpstAlgorithm_DPST4_5 level is 3
01-09 00:41:38.570 W/Camera_AAAThread(  246): 1 frames in 3A process queue, handling timestamp 65594113474 instead of 65594113474
01-09 00:41:38.610 W/Camera_AAAThread(  246): 1 frames in 3A process queue, handling timestamp 65594154808 instead of 65594154808
01-09 00:41:38.650 W/Camera_AAAThread(  246): 1 frames in 3A process queue, handling timestamp 65594196481 instead of 65594196481
01-09 00:41:38.660 W/Camera_SensorThread(  246): @preventFastLooping, loop running too fast, throttling down!
01-09 00:41:38.690 W/Camera_AAAThread(  246): 1 frames in 3A process queue, handling timestamp 65594238309 instead of 65594238309
01-09 00:41:38.710 I/dispmgr (  242): waiting for message from kernel.
01-09 00:41:38.710 I/dispmgr (  242): message from kernel received.
01-09 00:41:38.710 I/dispmgr (  242): DpstAlgorithm_DPST4_5 
01-09 00:41:38.710 I/dispmgr (  242): DpstAlgorithm_DPST4_5 level is 3
01-09 00:41:38.720 D/Camera_DebugFrameRate(  246): time: 2.000172 seconds, frames: 38, fps: 18.998365
01-09 00:41:38.780 W/Camera_AAAThread(  246): 1 frames in 3A process queue, handling timestamp 65594321456 instead of 65594321456
01-09 00:41:38.790 W/Camera_SensorThread(  246): @preventFastLooping, loop running too fast, throttling down!
01-09 00:41:38.820 W/Camera_AAAThread(  246): 1 frames in 3A process queue, handling timestamp 65594363146 instead of 65594363146
01-09 00:41:38.860 W/Camera_AAAThread(  246): 1 frames in 3A process queue, handling timestamp 65594404941 instead of 65594404941
01-09 00:41:38.900 W/Camera_AAAThread(  246): 1 frames in 3A process queue, handling timestamp 65594446476 instead of 65594446476
01-09 00:41:38.910 D/Atom_PerformanceTraces(  246): LAUNCH time calculated from create instance to lock the focus frame:	2229 ms
01-09 00:41:38.910 W/Camera_SensorThread(  246): @preventFastLooping, loop running too fast, throttling down!
01-09 00:41:38.940 W/Camera_AAAThread(  246): 1 frames in 3A process queue, handling timestamp 65594488115 instead of 65594488115
01-09 00:41:38.980 W/Camera_AAAThread(  246): 1 frames in 3A process queue, handling timestamp 65594529841 instead of 65594529841
01-09 00:41:39.030 W/Camera_AAAThread(  246): 1 frames in 3A process queue, handling timestamp 65594571552 instead of 65594571552
01-09 00:41:39.040 W/Camera_SensorThread(  246): @preventFastLooping, loop running too fast, throttling down!
01-09 00:41:39.070 W/Camera_AAAThread(  246): 1 frames in 3A process queue, handling timestamp 65594613178 instead of 65594613178
01-09 00:41:39.110 W/Camera_AAAThread(  246): 1 frames in 3A process queue, handling timestamp 65594654834 instead of 65594654834
01-09 00:41:39.150 W/Camera_AAAThread(  246): 1 frames in 3A process queue, handling timestamp 65594696538 instead of 65594696538
01-09 00:41:39.170 I/dispmgr (  242): waiting for message from kernel.
01-09 00:41:39.170 I/dispmgr (  242): message from kernel received.
01-09 00:41:39.170 I/dispmgr (  242): DpstAlgorithm_DPST4_5 
01-09 00:41:39.170 I/dispmgr (  242): DpstAlgorithm_DPST4_5 level is 3
01-09 00:41:39.170 W/Camera_SensorThread(  246): @preventFastLooping, loop running too fast, throttling down!
01-09 00:41:39.230 W/Camera_AAAThread(  246): 1 frames in 3A process queue, handling timestamp 65594780194 instead of 65594780194
01-09 00:41:39.270 I/WAKELOCK_RELEASE(  650): TIMESTAMP=66343311368025, TAG=ActivityManager-Launch, TYPE=PARTIAL_WAKE_LOCK             , COUNT=0, PID=650, UID=1000, FLAGS=
01-09 00:41:39.280 W/Camera_AAAThread(  246): 1 frames in 3A process queue, handling timestamp 65594821520 instead of 65594821520
01-09 00:41:39.300 W/Camera_SensorThread(  246): @preventFastLooping, loop running too fast, throttling down!
01-09 00:41:39.300 E/rsC++   ( 1039): RS Message thread exiting.
01-09 00:41:39.320 W/Camera_AAAThread(  246): 1 frames in 3A process queue, handling timestamp 65594863210 instead of 65594863210
01-09 00:41:39.360 W/Camera_AAAThread(  246): 1 frames in 3A process queue, handling timestamp 65594904859 instead of 65594904859
01-09 00:41:39.400 W/Camera_AAAThread(  246): 1 frames in 3A process queue, handling timestamp 65594946949 instead of 65594946949
01-09 00:41:39.420 W/Camera_SensorThread(  246): @preventFastLooping, loop running too fast, throttling down!
01-09 00:41:39.440 W/Camera_AAAThread(  246): 1 frames in 3A process queue, handling timestamp 65594988185 instead of 65594988185
01-09 00:41:39.480 W/Camera_AAAThread(  246): 1 frames in 3A process queue, handling timestamp 65595029877 instead of 65595029877
01-09 00:41:39.550 W/Camera_SensorThread(  246): @preventFastLooping, loop running too fast, throttling down!
01-09 00:41:39.570 W/Camera_AAAThread(  246): 1 frames in 3A process queue, handling timestamp 65595113556 instead of 65595113556
01-09 00:41:39.590 D/AudioIntelHal(  246): stopStream: output stream
01-09 00:41:39.590 D/AudioIntelHal/AudioPlatformState(  246): route-parameter-manager: Selection criterion changed event: Criterion name: OutputFlags, current state: <none>
01-09 00:41:39.590 D/AudioIntelHal/AudioPlatformState(  246): route-parameter-manager: Configuration application request {
01-09 00:41:39.590 D/AudioIntelHal/AudioPlatformState(  246): route-parameter-manager:     Applying configurations {
01-09 00:41:39.590 D/AudioIntelHal/AudioPlatformState(  246): route-parameter-manager:         Applying configuration "NotApplicable" from domain "StreamRoute.Media.Playback"
01-09 00:41:39.590 D/AudioIntelHal/AudioPlatformState(  246): route-parameter-manager:         Applying configuration "No" from domain "Route.HwCodec0IA.Playback.Applicable"
01-09 00:41:39.590 D/AudioIntelHal/AudioPlatformState(  246): route-parameter-manager:         Applying configuration "NotSelected" from domain "Parameter.Outputflags.Primary"
01-09 00:41:39.600 D/AudioIntelHal/AudioPlatformState(  246): route-parameter-manager:     } Applying configurations
01-09 00:41:39.600 D/AudioIntelHal/AudioPlatformState(  246): route-parameter-manager: } Configuration application request
01-09 00:41:39.600 D/EVENT_THREAD(  246): void CEventThread::trig(void*, uint32_t): in
01-09 00:41:39.600 D/EVENT_THREAD(  246): void CEventThread::trig(void*, uint32_t): out
01-09 00:41:39.600 D/RouteManager(  246): doReconsiderRouting: Route state:
01-09 00:41:39.600 D/RouteManager(  246): 	-Previously Enabled Route in Input = <none>
01-09 00:41:39.600 D/RouteManager(  246): 	-Previously Enabled Route in Output = Media|HwCodec0IA
01-09 00:41:39.600 D/RouteManager(  246): 	-Selected Route in Input = <none>
01-09 00:41:39.600 D/RouteManager(  246): 	-Selected Route in Output = <none>
01-09 00:41:39.600 D/RouteManager(  246): 		-executeMuteRoutingStage-
01-09 00:41:39.600 D/RouteManager(  246): audio-parameter-manager: Selection criterion changed event: Criterion name: RoutageState, current state: Flow
01-09 00:41:39.600 D/RouteManager(  246): audio-parameter-manager: Selection criterion changed event: Criterion name: ClosingPlaybackRoutes, current state: Media|HwCodec0IA
01-09 00:41:39.600 D/RouteManager(  246): audio-parameter-manager: Selection criterion changed event: Criterion name: OpenedPlaybackRoutes, current state: <none>
01-09 00:41:39.600 D/RouteManager(  246): audio-parameter-manager: Configuration application request {
01-09 00:41:39.600 D/RouteManager(  246): audio-parameter-manager:     Applying configurations {
01-09 00:41:39.600 D/RouteManager(  246): audio-parameter-manager:         Applying configuration "Mute" from domain "Routing.Sst.Mute.HwCodec.Playback.Internal"
01-09 00:41:39.600 D/RouteManager(  246): audio-parameter-manager:         Applying configuration "Mute" from domain "Routing.Sst.Mute.Media.Playback.Regular"
01-09 00:41:39.600 D/RouteManager(  246): audio-parameter-manager:         Applying configuration "Mute" from domain "Routing.Mute.CodecWM8958.Playback.Internal.IHF"
01-09 00:41:39.600 D/RouteManager(  246): audio-parameter-manager:     } Applying configurations
01-09 00:41:39.600 D/RouteManager(  246): audio-parameter-manager: } Configuration application request
01-09 00:41:39.600 D/RouteManager(  246): 		-executeDisableRoutingStage-
01-09 00:41:39.600 D/RouteManager(  246): audio-parameter-manager: Selection criterion changed event: Criterion name: RoutageState, current state: Path
01-09 00:41:39.600 D/RouteManager(  246): audio-parameter-manager: Configuration application request {
01-09 00:41:39.600 D/RouteManager(  246): audio-parameter-manager:     Applying configurations {
01-09 00:41:39.600 D/RouteManager(  246): audio-parameter-manager:         Applying configuration "Locked" from domain "Routing.Sst.Enable.VoiceProcessingLock.Uplink"
01-09 00:41:39.600 D/RouteManager(  246): audio-parameter-manager:         Applying configuration "Locked" from domain "Routing.Sst.Enable.VoiceProcessingLock.Downlink"
01-09 00:41:39.600 D/RouteManager(  246): audio-parameter-manager:         Applying configuration "Disable" from domain "Routing.Enable.CodecWM8958.Playback.Internal.Speaker"
01-09 00:41:39.600 D/RouteManager(  246): audio-parameter-manager:     } Applying configurations
01-09 00:41:39.600 D/RouteManager(  246): audio-parameter-manager: } Configuration application request
01-09 00:41:39.600 D/TinyAlsaAudioDevice(  246): close
01-09 00:41:39.610 D/RouteManager(  246): 		-executeConfigureRoutingStage-
01-09 00:41:39.610 D/RouteManager(  246): audio-parameter-manager: Selection criterion changed event: Criterion name: RoutageState, current state: Configure
01-09 00:41:39.610 D/RouteManager(  246): audio-parameter-manager: Selection criterion changed event: Criterion name: ClosingPlaybackRoutes, current state: <none>
01-09 00:41:39.610 D/RouteManager(  246): audio-parameter-manager: Selection criterion changed event: Criterion name: OutputFlags, current state: <none>
01-09 00:41:39.610 D/RouteManager(  246): audio-parameter-manager: Configuration application request {
01-09 00:41:39.610 D/RouteManager(  246): audio-parameter-manager:     Applying configurations {
01-09 00:41:39.610 D/RouteManager(  246): audio-parameter-manager:         Applying configuration "Unbind" from domain "Routing.Sst.Configure.Playback.SpeakerEqToSprot"
01-09 00:41:39.610 D/RouteManager(  246): audio-parameter-manager:         Applying configuration "Unbind" from domain "Routing.Sst.Configure.Playback.Media.ToSpeakerEq"
01-09 00:41:39.610 D/RouteManager(  246): audio-parameter-manager:         Applying configuration "Unbind" from domain "Routing.Sst.Configure.Playback.HwCodec.SprotToSpeaker"
01-09 00:41:39.610 D/RouteManager(  246): audio-parameter-manager:         Applying configuration "Disable" from domain "Routing.Configure.CodecWM8958.Playback"
01-09 00:41:39.610 D/RouteManager(  246): audio-parameter-manager:         Applying configuration "Unbind" from domain "Routing.Configure.CodecWM8958.AIF.Playback.Internal"
01-09 00:41:39.610 W/Camera_AAAThread(  246): 1 frames in 3A process queue, handling timestamp 65595155226 instead of 65595155226
01-09 00:41:39.620 D/RouteManager(  246): audio-parameter-manager:     } Applying configurations
01-09 00:41:39.620 D/RouteManager(  246): audio-parameter-manager: } Configuration application request
01-09 00:41:39.620 D/RouteManager(  246): 		-executeEnableRoutingStage-
01-09 00:41:39.620 D/RouteManager(  246): audio-parameter-manager: Selection criterion changed event: Criterion name: RoutageState, current state: Path|Configure
01-09 00:41:39.620 D/RouteManager(  246): audio-parameter-manager: Configuration application request {
01-09 00:41:39.620 D/RouteManager(  246): audio-parameter-manager:     Applying configurations {
01-09 00:41:39.620 D/RouteManager(  246): audio-parameter-manager:         Applying configuration "UnLocked" from domain "Routing.Sst.Enable.VoiceProcessingLock.Uplink"
01-09 00:41:39.620 D/RouteManager(  246): audio-parameter-manager:         Applying configuration "UnLocked" from domain "Routing.Sst.Enable.VoiceProcessingLock.Downlink"
01-09 00:41:39.620 D/RouteManager(  246): audio-parameter-manager:     } Applying configurations
01-09 00:41:39.620 D/RouteManager(  246): audio-parameter-manager: } Configuration application request
01-09 00:41:39.620 D/RouteManager(  246): 		-executeUnmuteRoutingStage
01-09 00:41:39.620 D/RouteManager(  246): audio-parameter-manager: Selection criterion changed event: Criterion name: RoutageState, current state: Flow|Path|Configure
01-09 00:41:39.620 D/RouteManager(  246): audio-parameter-manager: Configuration application request {
01-09 00:41:39.620 D/RouteManager(  246): audio-parameter-manager:     Applying configurations {
01-09 00:41:39.620 D/RouteManager(  246): audio-parameter-manager:     } Applying configurations
01-09 00:41:39.620 D/RouteManager(  246): audio-parameter-manager: } Configuration application request
01-09 00:41:39.620 D/RouteManager(  246): doReconsiderRouting: DONE
01-09 00:41:39.620 D/EVENT_THREAD(  246): void CEventThread::run() Do poll with timeout: -1
01-09 00:41:39.620 I/WAKELOCK_RELEASE(  650): TIMESTAMP=66343662316970, TAG=AudioMix, TYPE=PARTIAL_WAKE_LOCK             , COUNT=0, PID=246, UID=1013, FLAGS=
01-09 00:41:39.650 W/Camera_AAAThread(  246): 1 frames in 3A process queue, handling timestamp 65595196585 instead of 65595196585
01-09 00:41:39.680 W/Camera_SensorThread(  246): @preventFastLooping, loop running too fast, throttling down!
01-09 00:41:39.690 W/Camera_AAAThread(  246): 1 frames in 3A process queue, handling timestamp 65595238401 instead of 65595238401
01-09 00:41:39.730 W/Camera_AAAThread(  246): 1 frames in 3A process queue, handling timestamp 65595279910 instead of 65595279910
01-09 00:41:39.780 W/Camera_AAAThread(  246): 1 frames in 3A process queue, handling timestamp 65595321569 instead of 65595321569
01-09 00:41:39.810 W/Camera_SensorThread(  246): @preventFastLooping, loop running too fast, throttling down!
01-09 00:41:39.820 W/Camera_AAAThread(  246): 1 frames in 3A process queue, handling timestamp 65595363271 instead of 65595363271
01-09 00:41:39.860 W/Camera_AAAThread(  246): 1 frames in 3A process queue, handling timestamp 65595404938 instead of 65595404938
01-09 00:41:39.940 W/Camera_SensorThread(  246): @preventFastLooping, loop running too fast, throttling down!
01-09 00:41:39.980 W/Camera_AAAThread(  246): 1 frames in 3A process queue, handling timestamp 65595530285 instead of 65595530285
01-09 00:41:40.030 W/Camera_AAAThread(  246): 1 frames in 3A process queue, handling timestamp 65595571636 instead of 65595571636
01-09 00:41:40.070 W/Camera_AAAThread(  246): 1 frames in 3A process queue, handling timestamp 65595613309 instead of 65595613309
01-09 00:41:40.070 W/Camera_SensorThread(  246): @preventFastLooping, loop running too fast, throttling down!
01-09 00:41:40.110 W/Camera_AAAThread(  246): 1 frames in 3A process queue, handling timestamp 65595654947 instead of 65595654947
01-09 00:41:40.150 W/Camera_AAAThread(  246): 1 frames in 3A process queue, handling timestamp 65595696708 instead of 65595696708
01-09 00:41:40.200 W/Camera_SensorThread(  246): @preventFastLooping, loop running too fast, throttling down!
01-09 00:41:40.250 I/CAM:CamFramework( 1242): Sending PERIODIC_SCAN_REQUEST event message to CamFramework
01-09 00:41:40.250 I/CAM:CamFramework( 1242): ---> handleMessage()
01-09 00:41:40.250 D/CAM:CamFramework( 1242): Handle Message Received Event: 16 Name: PERIODIC_SCAN_REQUEST
01-09 00:41:40.250 D/CAM:CamFramework( 1242): Default Case Handle Message Received Event: 16 Name: PERIODIC_SCAN_REQUEST
01-09 00:41:40.250 I/CAM:CamFramework:CellConnected( 1242): ---> processInStateTriggers()
01-09 00:41:40.250 I/CAM:CamFramework:CellConnected( 1242): Event: PERIODIC_SCAN_REQUEST
01-09 00:41:40.250 D/CAM:CamFrameworkUtils( 1242): No Configured Networks Found
01-09 00:41:40.250 I/CAM:CamFramework:CellConnected( 1242): <--- processInStateTriggers()
01-09 00:41:40.250 I/CAM:CamFramework( 1242): ---> performStateTrantions()
01-09 00:41:40.250 I/CAM:CamFramework( 1242): <--- performStateTrantions()
01-09 00:41:40.250 I/CAM:CamFramework( 1242): <--- handleMessage()
01-09 00:41:40.280 W/Camera_AAAThread(  246): 1 frames in 3A process queue, handling timestamp 65595821728 instead of 65595821728
01-09 00:41:40.320 W/Camera_AAAThread(  246): 1 frames in 3A process queue, handling timestamp 65595863553 instead of 65595863553
01-09 00:41:40.330 W/Camera_SensorThread(  246): @preventFastLooping, loop running too fast, throttling down!
01-09 00:41:40.360 W/Camera_AAAThread(  246): 1 frames in 3A process queue, handling timestamp 65595905031 instead of 65595905031
01-09 00:41:40.400 W/Camera_AAAThread(  246): 1 frames in 3A process queue, handling timestamp 65595946680 instead of 65595946680
01-09 00:41:40.440 W/Camera_AAAThread(  246): 1 frames in 3A process queue, handling timestamp 65595988351 instead of 65595988351
01-09 00:41:40.460 W/Camera_SensorThread(  246): @preventFastLooping, loop running too fast, throttling down!
01-09 00:41:40.480 W/Camera_AAAThread(  246): 1 frames in 3A process queue, handling timestamp 65596030037 instead of 65596030037
01-09 00:41:40.530 W/Camera_AAAThread(  246): 1 frames in 3A process queue, handling timestamp 65596072009 instead of 65596072009
01-09 00:41:40.570 W/Camera_AAAThread(  246): 1 frames in 3A process queue, handling timestamp 65596113787 instead of 65596113787
01-09 00:41:40.590 W/Camera_SensorThread(  246): @preventFastLooping, loop running too fast, throttling down!
01-09 00:41:40.610 W/Camera_AAAThread(  246): 1 frames in 3A process queue, handling timestamp 65596155033 instead of 65596155033
01-09 00:41:40.650 W/Camera_AAAThread(  246): 1 frames in 3A process queue, handling timestamp 65596196744 instead of 65596196744
01-09 00:41:40.680 I/dispmgr (  242): waiting for message from kernel.
01-09 00:41:40.680 I/dispmgr (  242): message from kernel received.
01-09 00:41:40.680 I/dispmgr (  242): DpstAlgorithm_DPST4_5 
01-09 00:41:40.680 I/dispmgr (  242): DpstAlgorithm_DPST4_5 level is 3
01-09 00:41:40.690 W/Camera_AAAThread(  246): 1 frames in 3A process queue, handling timestamp 65596238462 instead of 65596238462
