01-01 01:15:24.440 D/Atom_PerformanceTraces(  245): PnPBreakdown-step handleMessageStartPreview:, Time: 216508865 us, Diff: 182 us
01-01 01:15:24.440 D/Camera_HAL(  245): atom_send_command
01-01 01:15:24.440 D/CameraStorage( 3920): External storage state=mounted
01-01 01:15:24.440 V/CAM_PhotoModule( 3920): mJpegCallbackFinishTime = 27ms
01-01 01:15:24.450 I/dispmgr (  666): waiting for message from kernel.
01-01 01:15:24.450 I/dispmgr (  666): message from kernel received.
01-01 01:15:24.450 I/dispmgr (  666): DpstAlgorithm_DPST4_5 
01-01 01:15:24.450 I/dispmgr (  666): DpstAlgorithm_DPST4_5 level is 3
01-01 01:15:24.450 D/PVL     (  245): D] tcp : 469833, roll_over : 42, mcp : 11186 min_face_size(54) @ calculate_MCP():331
01-01 01:15:24.480 W/Camera_AAAThread(  245): 1 frames in 3A process queue, handling timestamp 4516563200 instead of 4516563200
01-01 01:15:24.500 E/Intel PowerHAL(  653): Error opening /sys/devices/system/cpu/cpufreq/interactive/touchboostpulse: Permission denied
01-01 01:15:24.510 E/Intel PowerHAL(  653): Error opening /sys/devices/system/cpu/cpufreq/interactive/touchboostpulse: Permission denied
01-01 01:15:24.520 W/Camera_AAAThread(  245): 1 frames in 3A process queue, handling timestamp 4516605011 instead of 4516605011
01-01 01:15:24.520 I/dispmgr (  666): waiting for message from kernel.
01-01 01:15:24.520 I/dispmgr (  666): message from kernel received.
01-01 01:15:24.520 I/dispmgr (  666): DpstAlgorithm_DPST4_5 
01-01 01:15:24.520 I/dispmgr (  666): DpstAlgorithm_DPST4_5 level is 3
01-01 01:15:24.520 D/SyncService( 2461): mObserverMediaImage : onChange (false) matched content://media/external/images/media
01-01 01:15:24.520 E/Intel PowerHAL(  653): Error opening /sys/devices/system/cpu/cpufreq/interactive/touchboostpulse: Permission denied
01-01 01:15:24.530 E/Intel PowerHAL(  653): Error opening /sys/devices/system/cpu/cpufreq/interactive/touchboostpulse: Permission denied
01-01 01:15:24.530 D/GalleryUtils( 2461): [GalleryUtils :: hasSpaceForSize] available size : 23675MB, input size : 128MB.
01-01 01:15:24.530 E/Intel PowerHAL(  653): Error opening /sys/devices/system/cpu/cpufreq/interactive/touchboostpulse: Permission denied
01-01 01:15:24.550 D/dalvikvm( 3920): GC_FOR_ALLOC freed 7843K, 59% free 20123K/48340K, paused 15ms, total 16ms
01-01 01:15:24.580 I/SecurityManagerService(  827): SMS received security event: IPCEvent[BROADCAST_INTENT/com.android.camera2]{container=0}
01-01 01:15:24.580 V/AsfAosp (  653): No ASF clients are connected
01-01 01:15:24.590 I/dispmgr (  666): waiting for message from kernel.
01-01 01:15:24.590 I/dispmgr (  666): message from kernel received.
01-01 01:15:24.590 I/dispmgr (  666): DpstAlgorithm_DPST4_5 
01-01 01:15:24.590 I/dispmgr (  666): DpstAlgorithm_DPST4_5 level is 3
01-01 01:15:24.600 W/Camera_AAAThread(  245): 1 frames in 3A process queue, handling timestamp 4516688267 instead of 4516688267
01-01 01:15:24.630 D/cip_VorbisDec(  245): UMCAudioDecoder::input data read (mSource->read) returned -1011, considering end of stream.
01-01 01:15:24.630 I/WAKELOCK_ACQUIRE(  653): TIMESTAMP=4516777950382, TAG=TimedEventQueue, TYPE=PARTIAL_WAKE_LOCK             , COUNT=0, PID=245, UID=1013, FLAGS=
01-01 01:15:24.640 W/Camera_AAAThread(  245): 1 frames in 3A process queue, handling timestamp 4516729957 instead of 4516729957
01-01 01:15:24.650 D/dalvikvm(  653): GC_EXPLICIT freed 514K, 36% free 15707K/24232K, paused 5ms+4ms, total 63ms
01-01 01:15:24.650 I/SecurityManagerService(  827): SMS received security event: IPCEvent[BROADCAST_INTENT/com.android.camera2]{container=0}
01-01 01:15:24.650 V/AsfAosp (  653): No ASF clients are connected
01-01 01:15:24.660 V/CAM_FocusManager( 3920): Start autofocus.
01-01 01:15:24.660 D/Camera_HAL(  245): atom_auto_focus
01-01 01:15:24.660 D/Atom_PerformanceTraces(  245): PnPBreakdown-step handleMessageAutoFocus:In, Time: 216735702 us, Diff: 226835 us
01-01 01:15:24.670 V/CAM_PhotoModule( 3920): mAutoFocusTime = 8ms
01-01 01:15:24.670 V/CAM_PhotoModule( 3920): Preview size is 960x720
01-01 01:15:24.670 D/Camera_HAL(  245): atom_send_command
01-01 01:15:24.670 V/CAM_PhotoModule( 3920): onShutterButtonClick: mCameraState=1
01-01 01:15:24.670 D/Camera_HAL(  245): atom_set_parameters
01-01 01:15:24.670 D/Camera_HAL(  245): atom_set_parameters
01-01 01:15:24.670 D/Camera_HAL(  245): atom_take_picture
01-01 01:15:24.670 D/Atom_PerformanceTraces(  245): PnPBreakdown-step takePicture:, Time: 216748219 us, Diff: 12515 us
01-01 01:15:24.680 D/Atom_PerformanceTraces(  245): PnPBreakdown-step Shot2Shot::stop:, Time: 216748388 us, Diff: 167 us
01-01 01:15:24.680 D/Atom_PerformanceTraces(  245): shot2shot latency: 636117 us.
01-01 01:15:24.680 D/Atom_PerformanceTraces(  245): PnPBreakdown-step Shot2Shot::start:, Time: 216748512 us, Diff: 123 us
01-01 01:15:24.680 D/Atom_PerformanceTraces(  245): PnPBreakdown-step captureStillPic:, Time: 216748568 us, Diff: 55 us
01-01 01:15:24.680 D/Atom_PerformanceTraces(  245): PnPBreakdown-step allocateBuffers:Mode:[1], Time: 216748657 us, Diff: 87 us
01-01 01:15:24.680 D/Atom_PerformanceTraces(  245): PnPBreakdown-step start:DeviceId:[0], Time: 216752881 us, Diff: 4223 us
01-01 01:15:24.680 D/Atom_PerformanceTraces(  245): PnPBreakdown-step start:DeviceId:[1], Time: 216753576 us, Diff: 694 us
01-01 01:15:24.680 W/Camera_AAAThread(  245): 1 frames in 3A process queue, handling timestamp 4516771636 instead of 4516771636
01-01 01:15:24.700 E/Intel PowerHAL(  653): Error opening /sys/devices/system/cpu/cpufreq/interactive/touchboostpulse: Permission denied
01-01 01:15:24.700 E/Intel PowerHAL(  653): Error opening /sys/devices/system/cpu/cpufreq/interactive/touchboostpulse: Permission denied
01-01 01:15:24.710 E/Intel PowerHAL(  653): Error opening /sys/devices/system/cpu/cpufreq/interactive/touchboostpulse: Permission denied
01-01 01:15:24.710 E/Intel PowerHAL(  653): Error opening /sys/devices/system/cpu/cpufreq/interactive/touchboostpulse: Permission denied
01-01 01:15:24.720 W/Camera_AAAThread(  245): 1 frames in 3A process queue, handling timestamp 4516813277 instead of 4516813277
01-01 01:15:24.730 E/Intel PowerHAL(  653): Error opening /sys/devices/system/cpu/cpufreq/interactive/touchboostpulse: Permission denied
01-01 01:15:24.760 I/dispmgr (  666): waiting for message from kernel.
01-01 01:15:24.760 I/dispmgr (  666): message from kernel received.
01-01 01:15:24.760 I/dispmgr (  666): DpstAlgorithm_DPST4_5 
01-01 01:15:24.760 I/dispmgr (  666): DpstAlgorithm_DPST4_5 level is 3
01-01 01:15:24.830 D/dalvikvm( 3920): GC_FOR_ALLOC freed 4381K, 54% free 22439K/48340K, paused 13ms, total 13ms
01-01 01:15:24.890 I/WAKELOCK_RELEASE(  653): TIMESTAMP=4517039790492, TAG=TimedEventQueue, TYPE=PARTIAL_WAKE_LOCK             , COUNT=0, PID=245, UID=1013, FLAGS=
01-01 01:15:24.900 D/Atom_PerformanceTraces(  245): PnPBreakdown-step captureStillPic:ISPGotFrame[1], Time: 216973200 us, Diff: 219619 us
01-01 01:15:24.900 D/Atom_PerformanceTraces(  245): ShutterLag from takePicture() to shot taken:	221ms
01-01 01:15:24.900 I/Camera_ControlThread(  245): @recycleUnusedBufferInISP buffers in ISP 0,0
01-01 01:15:24.900 W/Camera_EXIFMaker(  245): EXIF: Could not query brightness!
01-01 01:15:24.900 D/Atom_PerformanceTraces(  245): PnPBreakdown-step encodeToJpeg:frameEncode starting[1], Time: 216976594 us, Diff: 3392 us
01-01 01:15:24.900 D/Atom_PerformanceTraces(  245): PnPBreakdown-step startHwEncoding:In[1], Time: 216976643 us, Diff: 46 us
01-01 01:15:24.900 D/Camera_HAL(  245): atom_get_parameters
01-01 01:15:24.900 D/Camera_HAL(  245): atom_put_parameters
01-01 01:15:24.910 D/Camera_HAL(  245): atom_get_parameters
01-01 01:15:24.910 D/Camera_HAL(  245): atom_put_parameters
01-01 01:15:24.920 D/Atom_PerformanceTraces(  245): PnPBreakdown-step stop:DeviceId:[0], Time: 216989414 us, Diff: 12768 us
01-01 01:15:24.920 D/Atom_PerformanceTraces(  245): PnPBreakdown-step stop:DeviceId:[1], Time: 216990090 us, Diff: 673 us
01-01 01:15:24.920 E/AudioSink(  245): received unknown event type: 1 inside CallbackWrapper !
01-01 01:15:24.920 E/Intel PowerHAL(  653): Error opening /sys/devices/system/cpu/cpufreq/interactive/touchboostpulse: Permission denied
01-01 01:15:24.920 E/Intel PowerHAL(  653): Error opening /sys/devices/system/cpu/cpufreq/interactive/touchboostpulse: Permission denied
01-01 01:15:24.920 V/CAM_PhotoModule( 3920): mShutterLag = 252ms
01-01 01:15:24.930 V/CAM_PhotoModule( 3920): mShutterToRawCallbackTime = 1ms
01-01 01:15:24.930 V/CAM_PhotoModule( 3920): mShutterToPostViewCallbackTime = 1ms
01-01 01:15:24.950 E/Intel PowerHAL(  653): Error opening /sys/devices/system/cpu/cpufreq/interactive/touchboostpulse: Permission denied
01-01 01:15:24.950 E/Intel PowerHAL(  653): Error opening /sys/devices/system/cpu/cpufreq/interactive/touchboostpulse: Permission denied
01-01 01:15:24.950 I/dispmgr (  666): waiting for message from kernel.
01-01 01:15:24.950 I/dispmgr (  666): message from kernel received.
01-01 01:15:24.950 I/dispmgr (  666): DpstAlgorithm_DPST4_5 
01-01 01:15:24.950 I/dispmgr (  666): DpstAlgorithm_DPST4_5 level is 3
01-01 01:15:24.960 E/Intel PowerHAL(  653): Error opening /sys/devices/system/cpu/cpufreq/interactive/touchboostpulse: Permission denied
01-01 01:15:24.960 E/Intel PowerHAL(  653): Error opening /sys/devices/system/cpu/cpufreq/interactive/touchboostpulse: Permission denied
01-01 01:15:24.970 W/Camera_AAAThread(  245): 1 frames in 3A process queue, handling timestamp 4516896582 instead of 4516896582
01-01 01:15:25.020 W/Camera_AAAThread(  245): 1 frames in 3A process queue, handling timestamp 4517104956 instead of 4517104956
01-01 01:15:25.030 D/Atom_PerformanceTraces(  245): PnPBreakdown-step encodeToJpeg:frameEncoded[1], Time: 217099240 us, Diff: 109148 us
01-01 01:15:25.030 V/CAM_PhotoModule( 3920): mPictureDisplayedToJpegCallbackTime = 109ms
01-01 01:15:25.030 V/CAM_PhotoModule( 3920): stopPreview
01-01 01:15:25.030 D/Camera_HAL(  245): atom_stop_preview
01-01 01:15:25.030 D/Atom_PerformanceTraces(  245): PnPBreakdown-step Switch::start:, Time: 217108080 us, Diff: 8839 us
01-01 01:15:25.040 D/Camera_HAL(  245): ATOM_GetCameraInfo
01-01 01:15:25.040 D/Camera_HAL(  245): atom_cancel_auto_focus
01-01 01:15:25.040 V/CAM_PhotoModule( 3920): Preview size is 960x720
01-01 01:15:25.040 D/Camera_HAL(  245): atom_send_command
01-01 01:15:25.040 V/CAM_PhotoModule( 3920): startPreview
01-01 01:15:25.040 D/Camera_HAL(  245): atom_set_parameters
01-01 01:15:25.050 D/Camera_HAL(  245): atom_preview_enabled
01-01 01:15:25.050 D/Camera_HAL(  245): atom_set_preview_window preview_window = 0xf8694120
01-01 01:15:25.050 D/Atom_PerformanceTraces(  245): PnPBreakdown-step setPreviewWindow:, Time: 217119076 us, Diff: 10995 us
01-01 01:15:25.050 D/Camera_HAL(  245): atom_start_preview
01-01 01:15:25.050 D/Atom_PerformanceTraces(  245): PnPBreakdown-step handleMessageStartPreview:, Time: 217119195 us, Diff: 117 us
01-01 01:15:25.050 D/CameraStorage( 3920): External storage state=mounted
01-01 01:15:25.050 D/Camera_HAL(  245): atom_send_command
01-01 01:15:25.050 V/CAM_PhotoModule( 3920): mJpegCallbackFinishTime = 16ms
01-01 01:15:25.080 D/PVL     (  245): D] tcp : 469833, roll_over : 42, mcp : 11186 min_face_size(54) @ calculate_MCP():331
01-01 01:15:25.090 I/dispmgr (  666): waiting for message from kernel.
01-01 01:15:25.090 I/dispmgr (  666): message from kernel received.
01-01 01:15:25.090 I/dispmgr (  666): DpstAlgorithm_DPST4_5 
01-01 01:15:25.090 I/dispmgr (  666): DpstAlgorithm_DPST4_5 level is 3
01-01 01:15:25.100 E/Intel PowerHAL(  653): Error opening /sys/devices/system/cpu/cpufreq/interactive/touchboostpulse: Permission denied
01-01 01:15:25.100 E/Intel PowerHAL(  653): Error opening /sys/devices/system/cpu/cpufreq/interactive/touchboostpulse: Permission denied
01-01 01:15:25.100 D/SyncService( 2461): mObserverMediaImage : onChange (false) matched content://media/external/images/media
01-01 01:15:25.100 W/Camera_AAAThread(  245): 1 frames in 3A process queue, handling timestamp 4517188299 instead of 4517188299
01-01 01:15:25.100 E/Intel PowerHAL(  653): Error opening /sys/devices/system/cpu/cpufreq/interactive/touchboostpulse: Permission denied
01-01 01:15:25.110 E/Intel PowerHAL(  653): Error opening /sys/devices/system/cpu/cpufreq/interactive/touchboostpulse: Permission denied
01-01 01:15:25.110 E/Intel PowerHAL(  653): Error opening /sys/devices/system/cpu/cpufreq/interactive/touchboostpulse: Permission denied
01-01 01:15:25.120 D/dalvikvm( 3920): GC_FOR_ALLOC freed 7480K, 59% free 20098K/48340K, paused 8ms, total 8ms
01-01 01:15:25.120 D/GalleryUtils( 2461): [GalleryUtils :: hasSpaceForSize] available size : 23672MB, input size : 128MB.
01-01 01:15:25.130 I/SecurityManagerService(  827): SMS received security event: IPCEvent[BROADCAST_INTENT/com.android.camera2]{container=0}
01-01 01:15:25.130 V/AsfAosp (  653): No ASF clients are connected
01-01 01:15:25.140 I/SecurityManagerService(  827): SMS received security event: IPCEvent[BROADCAST_INTENT/com.android.camera2]{container=0}
01-01 01:15:25.140 V/AsfAosp (  653): No ASF clients are connected
01-01 01:15:25.140 I/SecurityManagerService(  827): SMS received security event: IPCEvent[BROADCAST_INTENT/com.android.camera2]{container=0}
01-01 01:15:25.140 W/Camera_AAAThread(  245): 1 frames in 3A process queue, handling timestamp 4517230006 instead of 4517230006
01-01 01:15:25.140 V/AsfAosp (  653): No ASF clients are connected
01-01 01:15:25.170 V/CAM_FocusManager( 3920): Start autofocus.
01-01 01:15:25.170 D/Camera_HAL(  245): atom_auto_focus
01-01 01:15:25.180 D/Atom_PerformanceTraces(  245): PnPBreakdown-step handleMessageAutoFocus:In, Time: 217248408 us, Diff: 129211 us
01-01 01:15:25.180 I/dispmgr (  666): waiting for message from kernel.
01-01 01:15:25.180 I/dispmgr (  666): message from kernel received.
01-01 01:15:25.180 I/dispmgr (  666): DpstAlgorithm_DPST4_5 
01-01 01:15:25.180 I/dispmgr (  666): DpstAlgorithm_DPST4_5 level is 3
01-01 01:15:25.180 W/Camera_AAAThread(  245): 1 frames in 3A process queue, handling timestamp 4517271741 instead of 4517271741
01-01 01:15:25.190 V/CAM_PhotoModule( 3920): onShutterButtonClick: mCameraState=2
01-01 01:15:25.190 V/CAM_PhotoModule( 3920): mAutoFocusTime = 18ms
01-01 01:15:25.190 D/Camera_HAL(  245): atom_set_parameters
01-01 01:15:25.200 D/Camera_HAL(  245): atom_take_picture
01-01 01:15:25.200 D/Atom_PerformanceTraces(  245): PnPBreakdown-step takePicture:, Time: 217268840 us, Diff: 20429 us
01-01 01:15:25.200 D/Atom_PerformanceTraces(  245): PnPBreakdown-step Shot2Shot::stop:, Time: 217269061 us, Diff: 218 us
01-01 01:15:25.200 D/Atom_PerformanceTraces(  245): shot2shot latency: 520577 us.
01-01 01:15:25.200 D/Atom_PerformanceTraces(  245): PnPBreakdown-step Shot2Shot::start:, Time: 217269116 us, Diff: 54 us
01-01 01:15:25.200 D/Atom_PerformanceTraces(  245): PnPBreakdown-step captureStillPic:, Time: 217269221 us, Diff: 103 us
01-01 01:15:25.200 D/Atom_PerformanceTraces(  245): PnPBreakdown-step allocateBuffers:Mode:[1], Time: 217269281 us, Diff: 58 us
01-01 01:15:25.200 D/Atom_PerformanceTraces(  245): PnPBreakdown-step start:DeviceId:[0], Time: 217275938 us, Diff: 6655 us
01-01 01:15:25.200 D/Atom_PerformanceTraces(  245): PnPBreakdown-step start:DeviceId:[1], Time: 217276651 us, Diff: 710 us
01-01 01:15:25.230 D/cip_VorbisDec(  245): UMCAudioDecoder::input data read (mSource->read) returned -1011, considering end of stream.
01-01 01:15:25.230 I/WAKELOCK_ACQUIRE(  653): TIMESTAMP=4517377850338, TAG=TimedEventQueue, TYPE=PARTIAL_WAKE_LOCK             , COUNT=0, PID=245, UID=1013, FLAGS=
01-01 01:15:25.250 I/dispmgr (  666): waiting for message from kernel.
01-01 01:15:25.250 I/dispmgr (  666): message from kernel received.
01-01 01:15:25.250 I/dispmgr (  666): DpstAlgorithm_DPST4_5 
01-01 01:15:25.250 I/dispmgr (  666): DpstAlgorithm_DPST4_5 level is 3
01-01 01:15:25.300 E/Intel PowerHAL(  653): Error opening /sys/devices/system/cpu/cpufreq/interactive/touchboostpulse: Permission denied
01-01 01:15:25.300 E/Intel PowerHAL(  653): Error opening /sys/devices/system/cpu/cpufreq/interactive/touchboostpulse: Permission denied
01-01 01:15:25.300 E/Intel PowerHAL(  653): Error opening /sys/devices/system/cpu/cpufreq/interactive/touchboostpulse: Permission denied
01-01 01:15:25.300 E/Intel PowerHAL(  653): Error opening /sys/devices/system/cpu/cpufreq/interactive/touchboostpulse: Permission denied
01-01 01:15:25.310 E/Intel PowerHAL(  653): Error opening /sys/devices/system/cpu/cpufreq/interactive/touchboostpulse: Permission denied
01-01 01:15:25.400 D/Atom_PerformanceTraces(  245): PnPBreakdown-step captureStillPic:ISPGotFrame[1], Time: 217473319 us, Diff: 196663 us
01-01 01:15:25.400 D/Atom_PerformanceTraces(  245): ShutterLag from takePicture() to shot taken:	201ms
01-01 01:15:25.400 D/Camera_HAL(  245): atom_get_parameters
01-01 01:15:25.400 W/Camera_EXIFMaker(  245): EXIF: Could not query brightness!
01-01 01:15:25.400 D/Camera_HAL(  245): atom_put_parameters
01-01 01:15:25.400 D/Atom_PerformanceTraces(  245): PnPBreakdown-step encodeToJpeg:frameEncode starting[1], Time: 217475373 us, Diff: 2052 us
01-01 01:15:25.400 D/Atom_PerformanceTraces(  245): PnPBreakdown-step startHwEncoding:In[1], Time: 217475498 us, Diff: 124 us
01-01 01:15:25.400 I/Camera_ControlThread(  245): @recycleUnusedBufferInISP buffers in ISP 0,0
01-01 01:15:25.400 D/Camera_HAL(  245): atom_get_parameters
01-01 01:15:25.400 D/Camera_HAL(  245): atom_put_parameters
01-01 01:15:25.400 D/dalvikvm( 3920): GC_FOR_ALLOC freed 4304K, 54% free 22414K/48340K, paused 7ms, total 9ms
01-01 01:15:25.410 D/Atom_PerformanceTraces(  245): PnPBreakdown-step stop:DeviceId:[0], Time: 217487485 us, Diff: 11983 us
01-01 01:15:25.420 D/Atom_PerformanceTraces(  245): PnPBreakdown-step stop:DeviceId:[1], Time: 217489408 us, Diff: 1919 us
01-01 01:15:25.420 V/CAM_PhotoModule( 3920): mShutterLag = 229ms
01-01 01:15:25.420 V/CAM_PhotoModule( 3920): mShutterToRawCallbackTime = 1ms
01-01 01:15:25.420 V/CAM_PhotoModule( 3920): mShutterToPostViewCallbackTime = 1ms
01-01 01:15:25.420 E/AudioSink(  245): received unknown event type: 1 inside CallbackWrapper !
01-01 01:15:25.480 W/Camera_AAAThread(  245): 1 frames in 3A process queue, handling timestamp 4517396684 instead of 4517396684
01-01 01:15:25.500 E/Intel PowerHAL(  653): Error opening /sys/devices/system/cpu/cpufreq/interactive/touchboostpulse: Permission denied
01-01 01:15:25.500 E/Intel PowerHAL(  653): Error opening /sys/devices/system/cpu/cpufreq/interactive/touchboostpulse: Permission denied
01-01 01:15:25.510 E/Intel PowerHAL(  653): Error opening /sys/devices/system/cpu/cpufreq/interactive/touchboostpulse: Permission denied
01-01 01:15:25.510 E/Intel PowerHAL(  653): Error opening /sys/devices/system/cpu/cpufreq/interactive/touchboostpulse: Permission denied
01-01 01:15:25.520 E/Intel PowerHAL(  653): Error opening /sys/devices/system/cpu/cpufreq/interactive/touchboostpulse: Permission denied
01-01 01:15:25.520 I/WAKELOCK_RELEASE(  653): TIMESTAMP=4517663816060, TAG=TimedEventQueue, TYPE=PARTIAL_WAKE_LOCK             , COUNT=0, PID=245, UID=1013, FLAGS=
01-01 01:15:25.540 I/dispmgr (  666): waiting for message from kernel.
01-01 01:15:25.540 I/dispmgr (  666): message from kernel received.
01-01 01:15:25.540 I/dispmgr (  666): DpstAlgorithm_DPST4_5 
01-01 01:15:25.540 I/dispmgr (  666): DpstAlgorithm_DPST4_5 level is 3
01-01 01:15:25.540 D/Atom_PerformanceTraces(  245): PnPBreakdown-step encodeToJpeg:frameEncoded[1], Time: 217618097 us, Diff: 128685 us
01-01 01:15:25.560 W/Camera_AAAThread(  245): 1 frames in 3A process queue, handling timestamp 4517646760 instead of 4517646760
01-01 01:15:25.560 V/CAM_PhotoModule( 3920): mPictureDisplayedToJpegCallbackTime = 137ms
01-01 01:15:25.560 V/CAM_PhotoModule( 3920): stopPreview
01-01 01:15:25.560 D/Camera_HAL(  245): atom_stop_preview
01-01 01:15:25.560 D/Atom_PerformanceTraces(  245): PnPBreakdown-step Switch::start:, Time: 217634659 us, Diff: 16559 us
01-01 01:15:25.560 D/Camera_HAL(  245): ATOM_GetCameraInfo
01-01 01:15:25.560 D/Camera_HAL(  245): atom_cancel_auto_focus
01-01 01:15:25.570 V/CAM_PhotoModule( 3920): Preview size is 960x720
01-01 01:15:25.570 D/Camera_HAL(  245): atom_send_command
01-01 01:15:25.570 V/CAM_PhotoModule( 3920): startPreview
01-01 01:15:25.570 D/Camera_HAL(  245): atom_set_parameters
01-01 01:15:25.570 D/Camera_HAL(  245): atom_preview_enabled
01-01 01:15:25.570 D/Camera_HAL(  245): atom_set_preview_window preview_window = 0xf8694120
01-01 01:15:25.570 D/Atom_PerformanceTraces(  245): PnPBreakdown-step setPreviewWindow:, Time: 217642432 us, Diff: 7771 us
01-01 01:15:25.570 D/Camera_HAL(  245): atom_start_preview
01-01 01:15:25.570 D/Atom_PerformanceTraces(  245): PnPBreakdown-step handleMessageStartPreview:, Time: 217642560 us, Diff: 125 us
01-01 01:15:25.570 D/Camera_HAL(  245): atom_send_command
01-01 01:15:25.580 D/CameraStorage( 3920): External storage state=mounted
01-01 01:15:25.580 V/CAM_PhotoModule( 3920): mJpegCallbackFinishTime = 16ms
01-01 01:15:25.600 W/Camera_AAAThread(  245): 1 frames in 3A process queue, handling timestamp 4517688443 instead of 4517688443
01-01 01:15:25.610 D/PVL     (  245): D] tcp : 469833, roll_over : 42, mcp : 11186 min_face_size(54) @ calculate_MCP():331
01-01 01:15:25.620 D/SyncService( 2461): mObserverMediaImage : onChange (false) matched content://media/external/images/media
01-01 01:15:25.630 D/GalleryUtils( 2461): [GalleryUtils :: hasSpaceForSize] available size : 23670MB, input size : 128MB.
01-01 01:15:25.630 D/dalvikvm( 3920): GC_FOR_ALLOC freed 7446K, 58% free 20438K/48340K, paused 8ms, total 8ms
01-01 01:15:25.640 W/Camera_AAAThread(  245): 1 frames in 3A process queue, handling timestamp 4517730103 instead of 4517730103
01-01 01:15:25.660 I/SecurityManagerService(  827): SMS received security event: IPCEvent[BROADCAST_INTENT/com.android.camera2]{container=0}
01-01 01:15:25.660 V/AsfAosp (  653): No ASF clients are connected
01-01 01:15:25.660 E/Intel PowerHAL(  653): Error opening /sys/devices/system/cpu/cpufreq/interactive/touchboostpulse: Permission denied
01-01 01:15:25.660 E/Intel PowerHAL(  653): Error opening /sys/devices/system/cpu/cpufreq/interactive/touchboostpulse: Permission denied
01-01 01:15:25.660 I/SecurityManagerService(  827): SMS received security event: IPCEvent[BROADCAST_INTENT/com.android.camera2]{container=0}
01-01 01:15:25.660 V/AsfAosp (  653): No ASF clients are connected
01-01 01:15:25.660 I/SecurityManagerService(  827): SMS received security event: IPCEvent[BROADCAST_INTENT/com.android.camera2]{container=0}
01-01 01:15:25.660 V/AsfAosp (  653): No ASF clients are connected
01-01 01:15:25.660 I/dispmgr (  666): waiting for message from kernel.
01-01 01:15:25.660 I/dispmgr (  666): message from kernel received.
01-01 01:15:25.660 I/dispmgr (  666): DpstAlgorithm_DPST4_5 
01-01 01:15:25.660 I/dispmgr (  666): DpstAlgorithm_DPST4_5 level is 3
01-01 01:15:25.670 E/Intel PowerHAL(  653): Error opening /sys/devices/system/cpu/cpufreq/interactive/touchboostpulse: Permission denied
01-01 01:15:25.670 E/Intel PowerHAL(  653): Error opening /sys/devices/system/cpu/cpufreq/interactive/touchboostpulse: Permission denied
01-01 01:15:25.680 E/Intel PowerHAL(  653): Error opening /sys/devices/system/cpu/cpufreq/interactive/touchboostpulse: Permission denied
01-01 01:15:25.680 W/Camera_AAAThread(  245): 1 frames in 3A process queue, handling timestamp 4517771740 instead of 4517771740
01-01 01:15:25.730 W/Camera_AAAThread(  245): 1 frames in 3A process queue, handling timestamp 4517813499 instead of 4517813499
01-01 01:15:25.730 V/CAM_FocusManager( 3920): Start autofocus.
01-01 01:15:25.730 D/Camera_HAL(  245): atom_auto_focus
01-01 01:15:25.730 D/Atom_PerformanceTraces(  245): PnPBreakdown-step handleMessageAutoFocus:In, Time: 217804154 us, Diff: 161592 us
01-01 01:15:25.750 V/CAM_PhotoModule( 3920): onShutterButtonClick: mCameraState=2
01-01 01:15:25.750 V/CAM_PhotoModule( 3920): mAutoFocusTime = 16ms
01-01 01:15:25.750 D/Camera_HAL(  245): atom_set_parameters
01-01 01:15:25.750 D/Camera_HAL(  245): atom_take_picture
01-01 01:15:25.750 D/Atom_PerformanceTraces(  245): PnPBreakdown-step takePicture:, Time: 217822980 us, Diff: 18824 us
01-01 01:15:25.750 D/Atom_PerformanceTraces(  245): PnPBreakdown-step Shot2Shot::stop:, Time: 217823300 us, Diff: 319 us
01-01 01:15:25.750 D/Atom_PerformanceTraces(  245): shot2shot latency: 554216 us.
01-01 01:15:25.750 D/Atom_PerformanceTraces(  245): PnPBreakdown-step Shot2Shot::start:, Time: 217823344 us, Diff: 43 us
01-01 01:15:25.750 D/Atom_PerformanceTraces(  245): PnPBreakdown-step captureStillPic:, Time: 217823365 us, Diff: 19 us
01-01 01:15:25.750 D/Atom_PerformanceTraces(  245): PnPBreakdown-step allocateBuffers:Mode:[1], Time: 217823475 us, Diff: 108 us
01-01 01:15:25.760 D/Atom_PerformanceTraces(  245): PnPBreakdown-step start:DeviceId:[0], Time: 217834073 us, Diff: 10596 us
01-01 01:15:25.760 D/cip_VorbisDec(  245): UMCAudioDecoder::input data read (mSource->read) returned -1011, considering end of stream.
01-01 01:15:25.760 D/Atom_PerformanceTraces(  245): PnPBreakdown-step start:DeviceId:[1], Time: 217838014 us, Diff: 3939 us
01-01 01:15:25.760 I/WAKELOCK_ACQUIRE(  653): TIMESTAMP=4517906506507, TAG=TimedEventQueue, TYPE=PARTIAL_WAKE_LOCK             , COUNT=0, PID=245, UID=1013, FLAGS=
01-01 01:15:25.790 I/dispmgr (  666): waiting for message from kernel.
01-01 01:15:25.790 I/dispmgr (  666): message from kernel received.
01-01 01:15:25.790 I/dispmgr (  666): DpstAlgorithm_DPST4_5 
01-01 01:15:25.790 I/dispmgr (  666): DpstAlgorithm_DPST4_5 level is 3
01-01 01:15:25.850 E/Intel PowerHAL(  653): Error opening /sys/devices/system/cpu/cpufreq/interactive/touchboostpulse: Permission denied
01-01 01:15:25.850 E/Intel PowerHAL(  653): Error opening /sys/devices/system/cpu/cpufreq/interactive/touchboostpulse: Permission denied
01-01 01:15:25.860 E/Intel PowerHAL(  653): Error opening /sys/devices/system/cpu/cpufreq/interactive/touchboostpulse: Permission denied
01-01 01:15:25.860 E/Intel PowerHAL(  653): Error opening /sys/devices/system/cpu/cpufreq/interactive/touchboostpulse: Permission denied
01-01 01:15:25.880 E/Intel PowerHAL(  653): Error opening /sys/devices/system/cpu/cpufreq/interactive/touchboostpulse: Permission denied
01-01 01:15:25.980 D/dalvikvm( 3920): GC_FOR_ALLOC freed 4314K, 53% free 22755K/48340K, paused 7ms, total 7ms
01-01 01:15:25.980 D/Atom_PerformanceTraces(  245): PnPBreakdown-step captureStillPic:ISPGotFrame[1], Time: 218056642 us, Diff: 218627 us
01-01 01:15:25.980 D/Atom_PerformanceTraces(  245): ShutterLag from takePicture() to shot taken:	230ms
01-01 01:15:25.980 I/Camera_ControlThread(  245): @recycleUnusedBufferInISP buffers in ISP 0,0
01-01 01:15:25.990 D/Camera_HAL(  245): atom_get_parameters
01-01 01:15:25.990 D/Camera_HAL(  245): atom_put_parameters
01-01 01:15:25.990 D/Camera_HAL(  245): atom_get_parameters
01-01 01:15:25.990 D/Camera_HAL(  245): atom_put_parameters
01-01 01:15:25.990 W/Camera_EXIFMaker(  245): EXIF: Could not query brightness!
01-01 01:15:25.990 D/Atom_PerformanceTraces(  245): PnPBreakdown-step encodeToJpeg:frameEncode starting[1], Time: 218058984 us, Diff: 2341 us
01-01 01:15:25.990 D/Atom_PerformanceTraces(  245): PnPBreakdown-step startHwEncoding:In[1], Time: 218058995 us, Diff: 9 us
01-01 01:15:25.990 D/Atom_PerformanceTraces(  245): PnPBreakdown-step stop:DeviceId:[0], Time: 218066435 us, Diff: 7439 us
01-01 01:15:25.990 D/Atom_PerformanceTraces(  245): PnPBreakdown-step stop:DeviceId:[1], Time: 218066793 us, Diff: 358 us
01-01 01:15:26.000 E/AudioSink(  245): received unknown event type: 1 inside CallbackWrapper !
01-01 01:15:26.000 V/CAM_PhotoModule( 3920): mShutterLag = 259ms
01-01 01:15:26.010 V/CAM_PhotoModule( 3920): mShutterToRawCallbackTime = 0ms
01-01 01:15:26.010 V/CAM_PhotoModule( 3920): mShutterToPostViewCallbackTime = 1ms
01-01 01:15:26.020 I/WAKELOCK_RELEASE(  653): TIMESTAMP=4518169725811, TAG=TimedEventQueue, TYPE=PARTIAL_WAKE_LOCK             , COUNT=0, PID=245, UID=1013, FLAGS=
01-01 01:15:26.030 D/Camera_DebugFrameRate(  245): time: 2.000105 seconds, frames: 28, fps: 13.999263
01-01 01:15:26.050 E/Intel PowerHAL(  653): Error opening /sys/devices/system/cpu/cpufreq/interactive/touchboostpulse: Permission denied
01-01 01:15:26.050 E/Intel PowerHAL(  653): Error opening /sys/devices/system/cpu/cpufreq/interactive/touchboostpulse: Permission denied
01-01 01:15:26.060 E/Intel PowerHAL(  653): Error opening /sys/devices/system/cpu/cpufreq/interactive/touchboostpulse: Permission denied
01-01 01:15:26.060 E/Intel PowerHAL(  653): Error opening /sys/devices/system/cpu/cpufreq/interactive/touchboostpulse: Permission denied
01-01 01:15:26.060 W/Camera_AAAThread(  245): 1 frames in 3A process queue, handling timestamp 4517980186 instead of 4517980186
01-01 01:15:26.070 E/Intel PowerHAL(  653): Error opening /sys/devices/system/cpu/cpufreq/interactive/touchboostpulse: Permission denied
01-01 01:15:26.100 I/dispmgr (  666): waiting for message from kernel.
01-01 01:15:26.100 I/dispmgr (  666): message from kernel received.
01-01 01:15:26.100 I/dispmgr (  666): DpstAlgorithm_DPST4_5 
01-01 01:15:26.100 I/dispmgr (  666): DpstAlgorithm_DPST4_5 level is 3
01-01 01:15:26.100 D/Atom_PerformanceTraces(  245): PnPBreakdown-step encodeToJpeg:frameEncoded[1], Time: 218176366 us, Diff: 109571 us
01-01 01:15:26.110 V/CAM_PhotoModule( 3920): mPictureDisplayedToJpegCallbackTime = 104ms
01-01 01:15:26.110 V/CAM_PhotoModule( 3920): stopPreview
01-01 01:15:26.110 D/Camera_HAL(  245): atom_stop_preview
01-01 01:15:26.110 D/Atom_PerformanceTraces(  245): PnPBreakdown-step Switch::start:, Time: 218184736 us, Diff: 8367 us
01-01 01:15:26.120 D/Camera_HAL(  245): ATOM_GetCameraInfo
01-01 01:15:26.120 D/Camera_HAL(  245): atom_cancel_auto_focus
01-01 01:15:26.120 V/CAM_PhotoModule( 3920): Preview size is 960x720
01-01 01:15:26.120 D/Camera_HAL(  245): atom_send_command
01-01 01:15:26.120 V/CAM_PhotoModule( 3920): startPreview
01-01 01:15:26.120 D/Camera_HAL(  245): atom_set_parameters
01-01 01:15:26.120 D/Camera_HAL(  245): atom_preview_enabled
01-01 01:15:26.120 D/Camera_HAL(  245): atom_set_preview_window preview_window = 0xf8694120
01-01 01:15:26.120 D/Atom_PerformanceTraces(  245): PnPBreakdown-step setPreviewWindow:, Time: 218197385 us, Diff: 12647 us
01-01 01:15:26.120 D/Camera_HAL(  245): atom_start_preview
01-01 01:15:26.120 D/Atom_PerformanceTraces(  245): PnPBreakdown-step handleMessageStartPreview:, Time: 218197899 us, Diff: 512 us
01-01 01:15:26.130 D/Camera_HAL(  245): atom_send_command
01-01 01:15:26.140 D/CameraStorage( 3920): External storage state=mounted
01-01 01:15:26.140 V/CAM_PhotoModule( 3920): mJpegCallbackFinishTime = 27ms
01-01 01:15:26.140 W/Camera_AAAThread(  245): 1 frames in 3A process queue, handling timestamp 4518230396 instead of 4518230396
01-01 01:15:26.150 D/PVL     (  245): D] tcp : 469833, roll_over : 42, mcp : 11186 min_face_size(54) @ calculate_MCP():331
01-01 01:15:26.180 W/Camera_AAAThread(  245): 1 frames in 3A process queue, handling timestamp 4518271962 instead of 4518271962
01-01 01:15:26.220 E/Intel PowerHAL(  653): Error opening /sys/devices/system/cpu/cpufreq/interactive/touchboostpulse: Permission denied
01-01 01:15:26.220 E/Intel PowerHAL(  653): Error opening /sys/devices/system/cpu/cpufreq/interactive/touchboostpulse: Permission denied
01-01 01:15:26.230 W/Camera_AAAThread(  245): 1 frames in 3A process queue, handling timestamp 4518313739 instead of 4518313739
01-01 01:15:26.230 E/Intel PowerHAL(  653): Error opening /sys/devices/system/cpu/cpufreq/interactive/touchboostpulse: Permission denied
01-01 01:15:26.230 E/Intel PowerHAL(  653): Error opening /sys/devices/system/cpu/cpufreq/interactive/touchboostpulse: Permission denied
01-01 01:15:26.240 I/dispmgr (  666): waiting for message from kernel.
01-01 01:15:26.240 I/dispmgr (  666): message from kernel received.
01-01 01:15:26.240 I/dispmgr (  666): DpstAlgorithm_DPST4_5 
01-01 01:15:26.240 I/dispmgr (  666): DpstAlgorithm_DPST4_5 level is 3
01-01 01:15:26.240 E/Intel PowerHAL(  653): Error opening /sys/devices/system/cpu/cpufreq/interactive/touchboostpulse: Permission denied
01-01 01:15:26.270 D/SyncService( 2461): mObserverMediaImage : onChange (false) matched content://media/external/images/media
01-01 01:15:26.290 D/GalleryUtils( 2461): [GalleryUtils :: hasSpaceForSize] available size : 23668MB, input size : 128MB.
01-01 01:15:26.300 D/dalvikvm( 3920): GC_FOR_ALLOC freed 7798K, 59% free 20207K/48340K, paused 9ms, total 9ms
01-01 01:15:26.310 I/dispmgr (  666): waiting for message from kernel.
01-01 01:15:26.310 I/dispmgr (  666): message from kernel received.
01-01 01:15:26.310 I/dispmgr (  666): DpstAlgorithm_DPST4_5 
01-01 01:15:26.310 I/dispmgr (  666): DpstAlgorithm_DPST4_5 level is 3
01-01 01:15:26.310 W/Camera_AAAThread(  245): 1 frames in 3A process queue, handling timestamp 4518396820 instead of 4518396820
01-01 01:15:26.320 I/SecurityManagerService(  827): SMS received security event: IPCEvent[BROADCAST_INTENT/com.android.camera2]{container=0}
01-01 01:15:26.320 V/AsfAosp (  653): No ASF clients are connected
01-01 01:15:26.320 I/SecurityManagerService(  827): SMS received security event: IPCEvent[BROADCAST_INTENT/com.android.camera2]{container=0}
01-01 01:15:26.320 V/AsfAosp (  653): No ASF clients are connected
01-01 01:15:26.320 I/SecurityManagerService(  827): SMS received security event: IPCEvent[BROADCAST_INTENT/com.android.camera2]{container=0}
01-01 01:15:26.320 V/AsfAosp (  653): No ASF clients are connected
01-01 01:15:26.340 V/CAM_FocusManager( 3920): Start autofocus.
01-01 01:15:26.340 D/Camera_HAL(  245): atom_auto_focus
01-01 01:15:26.340 D/Atom_PerformanceTraces(  245): PnPBreakdown-step handleMessageAutoFocus:In, Time: 218410410 us, Diff: 212509 us
01-01 01:15:26.340 V/CAM_PhotoModule( 3920): onShutterButtonClick: mCameraState=2
01-01 01:15:26.340 V/CAM_PhotoModule( 3920): mAutoFocusTime = 8ms
01-01 01:15:26.350 D/Camera_HAL(  245): atom_set_parameters
01-01 01:15:26.350 D/Camera_HAL(  245): atom_take_picture
01-01 01:15:26.350 D/Atom_PerformanceTraces(  245): PnPBreakdown-step takePicture:, Time: 218420995 us, Diff: 10583 us
01-01 01:15:26.350 D/Atom_PerformanceTraces(  245): PnPBreakdown-step Shot2Shot::stop:, Time: 218421183 us, Diff: 187 us
01-01 01:15:26.350 D/Atom_PerformanceTraces(  245): shot2shot latency: 597918 us.
01-01 01:15:26.350 D/Atom_PerformanceTraces(  245): PnPBreakdown-step Shot2Shot::start:, Time: 218421324 us, Diff: 140 us
01-01 01:15:26.350 D/Atom_PerformanceTraces(  245): PnPBreakdown-step captureStillPic:, Time: 218421343 us, Diff: 19 us
01-01 01:15:26.350 D/Atom_PerformanceTraces(  245): PnPBreakdown-step allocateBuffers:Mode:[1], Time: 218421503 us, Diff: 159 us
01-01 01:15:26.350 W/Camera_AAAThread(  245): 1 frames in 3A process queue, handling timestamp 4518438702 instead of 4518438702
01-01 01:15:26.360 D/Atom_PerformanceTraces(  245): PnPBreakdown-step start:DeviceId:[0], Time: 218429174 us, Diff: 7669 us
01-01 01:15:26.360 D/Atom_PerformanceTraces(  245): PnPBreakdown-step start:DeviceId:[1], Time: 218429647 us, Diff: 471 us
01-01 01:15:26.360 D/cip_VorbisDec(  245): UMCAudioDecoder::input data read (mSource->read) returned -1011, considering end of stream.
01-01 01:15:26.360 I/WAKELOCK_ACQUIRE(  653): TIMESTAMP=4518506752880, TAG=TimedEventQueue, TYPE=PARTIAL_WAKE_LOCK             , COUNT=0, PID=245, UID=1013, FLAGS=
01-01 01:15:26.390 W/Camera_AAAThread(  245): 1 frames in 3A process queue, handling timestamp 4518480227 instead of 4518480227
01-01 01:15:26.430 I/dispmgr (  666): waiting for message from kernel.
01-01 01:15:26.430 I/dispmgr (  666): message from kernel received.
01-01 01:15:26.430 I/dispmgr (  666): DpstAlgorithm_DPST4_5 
01-01 01:15:26.430 I/dispmgr (  666): DpstAlgorithm_DPST4_5 level is 3
01-01 01:15:26.440 E/Intel PowerHAL(  653): Error opening /sys/devices/system/cpu/cpufreq/interactive/touchboostpulse: Permission denied
01-01 01:15:26.440 E/Intel PowerHAL(  653): Error opening /sys/devices/system/cpu/cpufreq/interactive/touchboostpulse: Permission denied
01-01 01:15:26.450 E/Intel PowerHAL(  653): Error opening /sys/devices/system/cpu/cpufreq/interactive/touchboostpulse: Permission denied
01-01 01:15:26.450 E/Intel PowerHAL(  653): Error opening /sys/devices/system/cpu/cpufreq/interactive/touchboostpulse: Permission denied
01-01 01:15:26.470 E/Intel PowerHAL(  653): Error opening /sys/devices/system/cpu/cpufreq/interactive/touchboostpulse: Permission denied
01-01 01:15:26.570 D/Atom_PerformanceTraces(  245): PnPBreakdown-step captureStillPic:ISPGotFrame[1], Time: 218639650 us, Diff: 210001 us
01-01 01:15:26.570 D/Atom_PerformanceTraces(  245): ShutterLag from takePicture() to shot taken:	215ms
01-01 01:15:26.570 I/Camera_ControlThread(  245): @recycleUnusedBufferInISP buffers in ISP 0,0
01-01 01:15:26.570 W/Camera_EXIFMaker(  245): EXIF: Could not query brightness!
01-01 01:15:26.570 D/Atom_PerformanceTraces(  245): PnPBreakdown-step encodeToJpeg:frameEncode starting[1], Time: 218640774 us, Diff: 1122 us
01-01 01:15:26.570 D/Atom_PerformanceTraces(  245): PnPBreakdown-step startHwEncoding:In[1], Time: 218640785 us, Diff: 10 us
01-01 01:15:26.570 D/Camera_HAL(  245): atom_get_parameters
01-01 01:15:26.570 D/Camera_HAL(  245): atom_put_parameters
01-01 01:15:26.570 D/Camera_HAL(  245): atom_get_parameters
01-01 01:15:26.570 D/Camera_HAL(  245): atom_put_parameters
01-01 01:15:26.570 D/Atom_PerformanceTraces(  245): PnPBreakdown-step stop:DeviceId:[0], Time: 218646947 us, Diff: 6160 us
01-01 01:15:26.570 D/Atom_PerformanceTraces(  245): PnPBreakdown-step stop:DeviceId:[1], Time: 218647622 us, Diff: 674 us
01-01 01:15:26.580 E/AudioSink(  245): received unknown event type: 1 inside CallbackWrapper !
01-01 01:15:26.580 V/CAM_PhotoModule( 3920): mShutterLag = 238ms
01-01 01:15:26.580 V/CAM_PhotoModule( 3920): mShutterToRawCallbackTime = 0ms
01-01 01:15:26.580 V/CAM_PhotoModule( 3920): mShutterToPostViewCallbackTime = 1ms
01-01 01:15:26.600 D/dalvikvm( 3920): GC_FOR_ALLOC freed 2154K, 54% free 22523K/48340K, paused 5ms, total 6ms
01-01 01:15:26.610 I/WAKELOCK_RELEASE(  653): TIMESTAMP=4518750709252, TAG=TimedEventQueue, TYPE=PARTIAL_WAKE_LOCK             , COUNT=0, PID=245, UID=1013, FLAGS=
01-01 01:15:26.640 W/Camera_AAAThread(  245): 1 frames in 3A process queue, handling timestamp 4518563467 instead of 4518563467
01-01 01:15:26.650 E/Intel PowerHAL(  653): Error opening /sys/devices/system/cpu/cpufreq/interactive/touchboostpulse: Permission denied
01-01 01:15:26.650 E/Intel PowerHAL(  653): Error opening /sys/devices/system/cpu/cpufreq/interactive/touchboostpulse: Permission denied
01-01 01:15:26.670 E/Intel PowerHAL(  653): Error opening /sys/devices/system/cpu/cpufreq/interactive/touchboostpulse: Permission denied
01-01 01:15:26.670 E/Intel PowerHAL(  653): Error opening /sys/devices/system/cpu/cpufreq/interactive/touchboostpulse: Permission denied
01-01 01:15:26.680 W/Camera_AAAThread(  245): 1 frames in 3A process queue, handling timestamp 4518771860 instead of 4518771860
01-01 01:15:26.690 D/Atom_PerformanceTraces(  245): PnPBreakdown-step encodeToJpeg:frameEncoded[1], Time: 218765150 us, Diff: 117526 us
01-01 01:15:26.710 I/dispmgr (  666): waiting for message from kernel.
01-01 01:15:26.710 I/dispmgr (  666): message from kernel received.
01-01 01:15:26.710 I/dispmgr (  666): DpstAlgorithm_DPST4_5 
01-01 01:15:26.710 I/dispmgr (  666): DpstAlgorithm_DPST4_5 level is 3
01-01 01:15:26.710 E/Intel PowerHAL(  653): Error opening /sys/devices/system/cpu/cpufreq/interactive/touchboostpulse: Permission denied
01-01 01:15:26.710 E/Intel PowerHAL(  653): Error opening /sys/devices/system/cpu/cpufreq/interactive/touchboostpulse: Permission denied
01-01 01:15:26.720 V/CAM_PhotoModule( 3920): mPictureDisplayedToJpegCallbackTime = 139ms
01-01 01:15:26.720 V/CAM_PhotoModule( 3920): stopPreview
01-01 01:15:26.720 D/Camera_HAL(  245): atom_stop_preview
01-01 01:15:26.720 D/Atom_PerformanceTraces(  245): PnPBreakdown-step Switch::start:, Time: 218796068 us, Diff: 30915 us
01-01 01:15:26.730 D/Camera_HAL(  245): ATOM_GetCameraInfo
01-01 01:15:26.730 D/Camera_HAL(  245): atom_cancel_auto_focus
01-01 01:15:26.730 V/CAM_PhotoModule( 3920): Preview size is 960x720
01-01 01:15:26.730 D/Camera_HAL(  245): atom_send_command
01-01 01:15:26.730 V/CAM_PhotoModule( 3920): startPreview
01-01 01:15:26.730 D/Camera_HAL(  245): atom_set_parameters
01-01 01:15:26.730 D/Camera_HAL(  245): atom_preview_enabled
01-01 01:15:26.730 D/Camera_HAL(  245): atom_set_preview_window preview_window = 0xf8694120
01-01 01:15:26.730 D/Atom_PerformanceTraces(  245): PnPBreakdown-step setPreviewWindow:, Time: 218807344 us, Diff: 11273 us
01-01 01:15:26.730 D/Camera_HAL(  245): atom_start_preview
01-01 01:15:26.730 D/Atom_PerformanceTraces(  245): PnPBreakdown-step handleMessageStartPreview:, Time: 218807883 us, Diff: 536 us
01-01 01:15:26.740 D/Camera_HAL(  245): atom_send_command
01-01 01:15:26.740 D/CameraStorage( 3920): External storage state=mounted
01-01 01:15:26.740 V/CAM_PhotoModule( 3920): mJpegCallbackFinishTime = 20ms
01-01 01:15:26.780 D/PVL     (  245): D] tcp : 469833, roll_over : 42, mcp : 11186 min_face_size(54) @ calculate_MCP():331
01-01 01:15:26.810 W/Camera_AAAThread(  245): 1 frames in 3A process queue, handling timestamp 4518896906 instead of 4518896906
01-01 01:15:26.830 E/Intel PowerHAL(  653): Error opening /sys/devices/system/cpu/cpufreq/interactive/touchboostpulse: Permission denied
01-01 01:15:26.830 E/Intel PowerHAL(  653): Error opening /sys/devices/system/cpu/cpufreq/interactive/touchboostpulse: Permission denied
01-01 01:15:26.840 E/Intel PowerHAL(  653): Error opening /sys/devices/system/cpu/cpufreq/interactive/touchboostpulse: Permission denied
01-01 01:15:26.840 E/Intel PowerHAL(  653): Error opening /sys/devices/system/cpu/cpufreq/interactive/touchboostpulse: Permission denied
01-01 01:15:26.850 E/Intel PowerHAL(  653): Error opening /sys/devices/system/cpu/cpufreq/interactive/touchboostpulse: Permission denied
01-01 01:15:26.850 W/Camera_AAAThread(  245): 1 frames in 3A process queue, handling timestamp 4518938570 instead of 4518938570
01-01 01:15:26.880 D/SyncService( 2461): mObserverMediaImage : onChange (false) matched content://media/external/images/media
01-01 01:15:26.890 D/cip_VorbisDec(  245): UMCAudioDecoder::input data read (mSource->read) returned -1011, considering end of stream.
01-01 01:15:26.890 W/Camera_AAAThread(  245): 1 frames in 3A process queue, handling timestamp 4518980279 instead of 4518980279
01-01 01:15:26.890 D/GalleryUtils( 2461): [GalleryUtils :: hasSpaceForSize] available size : 23665MB, input size : 128MB.
01-01 01:15:26.890 I/WAKELOCK_ACQUIRE(  653): TIMESTAMP=4519036071562, TAG=TimedEventQueue, TYPE=PARTIAL_WAKE_LOCK             , COUNT=0, PID=245, UID=1013, FLAGS=
01-01 01:15:26.900 D/dalvikvm( 3920): GC_FOR_ALLOC freed 9715K, 59% free 20124K/48340K, paused 7ms, total 7ms
01-01 01:15:26.910 I/SecurityManagerService(  827): SMS received security event: IPCEvent[BROADCAST_INTENT/com.android.camera2]{container=0}
01-01 01:15:26.910 V/AsfAosp (  653): No ASF clients are connected
01-01 01:15:26.910 I/SecurityManagerService(  827): SMS received security event: IPCEvent[BROADCAST_INTENT/com.android.camera2]{container=0}
01-01 01:15:26.910 V/AsfAosp (  653): No ASF clients are connected
01-01 01:15:26.910 I/SecurityManagerService(  827): SMS received security event: IPCEvent[BROADCAST_INTENT/com.android.camera2]{container=0}
01-01 01:15:26.910 V/AsfAosp (  653): No ASF clients are connected
01-01 01:15:26.930 V/CAM_FocusManager( 3920): Start autofocus.
01-01 01:15:26.930 D/Camera_HAL(  245): atom_auto_focus
01-01 01:15:26.930 D/Atom_PerformanceTraces(  245): PnPBreakdown-step handleMessageAutoFocus:In, Time: 218999988 us, Diff: 192102 us
01-01 01:15:26.940 W/Camera_AAAThread(  245): 1 frames in 3A process queue, handling timestamp 4519021897 instead of 4519021897
01-01 01:15:26.940 V/CAM_PhotoModule( 3920): onShutterButtonClick: mCameraState=2
01-01 01:15:26.940 V/CAM_PhotoModule( 3920): mAutoFocusTime = 15ms
01-01 01:15:26.940 D/Camera_HAL(  245): atom_set_parameters
01-01 01:15:26.940 D/Camera_HAL(  245): atom_take_picture
01-01 01:15:26.940 D/Atom_PerformanceTraces(  245): PnPBreakdown-step takePicture:, Time: 219016975 us, Diff: 16985 us
01-01 01:15:26.940 D/Atom_PerformanceTraces(  245): PnPBreakdown-step Shot2Shot::stop:, Time: 219017212 us, Diff: 236 us
01-01 01:15:26.940 D/Atom_PerformanceTraces(  245): shot2shot latency: 596019 us.
01-01 01:15:26.940 D/Atom_PerformanceTraces(  245): PnPBreakdown-step Shot2Shot::start:, Time: 219017456 us, Diff: 244 us
01-01 01:15:26.940 D/Atom_PerformanceTraces(  245): PnPBreakdown-step captureStillPic:, Time: 219017571 us, Diff: 113 us
01-01 01:15:26.940 D/Atom_PerformanceTraces(  245): PnPBreakdown-step allocateBuffers:Mode:[1], Time: 219017740 us, Diff: 167 us
01-01 01:15:26.950 D/Atom_PerformanceTraces(  245): PnPBreakdown-step start:DeviceId:[0], Time: 219022563 us, Diff: 4822 us
01-01 01:15:26.950 D/Atom_PerformanceTraces(  245): PnPBreakdown-step start:DeviceId:[1], Time: 219024238 us, Diff: 1673 us
01-01 01:15:26.980 W/Camera_AAAThread(  245): 1 frames in 3A process queue, handling timestamp 4519063566 instead of 4519063566
01-01 01:15:26.980 I/dispmgr (  666): waiting for message from kernel.
01-01 01:15:26.980 I/dispmgr (  666): message from kernel received.
01-01 01:15:26.980 I/dispmgr (  666): DpstAlgorithm_DPST4_5 
01-01 01:15:26.980 I/dispmgr (  666): DpstAlgorithm_DPST4_5 level is 3
01-01 01:15:27.020 E/Intel PowerHAL(  653): Error opening /sys/devices/system/cpu/cpufreq/interactive/touchboostpulse: Permission denied
01-01 01:15:27.020 E/Intel PowerHAL(  653): Error opening /sys/devices/system/cpu/cpufreq/interactive/touchboostpulse: Permission denied
01-01 01:15:27.030 E/Intel PowerHAL(  653): Error opening /sys/devices/system/cpu/cpufreq/interactive/touchboostpulse: Permission denied
01-01 01:15:27.030 E/Intel PowerHAL(  653): Error opening /sys/devices/system/cpu/cpufreq/interactive/touchboostpulse: Permission denied
01-01 01:15:27.040 E/Intel PowerHAL(  653): Error opening /sys/devices/system/cpu/cpufreq/interactive/touchboostpulse: Permission denied
01-01 01:15:27.150 D/Atom_PerformanceTraces(  245): PnPBreakdown-step captureStillPic:ISPGotFrame[1], Time: 219223045 us, Diff: 198804 us
01-01 01:15:27.150 D/Atom_PerformanceTraces(  245): ShutterLag from takePicture() to shot taken:	203ms
01-01 01:15:27.150 I/Camera_ControlThread(  245): @recycleUnusedBufferInISP buffers in ISP 0,0
01-01 01:15:27.150 D/Camera_HAL(  245): atom_get_parameters
01-01 01:15:27.150 D/Camera_HAL(  245): atom_put_parameters
01-01 01:15:27.150 W/Camera_EXIFMaker(  245): EXIF: Could not query brightness!
01-01 01:15:27.150 D/Atom_PerformanceTraces(  245): PnPBreakdown-step encodeToJpeg:frameEncode starting[1], Time: 219225096 us, Diff: 2049 us
01-01 01:15:27.150 D/Atom_PerformanceTraces(  245): PnPBreakdown-step startHwEncoding:In[1], Time: 219225107 us, Diff: 10 us
01-01 01:15:27.150 D/Camera_HAL(  245): atom_get_parameters
01-01 01:15:27.150 D/Camera_HAL(  245): atom_put_parameters
01-01 01:15:27.160 D/Atom_PerformanceTraces(  245): PnPBreakdown-step stop:DeviceId:[0], Time: 219234541 us, Diff: 9430 us
01-01 01:15:27.160 D/Atom_PerformanceTraces(  245): PnPBreakdown-step stop:DeviceId:[1], Time: 219235276 us, Diff: 732 us
01-01 01:15:27.170 D/dalvikvm( 3920): GC_FOR_ALLOC freed 1135K, 48% free 25592K/48340K, paused 11ms, total 11ms
01-01 01:15:27.170 V/CAM_PhotoModule( 3920): mShutterLag = 232ms
01-01 01:15:27.170 V/CAM_PhotoModule( 3920): mShutterToRawCallbackTime = 1ms
01-01 01:15:27.170 I/WAKELOCK_RELEASE(  653): TIMESTAMP=4519319642657, TAG=TimedEventQueue, TYPE=PARTIAL_WAKE_LOCK             , COUNT=0, PID=245, UID=1013, FLAGS=
01-01 01:15:27.180 E/AudioSink(  245): received unknown event type: 1 inside CallbackWrapper !
01-01 01:15:27.180 V/CAM_PhotoModule( 3920): mShutterToPostViewCallbackTime = 8ms
01-01 01:15:27.200 E/Intel PowerHAL(  653): Error opening /sys/devices/system/cpu/cpufreq/interactive/touchboostpulse: Permission denied
01-01 01:15:27.200 E/Intel PowerHAL(  653): Error opening /sys/devices/system/cpu/cpufreq/interactive/touchboostpulse: Permission denied
01-01 01:15:27.210 E/Intel PowerHAL(  653): Error opening /sys/devices/system/cpu/cpufreq/interactive/touchboostpulse: Permission denied
01-01 01:15:27.210 E/Intel PowerHAL(  653): Error opening /sys/devices/system/cpu/cpufreq/interactive/touchboostpulse: Permission denied
01-01 01:15:27.220 E/Intel PowerHAL(  653): Error opening /sys/devices/system/cpu/cpufreq/interactive/touchboostpulse: Permission denied
01-01 01:15:27.220 W/Camera_AAAThread(  245): 1 frames in 3A process queue, handling timestamp 4519146914 instead of 4519146914
01-01 01:15:27.270 W/Camera_AAAThread(  245): 1 frames in 3A process queue, handling timestamp 4519355238 instead of 4519355238
01-01 01:15:27.270 D/Atom_PerformanceTraces(  245): PnPBreakdown-step encodeToJpeg:frameEncoded[1], Time: 219342303 us, Diff: 107024 us
01-01 01:15:27.280 I/dispmgr (  666): waiting for message from kernel.
01-01 01:15:27.280 I/dispmgr (  666): message from kernel received.
01-01 01:15:27.280 I/dispmgr (  666): DpstAlgorithm_DPST4_5 
01-01 01:15:27.280 I/dispmgr (  666): DpstAlgorithm_DPST4_5 level is 3
01-01 01:15:27.290 V/CAM_PhotoModule( 3920): mPictureDisplayedToJpegCallbackTime = 109ms
01-01 01:15:27.290 V/CAM_PhotoModule( 3920): stopPreview
01-01 01:15:27.290 D/Camera_HAL(  245): atom_stop_preview
01-01 01:15:27.290 D/Atom_PerformanceTraces(  245): PnPBreakdown-step Switch::start:, Time: 219364222 us, Diff: 21918 us
01-01 01:15:27.290 D/Camera_HAL(  245): ATOM_GetCameraInfo
01-01 01:15:27.290 D/Camera_HAL(  245): atom_cancel_auto_focus
01-01 01:15:27.290 V/CAM_PhotoModule( 3920): Preview size is 960x720
