--------- beginning of /dev/log/main
01-01 01:15:21.310 W/Camera_AAAThread(  245): 1 frames in 3A process queue, handling timestamp 4513396137 instead of 4513396137
01-01 01:15:21.350 W/Camera_AAAThread(  245): 1 frames in 3A process queue, handling timestamp 4513437819 instead of 4513437819
01-01 01:15:21.470 W/Camera_AAAThread(  245): 1 frames in 3A process queue, handling timestamp 4513562987 instead of 4513562987
01-01 01:15:21.520 W/Camera_AAAThread(  245): 1 frames in 3A process queue, handling timestamp 4513604556 instead of 4513604556
01-01 01:15:21.560 W/Camera_AAAThread(  245): 1 frames in 3A process queue, handling timestamp 4513646175 instead of 4513646175
01-01 01:15:21.600 W/Camera_AAAThread(  245): 1 frames in 3A process queue, handling timestamp 4513688013 instead of 4513688013
01-01 01:15:21.640 W/Camera_AAAThread(  245): 1 frames in 3A process queue, handling timestamp 4513729770 instead of 4513729770
01-01 01:15:21.680 W/Camera_AAAThread(  245): 1 frames in 3A process queue, handling timestamp 4513771343 instead of 4513771343
01-01 01:15:21.850 W/Camera_AAAThread(  245): 1 frames in 3A process queue, handling timestamp 4513938250 instead of 4513938250
01-01 01:15:21.890 W/Camera_AAAThread(  245): 1 frames in 3A process queue, handling timestamp 4513979549 instead of 4513979549
01-01 01:15:21.930 W/Camera_AAAThread(  245): 1 frames in 3A process queue, handling timestamp 4514021521 instead of 4514021521
01-01 01:15:21.980 W/Camera_AAAThread(  245): 1 frames in 3A process queue, handling timestamp 4514063118 instead of 4514063118
01-01 01:15:22.020 W/Camera_AAAThread(  245): 1 frames in 3A process queue, handling timestamp 4514104589 instead of 4514104589
01-01 01:15:22.030 D/Camera_DebugFrameRate(  245): time: 2.000361 seconds, frames: 48, fps: 23.995665
01-01 01:15:22.060 W/Camera_AAAThread(  245): 1 frames in 3A process queue, handling timestamp 4514146785 instead of 4514146785
01-01 01:15:22.100 W/Camera_AAAThread(  245): 1 frames in 3A process queue, handling timestamp 4514188252 instead of 4514188252
01-01 01:15:22.140 W/Camera_AAAThread(  245): 1 frames in 3A process queue, handling timestamp 4514229633 instead of 4514229633
01-01 01:15:22.150 D/AudioIntelHal(  245): stopStream: output stream
01-01 01:15:22.150 D/AudioIntelHal/AudioPlatformState(  245): route-parameter-manager: Selection criterion changed event: Criterion name: OutputFlags, current state: <none>
01-01 01:15:22.150 D/AudioIntelHal/AudioPlatformState(  245): route-parameter-manager: Configuration application request {
01-01 01:15:22.150 D/AudioIntelHal/AudioPlatformState(  245): route-parameter-manager:     Applying configurations {
01-01 01:15:22.150 D/AudioIntelHal/AudioPlatformState(  245): route-parameter-manager:         Applying configuration "NotApplicable" from domain "StreamRoute.Media.Playback"
01-01 01:15:22.150 D/AudioIntelHal/AudioPlatformState(  245): route-parameter-manager:         Applying configuration "No" from domain "Route.HwCodec0IA.Playback.Applicable"
01-01 01:15:22.150 D/AudioIntelHal/AudioPlatformState(  245): route-parameter-manager:         Applying configuration "NotSelected" from domain "Parameter.Outputflags.Primary"
01-01 01:15:22.150 D/AudioIntelHal/AudioPlatformState(  245): route-parameter-manager:     } Applying configurations
01-01 01:15:22.150 D/AudioIntelHal/AudioPlatformState(  245): route-parameter-manager: } Configuration application request
01-01 01:15:22.150 D/EVENT_THREAD(  245): void CEventThread::trig(void*, uint32_t): in
01-01 01:15:22.150 D/EVENT_THREAD(  245): void CEventThread::trig(void*, uint32_t): out
01-01 01:15:22.150 D/RouteManager(  245): doReconsiderRouting: Route state:
01-01 01:15:22.150 D/RouteManager(  245): 	-Previously Enabled Route in Input = <none>
01-01 01:15:22.150 D/RouteManager(  245): 	-Previously Enabled Route in Output = Media|HwCodec0IA
01-01 01:15:22.150 D/RouteManager(  245): 	-Selected Route in Input = <none>
01-01 01:15:22.150 D/RouteManager(  245): 	-Selected Route in Output = <none>
01-01 01:15:22.150 D/RouteManager(  245): 		-executeMuteRoutingStage-
01-01 01:15:22.150 D/RouteManager(  245): audio-parameter-manager: Selection criterion changed event: Criterion name: RoutageState, current state: Flow
01-01 01:15:22.150 D/RouteManager(  245): audio-parameter-manager: Selection criterion changed event: Criterion name: ClosingPlaybackRoutes, current state: Media|HwCodec0IA
01-01 01:15:22.150 D/RouteManager(  245): audio-parameter-manager: Selection criterion changed event: Criterion name: OpenedPlaybackRoutes, current state: <none>
01-01 01:15:22.150 D/RouteManager(  245): audio-parameter-manager: Configuration application request {
01-01 01:15:22.150 D/RouteManager(  245): audio-parameter-manager:     Applying configurations {
01-01 01:15:22.150 D/RouteManager(  245): audio-parameter-manager:         Applying configuration "Mute" from domain "Routing.Sst.Mute.HwCodec.Playback.Internal"
01-01 01:15:22.150 D/RouteManager(  245): audio-parameter-manager:         Applying configuration "Mute" from domain "Routing.Sst.Mute.Media.Playback.Regular"
01-01 01:15:22.150 D/RouteManager(  245): audio-parameter-manager:         Applying configuration "Mute" from domain "Routing.Mute.CodecWM8958.Playback.Internal.IHF"
01-01 01:15:22.150 D/RouteManager(  245): audio-parameter-manager:     } Applying configurations
01-01 01:15:22.150 D/RouteManager(  245): audio-parameter-manager: } Configuration application request
01-01 01:15:22.150 D/RouteManager(  245): 		-executeDisableRoutingStage-
01-01 01:15:22.150 D/RouteManager(  245): audio-parameter-manager: Selection criterion changed event: Criterion name: RoutageState, current state: Path
01-01 01:15:22.150 D/RouteManager(  245): audio-parameter-manager: Configuration application request {
01-01 01:15:22.150 D/RouteManager(  245): audio-parameter-manager:     Applying configurations {
01-01 01:15:22.150 D/RouteManager(  245): audio-parameter-manager:         Applying configuration "Locked" from domain "Routing.Sst.Enable.VoiceProcessingLock.Uplink"
01-01 01:15:22.150 D/RouteManager(  245): audio-parameter-manager:         Applying configuration "Locked" from domain "Routing.Sst.Enable.VoiceProcessingLock.Downlink"
01-01 01:15:22.150 D/RouteManager(  245): audio-parameter-manager:         Applying configuration "Disable" from domain "Routing.Enable.CodecWM8958.Playback.Internal.Speaker"
01-01 01:15:22.150 D/RouteManager(  245): audio-parameter-manager:     } Applying configurations
01-01 01:15:22.150 D/RouteManager(  245): audio-parameter-manager: } Configuration application request
01-01 01:15:22.150 D/TinyAlsaAudioDevice(  245): close
01-01 01:15:22.160 D/RouteManager(  245): 		-executeConfigureRoutingStage-
01-01 01:15:22.160 D/RouteManager(  245): audio-parameter-manager: Selection criterion changed event: Criterion name: RoutageState, current state: Configure
01-01 01:15:22.160 D/RouteManager(  245): audio-parameter-manager: Selection criterion changed event: Criterion name: ClosingPlaybackRoutes, current state: <none>
01-01 01:15:22.160 D/RouteManager(  245): audio-parameter-manager: Selection criterion changed event: Criterion name: OutputFlags, current state: <none>
01-01 01:15:22.160 D/RouteManager(  245): audio-parameter-manager: Configuration application request {
01-01 01:15:22.160 D/RouteManager(  245): audio-parameter-manager:     Applying configurations {
01-01 01:15:22.160 D/RouteManager(  245): audio-parameter-manager:         Applying configuration "Unbind" from domain "Routing.Sst.Configure.Playback.SpeakerEqToSprot"
01-01 01:15:22.160 D/RouteManager(  245): audio-parameter-manager:         Applying configuration "Unbind" from domain "Routing.Sst.Configure.Playback.Media.ToSpeakerEq"
01-01 01:15:22.160 D/RouteManager(  245): audio-parameter-manager:         Applying configuration "Unbind" from domain "Routing.Sst.Configure.Playback.HwCodec.SprotToSpeaker"
01-01 01:15:22.160 D/RouteManager(  245): audio-parameter-manager:         Applying configuration "Disable" from domain "Routing.Configure.CodecWM8958.Playback"
01-01 01:15:22.160 D/RouteManager(  245): audio-parameter-manager:         Applying configuration "Unbind" from domain "Routing.Configure.CodecWM8958.AIF.Playback.Internal"
01-01 01:15:22.160 D/RouteManager(  245): audio-parameter-manager:     } Applying configurations
01-01 01:15:22.160 D/RouteManager(  245): audio-parameter-manager: } Configuration application request
01-01 01:15:22.160 D/RouteManager(  245): 		-executeEnableRoutingStage-
01-01 01:15:22.160 D/RouteManager(  245): audio-parameter-manager: Selection criterion changed event: Criterion name: RoutageState, current state: Path|Configure
01-01 01:15:22.160 D/RouteManager(  245): audio-parameter-manager: Configuration application request {
01-01 01:15:22.160 D/RouteManager(  245): audio-parameter-manager:     Applying configurations {
01-01 01:15:22.160 D/RouteManager(  245): audio-parameter-manager:         Applying configuration "UnLocked" from domain "Routing.Sst.Enable.VoiceProcessingLock.Uplink"
01-01 01:15:22.160 D/RouteManager(  245): audio-parameter-manager:         Applying configuration "UnLocked" from domain "Routing.Sst.Enable.VoiceProcessingLock.Downlink"
01-01 01:15:22.160 D/RouteManager(  245): audio-parameter-manager:     } Applying configurations
01-01 01:15:22.160 D/RouteManager(  245): audio-parameter-manager: } Configuration application request
01-01 01:15:22.160 D/RouteManager(  245): 		-executeUnmuteRoutingStage
01-01 01:15:22.160 D/RouteManager(  245): audio-parameter-manager: Selection criterion changed event: Criterion name: RoutageState, current state: Flow|Path|Configure
01-01 01:15:22.160 D/RouteManager(  245): audio-parameter-manager: Configuration application request {
01-01 01:15:22.160 D/RouteManager(  245): audio-parameter-manager:     Applying configurations {
01-01 01:15:22.160 D/RouteManager(  245): audio-parameter-manager:     } Applying configurations
01-01 01:15:22.160 D/RouteManager(  245): audio-parameter-manager: } Configuration application request
01-01 01:15:22.160 D/RouteManager(  245): doReconsiderRouting: DONE
01-01 01:15:22.160 D/EVENT_THREAD(  245): void CEventThread::run() Do poll with timeout: -1
--------- beginning of /dev/log/system
01-01 01:15:22.160 I/WAKELOCK_RELEASE(  653): TIMESTAMP=4514304930451, TAG=AudioMix, TYPE=PARTIAL_WAKE_LOCK             , COUNT=0, PID=245, UID=1013, FLAGS=
01-01 01:15:22.190 W/Camera_AAAThread(  245): 1 frames in 3A process queue, handling timestamp 4514271597 instead of 4514271597
01-01 01:15:22.230 W/Camera_AAAThread(  245): 1 frames in 3A process queue, handling timestamp 4514312969 instead of 4514312969
01-01 01:15:22.270 W/Camera_AAAThread(  245): 1 frames in 3A process queue, handling timestamp 4514354789 instead of 4514354789
01-01 01:15:22.310 W/Camera_AAAThread(  245): 1 frames in 3A process queue, handling timestamp 4514396259 instead of 4514396259
01-01 01:15:22.350 W/Camera_AAAThread(  245): 1 frames in 3A process queue, handling timestamp 4514438283 instead of 4514438283
01-01 01:15:22.390 W/Camera_AAAThread(  245): 1 frames in 3A process queue, handling timestamp 4514479954 instead of 4514479954
01-01 01:15:22.430 W/Camera_AAAThread(  245): 1 frames in 3A process queue, handling timestamp 4514521438 instead of 4514521438
01-01 01:15:22.470 W/Camera_AAAThread(  245): 1 frames in 3A process queue, handling timestamp 4514563060 instead of 4514563060
01-01 01:15:22.520 W/Camera_AAAThread(  245): 1 frames in 3A process queue, handling timestamp 4514604727 instead of 4514604727
01-01 01:15:22.560 W/Camera_AAAThread(  245): 1 frames in 3A process queue, handling timestamp 4514646496 instead of 4514646496
01-01 01:15:22.600 W/Camera_AAAThread(  245): 1 frames in 3A process queue, handling timestamp 4514688315 instead of 4514688315
01-01 01:15:22.640 W/Camera_AAAThread(  245): 1 frames in 3A process queue, handling timestamp 4514729794 instead of 4514729794
01-01 01:15:22.680 W/Camera_AAAThread(  245): 1 frames in 3A process queue, handling timestamp 4514771473 instead of 4514771473
01-01 01:15:22.720 W/Camera_AAAThread(  245): 1 frames in 3A process queue, handling timestamp 4514813096 instead of 4514813096
01-01 01:15:22.730 E/Intel PowerHAL(  653): Error opening /sys/devices/system/cpu/cpufreq/interactive/touchboostpulse: Permission denied
01-01 01:15:22.730 E/Intel PowerHAL(  653): Error opening /sys/devices/system/cpu/cpufreq/interactive/touchboostpulse: Permission denied
01-01 01:15:22.740 E/Intel PowerHAL(  653): Error opening /sys/devices/system/cpu/cpufreq/interactive/touchboostpulse: Permission denied
01-01 01:15:22.740 E/Intel PowerHAL(  653): Error opening /sys/devices/system/cpu/cpufreq/interactive/touchboostpulse: Permission denied
01-01 01:15:22.740 E/Intel PowerHAL(  653): Error opening /sys/devices/system/cpu/cpufreq/interactive/touchboostpulse: Permission denied
01-01 01:15:22.770 W/Camera_AAAThread(  245): 1 frames in 3A process queue, handling timestamp 4514854940 instead of 4514854940
01-01 01:15:22.810 W/Camera_AAAThread(  245): 1 frames in 3A process queue, handling timestamp 4514896674 instead of 4514896674
01-01 01:15:22.830 V/CAM_FocusManager( 3920): Start autofocus.
01-01 01:15:22.830 D/Camera_HAL(  245): atom_auto_focus
01-01 01:15:22.830 D/Atom_PerformanceTraces(  245): PnPBreakdown-step handleMessageAutoFocus:In, Time: 214901291 us, Diff: 4222477 us
01-01 01:15:22.830 V/CAM_PhotoModule( 3920): onShutterButtonClick: mCameraState=2
01-01 01:15:22.850 V/CAM_PhotoModule( 3920): mAutoFocusTime = 19ms
01-01 01:15:22.850 D/Camera_HAL(  245): atom_set_parameters
01-01 01:15:22.850 W/Camera_AAAThread(  245): 1 frames in 3A process queue, handling timestamp 4514938152 instead of 4514938152
01-01 01:15:22.850 D/Camera_HAL(  245): atom_take_picture
01-01 01:15:22.850 D/Atom_PerformanceTraces(  245): PnPBreakdown-step takePicture:, Time: 214926028 us, Diff: 24736 us
01-01 01:15:22.850 D/Atom_PerformanceTraces(  245): PnPBreakdown-step Shot2Shot::stop:, Time: 214926765 us, Diff: 730 us
01-01 01:15:22.850 D/Atom_PerformanceTraces(  245): shot2shot latency: 4614420 us.
01-01 01:15:22.850 D/Atom_PerformanceTraces(  245): PnPBreakdown-step Shot2Shot::start:, Time: 214926967 us, Diff: 198 us
01-01 01:15:22.850 D/Atom_PerformanceTraces(  245): PnPBreakdown-step captureStillPic:, Time: 214927020 us, Diff: 49 us
01-01 01:15:22.850 D/Atom_PerformanceTraces(  245): PnPBreakdown-step allocateBuffers:Mode:[1], Time: 214927218 us, Diff: 191 us
01-01 01:15:22.860 D/Atom_PerformanceTraces(  245): PnPBreakdown-step start:DeviceId:[0], Time: 214934463 us, Diff: 7244 us
01-01 01:15:22.860 D/Atom_PerformanceTraces(  245): PnPBreakdown-step start:DeviceId:[1], Time: 214935158 us, Diff: 693 us
01-01 01:15:22.890 W/Camera_AAAThread(  245): 1 frames in 3A process queue, handling timestamp 4514979724 instead of 4514979724
01-01 01:15:22.970 E/Intel PowerHAL(  653): Error opening /sys/devices/system/cpu/cpufreq/interactive/touchboostpulse: Permission denied
01-01 01:15:22.970 E/Intel PowerHAL(  653): Error opening /sys/devices/system/cpu/cpufreq/interactive/touchboostpulse: Permission denied
01-01 01:15:23.000 E/Intel PowerHAL(  653): Error opening /sys/devices/system/cpu/cpufreq/interactive/touchboostpulse: Permission denied
01-01 01:15:23.000 E/Intel PowerHAL(  653): Error opening /sys/devices/system/cpu/cpufreq/interactive/touchboostpulse: Permission denied
01-01 01:15:23.010 E/Intel PowerHAL(  653): Error opening /sys/devices/system/cpu/cpufreq/interactive/touchboostpulse: Permission denied
01-01 01:15:23.010 E/Intel PowerHAL(  653): Error opening /sys/devices/system/cpu/cpufreq/interactive/touchboostpulse: Permission denied
01-01 01:15:23.070 D/Atom_PerformanceTraces(  245): PnPBreakdown-step captureStillPic:ISPGotFrame[1], Time: 215139679 us, Diff: 204515 us
01-01 01:15:23.070 D/Atom_PerformanceTraces(  245): ShutterLag from takePicture() to shot taken:	210ms
01-01 01:15:23.070 I/Camera_ControlThread(  245): @recycleUnusedBufferInISP buffers in ISP 0,0
01-01 01:15:23.070 D/Camera_HAL(  245): atom_get_parameters
01-01 01:15:23.070 W/Camera_EXIFMaker(  245): EXIF: Could not query brightness!
01-01 01:15:23.070 D/Camera_HAL(  245): atom_put_parameters
01-01 01:15:23.070 D/Atom_PerformanceTraces(  245): PnPBreakdown-step encodeToJpeg:frameEncode starting[1], Time: 215142783 us, Diff: 3044 us
01-01 01:15:23.070 D/Atom_PerformanceTraces(  245): PnPBreakdown-step startHwEncoding:In[1], Time: 215142838 us, Diff: 53 us
01-01 01:15:23.070 D/AudioPolicyManagerALSA(  245): startOutput() output 2, stream type 7, session 66
01-01 01:15:23.070 I/WAKELOCK_ACQUIRE(  653): TIMESTAMP=4515217091911, TAG=AudioMix, TYPE=PARTIAL_WAKE_LOCK             , COUNT=0, PID=245, UID=1013, FLAGS=
01-01 01:15:23.080 D/Atom_PerformanceTraces(  245): PnPBreakdown-step stop:DeviceId:[0], Time: 215155433 us, Diff: 12591 us
01-01 01:15:23.080 D/Atom_PerformanceTraces(  245): PnPBreakdown-step stop:DeviceId:[1], Time: 215156306 us, Diff: 869 us
01-01 01:15:23.090 D/AudioIntelHal(  245): setStreamParameters: key value pair android_mode=0;output_devices=2
01-01 01:15:23.090 D/AudioIntelHal/AudioPlatformState(  245): setParameters: key value pair android_mode=0;output_devices=2
01-01 01:15:23.090 D/Camera_HAL(  245): atom_get_parameters
01-01 01:15:23.090 D/Camera_HAL(  245): atom_put_parameters
01-01 01:15:23.100 D/PROPERTY(  245): get media.dump_output.befconv: 0
01-01 01:15:23.100 D/PROPERTY(  245): get media.dump_output.aftconv: 0
01-01 01:15:23.100 D/AudioIntelHal(  245): startStream: output stream
01-01 01:15:23.100 D/AudioIntelHal/AudioPlatformState(  245): route-parameter-manager: Selection criterion changed event: Criterion name: OutputFlags, current state: Primary
01-01 01:15:23.100 D/AudioIntelHal/AudioPlatformState(  245): route-parameter-manager: Configuration application request {
01-01 01:15:23.100 D/AudioIntelHal/AudioPlatformState(  245): route-parameter-manager:     Applying configurations {
01-01 01:15:23.100 D/AudioIntelHal/AudioPlatformState(  245): route-parameter-manager:         Applying configuration "Applicable" from domain "StreamRoute.Media.Playback"
01-01 01:15:23.100 D/AudioIntelHal/AudioPlatformState(  245): route-parameter-manager:         Applying configuration "Yes" from domain "Route.HwCodec0IA.Playback.Applicable"
01-01 01:15:23.100 V/CAM_PhotoModule( 3920): mShutterLag = 256ms
01-01 01:15:23.100 D/AudioIntelHal/AudioPlatformState(  245): route-parameter-manager:         Applying configuration "Selected" from domain "Parameter.Outputflags.Primary"
01-01 01:15:23.100 D/AudioIntelHal/AudioPlatformState(  245): route-parameter-manager:     } Applying configurations
01-01 01:15:23.100 V/CAM_PhotoModule( 3920): mShutterToRawCallbackTime = 0ms
01-01 01:15:23.100 D/AudioIntelHal/AudioPlatformState(  245): route-parameter-manager: } Configuration application request
01-01 01:15:23.100 D/EVENT_THREAD(  245): void CEventThread::trig(void*, uint32_t): in
01-01 01:15:23.100 D/EVENT_THREAD(  245): void CEventThread::trig(void*, uint32_t): out
01-01 01:15:23.100 D/RouteManager(  245): doReconsiderRouting: Route state:
01-01 01:15:23.100 D/RouteManager(  245): 	-Previously Enabled Route in Input = <none>
01-01 01:15:23.100 D/RouteManager(  245): 	-Previously Enabled Route in Output = <none>
01-01 01:15:23.100 D/RouteManager(  245): 	-Selected Route in Input = <none>
01-01 01:15:23.100 D/RouteManager(  245): 	-Selected Route in Output = Media|HwCodec0IA
01-01 01:15:23.100 D/RouteManager(  245): 		-executeMuteRoutingStage-
01-01 01:15:23.100 D/RouteManager(  245): audio-parameter-manager: Selection criterion changed event: Criterion name: RoutageState, current state: Flow
01-01 01:15:23.100 D/RouteManager(  245): audio-parameter-manager: Configuration application request {
01-01 01:15:23.100 D/RouteManager(  245): audio-parameter-manager:     Applying configurations {
01-01 01:15:23.100 D/RouteManager(  245): audio-parameter-manager:     } Applying configurations
01-01 01:15:23.100 D/RouteManager(  245): audio-parameter-manager: } Configuration application request
01-01 01:15:23.100 D/RouteManager(  245): 		-executeDisableRoutingStage-
01-01 01:15:23.100 D/RouteManager(  245): audio-parameter-manager: Selection criterion changed event: Criterion name: RoutageState, current state: Path
01-01 01:15:23.100 D/RouteManager(  245): audio-parameter-manager: Configuration application request {
01-01 01:15:23.100 D/RouteManager(  245): audio-parameter-manager:     Applying configurations {
01-01 01:15:23.110 D/RouteManager(  245): audio-parameter-manager:         Applying configuration "Locked" from domain "Routing.Sst.Enable.VoiceProcessingLock.Uplink"
01-01 01:15:23.110 D/RouteManager(  245): audio-parameter-manager:         Applying configuration "Locked" from domain "Routing.Sst.Enable.VoiceProcessingLock.Downlink"
01-01 01:15:23.110 D/RouteManager(  245): audio-parameter-manager:     } Applying configurations
01-01 01:15:23.110 D/RouteManager(  245): audio-parameter-manager: } Configuration application request
01-01 01:15:23.110 D/RouteManager(  245): 		-executeConfigureRoutingStage-
01-01 01:15:23.110 D/RouteManager(  245): audio-parameter-manager: Selection criterion changed event: Criterion name: RoutageState, current state: Configure
01-01 01:15:23.110 D/RouteManager(  245): audio-parameter-manager: Selection criterion changed event: Criterion name: OpenedPlaybackRoutes, current state: Media|HwCodec0IA
01-01 01:15:23.110 D/RouteManager(  245): audio-parameter-manager: Selection criterion changed event: Criterion name: OutputFlags, current state: AUDIO_OUTPUT_FLAG_PRIMARY
01-01 01:15:23.110 D/RouteManager(  245): audio-parameter-manager: Configuration application request {
01-01 01:15:23.110 D/RouteManager(  245): audio-parameter-manager:     Applying configurations {
01-01 01:15:23.110 D/RouteManager(  245): audio-parameter-manager:         Applying configuration "Bind" from domain "Routing.Sst.Configure.Playback.SpeakerEqToSprot"
01-01 01:15:23.110 D/RouteManager(  245): audio-parameter-manager:         Applying configuration "Bind" from domain "Routing.Sst.Configure.Playback.Media.ToSpeakerEq"
01-01 01:15:23.110 D/RouteManager(  245): audio-parameter-manager:         Applying configuration "Bind" from domain "Routing.Sst.Configure.Playback.HwCodec.SprotToSpeaker"
01-01 01:15:23.110 D/RouteManager(  245): audio-parameter-manager:         Applying configuration "Enable" from domain "Routing.Configure.CodecWM8958.Playback"
01-01 01:15:23.110 D/RouteManager(  245): audio-parameter-manager:         Applying configuration "SpeakerEarpieceBind" from domain "Routing.Configure.CodecWM8958.AIF.Playback.Internal"
01-01 01:15:23.110 V/CAM_PhotoModule( 3920): mShutterToPostViewCallbackTime = 8ms
01-01 01:15:23.110 D/RouteManager(  245): audio-parameter-manager:     } Applying configurations
01-01 01:15:23.110 D/RouteManager(  245): audio-parameter-manager: } Configuration application request
01-01 01:15:23.110 D/RouteManager(  245): 		-executeEnableRoutingStage-
01-01 01:15:23.110 D/RouteManager(  245): audio-parameter-manager: Selection criterion changed event: Criterion name: RoutageState, current state: Path|Configure
01-01 01:15:23.110 D/TinyAlsaAudioDevice(  245): open card (wm8958audio,0) with config (rate(48000), format(0), channels(2))
01-01 01:15:23.110 D/TinyAlsaAudioDevice(  245): open	 RingBuffer config: periodSize=1152, nbPeriod=4 startTh=1151, stop Th=4608 silence Th=0
01-01 01:15:23.140 W/Camera_AAAThread(  245): 1 frames in 3A process queue, handling timestamp 4515063013 instead of 4515063013
01-01 01:15:23.140 D/RouteManager(  245): audio-parameter-manager: Configuration application request {
01-01 01:15:23.140 D/RouteManager(  245): audio-parameter-manager:     Applying configurations {
01-01 01:15:23.140 D/RouteManager(  245): audio-parameter-manager:         Applying configuration "UnLocked" from domain "Routing.Sst.Enable.VoiceProcessingLock.Uplink"
01-01 01:15:23.140 D/RouteManager(  245): audio-parameter-manager:         Applying configuration "UnLocked" from domain "Routing.Sst.Enable.VoiceProcessingLock.Downlink"
01-01 01:15:23.140 D/RouteManager(  245): audio-parameter-manager:         Applying configuration "SpeakerEnable" from domain "Routing.Enable.CodecWM8958.Playback.Internal.Speaker"
01-01 01:15:23.150 D/RouteManager(  245): audio-parameter-manager:     } Applying configurations
01-01 01:15:23.150 D/RouteManager(  245): audio-parameter-manager: } Configuration application request
01-01 01:15:23.150 D/AudioConversion(  245): configure: no convertion required
01-01 01:15:23.150 D/RouteManager(  245): 		-executeUnmuteRoutingStage
01-01 01:15:23.150 D/RouteManager(  245): audio-parameter-manager: Selection criterion changed event: Criterion name: RoutageState, current state: Flow|Path|Configure
01-01 01:15:23.150 D/RouteManager(  245): audio-parameter-manager: Configuration application request {
01-01 01:15:23.150 D/RouteManager(  245): audio-parameter-manager:     Applying configurations {
01-01 01:15:23.150 D/RouteManager(  245): audio-parameter-manager:         Applying configuration "Unmute" from domain "Routing.Sst.Mute.HwCodec.Playback.Internal"
01-01 01:15:23.150 D/RouteManager(  245): audio-parameter-manager:         Applying configuration "Unmute" from domain "Routing.Sst.Mute.Media.Playback.Regular"
01-01 01:15:23.150 D/RouteManager(  245): audio-parameter-manager:         Applying configuration "Unmute" from domain "Routing.Mute.CodecWM8958.Playback.Internal.IHF"
01-01 01:15:23.150 D/RouteManager(  245): audio-parameter-manager:     } Applying configurations
01-01 01:15:23.150 D/RouteManager(  245): audio-parameter-manager: } Configuration application request
01-01 01:15:23.150 D/RouteManager(  245): doReconsiderRouting: DONE
01-01 01:15:23.150 D/EVENT_THREAD(  245): void CEventThread::run() Do poll with timeout: -1
01-01 01:15:23.150 E/AudioSink(  245): received unknown event type: 1 inside CallbackWrapper !
01-01 01:15:23.180 W/Camera_AAAThread(  245): 1 frames in 3A process queue, handling timestamp 4515271375 instead of 4515271375
01-01 01:15:23.200 E/Intel PowerHAL(  653): Error opening /sys/devices/system/cpu/cpufreq/interactive/touchboostpulse: Permission denied
01-01 01:15:23.200 E/Intel PowerHAL(  653): Error opening /sys/devices/system/cpu/cpufreq/interactive/touchboostpulse: Permission denied
01-01 01:15:23.200 E/Intel PowerHAL(  653): Error opening /sys/devices/system/cpu/cpufreq/interactive/touchboostpulse: Permission denied
01-01 01:15:23.200 E/Intel PowerHAL(  653): Error opening /sys/devices/system/cpu/cpufreq/interactive/touchboostpulse: Permission denied
01-01 01:15:23.210 D/Atom_PerformanceTraces(  245): PnPBreakdown-step encodeToJpeg:frameEncoded[1], Time: 215281679 us, Diff: 125370 us
01-01 01:15:23.220 E/Intel PowerHAL(  653): Error opening /sys/devices/system/cpu/cpufreq/interactive/touchboostpulse: Permission denied
01-01 01:15:23.220 V/CAM_PhotoModule( 3920): mPictureDisplayedToJpegCallbackTime = 113ms
01-01 01:15:23.220 V/CAM_PhotoModule( 3920): stopPreview
01-01 01:15:23.220 D/Camera_HAL(  245): atom_stop_preview
01-01 01:15:23.220 D/Atom_PerformanceTraces(  245): PnPBreakdown-step Switch::start:, Time: 215297357 us, Diff: 15676 us
01-01 01:15:23.220 D/Camera_HAL(  245): ATOM_GetCameraInfo
01-01 01:15:23.230 D/Camera_HAL(  245): atom_cancel_auto_focus
01-01 01:15:23.230 V/CAM_PhotoModule( 3920): Preview size is 960x720
01-01 01:15:23.230 D/Camera_HAL(  245): atom_send_command
01-01 01:15:23.230 V/CAM_PhotoModule( 3920): startPreview
01-01 01:15:23.230 D/Camera_HAL(  245): atom_set_parameters
01-01 01:15:23.230 D/Camera_HAL(  245): atom_preview_enabled
01-01 01:15:23.230 D/Camera_HAL(  245): atom_set_preview_window preview_window = 0xf8694120
01-01 01:15:23.230 D/Atom_PerformanceTraces(  245): PnPBreakdown-step setPreviewWindow:, Time: 215303353 us, Diff: 5995 us
01-01 01:15:23.230 D/Camera_HAL(  245): atom_start_preview
01-01 01:15:23.230 D/Atom_PerformanceTraces(  245): PnPBreakdown-step handleMessageStartPreview:, Time: 215303579 us, Diff: 224 us
01-01 01:15:23.230 D/Camera_HAL(  245): atom_send_command
01-01 01:15:23.240 D/CameraStorage( 3920): External storage state=mounted
01-01 01:15:23.240 V/CAM_PhotoModule( 3920): mJpegCallbackFinishTime = 18ms
01-01 01:15:23.250 I/dispmgr (  666): waiting for message from kernel.
01-01 01:15:23.250 I/dispmgr (  666): message from kernel received.
01-01 01:15:23.250 I/dispmgr (  666): DpstAlgorithm_DPST4_5 
01-01 01:15:23.250 I/dispmgr (  666): DpstAlgorithm_DPST4_5 level is 3
01-01 01:15:23.280 D/SyncService( 2461): mObserverMediaImage : onChange (false) matched content://media/external/images/media
01-01 01:15:23.280 D/PVL     (  245): D] tcp : 469833, roll_over : 42, mcp : 11186 min_face_size(54) @ calculate_MCP():331
01-01 01:15:23.280 D/GalleryUtils( 2461): [GalleryUtils :: hasSpaceForSize] available size : 23679MB, input size : 128MB.
01-01 01:15:23.290 D/dalvikvm( 3920): GC_FOR_ALLOC freed 7969K, 59% free 20048K/48340K, paused 6ms, total 6ms
01-01 01:15:23.300 I/SecurityManagerService(  827): SMS received security event: IPCEvent[BROADCAST_INTENT/com.android.camera2]{container=0}
01-01 01:15:23.300 V/AsfAosp (  653): No ASF clients are connected
01-01 01:15:23.310 W/Camera_AAAThread(  245): 1 frames in 3A process queue, handling timestamp 4515396482 instead of 4515396482
01-01 01:15:23.310 I/SecurityManagerService(  827): SMS received security event: IPCEvent[BROADCAST_INTENT/com.android.camera2]{container=0}
01-01 01:15:23.310 V/AsfAosp (  653): No ASF clients are connected
01-01 01:15:23.320 I/SecurityManagerService(  827): SMS received security event: IPCEvent[BROADCAST_INTENT/com.android.camera2]{container=0}
01-01 01:15:23.320 V/AsfAosp (  653): No ASF clients are connected
01-01 01:15:23.320 I/dispmgr (  666): waiting for message from kernel.
01-01 01:15:23.320 I/dispmgr (  666): message from kernel received.
01-01 01:15:23.320 I/dispmgr (  666): DpstAlgorithm_DPST4_5 
01-01 01:15:23.320 I/dispmgr (  666): DpstAlgorithm_DPST4_5 level is 3
01-01 01:15:23.350 W/Camera_AAAThread(  245): 1 frames in 3A process queue, handling timestamp 4515438109 instead of 4515438109
01-01 01:15:23.360 D/cip_VorbisDec(  245): UMCAudioDecoder::input data read (mSource->read) returned -1011, considering end of stream.
01-01 01:15:23.360 I/WAKELOCK_ACQUIRE(  653): TIMESTAMP=4515506573523, TAG=TimedEventQueue, TYPE=PARTIAL_WAKE_LOCK             , COUNT=0, PID=245, UID=1013, FLAGS=
01-01 01:15:23.380 E/Intel PowerHAL(  653): Error opening /sys/devices/system/cpu/cpufreq/interactive/touchboostpulse: Permission denied
01-01 01:15:23.380 E/Intel PowerHAL(  653): Error opening /sys/devices/system/cpu/cpufreq/interactive/touchboostpulse: Permission denied
01-01 01:15:23.390 E/Intel PowerHAL(  653): Error opening /sys/devices/system/cpu/cpufreq/interactive/touchboostpulse: Permission denied
01-01 01:15:23.390 E/Intel PowerHAL(  653): Error opening /sys/devices/system/cpu/cpufreq/interactive/touchboostpulse: Permission denied
01-01 01:15:23.390 I/dispmgr (  666): waiting for message from kernel.
01-01 01:15:23.390 W/Camera_AAAThread(  245): 1 frames in 3A process queue, handling timestamp 4515479756 instead of 4515479756
01-01 01:15:23.390 I/dispmgr (  666): message from kernel received.
01-01 01:15:23.390 I/dispmgr (  666): DpstAlgorithm_DPST4_5 
01-01 01:15:23.390 I/dispmgr (  666): DpstAlgorithm_DPST4_5 level is 3
01-01 01:15:23.390 E/Intel PowerHAL(  653): Error opening /sys/devices/system/cpu/cpufreq/interactive/touchboostpulse: Permission denied
01-01 01:15:23.450 V/CAM_FocusManager( 3920): Start autofocus.
01-01 01:15:23.450 D/Camera_HAL(  245): atom_auto_focus
01-01 01:15:23.450 D/Atom_PerformanceTraces(  245): PnPBreakdown-step handleMessageAutoFocus:In, Time: 215519501 us, Diff: 215921 us
01-01 01:15:23.450 V/CAM_PhotoModule( 3920): onShutterButtonClick: mCameraState=2
01-01 01:15:23.450 V/CAM_PhotoModule( 3920): mAutoFocusTime = 9ms
01-01 01:15:23.460 D/Camera_HAL(  245): atom_set_parameters
01-01 01:15:23.460 D/Camera_HAL(  245): atom_take_picture
01-01 01:15:23.460 D/Atom_PerformanceTraces(  245): PnPBreakdown-step takePicture:, Time: 215529878 us, Diff: 10375 us
01-01 01:15:23.460 D/Atom_PerformanceTraces(  245): PnPBreakdown-step Shot2Shot::stop:, Time: 215530067 us, Diff: 188 us
01-01 01:15:23.460 D/Atom_PerformanceTraces(  245): shot2shot latency: 603178 us.
01-01 01:15:23.460 D/Atom_PerformanceTraces(  245): PnPBreakdown-step Shot2Shot::start:, Time: 215530198 us, Diff: 131 us
01-01 01:15:23.460 D/Atom_PerformanceTraces(  245): PnPBreakdown-step captureStillPic:, Time: 215530227 us, Diff: 28 us
01-01 01:15:23.460 D/Atom_PerformanceTraces(  245): PnPBreakdown-step allocateBuffers:Mode:[1], Time: 215530361 us, Diff: 132 us
01-01 01:15:23.460 I/dispmgr (  666): waiting for message from kernel.
01-01 01:15:23.460 I/dispmgr (  666): message from kernel received.
01-01 01:15:23.460 I/dispmgr (  666): DpstAlgorithm_DPST4_5 
01-01 01:15:23.460 I/dispmgr (  666): DpstAlgorithm_DPST4_5 level is 3
01-01 01:15:23.460 D/Atom_PerformanceTraces(  245): PnPBreakdown-step start:DeviceId:[0], Time: 215534166 us, Diff: 3803 us
01-01 01:15:23.460 D/Atom_PerformanceTraces(  245): PnPBreakdown-step start:DeviceId:[1], Time: 215534978 us, Diff: 810 us
01-01 01:15:23.470 W/Camera_AAAThread(  245): 1 frames in 3A process queue, handling timestamp 4515563096 instead of 4515563096
01-01 01:15:23.540 D/dalvikvm( 3920): GC_FOR_ALLOC freed 4306K, 54% free 22365K/48340K, paused 5ms, total 5ms
01-01 01:15:23.560 E/Intel PowerHAL(  653): Error opening /sys/devices/system/cpu/cpufreq/interactive/touchboostpulse: Permission denied
01-01 01:15:23.560 E/Intel PowerHAL(  653): Error opening /sys/devices/system/cpu/cpufreq/interactive/touchboostpulse: Permission denied
01-01 01:15:23.570 E/Intel PowerHAL(  653): Error opening /sys/devices/system/cpu/cpufreq/interactive/touchboostpulse: Permission denied
01-01 01:15:23.570 E/Intel PowerHAL(  653): Error opening /sys/devices/system/cpu/cpufreq/interactive/touchboostpulse: Permission denied
01-01 01:15:23.580 E/Intel PowerHAL(  653): Error opening /sys/devices/system/cpu/cpufreq/interactive/touchboostpulse: Permission denied
01-01 01:15:23.650 I/WAKELOCK_RELEASE(  653): TIMESTAMP=4515792322972, TAG=TimedEventQueue, TYPE=PARTIAL_WAKE_LOCK             , COUNT=0, PID=245, UID=1013, FLAGS=
01-01 01:15:23.670 I/dispmgr (  666): waiting for message from kernel.
01-01 01:15:23.670 I/dispmgr (  666): message from kernel received.
01-01 01:15:23.670 I/dispmgr (  666): DpstAlgorithm_DPST4_5 
01-01 01:15:23.670 I/dispmgr (  666): DpstAlgorithm_DPST4_5 level is 3
01-01 01:15:23.690 D/Atom_PerformanceTraces(  245): PnPBreakdown-step captureStillPic:ISPGotFrame[1], Time: 215764405 us, Diff: 229422 us
01-01 01:15:23.690 D/Atom_PerformanceTraces(  245): ShutterLag from takePicture() to shot taken:	231ms
01-01 01:15:23.690 D/Camera_HAL(  245): atom_get_parameters
01-01 01:15:23.690 I/Camera_ControlThread(  245): @recycleUnusedBufferInISP buffers in ISP 0,0
01-01 01:15:23.690 D/Camera_HAL(  245): atom_put_parameters
01-01 01:15:23.690 W/Camera_EXIFMaker(  245): EXIF: Could not query brightness!
01-01 01:15:23.690 D/Atom_PerformanceTraces(  245): PnPBreakdown-step encodeToJpeg:frameEncode starting[1], Time: 215767115 us, Diff: 2709 us
01-01 01:15:23.690 D/Atom_PerformanceTraces(  245): PnPBreakdown-step startHwEncoding:In[1], Time: 215767125 us, Diff: 10 us
01-01 01:15:23.690 D/Camera_HAL(  245): atom_get_parameters
01-01 01:15:23.700 D/Camera_HAL(  245): atom_put_parameters
01-01 01:15:23.700 E/AudioSink(  245): received unknown event type: 1 inside CallbackWrapper !
01-01 01:15:23.700 D/Atom_PerformanceTraces(  245): PnPBreakdown-step stop:DeviceId:[0], Time: 215774085 us, Diff: 6958 us
01-01 01:15:23.700 D/Atom_PerformanceTraces(  245): PnPBreakdown-step stop:DeviceId:[1], Time: 215774392 us, Diff: 306 us
01-01 01:15:23.700 V/CAM_PhotoModule( 3920): mShutterLag = 246ms
01-01 01:15:23.700 V/CAM_PhotoModule( 3920): mShutterToRawCallbackTime = 0ms
01-01 01:15:23.700 V/CAM_PhotoModule( 3920): mShutterToPostViewCallbackTime = 1ms
01-01 01:15:23.760 I/SecurityManagerService(  827): SMS received security event: IPCEvent[BROADCAST_INTENT/null]{container=0}
01-01 01:15:23.760 V/AsfAosp (  653): No ASF clients are connected
01-01 01:15:23.760 D/VtsvService(  653): Received intent: android.intent.action.BATTERY_CHANGED
01-01 01:15:23.760 D/VtsvService(  653): [checkPowerPolicy]
01-01 01:15:23.760 D/ServiceState(  653): mUserId               = 0
01-01 01:15:23.760 D/ServiceState(  653): mMode                 = 0
01-01 01:15:23.760 D/ServiceState(  653): mSpottedTime          = 0
01-01 01:15:23.760 D/ServiceState(  653): mSpottedPhraseId      = 0
01-01 01:15:23.760 D/ServiceState(  653): mPowerPolicy          = 0
01-01 01:15:23.760 E/Intel PowerHAL(  653): Error opening /sys/devices/system/cpu/cpufreq/interactive/touchboostpulse: Permission denied
01-01 01:15:23.760 D/ServiceState(  653): mIsSleep              = false
01-01 01:15:23.760 D/ServiceState(  653): mIsBatteryLowSleeping = false
01-01 01:15:23.760 D/ServiceState(  653): mIsIntervalSleeping   = false
01-01 01:15:23.760 D/VtsvService(  653): isSleeping: false, isEnrolling: false, hasRequest: false, notStartYet: true
01-01 01:15:23.760 D/VtsvService(  653): VT should not be started
01-01 01:15:23.760 D/ServiceState(  653): mUserId               = 0
01-01 01:15:23.760 D/ServiceState(  653): mMode                 = 0
01-01 01:15:23.760 D/ServiceState(  653): mSpottedTime          = 0
01-01 01:15:23.760 D/ServiceState(  653): mSpottedPhraseId      = 0
01-01 01:15:23.760 E/Intel PowerHAL(  653): Error opening /sys/devices/system/cpu/cpufreq/interactive/touchboostpulse: Permission denied
01-01 01:15:23.760 D/ServiceState(  653): mPowerPolicy          = 0
01-01 01:15:23.760 D/ServiceState(  653): mIsSleep              = false
01-01 01:15:23.760 D/ServiceState(  653): mIsBatteryLowSleeping = false
01-01 01:15:23.760 D/ServiceState(  653): mIsIntervalSleeping   = false
01-01 01:15:23.770 W/Camera_AAAThread(  245): 1 frames in 3A process queue, handling timestamp 4515688085 instead of 4515688085
01-01 01:15:23.770 E/Intel PowerHAL(  653): Error opening /sys/devices/system/cpu/cpufreq/interactive/touchboostpulse: Permission denied
01-01 01:15:23.770 E/Intel PowerHAL(  653): Error opening /sys/devices/system/cpu/cpufreq/interactive/touchboostpulse: Permission denied
01-01 01:15:23.780 I/PowerUI (  813): Showing Charger Warning...
01-01 01:15:23.790 E/Intel PowerHAL(  653): Error opening /sys/devices/system/cpu/cpufreq/interactive/touchboostpulse: Permission denied
01-01 01:15:23.810 W/Camera_AAAThread(  245): 1 frames in 3A process queue, handling timestamp 4515896571 instead of 4515896571
01-01 01:15:23.820 D/Atom_PerformanceTraces(  245): PnPBreakdown-step encodeToJpeg:frameEncoded[1], Time: 215893066 us, Diff: 118672 us
01-01 01:15:23.820 I/dispmgr (  666): waiting for message from kernel.
01-01 01:15:23.820 I/dispmgr (  666): message from kernel received.
01-01 01:15:23.820 I/dispmgr (  666): DpstAlgorithm_DPST4_5 
01-01 01:15:23.830 I/dispmgr (  666): DpstAlgorithm_DPST4_5 level is 3
01-01 01:15:23.840 V/CAM_PhotoModule( 3920): mPictureDisplayedToJpegCallbackTime = 136ms
01-01 01:15:23.840 V/CAM_PhotoModule( 3920): stopPreview
01-01 01:15:23.840 D/Camera_HAL(  245): atom_stop_preview
01-01 01:15:23.840 D/Atom_PerformanceTraces(  245): PnPBreakdown-step Switch::start:, Time: 215911960 us, Diff: 18892 us
01-01 01:15:23.840 D/Camera_HAL(  245): ATOM_GetCameraInfo
01-01 01:15:23.840 D/Camera_HAL(  245): atom_cancel_auto_focus
01-01 01:15:23.840 V/CAM_PhotoModule( 3920): Preview size is 960x720
01-01 01:15:23.840 V/CAM_PhotoModule( 3920): startPreview
01-01 01:15:23.840 D/Camera_HAL(  245): atom_send_command
01-01 01:15:23.840 D/Camera_HAL(  245): atom_set_parameters
01-01 01:15:23.840 D/Camera_HAL(  245): atom_preview_enabled
01-01 01:15:23.840 D/Camera_HAL(  245): atom_set_preview_window preview_window = 0xf8694120
01-01 01:15:23.840 D/Atom_PerformanceTraces(  245): PnPBreakdown-step setPreviewWindow:, Time: 215918096 us, Diff: 6134 us
01-01 01:15:23.840 D/Camera_HAL(  245): atom_start_preview
01-01 01:15:23.850 D/Atom_PerformanceTraces(  245): PnPBreakdown-step handleMessageStartPreview:, Time: 215918824 us, Diff: 726 us
01-01 01:15:23.850 D/Camera_HAL(  245): atom_send_command
01-01 01:15:23.850 W/Camera_AAAThread(  245): 1 frames in 3A process queue, handling timestamp 4515938184 instead of 4515938184
01-01 01:15:23.850 D/CameraStorage( 3920): External storage state=mounted
01-01 01:15:23.860 V/CAM_PhotoModule( 3920): mJpegCallbackFinishTime = 18ms
01-01 01:15:23.870 D/PVL     (  245): D] tcp : 469833, roll_over : 42, mcp : 11186 min_face_size(54) @ calculate_MCP():331
01-01 01:15:23.890 W/Camera_AAAThread(  245): 1 frames in 3A process queue, handling timestamp 4515979914 instead of 4515979914
01-01 01:15:23.890 D/SyncService( 2461): mObserverMediaImage : onChange (false) matched content://media/external/images/media
01-01 01:15:23.910 D/GalleryUtils( 2461): [GalleryUtils :: hasSpaceForSize] available size : 23677MB, input size : 128MB.
01-01 01:15:23.910 D/dalvikvm( 3920): GC_FOR_ALLOC freed 7413K, 58% free 20479K/48340K, paused 10ms, total 10ms
01-01 01:15:23.910 I/dispmgr (  666): waiting for message from kernel.
01-01 01:15:23.910 I/dispmgr (  666): message from kernel received.
01-01 01:15:23.910 I/dispmgr (  666): DpstAlgorithm_DPST4_5 
01-01 01:15:23.910 I/dispmgr (  666): DpstAlgorithm_DPST4_5 level is 3
01-01 01:15:23.910 E/Intel PowerHAL(  653): Error opening /sys/devices/system/cpu/cpufreq/interactive/touchboostpulse: Permission denied
01-01 01:15:23.920 E/Intel PowerHAL(  653): Error opening /sys/devices/system/cpu/cpufreq/interactive/touchboostpulse: Permission denied
01-01 01:15:23.920 E/Intel PowerHAL(  653): Error opening /sys/devices/system/cpu/cpufreq/interactive/touchboostpulse: Permission denied
01-01 01:15:23.920 E/Intel PowerHAL(  653): Error opening /sys/devices/system/cpu/cpufreq/interactive/touchboostpulse: Permission denied
01-01 01:15:23.930 I/SecurityManagerService(  827): SMS received security event: IPCEvent[BROADCAST_INTENT/com.android.camera2]{container=0}
01-01 01:15:23.930 V/AsfAosp (  653): No ASF clients are connected
01-01 01:15:23.930 W/Camera_AAAThread(  245): 1 frames in 3A process queue, handling timestamp 4516021527 instead of 4516021527
01-01 01:15:23.940 I/SecurityManagerService(  827): SMS received security event: IPCEvent[BROADCAST_INTENT/com.android.camera2]{container=0}
01-01 01:15:23.940 V/AsfAosp (  653): No ASF clients are connected
01-01 01:15:23.940 E/Intel PowerHAL(  653): Error opening /sys/devices/system/cpu/cpufreq/interactive/touchboostpulse: Permission denied
01-01 01:15:23.970 W/Camera_AAAThread(  245): 1 frames in 3A process queue, handling timestamp 4516063241 instead of 4516063241
01-01 01:15:23.980 I/dispmgr (  666): waiting for message from kernel.
01-01 01:15:23.980 I/dispmgr (  666): message from kernel received.
01-01 01:15:23.980 I/dispmgr (  666): DpstAlgorithm_DPST4_5 
01-01 01:15:23.980 I/dispmgr (  666): DpstAlgorithm_DPST4_5 level is 3
01-01 01:15:24.010 D/cip_VorbisDec(  245): UMCAudioDecoder::input data read (mSource->read) returned -1011, considering end of stream.
01-01 01:15:24.010 V/CAM_FocusManager( 3920): Start autofocus.
01-01 01:15:24.010 D/Camera_HAL(  245): atom_auto_focus
01-01 01:15:24.010 D/Atom_PerformanceTraces(  245): PnPBreakdown-step handleMessageAutoFocus:In, Time: 216086025 us, Diff: 167199 us
01-01 01:15:24.010 I/WAKELOCK_ACQUIRE(  653): TIMESTAMP=4516151671400, TAG=TimedEventQueue, TYPE=PARTIAL_WAKE_LOCK             , COUNT=0, PID=245, UID=1013, FLAGS=
01-01 01:15:24.020 W/Camera_AAAThread(  245): 1 frames in 3A process queue, handling timestamp 4516104839 instead of 4516104839
01-01 01:15:24.030 D/Camera_DebugFrameRate(  245): time: 2.000096 seconds, frames: 38, fps: 18.999086
01-01 01:15:24.030 V/CAM_PhotoModule( 3920): onShutterButtonClick: mCameraState=2
01-01 01:15:24.030 V/CAM_PhotoModule( 3920): mAutoFocusTime = 23ms
01-01 01:15:24.040 D/Camera_HAL(  245): atom_set_parameters
01-01 01:15:24.040 D/Camera_HAL(  245): atom_take_picture
01-01 01:15:24.040 D/Atom_PerformanceTraces(  245): PnPBreakdown-step takePicture:, Time: 216111836 us, Diff: 25805 us
01-01 01:15:24.040 D/Atom_PerformanceTraces(  245): PnPBreakdown-step Shot2Shot::stop:, Time: 216112303 us, Diff: 466 us
01-01 01:15:24.040 D/Atom_PerformanceTraces(  245): shot2shot latency: 582136 us.
01-01 01:15:24.040 D/Atom_PerformanceTraces(  245): PnPBreakdown-step Shot2Shot::start:, Time: 216112341 us, Diff: 37 us
01-01 01:15:24.040 D/Atom_PerformanceTraces(  245): PnPBreakdown-step captureStillPic:, Time: 216112347 us, Diff: 6 us
01-01 01:15:24.040 D/Atom_PerformanceTraces(  245): PnPBreakdown-step allocateBuffers:Mode:[1], Time: 216112388 us, Diff: 39 us
01-01 01:15:24.040 D/Atom_PerformanceTraces(  245): PnPBreakdown-step start:DeviceId:[0], Time: 216117979 us, Diff: 5590 us
01-01 01:15:24.050 D/Atom_PerformanceTraces(  245): PnPBreakdown-step start:DeviceId:[1], Time: 216118508 us, Diff: 527 us
01-01 01:15:24.050 I/dispmgr (  666): waiting for message from kernel.
01-01 01:15:24.050 I/dispmgr (  666): message from kernel received.
01-01 01:15:24.050 I/dispmgr (  666): DpstAlgorithm_DPST4_5 
01-01 01:15:24.050 I/dispmgr (  666): DpstAlgorithm_DPST4_5 level is 3
01-01 01:15:24.060 W/Camera_AAAThread(  245): 1 frames in 3A process queue, handling timestamp 4516146505 instead of 4516146505
01-01 01:15:24.100 W/Camera_AAAThread(  245): 1 frames in 3A process queue, handling timestamp 4516188179 instead of 4516188179
01-01 01:15:24.180 D/dalvikvm( 3920): GC_FOR_ALLOC freed 4307K, 53% free 22796K/48340K, paused 5ms, total 5ms
01-01 01:15:24.270 D/Atom_PerformanceTraces(  245): PnPBreakdown-step captureStillPic:ISPGotFrame[1], Time: 216347723 us, Diff: 229213 us
01-01 01:15:24.270 D/Atom_PerformanceTraces(  245): ShutterLag from takePicture() to shot taken:	232ms
01-01 01:15:24.280 I/Camera_ControlThread(  245): @recycleUnusedBufferInISP buffers in ISP 0,0
01-01 01:15:24.280 D/Camera_HAL(  245): atom_get_parameters
01-01 01:15:24.280 W/Camera_EXIFMaker(  245): EXIF: Could not query brightness!
01-01 01:15:24.280 D/Atom_PerformanceTraces(  245): PnPBreakdown-step encodeToJpeg:frameEncode starting[1], Time: 216348693 us, Diff: 969 us
01-01 01:15:24.280 D/Atom_PerformanceTraces(  245): PnPBreakdown-step startHwEncoding:In[1], Time: 216348704 us, Diff: 10 us
01-01 01:15:24.280 D/Camera_HAL(  245): atom_put_parameters
01-01 01:15:24.280 D/Camera_HAL(  245): atom_get_parameters
01-01 01:15:24.280 D/Camera_HAL(  245): atom_put_parameters
01-01 01:15:24.280 D/Atom_PerformanceTraces(  245): PnPBreakdown-step stop:DeviceId:[0], Time: 216354171 us, Diff: 5466 us
01-01 01:15:24.280 D/Atom_PerformanceTraces(  245): PnPBreakdown-step stop:DeviceId:[1], Time: 216354453 us, Diff: 281 us
01-01 01:15:24.290 V/CAM_PhotoModule( 3920): mShutterLag = 254ms
01-01 01:15:24.290 V/CAM_PhotoModule( 3920): mShutterToRawCallbackTime = 1ms
01-01 01:15:24.290 V/CAM_PhotoModule( 3920): mShutterToPostViewCallbackTime = 2ms
01-01 01:15:24.290 I/WAKELOCK_RELEASE(  653): TIMESTAMP=4516438286041, TAG=TimedEventQueue, TYPE=PARTIAL_WAKE_LOCK             , COUNT=0, PID=245, UID=1013, FLAGS=
01-01 01:15:24.300 E/AudioSink(  245): received unknown event type: 1 inside CallbackWrapper !
01-01 01:15:24.310 I/dispmgr (  666): waiting for message from kernel.
01-01 01:15:24.310 I/dispmgr (  666): message from kernel received.
01-01 01:15:24.310 I/dispmgr (  666): DpstAlgorithm_DPST4_5 
01-01 01:15:24.310 I/dispmgr (  666): DpstAlgorithm_DPST4_5 level is 3
01-01 01:15:24.310 E/Intel PowerHAL(  653): Error opening /sys/devices/system/cpu/cpufreq/interactive/touchboostpulse: Permission denied
01-01 01:15:24.310 E/Intel PowerHAL(  653): Error opening /sys/devices/system/cpu/cpufreq/interactive/touchboostpulse: Permission denied
01-01 01:15:24.320 E/Intel PowerHAL(  653): Error opening /sys/devices/system/cpu/cpufreq/interactive/touchboostpulse: Permission denied
01-01 01:15:24.320 E/Intel PowerHAL(  653): Error opening /sys/devices/system/cpu/cpufreq/interactive/touchboostpulse: Permission denied
01-01 01:15:24.340 E/Intel PowerHAL(  653): Error opening /sys/devices/system/cpu/cpufreq/interactive/touchboostpulse: Permission denied
01-01 01:15:24.350 W/Camera_AAAThread(  245): 1 frames in 3A process queue, handling timestamp 4516271504 instead of 4516271504
01-01 01:15:24.390 W/Camera_AAAThread(  245): 1 frames in 3A process queue, handling timestamp 4516479857 instead of 4516479857
01-01 01:15:24.400 D/Atom_PerformanceTraces(  245): PnPBreakdown-step encodeToJpeg:frameEncoded[1], Time: 216475321 us, Diff: 120864 us
01-01 01:15:24.420 V/CAM_PhotoModule( 3920): mPictureDisplayedToJpegCallbackTime = 125ms
01-01 01:15:24.420 V/CAM_PhotoModule( 3920): stopPreview
01-01 01:15:24.420 D/Camera_HAL(  245): atom_stop_preview
01-01 01:15:24.420 D/Atom_PerformanceTraces(  245): PnPBreakdown-step Switch::start:, Time: 216490754 us, Diff: 15429 us
01-01 01:15:24.420 D/Camera_HAL(  245): ATOM_GetCameraInfo
01-01 01:15:24.420 D/Camera_HAL(  245): atom_cancel_auto_focus
01-01 01:15:24.430 V/CAM_PhotoModule( 3920): Preview size is 960x720
01-01 01:15:24.430 V/CAM_PhotoModule( 3920): startPreview
01-01 01:15:24.430 D/Camera_HAL(  245): atom_send_command
01-01 01:15:24.430 D/Camera_HAL(  245): atom_set_parameters
01-01 01:15:24.430 W/Camera_AAAThread(  245): 1 frames in 3A process queue, handling timestamp 4516521668 instead of 4516521668
01-01 01:15:24.430 D/Camera_HAL(  245): atom_preview_enabled
01-01 01:15:24.430 D/Camera_HAL(  245): atom_set_preview_window preview_window = 0xf8694120
01-01 01:15:24.440 D/Atom_PerformanceTraces(  245): PnPBreakdown-step setPreviewWindow:, Time: 216508682 us, Diff: 17927 us
01-01 01:15:24.440 D/Camera_HAL(  245): atom_start_preview
