01-01 01:15:27.300 D/Camera_HAL(  245): atom_send_command
01-01 01:15:27.300 V/CAM_PhotoModule( 3920): startPreview
01-01 01:15:27.300 D/Camera_HAL(  245): atom_set_parameters
01-01 01:15:27.300 D/Camera_HAL(  245): atom_preview_enabled
01-01 01:15:27.300 D/Camera_HAL(  245): atom_set_preview_window preview_window = 0xf8694120
01-01 01:15:27.300 D/Atom_PerformanceTraces(  245): PnPBreakdown-step setPreviewWindow:, Time: 219371583 us, Diff: 7358 us
01-01 01:15:27.300 D/Camera_HAL(  245): atom_start_preview
01-01 01:15:27.300 D/Atom_PerformanceTraces(  245): PnPBreakdown-step handleMessageStartPreview:, Time: 219371807 us, Diff: 221 us
01-01 01:15:27.300 D/Camera_HAL(  245): atom_send_command
01-01 01:15:27.310 W/Camera_AAAThread(  245): 1 frames in 3A process queue, handling timestamp 4519396953 instead of 4519396953
01-01 01:15:27.310 D/CameraStorage( 3920): External storage state=mounted
01-01 01:15:27.310 V/CAM_PhotoModule( 3920): mJpegCallbackFinishTime = 21ms
01-01 01:15:27.320 D/PVL     (  245): D] tcp : 469833, roll_over : 42, mcp : 11186 min_face_size(54) @ calculate_MCP():331
01-01 01:15:27.350 I/dispmgr (  666): waiting for message from kernel.
01-01 01:15:27.350 I/dispmgr (  666): message from kernel received.
01-01 01:15:27.350 I/dispmgr (  666): DpstAlgorithm_DPST4_5 
01-01 01:15:27.350 I/dispmgr (  666): DpstAlgorithm_DPST4_5 level is 3
01-01 01:15:27.350 W/Camera_AAAThread(  245): 1 frames in 3A process queue, handling timestamp 4519438581 instead of 4519438581
01-01 01:15:27.390 W/Camera_AAAThread(  245): 1 frames in 3A process queue, handling timestamp 4519480296 instead of 4519480296
01-01 01:15:27.400 E/Intel PowerHAL(  653): Error opening /sys/devices/system/cpu/cpufreq/interactive/touchboostpulse: Permission denied
01-01 01:15:27.400 E/Intel PowerHAL(  653): Error opening /sys/devices/system/cpu/cpufreq/interactive/touchboostpulse: Permission denied
01-01 01:15:27.420 E/Intel PowerHAL(  653): Error opening /sys/devices/system/cpu/cpufreq/interactive/touchboostpulse: Permission denied
01-01 01:15:27.420 E/Intel PowerHAL(  653): Error opening /sys/devices/system/cpu/cpufreq/interactive/touchboostpulse: Permission denied
01-01 01:15:27.430 E/Intel PowerHAL(  653): Error opening /sys/devices/system/cpu/cpufreq/interactive/touchboostpulse: Permission denied
01-01 01:15:27.430 W/Camera_AAAThread(  245): 1 frames in 3A process queue, handling timestamp 4519521947 instead of 4519521947
01-01 01:15:27.450 D/SyncService( 2461): mObserverMediaImage : onChange (false) matched content://media/external/images/media
01-01 01:15:27.450 D/GalleryUtils( 2461): [GalleryUtils :: hasSpaceForSize] available size : 23663MB, input size : 128MB.
01-01 01:15:27.460 I/SecurityManagerService(  827): SMS received security event: IPCEvent[BROADCAST_INTENT/com.android.camera2]{container=0}
01-01 01:15:27.460 V/AsfAosp (  653): No ASF clients are connected
01-01 01:15:27.480 W/Camera_AAAThread(  245): 1 frames in 3A process queue, handling timestamp 4519563628 instead of 4519563628
01-01 01:15:27.480 I/SecurityManagerService(  827): SMS received security event: IPCEvent[BROADCAST_INTENT/com.android.camera2]{container=0}
01-01 01:15:27.480 V/AsfAosp (  653): No ASF clients are connected
01-01 01:15:27.500 V/CAM_FocusManager( 3920): Start autofocus.
01-01 01:15:27.500 D/Camera_HAL(  245): atom_auto_focus
01-01 01:15:27.500 D/Atom_PerformanceTraces(  245): PnPBreakdown-step handleMessageAutoFocus:In, Time: 219571260 us, Diff: 199450 us
01-01 01:15:27.510 V/CAM_PhotoModule( 3920): onShutterButtonClick: mCameraState=2
01-01 01:15:27.510 V/CAM_PhotoModule( 3920): mAutoFocusTime = 9ms
01-01 01:15:27.510 D/Camera_HAL(  245): atom_set_parameters
01-01 01:15:27.510 D/Camera_HAL(  245): atom_take_picture
01-01 01:15:27.510 D/Atom_PerformanceTraces(  245): PnPBreakdown-step takePicture:, Time: 219582080 us, Diff: 10819 us
01-01 01:15:27.510 D/Atom_PerformanceTraces(  245): PnPBreakdown-step Shot2Shot::stop:, Time: 219582211 us, Diff: 129 us
01-01 01:15:27.510 D/Atom_PerformanceTraces(  245): shot2shot latency: 564908 us.
01-01 01:15:27.510 D/Atom_PerformanceTraces(  245): PnPBreakdown-step Shot2Shot::start:, Time: 219582380 us, Diff: 169 us
01-01 01:15:27.510 D/Atom_PerformanceTraces(  245): PnPBreakdown-step captureStillPic:, Time: 219582388 us, Diff: 7 us
01-01 01:15:27.510 D/Atom_PerformanceTraces(  245): PnPBreakdown-step allocateBuffers:Mode:[1], Time: 219582426 us, Diff: 36 us
01-01 01:15:27.510 D/Atom_PerformanceTraces(  245): PnPBreakdown-step start:DeviceId:[0], Time: 219587444 us, Diff: 5016 us
01-01 01:15:27.510 D/Atom_PerformanceTraces(  245): PnPBreakdown-step start:DeviceId:[1], Time: 219587995 us, Diff: 550 us
01-01 01:15:27.520 W/Camera_AAAThread(  245): 1 frames in 3A process queue, handling timestamp 4519605334 instead of 4519605334
01-01 01:15:27.540 D/cip_VorbisDec(  245): UMCAudioDecoder::input data read (mSource->read) returned -1011, considering end of stream.
01-01 01:15:27.540 I/WAKELOCK_ACQUIRE(  653): TIMESTAMP=4519682792239, TAG=TimedEventQueue, TYPE=PARTIAL_WAKE_LOCK             , COUNT=0, PID=245, UID=1013, FLAGS=
01-01 01:15:27.560 I/dispmgr (  666): waiting for message from kernel.
01-01 01:15:27.560 I/dispmgr (  666): message from kernel received.
01-01 01:15:27.560 I/dispmgr (  666): DpstAlgorithm_DPST4_5 
01-01 01:15:27.560 I/dispmgr (  666): DpstAlgorithm_DPST4_5 level is 3
01-01 01:15:27.560 W/Camera_AAAThread(  245): 1 frames in 3A process queue, handling timestamp 4519646942 instead of 4519646942
01-01 01:15:27.590 E/Intel PowerHAL(  653): Error opening /sys/devices/system/cpu/cpufreq/interactive/touchboostpulse: Permission denied
01-01 01:15:27.590 E/Intel PowerHAL(  653): Error opening /sys/devices/system/cpu/cpufreq/interactive/touchboostpulse: Permission denied
01-01 01:15:27.610 E/Intel PowerHAL(  653): Error opening /sys/devices/system/cpu/cpufreq/interactive/touchboostpulse: Permission denied
01-01 01:15:27.610 E/Intel PowerHAL(  653): Error opening /sys/devices/system/cpu/cpufreq/interactive/touchboostpulse: Permission denied
01-01 01:15:27.620 E/Intel PowerHAL(  653): Error opening /sys/devices/system/cpu/cpufreq/interactive/touchboostpulse: Permission denied
01-01 01:15:27.620 E/Intel PowerHAL(  653): Error opening /sys/devices/system/cpu/cpufreq/interactive/touchboostpulse: Permission denied
01-01 01:15:27.730 D/Atom_PerformanceTraces(  245): PnPBreakdown-step captureStillPic:ISPGotFrame[1], Time: 219806356 us, Diff: 218359 us
01-01 01:15:27.730 D/Atom_PerformanceTraces(  245): ShutterLag from takePicture() to shot taken:	221ms
01-01 01:15:27.730 I/Camera_ControlThread(  245): @recycleUnusedBufferInISP buffers in ISP 0,0
01-01 01:15:27.730 D/Camera_HAL(  245): atom_get_parameters
01-01 01:15:27.730 D/Camera_HAL(  245): atom_put_parameters
01-01 01:15:27.740 W/Camera_EXIFMaker(  245): EXIF: Could not query brightness!
01-01 01:15:27.740 D/Atom_PerformanceTraces(  245): PnPBreakdown-step encodeToJpeg:frameEncode starting[1], Time: 219809731 us, Diff: 3370 us
01-01 01:15:27.740 D/Atom_PerformanceTraces(  245): PnPBreakdown-step startHwEncoding:In[1], Time: 219809804 us, Diff: 69 us
01-01 01:15:27.740 D/Atom_PerformanceTraces(  245): PnPBreakdown-step stop:DeviceId:[0], Time: 219812135 us, Diff: 2328 us
01-01 01:15:27.740 D/Atom_PerformanceTraces(  245): PnPBreakdown-step stop:DeviceId:[1], Time: 219812601 us, Diff: 464 us
01-01 01:15:27.750 D/Camera_HAL(  245): atom_get_parameters
01-01 01:15:27.750 D/Camera_HAL(  245): atom_put_parameters
01-01 01:15:27.750 E/AudioSink(  245): received unknown event type: 1 inside CallbackWrapper !
01-01 01:15:27.760 D/dalvikvm( 3920): GC_FOR_ALLOC freed 11786K, 54% free 22523K/48340K, paused 6ms, total 6ms
01-01 01:15:27.770 E/Intel PowerHAL(  653): Error opening /sys/devices/system/cpu/cpufreq/interactive/touchboostpulse: Permission denied
01-01 01:15:27.770 E/Intel PowerHAL(  653): Error opening /sys/devices/system/cpu/cpufreq/interactive/touchboostpulse: Permission denied
01-01 01:15:27.770 V/CAM_PhotoModule( 3920): mShutterLag = 268ms
01-01 01:15:27.770 V/CAM_PhotoModule( 3920): mShutterToRawCallbackTime = 0ms
01-01 01:15:27.770 V/CAM_PhotoModule( 3920): mShutterToPostViewCallbackTime = 0ms
01-01 01:15:27.780 E/Intel PowerHAL(  653): Error opening /sys/devices/system/cpu/cpufreq/interactive/touchboostpulse: Permission denied
01-01 01:15:27.780 E/Intel PowerHAL(  653): Error opening /sys/devices/system/cpu/cpufreq/interactive/touchboostpulse: Permission denied
01-01 01:15:27.780 I/WAKELOCK_RELEASE(  653): TIMESTAMP=4519926535041, TAG=TimedEventQueue, TYPE=PARTIAL_WAKE_LOCK             , COUNT=0, PID=245, UID=1013, FLAGS=
01-01 01:15:27.790 E/Intel PowerHAL(  653): Error opening /sys/devices/system/cpu/cpufreq/interactive/touchboostpulse: Permission denied
01-01 01:15:27.810 W/Camera_AAAThread(  245): 1 frames in 3A process queue, handling timestamp 4519730302 instead of 4519730302
01-01 01:15:27.850 W/Camera_AAAThread(  245): 1 frames in 3A process queue, handling timestamp 4519938703 instead of 4519938703
01-01 01:15:27.870 D/Atom_PerformanceTraces(  245): PnPBreakdown-step encodeToJpeg:frameEncoded[1], Time: 219940260 us, Diff: 127657 us
01-01 01:15:27.880 V/CAM_PhotoModule( 3920): mPictureDisplayedToJpegCallbackTime = 107ms
01-01 01:15:27.880 V/CAM_PhotoModule( 3920): stopPreview
01-01 01:15:27.880 D/Camera_HAL(  245): atom_stop_preview
01-01 01:15:27.880 D/Atom_PerformanceTraces(  245): PnPBreakdown-step Switch::start:, Time: 219956548 us, Diff: 16283 us
01-01 01:15:27.890 D/Camera_HAL(  245): ATOM_GetCameraInfo
01-01 01:15:27.890 D/Camera_HAL(  245): atom_cancel_auto_focus
01-01 01:15:27.890 V/CAM_PhotoModule( 3920): Preview size is 960x720
01-01 01:15:27.890 D/Camera_HAL(  245): atom_send_command
01-01 01:15:27.890 V/CAM_PhotoModule( 3920): startPreview
01-01 01:15:27.890 D/Camera_HAL(  245): atom_set_parameters
01-01 01:15:27.890 D/Camera_HAL(  245): atom_preview_enabled
01-01 01:15:27.890 D/Camera_HAL(  245): atom_set_preview_window preview_window = 0xf8694120
01-01 01:15:27.890 D/Atom_PerformanceTraces(  245): PnPBreakdown-step setPreviewWindow:, Time: 219964011 us, Diff: 7462 us
01-01 01:15:27.890 D/Camera_HAL(  245): atom_start_preview
01-01 01:15:27.890 D/Atom_PerformanceTraces(  245): PnPBreakdown-step handleMessageStartPreview:, Time: 219964211 us, Diff: 198 us
01-01 01:15:27.890 D/Camera_HAL(  245): atom_send_command
01-01 01:15:27.890 W/Camera_AAAThread(  245): 1 frames in 3A process queue, handling timestamp 4519980411 instead of 4519980411
01-01 01:15:27.900 D/CameraStorage( 3920): External storage state=mounted
01-01 01:15:27.900 V/CAM_PhotoModule( 3920): mJpegCallbackFinishTime = 14ms
01-01 01:15:27.900 D/PVL     (  245): D] tcp : 469833, roll_over : 42, mcp : 11186 min_face_size(54) @ calculate_MCP():331
01-01 01:15:27.900 I/dispmgr (  666): waiting for message from kernel.
01-01 01:15:27.900 I/dispmgr (  666): message from kernel received.
01-01 01:15:27.900 I/dispmgr (  666): DpstAlgorithm_DPST4_5 
01-01 01:15:27.900 I/dispmgr (  666): DpstAlgorithm_DPST4_5 level is 3
01-01 01:15:27.930 W/Camera_AAAThread(  245): 1 frames in 3A process queue, handling timestamp 4520022046 instead of 4520022046
01-01 01:15:27.960 E/Intel PowerHAL(  653): Error opening /sys/devices/system/cpu/cpufreq/interactive/touchboostpulse: Permission denied
01-01 01:15:27.960 E/Intel PowerHAL(  653): Error opening /sys/devices/system/cpu/cpufreq/interactive/touchboostpulse: Permission denied
01-01 01:15:27.970 E/Intel PowerHAL(  653): Error opening /sys/devices/system/cpu/cpufreq/interactive/touchboostpulse: Permission denied
01-01 01:15:27.970 E/Intel PowerHAL(  653): Error opening /sys/devices/system/cpu/cpufreq/interactive/touchboostpulse: Permission denied
01-01 01:15:27.980 W/Camera_AAAThread(  245): 1 frames in 3A process queue, handling timestamp 4520063754 instead of 4520063754
01-01 01:15:27.980 E/Intel PowerHAL(  653): Error opening /sys/devices/system/cpu/cpufreq/interactive/touchboostpulse: Permission denied
01-01 01:15:27.980 D/dalvikvm( 3920): GC_FOR_ALLOC freed 9829K, 58% free 20446K/48340K, paused 6ms, total 6ms
01-01 01:15:28.020 W/Camera_AAAThread(  245): 1 frames in 3A process queue, handling timestamp 4520105318 instead of 4520105318
01-01 01:15:28.030 D/Camera_DebugFrameRate(  245): time: 2.000121 seconds, frames: 33, fps: 16.499001
01-01 01:15:28.040 V/CAM_FocusManager( 3920): Start autofocus.
01-01 01:15:28.040 D/Camera_HAL(  245): atom_auto_focus
01-01 01:15:28.040 D/Atom_PerformanceTraces(  245): PnPBreakdown-step handleMessageAutoFocus:In, Time: 220113006 us, Diff: 148792 us
01-01 01:15:28.040 D/SyncService( 2461): mObserverMediaImage : onChange (false) matched content://media/external/images/media
01-01 01:15:28.050 D/GalleryUtils( 2461): [GalleryUtils :: hasSpaceForSize] available size : 23661MB, input size : 128MB.
01-01 01:15:28.060 V/CAM_PhotoModule( 3920): mAutoFocusTime = 17ms
01-01 01:15:28.060 V/CAM_PhotoModule( 3920): Preview size is 960x720
01-01 01:15:28.060 W/Camera_AAAThread(  245): 1 frames in 3A process queue, handling timestamp 4520146984 instead of 4520146984
01-01 01:15:28.060 D/Camera_HAL(  245): atom_send_command
01-01 01:15:28.060 D/Camera_HAL(  245): atom_set_parameters
01-01 01:15:28.070 I/SecurityManagerService(  827): SMS received security event: IPCEvent[BROADCAST_INTENT/com.android.camera2]{container=0}
01-01 01:15:28.070 V/AsfAosp (  653): No ASF clients are connected
01-01 01:15:28.080 I/SecurityManagerService(  827): SMS received security event: IPCEvent[BROADCAST_INTENT/com.android.camera2]{container=0}
01-01 01:15:28.080 V/AsfAosp (  653): No ASF clients are connected
01-01 01:15:28.090 D/cip_VorbisDec(  245): UMCAudioDecoder::input data read (mSource->read) returned -1011, considering end of stream.
01-01 01:15:28.090 I/dalvikvm( 1121): Total arena pages for JIT: 201
01-01 01:15:28.090 I/dalvikvm( 1121): Total arena pages for JIT: 202
01-01 01:15:28.090 I/dalvikvm( 1121): Total arena pages for JIT: 203
01-01 01:15:28.090 I/dalvikvm( 1121): Total arena pages for JIT: 204
01-01 01:15:28.090 I/dalvikvm( 1121): Total arena pages for JIT: 205
01-01 01:15:28.090 I/dalvikvm( 1121): Total arena pages for JIT: 206
01-01 01:15:28.090 I/dalvikvm( 1121): Total arena pages for JIT: 207
01-01 01:15:28.090 I/dalvikvm( 1121): Total arena pages for JIT: 208
01-01 01:15:28.090 I/dalvikvm( 1121): Total arena pages for JIT: 209
01-01 01:15:28.090 I/dalvikvm( 1121): Total arena pages for JIT: 210
01-01 01:15:28.090 I/dalvikvm( 1121): Total arena pages for JIT: 211
01-01 01:15:28.090 V/CAM_PhotoModule( 3920): onShutterButtonClick: mCameraState=1
01-01 01:15:28.090 D/Camera_HAL(  245): atom_set_parameters
01-01 01:15:28.090 I/dalvikvm( 1121): Total arena pages for JIT: 212
01-01 01:15:28.090 I/dalvikvm( 1121): Total arena pages for JIT: 213
01-01 01:15:28.090 I/dalvikvm( 1121): Total arena pages for JIT: 214
01-01 01:15:28.090 I/dalvikvm( 1121): Total arena pages for JIT: 215
01-01 01:15:28.090 I/dalvikvm( 1121): Total arena pages for JIT: 216
01-01 01:15:28.090 I/dalvikvm( 1121): Total arena pages for JIT: 217
01-01 01:15:28.090 I/dalvikvm( 1121): Total arena pages for JIT: 218
01-01 01:15:28.090 I/dalvikvm( 1121): Total arena pages for JIT: 219
01-01 01:15:28.090 I/dalvikvm( 1121): Total arena pages for JIT: 220
01-01 01:15:28.090 D/Camera_HAL(  245): atom_take_picture
01-01 01:15:28.090 D/Atom_PerformanceTraces(  245): PnPBreakdown-step takePicture:, Time: 220165822 us, Diff: 52815 us
01-01 01:15:28.090 D/Atom_PerformanceTraces(  245): PnPBreakdown-step Shot2Shot::stop:, Time: 220165983 us, Diff: 159 us
01-01 01:15:28.090 D/Atom_PerformanceTraces(  245): shot2shot latency: 583644 us.
01-01 01:15:28.090 D/Atom_PerformanceTraces(  245): PnPBreakdown-step Shot2Shot::start:, Time: 220166032 us, Diff: 49 us
01-01 01:15:28.090 D/Atom_PerformanceTraces(  245): PnPBreakdown-step captureStillPic:, Time: 220166046 us, Diff: 13 us
01-01 01:15:28.090 D/Atom_PerformanceTraces(  245): PnPBreakdown-step allocateBuffers:Mode:[1], Time: 220166102 us, Diff: 55 us
01-01 01:15:28.090 I/dalvikvm( 1121): Total arena pages for JIT: 221
01-01 01:15:28.090 I/dalvikvm( 1121): Total arena pages for JIT: 222
01-01 01:15:28.090 I/WAKELOCK_ACQUIRE(  653): TIMESTAMP=4520232006316, TAG=TimedEventQueue, TYPE=PARTIAL_WAKE_LOCK             , COUNT=0, PID=245, UID=1013, FLAGS=
01-01 01:15:28.100 D/Atom_PerformanceTraces(  245): PnPBreakdown-step start:DeviceId:[0], Time: 220171371 us, Diff: 5266 us
01-01 01:15:28.100 D/Atom_PerformanceTraces(  245): PnPBreakdown-step start:DeviceId:[1], Time: 220172151 us, Diff: 776 us
01-01 01:15:28.100 I/dalvikvm( 1121): Total arena pages for JIT: 223
01-01 01:15:28.150 I/dispmgr (  666): waiting for message from kernel.
01-01 01:15:28.150 I/dispmgr (  666): message from kernel received.
01-01 01:15:28.150 I/dispmgr (  666): DpstAlgorithm_DPST4_5 
01-01 01:15:28.150 I/dispmgr (  666): DpstAlgorithm_DPST4_5 level is 3
01-01 01:15:28.320 D/Atom_PerformanceTraces(  245): PnPBreakdown-step captureStillPic:ISPGotFrame[1], Time: 220390061 us, Diff: 217905 us
01-01 01:15:28.320 D/Atom_PerformanceTraces(  245): ShutterLag from takePicture() to shot taken:	221ms
01-01 01:15:28.320 D/Camera_HAL(  245): atom_get_parameters
01-01 01:15:28.320 I/Camera_ControlThread(  245): @recycleUnusedBufferInISP buffers in ISP 0,0
01-01 01:15:28.320 D/Camera_HAL(  245): atom_put_parameters
01-01 01:15:28.320 W/Camera_EXIFMaker(  245): EXIF: Could not query brightness!
01-01 01:15:28.320 D/Atom_PerformanceTraces(  245): PnPBreakdown-step encodeToJpeg:frameEncode starting[1], Time: 220393867 us, Diff: 3802 us
01-01 01:15:28.320 D/Atom_PerformanceTraces(  245): PnPBreakdown-step startHwEncoding:In[1], Time: 220393905 us, Diff: 36 us
01-01 01:15:28.320 D/Camera_HAL(  245): atom_get_parameters
01-01 01:15:28.320 D/Camera_HAL(  245): atom_put_parameters
01-01 01:15:28.330 E/AudioSink(  245): received unknown event type: 1 inside CallbackWrapper !
01-01 01:15:28.330 V/CAM_PhotoModule( 3920): mShutterLag = 243ms
01-01 01:15:28.330 V/CAM_PhotoModule( 3920): mShutterToRawCallbackTime = 0ms
01-01 01:15:28.330 V/CAM_PhotoModule( 3920): mShutterToPostViewCallbackTime = 1ms
01-01 01:15:28.330 D/Atom_PerformanceTraces(  245): PnPBreakdown-step stop:DeviceId:[0], Time: 220407817 us, Diff: 13909 us
01-01 01:15:28.340 D/Atom_PerformanceTraces(  245): PnPBreakdown-step stop:DeviceId:[1], Time: 220409048 us, Diff: 1227 us
01-01 01:15:28.350 D/dalvikvm( 3920): GC_FOR_ALLOC freed 3139K, 53% free 22762K/48340K, paused 5ms, total 5ms
01-01 01:15:28.350 I/WAKELOCK_RELEASE(  653): TIMESTAMP=4520494703193, TAG=TimedEventQueue, TYPE=PARTIAL_WAKE_LOCK             , COUNT=0, PID=245, UID=1013, FLAGS=
01-01 01:15:28.430 W/Camera_AAAThread(  245): 1 frames in 3A process queue, handling timestamp 4520522451 instead of 4520522451
01-01 01:15:28.450 D/Atom_PerformanceTraces(  245): PnPBreakdown-step encodeToJpeg:frameEncoded[1], Time: 220518624 us, Diff: 109575 us
01-01 01:15:28.460 V/CAM_PhotoModule( 3920): mPictureDisplayedToJpegCallbackTime = 122ms
01-01 01:15:28.460 V/CAM_PhotoModule( 3920): stopPreview
01-01 01:15:28.460 I/dispmgr (  666): waiting for message from kernel.
01-01 01:15:28.460 I/dispmgr (  666): message from kernel received.
01-01 01:15:28.460 I/dispmgr (  666): DpstAlgorithm_DPST4_5 
01-01 01:15:28.460 I/dispmgr (  666): DpstAlgorithm_DPST4_5 level is 3
01-01 01:15:28.460 D/Camera_HAL(  245): atom_stop_preview
01-01 01:15:28.460 D/Atom_PerformanceTraces(  245): PnPBreakdown-step Switch::start:, Time: 220534303 us, Diff: 15673 us
01-01 01:15:28.460 D/Camera_HAL(  245): ATOM_GetCameraInfo
01-01 01:15:28.470 D/Camera_HAL(  245): atom_cancel_auto_focus
01-01 01:15:28.470 V/CAM_PhotoModule( 3920): Preview size is 960x720
01-01 01:15:28.470 V/CAM_PhotoModule( 3920): startPreview
01-01 01:15:28.470 D/Camera_HAL(  245): atom_send_command
01-01 01:15:28.470 D/Camera_HAL(  245): atom_set_parameters
01-01 01:15:28.480 D/Camera_HAL(  245): atom_preview_enabled
01-01 01:15:28.480 D/Camera_HAL(  245): atom_set_preview_window preview_window = 0xf8694120
01-01 01:15:28.480 D/Atom_PerformanceTraces(  245): PnPBreakdown-step setPreviewWindow:, Time: 220555541 us, Diff: 21236 us
01-01 01:15:28.480 D/Camera_HAL(  245): atom_start_preview
01-01 01:15:28.480 D/Atom_PerformanceTraces(  245): PnPBreakdown-step handleMessageStartPreview:, Time: 220557128 us, Diff: 1585 us
01-01 01:15:28.480 D/Camera_HAL(  245): atom_send_command
01-01 01:15:28.490 D/CameraStorage( 3920): External storage state=mounted
01-01 01:15:28.490 V/CAM_PhotoModule( 3920): mJpegCallbackFinishTime = 31ms
01-01 01:15:28.490 W/Camera_SensorThread(  245): @preventFastLooping, loop running too fast, throttling down!
01-01 01:15:28.520 W/Camera_AAAThread(  245): 1 frames in 3A process queue, handling timestamp 4520605794 instead of 4520605794
01-01 01:15:28.530 D/PVL     (  245): D] tcp : 469833, roll_over : 42, mcp : 11186 min_face_size(54) @ calculate_MCP():331
01-01 01:15:28.560 W/Camera_AAAThread(  245): 1 frames in 3A process queue, handling timestamp 4520647118 instead of 4520647118
01-01 01:15:28.600 W/Camera_AAAThread(  245): 1 frames in 3A process queue, handling timestamp 4520688804 instead of 4520688804
01-01 01:15:28.610 D/SyncService( 2461): mObserverMediaImage : onChange (false) matched content://media/external/images/media
01-01 01:15:28.610 D/GalleryUtils( 2461): [GalleryUtils :: hasSpaceForSize] available size : 23658MB, input size : 128MB.
01-01 01:15:28.620 D/dalvikvm( 3920): GC_FOR_ALLOC freed 9941K, 59% free 20132K/48340K, paused 9ms, total 9ms
01-01 01:15:28.630 I/SecurityManagerService(  827): SMS received security event: IPCEvent[BROADCAST_INTENT/com.android.camera2]{container=0}
01-01 01:15:28.630 V/AsfAosp (  653): No ASF clients are connected
01-01 01:15:28.640 I/SecurityManagerService(  827): SMS received security event: IPCEvent[BROADCAST_INTENT/com.android.camera2]{container=0}
01-01 01:15:28.640 V/AsfAosp (  653): No ASF clients are connected
01-01 01:15:28.640 W/Camera_AAAThread(  245): 1 frames in 3A process queue, handling timestamp 4520730395 instead of 4520730395
01-01 01:15:28.660 D/cip_VorbisDec(  245): UMCAudioDecoder::input data read (mSource->read) returned -1011, considering end of stream.
01-01 01:15:28.660 I/WAKELOCK_ACQUIRE(  653): TIMESTAMP=4520806822882, TAG=TimedEventQueue, TYPE=PARTIAL_WAKE_LOCK             , COUNT=0, PID=245, UID=1013, FLAGS=
01-01 01:15:28.670 I/dispmgr (  666): waiting for message from kernel.
01-01 01:15:28.670 I/dispmgr (  666): message from kernel received.
01-01 01:15:28.670 I/dispmgr (  666): DpstAlgorithm_DPST4_5 
01-01 01:15:28.670 I/dispmgr (  666): DpstAlgorithm_DPST4_5 level is 3
01-01 01:15:28.680 W/Camera_AAAThread(  245): 1 frames in 3A process queue, handling timestamp 4520772322 instead of 4520772322
01-01 01:15:28.730 W/Camera_AAAThread(  245): 1 frames in 3A process queue, handling timestamp 4520813798 instead of 4520813798
01-01 01:15:28.750 I/dispmgr (  666): waiting for message from kernel.
01-01 01:15:28.750 I/dispmgr (  666): message from kernel received.
01-01 01:15:28.750 I/dispmgr (  666): DpstAlgorithm_DPST4_5 
01-01 01:15:28.750 I/dispmgr (  666): DpstAlgorithm_DPST4_5 level is 3
01-01 01:15:28.770 W/Camera_AAAThread(  245): 1 frames in 3A process queue, handling timestamp 4520855418 instead of 4520855418
01-01 01:15:28.810 W/Camera_AAAThread(  245): 1 frames in 3A process queue, handling timestamp 4520897102 instead of 4520897102
01-01 01:15:28.820 I/dispmgr (  666): waiting for message from kernel.
01-01 01:15:28.820 I/dispmgr (  666): message from kernel received.
01-01 01:15:28.820 I/dispmgr (  666): DpstAlgorithm_DPST4_5 
01-01 01:15:28.820 I/dispmgr (  666): DpstAlgorithm_DPST4_5 level is 3
01-01 01:15:28.850 W/Camera_AAAThread(  245): 1 frames in 3A process queue, handling timestamp 4520939006 instead of 4520939006
01-01 01:15:28.890 W/Camera_AAAThread(  245): 1 frames in 3A process queue, handling timestamp 4520980459 instead of 4520980459
01-01 01:15:28.920 D/dalvikvm( 3920): GC_FOR_ALLOC freed 4228K, 54% free 22448K/48340K, paused 6ms, total 6ms
01-01 01:15:28.920 I/WAKELOCK_RELEASE(  653): TIMESTAMP=4521069317007, TAG=TimedEventQueue, TYPE=PARTIAL_WAKE_LOCK             , COUNT=0, PID=245, UID=1013, FLAGS=
01-01 01:15:28.930 W/Camera_AAAThread(  245): 1 frames in 3A process queue, handling timestamp 4521022192 instead of 4521022192
01-01 01:15:28.950 I/dispmgr (  666): waiting for message from kernel.
01-01 01:15:28.950 I/dispmgr (  666): message from kernel received.
01-01 01:15:28.950 I/dispmgr (  666): DpstAlgorithm_DPST4_5 
01-01 01:15:28.950 I/dispmgr (  666): DpstAlgorithm_DPST4_5 level is 3
01-01 01:15:28.980 W/Camera_AAAThread(  245): 1 frames in 3A process queue, handling timestamp 4521063794 instead of 4521063794
01-01 01:15:29.020 W/Camera_AAAThread(  245): 1 frames in 3A process queue, handling timestamp 4521105536 instead of 4521105536
01-01 01:15:29.050 I/dispmgr (  666): waiting for message from kernel.
01-01 01:15:29.050 I/dispmgr (  666): message from kernel received.
01-01 01:15:29.050 I/dispmgr (  666): DpstAlgorithm_DPST4_5 
01-01 01:15:29.050 I/dispmgr (  666): DpstAlgorithm_DPST4_5 level is 3
01-01 01:15:29.060 W/Camera_AAAThread(  245): 1 frames in 3A process queue, handling timestamp 4521147356 instead of 4521147356
01-01 01:15:29.100 W/Camera_AAAThread(  245): 1 frames in 3A process queue, handling timestamp 4521188789 instead of 4521188789
01-01 01:15:29.140 W/Camera_AAAThread(  245): 1 frames in 3A process queue, handling timestamp 4521230498 instead of 4521230498
01-01 01:15:29.170 I/dispmgr (  666): waiting for message from kernel.
01-01 01:15:29.170 I/dispmgr (  666): message from kernel received.
01-01 01:15:29.170 I/dispmgr (  666): DpstAlgorithm_DPST4_5 
01-01 01:15:29.170 I/dispmgr (  666): DpstAlgorithm_DPST4_5 level is 3
01-01 01:15:29.240 I/dispmgr (  666): waiting for message from kernel.
01-01 01:15:29.240 I/dispmgr (  666): message from kernel received.
01-01 01:15:29.240 I/dispmgr (  666): DpstAlgorithm_DPST4_5 
01-01 01:15:29.240 I/dispmgr (  666): DpstAlgorithm_DPST4_5 level is 3
01-01 01:15:29.270 W/Camera_AAAThread(  245): 1 frames in 3A process queue, handling timestamp 4521355585 instead of 4521355585
01-01 01:15:29.310 W/Camera_AAAThread(  245): 1 frames in 3A process queue, handling timestamp 4521397207 instead of 4521397207
01-01 01:15:29.330 I/dispmgr (  666): waiting for message from kernel.
01-01 01:15:29.330 I/dispmgr (  666): message from kernel received.
01-01 01:15:29.330 I/dispmgr (  666): DpstAlgorithm_DPST4_5 
01-01 01:15:29.330 I/dispmgr (  666): DpstAlgorithm_DPST4_5 level is 3
01-01 01:15:29.350 W/Camera_AAAThread(  245): 1 frames in 3A process queue, handling timestamp 4521439104 instead of 4521439104
01-01 01:15:29.390 W/Camera_AAAThread(  245): 1 frames in 3A process queue, handling timestamp 4521480858 instead of 4521480858
01-01 01:15:29.410 I/dispmgr (  666): waiting for message from kernel.
01-01 01:15:29.410 I/dispmgr (  666): message from kernel received.
01-01 01:15:29.410 I/dispmgr (  666): DpstAlgorithm_DPST4_5 
01-01 01:15:29.410 I/dispmgr (  666): DpstAlgorithm_DPST4_5 level is 3
01-01 01:15:29.480 W/Camera_AAAThread(  245): 1 frames in 3A process queue, handling timestamp 4521563862 instead of 4521563862
01-01 01:15:29.480 I/dispmgr (  666): waiting for message from kernel.
01-01 01:15:29.480 I/dispmgr (  666): message from kernel received.
01-01 01:15:29.480 I/dispmgr (  666): DpstAlgorithm_DPST4_5 
01-01 01:15:29.480 I/dispmgr (  666): DpstAlgorithm_DPST4_5 level is 3
01-01 01:15:29.530 W/Camera_AAAThread(  245): 1 frames in 3A process queue, handling timestamp 4521614166 instead of 4521614166
01-01 01:15:29.570 I/dispmgr (  666): waiting for message from kernel.
01-01 01:15:29.570 I/dispmgr (  666): message from kernel received.
01-01 01:15:29.570 I/dispmgr (  666): DpstAlgorithm_DPST4_5 
01-01 01:15:29.570 I/dispmgr (  666): DpstAlgorithm_DPST4_5 level is 3
01-01 01:15:29.580 W/Camera_AAAThread(  245): 1 frames in 3A process queue, handling timestamp 4521663830 instead of 4521663830
01-01 01:15:29.630 W/Camera_AAAThread(  245): 1 frames in 3A process queue, handling timestamp 4521713858 instead of 4521713858
01-01 01:15:29.660 I/dispmgr (  666): waiting for message from kernel.
01-01 01:15:29.660 I/dispmgr (  666): message from kernel received.
01-01 01:15:29.660 I/dispmgr (  666): DpstAlgorithm_DPST4_5 
01-01 01:15:29.660 I/dispmgr (  666): DpstAlgorithm_DPST4_5 level is 3
01-01 01:15:29.680 W/Camera_AAAThread(  245): 1 frames in 3A process queue, handling timestamp 4521764065 instead of 4521764065
01-01 01:15:29.730 W/Camera_AAAThread(  245): 1 frames in 3A process queue, handling timestamp 4521813978 instead of 4521813978
01-01 01:15:29.730 I/dispmgr (  666): waiting for message from kernel.
01-01 01:15:29.730 I/dispmgr (  666): message from kernel received.
01-01 01:15:29.730 I/dispmgr (  666): DpstAlgorithm_DPST4_5 
01-01 01:15:29.730 I/dispmgr (  666): DpstAlgorithm_DPST4_5 level is 3
01-01 01:15:29.780 W/Camera_AAAThread(  245): 1 frames in 3A process queue, handling timestamp 4521864326 instead of 4521864326
01-01 01:15:29.810 I/dispmgr (  666): waiting for message from kernel.
01-01 01:15:29.810 I/dispmgr (  666): message from kernel received.
01-01 01:15:29.810 I/dispmgr (  666): DpstAlgorithm_DPST4_5 
01-01 01:15:29.810 I/dispmgr (  666): DpstAlgorithm_DPST4_5 level is 3
01-01 01:15:29.830 W/Camera_AAAThread(  245): 1 frames in 3A process queue, handling timestamp 4521914110 instead of 4521914110
01-01 01:15:29.880 W/Camera_AAAThread(  245): 1 frames in 3A process queue, handling timestamp 4521964398 instead of 4521964398
01-01 01:15:29.930 W/Camera_AAAThread(  245): 1 frames in 3A process queue, handling timestamp 4522014495 instead of 4522014495
01-01 01:15:29.990 W/Camera_AAAThread(  245): 1 frames in 3A process queue, handling timestamp 4522014495 instead of 4522014495
01-01 01:15:30.040 D/Camera_DebugFrameRate(  245): time: 2.000344 seconds, frames: 40, fps: 19.996565
01-01 01:15:30.050 W/Camera_AAAThread(  245): 1 frames in 3A process queue, handling timestamp 4522074305 instead of 4522074305
01-01 01:15:30.110 W/Camera_AAAThread(  245): 1 frames in 3A process queue, handling timestamp 4522134469 instead of 4522134469
01-01 01:15:30.170 W/Camera_AAAThread(  245): 1 frames in 3A process queue, handling timestamp 4522194450 instead of 4522194450
01-01 01:15:30.230 W/Camera_AAAThread(  245): 1 frames in 3A process queue, handling timestamp 4522254621 instead of 4522254621
01-01 01:15:30.230 I/dispmgr (  666): waiting for message from kernel.
01-01 01:15:30.230 I/dispmgr (  666): message from kernel received.
01-01 01:15:30.230 I/dispmgr (  666): DpstAlgorithm_DPST4_5 
01-01 01:15:30.230 I/dispmgr (  666): DpstAlgorithm_DPST4_5 level is 3
01-01 01:15:30.320 I/dispmgr (  666): waiting for message from kernel.
01-01 01:15:30.320 I/dispmgr (  666): message from kernel received.
01-01 01:15:30.320 I/dispmgr (  666): DpstAlgorithm_DPST4_5 
01-01 01:15:30.320 I/dispmgr (  666): DpstAlgorithm_DPST4_5 level is 3
01-01 01:15:30.350 W/Camera_AAAThread(  245): 1 frames in 3A process queue, handling timestamp 4522374672 instead of 4522374672
01-01 01:15:30.410 W/Camera_AAAThread(  245): 1 frames in 3A process queue, handling timestamp 4522434635 instead of 4522434635
01-01 01:15:30.470 W/Camera_AAAThread(  245): 1 frames in 3A process queue, handling timestamp 4522494933 instead of 4522494933
01-01 01:15:30.490 I/dispmgr (  666): waiting for message from kernel.
01-01 01:15:30.490 I/dispmgr (  666): message from kernel received.
01-01 01:15:30.490 I/dispmgr (  666): DpstAlgorithm_DPST4_5 
01-01 01:15:30.490 I/dispmgr (  666): DpstAlgorithm_DPST4_5 level is 3
01-01 01:15:30.530 W/Camera_AAAThread(  245): 1 frames in 3A process queue, handling timestamp 4522554993 instead of 4522554993
01-01 01:15:30.590 W/Camera_AAAThread(  245): 1 frames in 3A process queue, handling timestamp 4522615037 instead of 4522615037
01-01 01:15:30.660 I/dispmgr (  666): waiting for message from kernel.
01-01 01:15:30.660 I/dispmgr (  666): message from kernel received.
01-01 01:15:30.660 I/dispmgr (  666): DpstAlgorithm_DPST4_5 
01-01 01:15:30.660 I/dispmgr (  666): DpstAlgorithm_DPST4_5 level is 3
01-01 01:15:30.710 W/Camera_AAAThread(  245): 1 frames in 3A process queue, handling timestamp 4522734887 instead of 4522734887
01-01 01:15:30.770 W/Camera_AAAThread(  245): 1 frames in 3A process queue, handling timestamp 4522795216 instead of 4522795216
01-01 01:15:30.830 W/Camera_AAAThread(  245): 1 frames in 3A process queue, handling timestamp 4522855127 instead of 4522855127
01-01 01:15:30.950 W/Camera_AAAThread(  245): 1 frames in 3A process queue, handling timestamp 4522975158 instead of 4522975158
01-01 01:15:31.150 I/dispmgr (  666): waiting for message from kernel.
01-01 01:15:31.150 I/dispmgr (  666): message from kernel received.
01-01 01:15:31.150 I/dispmgr (  666): DpstAlgorithm_DPST4_5 
01-01 01:15:31.150 I/dispmgr (  666): DpstAlgorithm_DPST4_5 level is 3
01-01 01:15:31.190 W/Camera_AAAThread(  245): 1 frames in 3A process queue, handling timestamp 4523215290 instead of 4523215290
01-01 01:15:31.310 W/Camera_AAAThread(  245): 1 frames in 3A process queue, handling timestamp 4523335644 instead of 4523335644
01-01 01:15:31.370 W/Camera_AAAThread(  245): 1 frames in 3A process queue, handling timestamp 4523395525 instead of 4523395525
01-01 01:15:31.430 W/Camera_AAAThread(  245): 1 frames in 3A process queue, handling timestamp 4523455557 instead of 4523455557
