D/hwcomposer(  232): void android::intel::HwcLayerList::dump():   HWC | f854def0 |     2 |     0 |  0 |   105 |    ff |        5 | [    0.0,    0.0, 1080.0,   75.0] | [    0,    0, 1080,   75] |     0 |      1 |  SPRITE 
D/hwcomposer(  232): void android::intel::HwcLayerList::dump():   HWC | f854d080 |     2 |     0 |  0 |   105 |    ff |        5 | [    0.0,    0.0, 1080.0,  144.0] | [    0, 1776, 1080, 1920] |     1 |      2 |  SPRITE 
D/hwcomposer(  232): void android::intel::HwcLayerList::dump():   FBT | f8531550 |     0 |     0 |  0 |   105 |    ff |        5 | [    0.0,    0.0, 1080.0, 1920.0] | [    0,    0, 1080, 1920] |    -1 |     -1 |     N/A 
I/WAKELOCK_ACQUIRE(  641): TIMESTAMP=88650370482, TAG=WindowManager, TYPE=SCREEN_BRIGHT_WAKE_LOCK       , COUNT=0, PID=641, UID=1000, FLAGS= ON_AFTER_RELEASE
D/hwcomposer(  232): void android::intel::HwcLayerList::dump():  numHwLayers = 4, flags = 00000001
D/hwcomposer(  232): void android::intel::HwcLayerList::dump():  type |  handle  | hints | flags | tr | blend | alpha |  format  |           source crop             |            frame          | index | zorder |  plane  
D/hwcomposer(  232): void android::intel::HwcLayerList::dump(): ------+----------+-------+-------+----+-------+-------+----------+-----------------------------------+---------------------------+-------+--------+---------
D/hwcomposer(  232): void android::intel::HwcLayerList::dump():   HWC | f857bc90 |     2 |     0 |  0 |   100 |    ff |        5 | [    0.0,   75.0, 1080.0, 1776.0] | [    0,   75, 1080, 1776] |     0 |      0 | PRIMARY 
D/hwcomposer(  232): void android::intel::HwcLayerList::dump():   HWC | f854def0 |     2 |     0 |  0 |   105 |    ff |        5 | [    0.0,    0.0, 1080.0,   75.0] | [    0,    0, 1080,   75] |     0 |      1 |  SPRITE 
D/hwcomposer(  232): void android::intel::HwcLayerList::dump():   HWC | f854d080 |     2 |     0 |  0 |   105 |    ff |        5 | [    0.0,    0.0, 1080.0,  144.0] | [    0, 1776, 1080, 1920] |     1 |      2 |  SPRITE 
D/hwcomposer(  232): void android::intel::HwcLayerList::dump():   FBT | f8531550 |     0 |     0 |  0 |   105 |    ff |        5 | [    0.0,    0.0, 1080.0, 1920.0] | [    0,    0, 1080, 1920] |    -1 |     -1 |     N/A 
D/DemoQoeClient( 2896): vps=88.675:B
D/hwcomposer(  232): void android::intel::HwcLayerList::dump():  numHwLayers = 4, flags = 00000001
D/hwcomposer(  232): void android::intel::HwcLayerList::dump():  type |  handle  | hints | flags | tr | blend | alpha |  format  |           source crop             |            frame          | index | zorder |  plane  
D/hwcomposer(  232): void android::intel::HwcLayerList::dump(): ------+----------+-------+-------+----+-------+-------+----------+-----------------------------------+---------------------------+-------+--------+---------
D/hwcomposer(  232): void android::intel::HwcLayerList::dump():   HWC | f857bc90 |     2 |     0 |  0 |   100 |    ff |        5 | [    0.0,   75.0, 1080.0, 1776.0] | [    0,   75, 1080, 1776] |     0 |      0 | PRIMARY 
D/hwcomposer(  232): void android::intel::HwcLayerList::dump():   HWC | f854def0 |     2 |     0 |  0 |   105 |    ff |        5 | [    0.0,    0.0, 1080.0,   75.0] | [    0,    0, 1080,   75] |     0 |      1 |  SPRITE 
D/hwcomposer(  232): void android::intel::HwcLayerList::dump():   HWC | f854d080 |     2 |     0 |  0 |   105 |    ff |        5 | [    0.0,    0.0, 1080.0,  144.0] | [    0, 1776, 1080, 1920] |     1 |      2 |  SPRITE 
D/hwcomposer(  232): void android::intel::HwcLayerList::dump():   FBT | f8531550 |     0 |     0 |  0 |   105 |    ff |        5 | [    0.0,    0.0, 1080.0, 1920.0] | [    0,    0, 1080, 1920] |    -1 |     -1 |     N/A 
D/hwcomposer(  232): void android::intel::HwcLayerList::dump():  numHwLayers = 4, flags = 00000001
D/hwcomposer(  232): void android::intel::HwcLayerList::dump():  type |  handle  | hints | flags | tr | blend | alpha |  format  |           source crop             |            frame          | index | zorder |  plane  
D/hwcomposer(  232): void android::intel::HwcLayerList::dump(): ------+----------+-------+-------+----+-------+-------+----------+-----------------------------------+---------------------------+-------+--------+---------
D/hwcomposer(  232): void android::intel::HwcLayerList::dump():   HWC | f857bc90 |     2 |     0 |  0 |   100 |    ff |        5 | [    0.0,   75.0, 1080.0, 1776.0] | [    0,   75, 1080, 1776] |     0 |      0 | PRIMARY 
D/hwcomposer(  232): void android::intel::HwcLayerList::dump():   HWC | f854def0 |     2 |     0 |  0 |   105 |    ff |        5 | [    0.0,    0.0, 1080.0,   75.0] | [    0,    0, 1080,   75] |     0 |      1 |  SPRITE 
D/hwcomposer(  232): void android::intel::HwcLayerList::dump():   HWC | f854d080 |     2 |     0 |  0 |   105 |    ff |        5 | [    0.0,    0.0, 1080.0,  144.0] | [    0, 1776, 1080, 1920] |     1 |      2 |  SPRITE 
D/hwcomposer(  232): void android::intel::HwcLayerList::dump():   FBT | f8531550 |     0 |     0 |  0 |   105 |    ff |        5 | [    0.0,    0.0, 1080.0, 1920.0] | [    0,    0, 1080, 1920] |    -1 |     -1 |     N/A 
I/ActivityManager(  641): Displayed com.google.android.exoplayer.demo/.PlayerActivity: +159ms
D/hwcomposer(  232): void android::intel::HwcLayerList::dump():  numHwLayers = 4, flags = 00000001
D/hwcomposer(  232): void android::intel::HwcLayerList::dump():  type |  handle  | hints | flags | tr | blend | alpha |  format  |           source crop             |            frame          | index | zorder |  plane  
D/hwcomposer(  232): void android::intel::HwcLayerList::dump(): ------+----------+-------+-------+----+-------+-------+----------+-----------------------------------+---------------------------+-------+--------+---------
D/hwcomposer(  232): void android::intel::HwcLayerList::dump():   HWC | f857bc90 |     2 |     0 |  0 |   100 |    ff |        5 | [    0.0,   75.0, 1080.0, 1776.0] | [    0,   75, 1080, 1776] |     0 |      0 | PRIMARY 
D/hwcomposer(  232): void android::intel::HwcLayerList::dump():   HWC | f854def0 |     2 |     0 |  0 |   105 |    ff |        5 | [    0.0,    0.0, 1080.0,   75.0] | [    0,    0, 1080,   75] |     0 |      1 |  SPRITE 
D/hwcomposer(  232): void android::intel::HwcLayerList::dump():   HWC | f854d080 |     2 |     0 |  0 |   105 |    ff |        5 | [    0.0,    0.0, 1080.0,  144.0] | [    0, 1776, 1080, 1920] |     1 |      2 |  SPRITE 
D/hwcomposer(  232): void android::intel::HwcLayerList::dump():   FBT | f8531550 |     0 |     0 |  0 |   105 |    ff |        5 | [    0.0,    0.0, 1080.0, 1920.0] | [    0,    0, 1080, 1920] |    -1 |     -1 |     N/A 
D/InputMethodManagerService(  641): --- calledFromForegroundUserOrSystemProcess ? calling uid = 10093 system uid = 1000 calling userId = 0, foreground user id = 0, calling pid = 2896com.android.server.InputMethodManagerService.windowGainedFocus(InputMethodManagerService.java:1882)
V/InputMethodManagerService(  641): windowGainedFocus: android.os.BinderProxy@2709cd78 controlFlags=#104 softInputMode=#120 windowFlags=#1810180
V/InputMethodManagerService(  641): Unspecified window will hide input
D/hwcomposer(  232): void android::intel::HwcLayerList::dump():  numHwLayers = 5, flags = 00000001
D/hwcomposer(  232): void android::intel::HwcLayerList::dump():  type |  handle  | hints | flags | tr | blend | alpha |  format  |           source crop             |            frame          | index | zorder |  plane  
D/hwcomposer(  232): void android::intel::HwcLayerList::dump(): ------+----------+-------+-------+----+-------+-------+----------+-----------------------------------+---------------------------+-------+--------+---------
D/hwcomposer(  232): void android::intel::HwcLayerList::dump():  GLES |        0 |     0 |     1 |  0 |   105 |    ff | ffffffff | [   -0.2,   -0.2,   -0.8,   -0.8] | [    0,    0, 1080, 1920] |    -1 |     -1 |     N/A 
D/hwcomposer(  232): void android::intel::HwcLayerList::dump():   HWC | f857bc90 |     2 |     0 |  0 |   100 |    ff |        5 | [    0.0,   75.0, 1080.0, 1776.0] | [    0,   75, 1080, 1776] |     0 |      1 |  SPRITE 
D/hwcomposer(  232): void android::intel::HwcLayerList::dump():   HWC | f854def0 |     2 |     0 |  0 |   105 |    ff |        5 | [    0.0,    0.0, 1080.0,   75.0] | [    0,    0, 1080,   75] |     1 |      2 |  SPRITE 
D/hwcomposer(  232): void android::intel::HwcLayerList::dump():   HWC | f854d080 |     2 |     0 |  0 |   105 |    ff |        5 | [    0.0,    0.0, 1080.0,  144.0] | [    0, 1776, 1080, 1920] |     2 |      3 |  SPRITE 
D/hwcomposer(  232): void android::intel::HwcLayerList::dump():   FBT | f8531550 |     0 |     0 |  0 |   105 |    ff |        5 | [    0.0,    0.0, 1080.0, 1920.0] | [    0,    0, 1080, 1920] |     0 |      0 | PRIMARY 
D/hwcomposer(  232): void android::intel::HwcLayerList::dump():  numHwLayers = 6, flags = 00000001
D/hwcomposer(  232): void android::intel::HwcLayerList::dump():  type |  handle  | hints | flags | tr | blend | alpha |  format  |           source crop             |            frame          | index | zorder |  plane  
D/hwcomposer(  232): void android::intel::HwcLayerList::dump(): ------+----------+-------+-------+----+-------+-------+----------+-----------------------------------+---------------------------+-------+--------+---------
D/hwcomposer(  232): void android::intel::HwcLayerList::dump():  GLES |        0 |     0 |     1 |  0 |   105 |    ff | ffffffff | [   -0.2,   -0.2,   -0.8,   -0.8] | [    0,    0, 1080, 1920] |    -1 |     -1 |     N/A 
D/hwcomposer(  232): void android::intel::HwcLayerList::dump():  GLES | f857bc90 |     0 |     0 |  0 |   105 |    fd |        5 | [    0.0,   75.0, 1080.0, 1776.0] | [    0,   75, 1080, 1776] |    -1 |     -1 |     N/A 
D/hwcomposer(  232): void android::intel::HwcLayerList::dump():  GLES | f853c3b0 |     0 |     0 |  0 |   105 |    29 |        5 | [    0.0,   74.0, 1080.0, 1776.0] | [   91,  211,  989, 1627] |    -1 |     -1 |     N/A 
D/hwcomposer(  232): void android::intel::HwcLayerList::dump():  GLES | f854def0 |     0 |     0 |  0 |   105 |    ff |        5 | [    0.0,    0.0, 1080.0,   75.0] | [    0,    0, 1080,   75] |    -1 |     -1 |     N/A 
D/hwcomposer(  232): void android::intel::HwcLayerList::dump():  GLES | f854d080 |     0 |     0 |  0 |   105 |    ff |        5 | [    0.0,    0.0, 1080.0,  144.0] | [    0, 1776, 1080, 1920] |    -1 |     -1 |     N/A 
D/hwcomposer(  232): void android::intel::HwcLayerList::dump():   FBT | f852eec0 |     0 |     0 |  0 |   105 |    ff |        5 | [    0.0,    0.0, 1080.0, 1920.0] | [    0,    0, 1080, 1920] |     0 |      0 | PRIMARY 
I/WAKELOCK_RELEASE(  641): TIMESTAMP=88753892803, TAG=ActivityManager-Launch, TYPE=PARTIAL_WAKE_LOCK             , COUNT=0, PID=641, UID=1000, FLAGS=
D/hwcomposer(  232): void android::intel::HwcLayerList::dump():  numHwLayers = 6, flags = 00000001
D/hwcomposer(  232): void android::intel::HwcLayerList::dump():  type |  handle  | hints | flags | tr | blend | alpha |  format  |           source crop             |            frame          | index | zorder |  plane  
D/hwcomposer(  232): void android::intel::HwcLayerList::dump(): ------+----------+-------+-------+----+-------+-------+----------+-----------------------------------+---------------------------+-------+--------+---------
D/hwcomposer(  232): void android::intel::HwcLayerList::dump():  GLES |        0 |     0 |     1 |  0 |   105 |    ff | ffffffff | [   -0.2,   -0.2,   -0.8,   -0.8] | [    0,    0, 1080, 1920] |    -1 |     -1 |     N/A 
D/hwcomposer(  232): void android::intel::HwcLayerList::dump():  GLES | f857bc90 |     0 |     0 |  0 |   105 |    f7 |        5 | [    0.0,   75.0, 1080.0, 1776.0] | [    0,   75, 1080, 1776] |    -1 |     -1 |     N/A 
D/hwcomposer(  232): void android::intel::HwcLayerList::dump():  GLES | f853c3b0 |     0 |     0 |  0 |   105 |    4f |        5 | [    0.0,   75.0, 1080.0, 1776.0] | [   74,  187, 1006, 1654] |    -1 |     -1 |     N/A 
D/hwcomposer(  232): void android::intel::HwcLayerList::dump():  GLES | f854def0 |     0 |     0 |  0 |   105 |    ff |        5 | [    0.0,    0.0, 1080.0,   75.0] | [    0,    0, 1080,   75] |    -1 |     -1 |     N/A 
D/hwcomposer(  232): void android::intel::HwcLayerList::dump():  GLES | f854d080 |     0 |     0 |  0 |   105 |    ff |        5 | [    0.0,    0.0, 1080.0,  144.0] | [    0, 1776, 1080, 1920] |    -1 |     -1 |     N/A 
D/hwcomposer(  232): void android::intel::HwcLayerList::dump():   FBT | f8527c00 |     0 |     0 |  0 |   105 |    ff |        5 | [    0.0,    0.0, 1080.0, 1920.0] | [    0,    0, 1080, 1920] |     0 |      0 | PRIMARY 
W/IntelAudioSource(  244): AudioRecord reported overrun!
D/hwcomposer(  232): void android::intel::HwcLayerList::dump():  numHwLayers = 6, flags = 00000001
D/hwcomposer(  232): void android::intel::HwcLayerList::dump():  type |  handle  | hints | flags | tr | blend | alpha |  format  |           source crop             |            frame          | index | zorder |  plane  
D/hwcomposer(  232): void android::intel::HwcLayerList::dump(): ------+----------+-------+-------+----+-------+-------+----------+-----------------------------------+---------------------------+-------+--------+---------
D/hwcomposer(  232): void android::intel::HwcLayerList::dump():  GLES |        0 |     0 |     1 |  0 |   105 |    ff | ffffffff | [   -0.2,   -0.2,   -0.8,   -0.8] | [    0,    0, 1080, 1920] |    -1 |     -1 |     N/A 
D/hwcomposer(  232): void android::intel::HwcLayerList::dump():  GLES | f857bc90 |     0 |     0 |  0 |   105 |    ee |        5 | [    0.0,   75.0, 1080.0, 1776.0] | [    0,   75, 1080, 1776] |    -1 |     -1 |     N/A 
D/hwcomposer(  232): void android::intel::HwcLayerList::dump():  GLES | f853c3b0 |     0 |     0 |  0 |   105 |    6b |        5 | [    1.0,   75.0, 1080.0, 1776.0] | [   63,  169, 1018, 1673] |    -1 |     -1 |     N/A 
D/hwcomposer(  232): void android::intel::HwcLayerList::dump():  GLES | f854def0 |     0 |     0 |  0 |   105 |    ff |        5 | [    0.0,    0.0, 1080.0,   75.0] | [    0,    0, 1080,   75] |    -1 |     -1 |     N/A 
D/hwcomposer(  232): void android::intel::HwcLayerList::dump():  GLES | f854d080 |     0 |     0 |  0 |   105 |    ff |        5 | [    0.0,    0.0, 1080.0,  144.0] | [    0, 1776, 1080, 1920] |    -1 |     -1 |     N/A 
D/hwcomposer(  232): void android::intel::HwcLayerList::dump():   FBT | f8531550 |     0 |     0 |  0 |   105 |    ff |        5 | [    0.0,    0.0, 1080.0, 1920.0] | [    0,    0, 1080, 1920] |     0 |      0 | PRIMARY 
D/hwcomposer(  232): void android::intel::HwcLayerList::dump():  numHwLayers = 6, flags = 00000001
D/hwcomposer(  232): void android::intel::HwcLayerList::dump():  type |  handle  | hints | flags | tr | blend | alpha |  format  |           source crop             |            frame          | index | zorder |  plane  
D/hwcomposer(  232): void android::intel::HwcLayerList::dump(): ------+----------+-------+-------+----+-------+-------+----------+-----------------------------------+---------------------------+-------+--------+---------
D/hwcomposer(  232): void android::intel::HwcLayerList::dump():  GLES |        0 |     0 |     1 |  0 |   105 |    ff | ffffffff | [   -0.2,   -0.2,   -0.8,   -0.8] | [    0,    0, 1080, 1920] |    -1 |     -1 |     N/A 
D/hwcomposer(  232): void android::intel::HwcLayerList::dump():  GLES | f857bc90 |     0 |     0 |  0 |   105 |    e2 |        5 | [    0.0,   75.0, 1080.0, 1776.0] | [    0,   75, 1080, 1776] |    -1 |     -1 |     N/A 
D/hwcomposer(  232): void android::intel::HwcLayerList::dump():  GLES | f853c3b0 |     0 |     0 |  0 |   105 |    86 |        5 | [    0.0,   75.0, 1080.0, 1776.0] | [   51,  152, 1029, 1692] |    -1 |     -1 |     N/A 
D/hwcomposer(  232): void android::intel::HwcLayerList::dump():  GLES | f854def0 |     0 |     0 |  0 |   105 |    ff |        5 | [    0.0,    0.0, 1080.0,   75.0] | [    0,    0, 1080,   75] |    -1 |     -1 |     N/A 
D/hwcomposer(  232): void android::intel::HwcLayerList::dump():  GLES | f854d080 |     0 |     0 |  0 |   105 |    ff |        5 | [    0.0,    0.0, 1080.0,  144.0] | [    0, 1776, 1080, 1920] |    -1 |     -1 |     N/A 
D/hwcomposer(  232): void android::intel::HwcLayerList::dump():   FBT | f852eec0 |     0 |     0 |  0 |   105 |    ff |        5 | [    0.0,    0.0, 1080.0, 1920.0] | [    0,    0, 1080, 1920] |     0 |      0 | PRIMARY 
D/hwcomposer(  232): void android::intel::HwcLayerList::dump():  numHwLayers = 6, flags = 00000001
D/hwcomposer(  232): void android::intel::HwcLayerList::dump():  type |  handle  | hints | flags | tr | blend | alpha |  format  |           source crop             |            frame          | index | zorder |  plane  
D/hwcomposer(  232): void android::intel::HwcLayerList::dump(): ------+----------+-------+-------+----+-------+-------+----------+-----------------------------------+---------------------------+-------+--------+---------
D/hwcomposer(  232): void android::intel::HwcLayerList::dump():  GLES |        0 |     0 |     1 |  0 |   105 |    ff | ffffffff | [   -0.2,   -0.2,   -0.8,   -0.8] | [    0,    0, 1080, 1920] |    -1 |     -1 |     N/A 
D/hwcomposer(  232): void android::intel::HwcLayerList::dump():  GLES | f857bc90 |     0 |     0 |  0 |   105 |    d2 |        5 | [    0.0,   75.0, 1080.0, 1776.0] | [    0,   75, 1080, 1776] |    -1 |     -1 |     N/A 
D/hwcomposer(  232): void android::intel::HwcLayerList::dump():  GLES | f853c3b0 |     0 |     0 |  0 |   105 |    9e |        5 | [    0.0,   76.0, 1080.0, 1776.0] | [   41,  137, 1039, 1709] |    -1 |     -1 |     N/A 
D/hwcomposer(  232): void android::intel::HwcLayerList::dump():  GLES | f854def0 |     0 |     0 |  0 |   105 |    ff |        5 | [    0.0,    0.0, 1080.0,   75.0] | [    0,    0, 1080,   75] |    -1 |     -1 |     N/A 
D/hwcomposer(  232): void android::intel::HwcLayerList::dump():  GLES | f854d080 |     0 |     0 |  0 |   105 |    ff |        5 | [    0.0,    0.0, 1080.0,  144.0] | [    0, 1776, 1080, 1920] |    -1 |     -1 |     N/A 
D/hwcomposer(  232): void android::intel::HwcLayerList::dump():   FBT | f8527c00 |     0 |     0 |  0 |   105 |    ff |        5 | [    0.0,    0.0, 1080.0, 1920.0] | [    0,    0, 1080, 1920] |     0 |      0 | PRIMARY 
I/dispmgr (  638): waiting for message from kernel.
I/dispmgr (  638): message from kernel received.
I/dispmgr (  638): DpstAlgorithm_DPST4_5 
I/dispmgr (  638): DpstAlgorithm_DPST4_5 level is 3
D/hwcomposer(  232): void android::intel::HwcLayerList::dump():  numHwLayers = 6, flags = 00000001
D/hwcomposer(  232): void android::intel::HwcLayerList::dump():  type |  handle  | hints | flags | tr | blend | alpha |  format  |           source crop             |            frame          | index | zorder |  plane  
D/hwcomposer(  232): void android::intel::HwcLayerList::dump(): ------+----------+-------+-------+----+-------+-------+----------+-----------------------------------+---------------------------+-------+--------+---------
D/hwcomposer(  232): void android::intel::HwcLayerList::dump():  GLES |        0 |     0 |     1 |  0 |   105 |    ff | ffffffff | [   -0.2,   -0.2,   -0.8,   -0.8] | [    0,    0, 1080, 1920] |    -1 |     -1 |     N/A 
D/hwcomposer(  232): void android::intel::HwcLayerList::dump():  GLES | f857bc90 |     0 |     0 |  0 |   105 |    c8 |        5 | [    0.0,   75.0, 1080.0, 1776.0] | [    0,   75, 1080, 1776] |    -1 |     -1 |     N/A 
D/hwcomposer(  232): void android::intel::HwcLayerList::dump():  GLES | f853c3b0 |     0 |     0 |  0 |   105 |    aa |        5 | [    0.0,   75.0, 1080.0, 1776.0] | [   36,  129, 1044, 1717] |    -1 |     -1 |     N/A 
D/hwcomposer(  232): void android::intel::HwcLayerList::dump():  GLES | f854def0 |     0 |     0 |  0 |   105 |    ff |        5 | [    0.0,    0.0, 1080.0,   75.0] | [    0,    0, 1080,   75] |    -1 |     -1 |     N/A 
D/hwcomposer(  232): void android::intel::HwcLayerList::dump():  GLES | f854d080 |     0 |     0 |  0 |   105 |    ff |        5 | [    0.0,    0.0, 1080.0,  144.0] | [    0, 1776, 1080, 1920] |    -1 |     -1 |     N/A 
D/hwcomposer(  232): void android::intel::HwcLayerList::dump():   FBT | f8531550 |     0 |     0 |  0 |   105 |    ff |        5 | [    0.0,    0.0, 1080.0, 1920.0] | [    0,    0, 1080, 1920] |     0 |      0 | PRIMARY 
D/hwcomposer(  232): void android::intel::HwcLayerList::dump():  numHwLayers = 6, flags = 00000001
D/hwcomposer(  232): void android::intel::HwcLayerList::dump():  type |  handle  | hints | flags | tr | blend | alpha |  format  |           source crop             |            frame          | index | zorder |  plane  
D/hwcomposer(  232): void android::intel::HwcLayerList::dump(): ------+----------+-------+-------+----+-------+-------+----------+-----------------------------------+---------------------------+-------+--------+---------
D/hwcomposer(  232): void android::intel::HwcLayerList::dump():  GLES |        0 |     0 |     1 |  0 |   105 |    ff | ffffffff | [   -0.2,   -0.2,   -0.8,   -0.8] | [    0,    0, 1080, 1920] |    -1 |     -1 |     N/A 
D/hwcomposer(  232): void android::intel::HwcLayerList::dump():  GLES | f857bc90 |     0 |     0 |  0 |   105 |    c0 |        5 | [    0.0,   75.0, 1080.0, 1776.0] | [    0,   75, 1080, 1776] |    -1 |     -1 |     N/A 
D/hwcomposer(  232): void android::intel::HwcLayerList::dump():  GLES | f853c3b0 |     0 |     0 |  0 |   105 |    b2 |        5 | [    0.0,   75.0, 1080.0, 1776.0] | [   32,  124, 1048, 1723] |    -1 |     -1 |     N/A 
D/hwcomposer(  232): void android::intel::HwcLayerList::dump():  GLES | f854def0 |     0 |     0 |  0 |   105 |    ff |        5 | [    0.0,    0.0, 1080.0,   75.0] | [    0,    0, 1080,   75] |    -1 |     -1 |     N/A 
D/hwcomposer(  232): void android::intel::HwcLayerList::dump():  GLES | f854d080 |     0 |     0 |  0 |   105 |    ff |        5 | [    0.0,    0.0, 1080.0,  144.0] | [    0, 1776, 1080, 1920] |    -1 |     -1 |     N/A 
D/hwcomposer(  232): void android::intel::HwcLayerList::dump():   FBT | f852eec0 |     0 |     0 |  0 |   105 |    ff |        5 | [    0.0,    0.0, 1080.0, 1920.0] | [    0,    0, 1080, 1920] |     0 |      0 | PRIMARY 
D/hwcomposer(  232): void android::intel::HwcLayerList::dump():  numHwLayers = 6, flags = 00000001
D/hwcomposer(  232): void android::intel::HwcLayerList::dump():  type |  handle  | hints | flags | tr | blend | alpha |  format  |           source crop             |            frame          | index | zorder |  plane  
D/hwcomposer(  232): void android::intel::HwcLayerList::dump(): ------+----------+-------+-------+----+-------+-------+----------+-----------------------------------+---------------------------+-------+--------+---------
D/hwcomposer(  232): void android::intel::HwcLayerList::dump():  GLES |        0 |     0 |     1 |  0 |   105 |    ff | ffffffff | [   -0.2,   -0.2,   -0.8,   -0.8] | [    0,    0, 1080, 1920] |    -1 |     -1 |     N/A 
D/hwcomposer(  232): void android::intel::HwcLayerList::dump():  GLES | f857bc90 |     0 |     0 |  0 |   105 |    ac |        5 | [    0.0,   75.0, 1080.0, 1776.0] | [    0,   75, 1080, 1776] |    -1 |     -1 |     N/A 
D/hwcomposer(  232): void android::intel::HwcLayerList::dump():  GLES | f853c3b0 |     0 |     0 |  0 |   105 |    c4 |        5 | [    0.0,   76.0, 1080.0, 1776.0] | [   25,  113, 1055, 1735] |    -1 |     -1 |     N/A 
D/hwcomposer(  232): void android::intel::HwcLayerList::dump():  GLES | f854def0 |     0 |     0 |  0 |   105 |    ff |        5 | [    0.0,    0.0, 1080.0,   75.0] | [    0,    0, 1080,   75] |    -1 |     -1 |     N/A 
D/hwcomposer(  232): void android::intel::HwcLayerList::dump():  GLES | f854d080 |     0 |     0 |  0 |   105 |    ff |        5 | [    0.0,    0.0, 1080.0,  144.0] | [    0, 1776, 1080, 1920] |    -1 |     -1 |     N/A 
D/hwcomposer(  232): void android::intel::HwcLayerList::dump():   FBT | f8527c00 |     0 |     0 |  0 |   105 |    ff |        5 | [    0.0,    0.0, 1080.0, 1920.0] | [    0,    0, 1080, 1920] |     0 |      0 | PRIMARY 
V/BaseConnectivityHandler(  928): Got EVENT_CONTINUE_IMS_CONNECTIVITY
D/MobileConnectivityHandler-ims(  928): startApn TYPE_MOBILE, mFeature: enableIMS
W/MobileConnectivityHandler-ims(  928): beginImsConnectivity APN_TYPE_NOT_AVAILABLE
D/ConnectivityService(  641): special network not available ni=mobile_ims
D/hwcomposer(  232): void android::intel::HwcLayerList::dump():  numHwLayers = 6, flags = 00000001
D/hwcomposer(  232): void android::intel::HwcLayerList::dump():  type |  handle  | hints | flags | tr | blend | alpha |  format  |           source crop             |            frame          | index | zorder |  plane  
D/hwcomposer(  232): void android::intel::HwcLayerList::dump(): ------+----------+-------+-------+----+-------+-------+----------+-----------------------------------+---------------------------+-------+--------+---------
D/hwcomposer(  232): void android::intel::HwcLayerList::dump():  GLES |        0 |     0 |     1 |  0 |   105 |    ff | ffffffff | [   -0.2,   -0.2,   -0.8,   -0.8] | [    0,    0, 1080, 1920] |    -1 |     -1 |     N/A 
D/hwcomposer(  232): void android::intel::HwcLayerList::dump():  GLES | f857bc90 |     0 |     0 |  0 |   105 |    97 |        5 | [    0.0,   75.0, 1080.0, 1776.0] | [    0,   75, 1080, 1776] |    -1 |     -1 |     N/A 
D/hwcomposer(  232): void android::intel::HwcLayerList::dump():  GLES | f853c3b0 |     0 |     0 |  0 |   105 |    d2 |        5 | [    0.0,   75.0, 1080.0, 1776.0] | [   19,  104, 1061, 1745] |    -1 |     -1 |     N/A 
D/hwcomposer(  232): void android::intel::HwcLayerList::dump():  GLES | f854def0 |     0 |     0 |  0 |   105 |    ff |        5 | [    0.0,    0.0, 1080.0,   75.0] | [    0,    0, 1080,   75] |    -1 |     -1 |     N/A 
D/hwcomposer(  232): void android::intel::HwcLayerList::dump():  GLES | f854d080 |     0 |     0 |  0 |   105 |    ff |        5 | [    0.0,    0.0, 1080.0,  144.0] | [    0, 1776, 1080, 1920] |    -1 |     -1 |     N/A 
D/hwcomposer(  232): void android::intel::HwcLayerList::dump():   FBT | f8531550 |     0 |     0 |  0 |   105 |    ff |        5 | [    0.0,    0.0, 1080.0, 1920.0] | [    0,    0, 1080, 1920] |     0 |      0 | PRIMARY 
I/dispmgr (  638): waiting for message from kernel.
I/dispmgr (  638): message from kernel received.
I/dispmgr (  638): DpstAlgorithm_DPST4_5 
I/dispmgr (  638): DpstAlgorithm_DPST4_5 level is 3
D/hwcomposer(  232): void android::intel::HwcLayerList::dump():  numHwLayers = 6, flags = 00000001
D/hwcomposer(  232): void android::intel::HwcLayerList::dump():  type |  handle  | hints | flags | tr | blend | alpha |  format  |           source crop             |            frame          | index | zorder |  plane  
D/hwcomposer(  232): void android::intel::HwcLayerList::dump(): ------+----------+-------+-------+----+-------+-------+----------+-----------------------------------+---------------------------+-------+--------+---------
D/hwcomposer(  232): void android::intel::HwcLayerList::dump():  GLES |        0 |     0 |     1 |  0 |   105 |    ff | ffffffff | [   -0.2,   -0.2,   -0.8,   -0.8] | [    0,    0, 1080, 1920] |    -1 |     -1 |     N/A 
D/hwcomposer(  232): void android::intel::HwcLayerList::dump():  GLES | f857bc90 |     0 |     0 |  0 |   105 |    81 |        5 | [    0.0,   75.0, 1080.0, 1776.0] | [    0,   75, 1080, 1776] |    -1 |     -1 |     N/A 
D/hwcomposer(  232): void android::intel::HwcLayerList::dump():  GLES | f853c3b0 |     0 |     0 |  0 |   105 |    de |        5 | [    0.0,   75.0, 1080.0, 1776.0] | [   14,   96, 1066, 1753] |    -1 |     -1 |     N/A 
D/hwcomposer(  232): void android::intel::HwcLayerList::dump():  GLES | f854def0 |     0 |     0 |  0 |   105 |    ff |        5 | [    0.0,    0.0, 1080.0,   75.0] | [    0,    0, 1080,   75] |    -1 |     -1 |     N/A 
D/hwcomposer(  232): void android::intel::HwcLayerList::dump():  GLES | f854d080 |     0 |     0 |  0 |   105 |    ff |        5 | [    0.0,    0.0, 1080.0,  144.0] | [    0, 1776, 1080, 1920] |    -1 |     -1 |     N/A 
D/hwcomposer(  232): void android::intel::HwcLayerList::dump():   FBT | f852eec0 |     0 |     0 |  0 |   105 |    ff |        5 | [    0.0,    0.0, 1080.0, 1920.0] | [    0,    0, 1080, 1920] |     0 |      0 | PRIMARY 
D/CRASHLOG(  284): receive_inotify_events: Can't handle the event "drop172.tmp", no valid entry found, drop it...
D/CRASHLOG(  284): receive_inotify_events: Can't handle the event "drop172.tmp", no valid entry found, drop it...
D/CRASHLOG(  284): receive_inotify_events: Can't handle the event "system_app_strictmode@1409025289371.txt.gz", no valid entry found, drop it...
I/SecurityManagerService(  789): SMS received security event: IPCEvent[BROADCAST_INTENT/android]{container=0}
V/AsfAosp (  641): No ASF clients are connected
D/hwcomposer(  232): void android::intel::HwcLayerList::dump():  numHwLayers = 6, flags = 00000001
D/hwcomposer(  232): void android::intel::HwcLayerList::dump():  type |  handle  | hints | flags | tr | blend | alpha |  format  |           source crop             |            frame          | index | zorder |  plane  
D/hwcomposer(  232): void android::intel::HwcLayerList::dump(): ------+----------+-------+-------+----+-------+-------+----------+-----------------------------------+---------------------------+-------+--------+---------
D/hwcomposer(  232): void android::intel::HwcLayerList::dump():  GLES |        0 |     0 |     1 |  0 |   105 |    ff | ffffffff | [   -0.2,   -0.2,   -0.8,   -0.8] | [    0,    0, 1080, 1920] |    -1 |     -1 |     N/A 
D/hwcomposer(  232): void android::intel::HwcLayerList::dump():  GLES | f857bc90 |     0 |     0 |  0 |   105 |    6c |        5 | [    0.0,   75.0, 1080.0, 1776.0] | [    0,   75, 1080, 1776] |    -1 |     -1 |     N/A 
D/hwcomposer(  232): void android::intel::HwcLayerList::dump():  GLES | f853c3b0 |     0 |     0 |  0 |   105 |    e8 |        5 | [    0.0,   75.0, 1080.0, 1776.0] | [   10,   90, 1070, 1760] |    -1 |     -1 |     N/A 
D/hwcomposer(  232): void android::intel::HwcLayerList::dump():  GLES | f854def0 |     0 |     0 |  0 |   105 |    ff |        5 | [    0.0,    0.0, 1080.0,   75.0] | [    0,    0, 1080,   75] |    -1 |     -1 |     N/A 
D/hwcomposer(  232): void android::intel::HwcLayerList::dump():  GLES | f854d080 |     0 |     0 |  0 |   105 |    ff |        5 | [    0.0,    0.0, 1080.0,  144.0] | [    0, 1776, 1080, 1920] |    -1 |     -1 |     N/A 
D/hwcomposer(  232): void android::intel::HwcLayerList::dump():   FBT | f8527c00 |     0 |     0 |  0 |   105 |    ff |        5 | [    0.0,    0.0, 1080.0, 1920.0] | [    0,    0, 1080, 1920] |     0 |      0 | PRIMARY 
D/hwcomposer(  232): void android::intel::HwcLayerList::dump():  numHwLayers = 6, flags = 00000001
D/hwcomposer(  232): void android::intel::HwcLayerList::dump():  type |  handle  | hints | flags | tr | blend | alpha |  format  |           source crop             |            frame          | index | zorder |  plane  
D/hwcomposer(  232): void android::intel::HwcLayerList::dump(): ------+----------+-------+-------+----+-------+-------+----------+-----------------------------------+---------------------------+-------+--------+---------
D/hwcomposer(  232): void android::intel::HwcLayerList::dump():  GLES |        0 |     0 |     1 |  0 |   105 |    ff | ffffffff | [   -0.2,   -0.2,   -0.8,   -0.8] | [    0,    0, 1080, 1920] |    -1 |     -1 |     N/A 
D/hwcomposer(  232): void android::intel::HwcLayerList::dump():  GLES | f857bc90 |     0 |     0 |  0 |   105 |    57 |        5 | [    0.0,   75.0, 1080.0, 1776.0] | [    0,   75, 1080, 1776] |    -1 |     -1 |     N/A 
D/hwcomposer(  232): void android::intel::HwcLayerList::dump():  GLES | f853c3b0 |     0 |     0 |  0 |   105 |    ef |        5 | [    0.0,   75.0, 1080.0, 1776.0] | [    7,   85, 1073, 1765] |    -1 |     -1 |     N/A 
D/hwcomposer(  232): void android::intel::HwcLayerList::dump():  GLES | f854def0 |     0 |     0 |  0 |   105 |    ff |        5 | [    0.0,    0.0, 1080.0,   75.0] | [    0,    0, 1080,   75] |    -1 |     -1 |     N/A 
D/hwcomposer(  232): void android::intel::HwcLayerList::dump():  GLES | f854d080 |     0 |     0 |  0 |   105 |    ff |        5 | [    0.0,    0.0, 1080.0,  144.0] | [    0, 1776, 1080, 1920] |    -1 |     -1 |     N/A 
D/hwcomposer(  232): void android::intel::HwcLayerList::dump():   FBT | f8531550 |     0 |     0 |  0 |   105 |    ff |        5 | [    0.0,    0.0, 1080.0, 1920.0] | [    0,    0, 1080, 1920] |     0 |      0 | PRIMARY 
D/hwcomposer(  232): void android::intel::HwcLayerList::dump():  numHwLayers = 6, flags = 00000001
D/hwcomposer(  232): void android::intel::HwcLayerList::dump():  type |  handle  | hints | flags | tr | blend | alpha |  format  |           source crop             |            frame          | index | zorder |  plane  
D/hwcomposer(  232): void android::intel::HwcLayerList::dump(): ------+----------+-------+-------+----+-------+-------+----------+-----------------------------------+---------------------------+-------+--------+---------
D/hwcomposer(  232): void android::intel::HwcLayerList::dump():  GLES |        0 |     0 |     1 |  0 |   105 |    ff | ffffffff | [   -0.2,   -0.2,   -0.8,   -0.8] | [    0,    0, 1080, 1920] |    -1 |     -1 |     N/A 
D/hwcomposer(  232): void android::intel::HwcLayerList::dump():  GLES | f857bc90 |     0 |     0 |  0 |   105 |    42 |        5 | [    0.0,   75.0, 1080.0, 1776.0] | [    0,   75, 1080, 1776] |    -1 |     -1 |     N/A 
D/hwcomposer(  232): void android::intel::HwcLayerList::dump():  GLES | f853c3b0 |     0 |     0 |  0 |   105 |    f5 |        5 | [    0.0,   75.0, 1080.0, 1776.0] | [    4,   81, 1076, 1769] |    -1 |     -1 |     N/A 
D/hwcomposer(  232): void android::intel::HwcLayerList::dump():  GLES | f854def0 |     0 |     0 |  0 |   105 |    ff |        5 | [    0.0,    0.0, 1080.0,   75.0] | [    0,    0, 1080,   75] |    -1 |     -1 |     N/A 
D/hwcomposer(  232): void android::intel::HwcLayerList::dump():  GLES | f854d080 |     0 |     0 |  0 |   105 |    ff |        5 | [    0.0,    0.0, 1080.0,  144.0] | [    0, 1776, 1080, 1920] |    -1 |     -1 |     N/A 
D/hwcomposer(  232): void android::intel::HwcLayerList::dump():   FBT | f852eec0 |     0 |     0 |  0 |   105 |    ff |        5 | [    0.0,    0.0, 1080.0, 1920.0] | [    0,    0, 1080, 1920] |     0 |      0 | PRIMARY 
I/dispmgr (  638): waiting for message from kernel.
I/dispmgr (  638): message from kernel received.
I/dispmgr (  638): DpstAlgorithm_DPST4_5 
I/dispmgr (  638): DpstAlgorithm_DPST4_5 level is 3
D/hwcomposer(  232): void android::intel::HwcLayerList::dump():  numHwLayers = 6, flags = 00000001
D/hwcomposer(  232): void android::intel::HwcLayerList::dump():  type |  handle  | hints | flags | tr | blend | alpha |  format  |           source crop             |            frame          | index | zorder |  plane  
D/hwcomposer(  232): void android::intel::HwcLayerList::dump(): ------+----------+-------+-------+----+-------+-------+----------+-----------------------------------+---------------------------+-------+--------+---------
D/hwcomposer(  232): void android::intel::HwcLayerList::dump():  GLES |        0 |     0 |     1 |  0 |   105 |    ff | ffffffff | [   -0.2,   -0.2,   -0.8,   -0.8] | [    0,    0, 1080, 1920] |    -1 |     -1 |     N/A 
D/hwcomposer(  232): void android::intel::HwcLayerList::dump():  GLES | f857bc90 |     0 |     0 |  0 |   105 |    30 |        5 | [    0.0,   75.0, 1080.0, 1776.0] | [    0,   75, 1080, 1776] |    -1 |     -1 |     N/A 
D/hwcomposer(  232): void android::intel::HwcLayerList::dump():  GLES | f853c3b0 |     0 |     0 |  0 |   105 |    f9 |        5 | [    0.0,   75.0, 1080.0, 1776.0] | [    3,   79, 1077, 1772] |    -1 |     -1 |     N/A 
D/hwcomposer(  232): void android::intel::HwcLayerList::dump():  GLES | f854def0 |     0 |     0 |  0 |   105 |    ff |        5 | [    0.0,    0.0, 1080.0,   75.0] | [    0,    0, 1080,   75] |    -1 |     -1 |     N/A 
D/hwcomposer(  232): void android::intel::HwcLayerList::dump():  GLES | f854d080 |     0 |     0 |  0 |   105 |    ff |        5 | [    0.0,    0.0, 1080.0,  144.0] | [    0, 1776, 1080, 1920] |    -1 |     -1 |     N/A 
D/hwcomposer(  232): void android::intel::HwcLayerList::dump():   FBT | f8527c00 |     0 |     0 |  0 |   105 |    ff |        5 | [    0.0,    0.0, 1080.0, 1920.0] | [    0,    0, 1080, 1920] |     0 |      0 | PRIMARY 
D/hwcomposer(  232): void android::intel::HwcLayerList::dump():  numHwLayers = 6, flags = 00000001
D/hwcomposer(  232): void android::intel::HwcLayerList::dump():  type |  handle  | hints | flags | tr | blend | alpha |  format  |           source crop             |            frame          | index | zorder |  plane  
D/hwcomposer(  232): void android::intel::HwcLayerList::dump(): ------+----------+-------+-------+----+-------+-------+----------+-----------------------------------+---------------------------+-------+--------+---------
D/hwcomposer(  232): void android::intel::HwcLayerList::dump():  GLES |        0 |     0 |     1 |  0 |   105 |    ff | ffffffff | [   -0.2,   -0.2,   -0.8,   -0.8] | [    0,    0, 1080, 1920] |    -1 |     -1 |     N/A 
D/hwcomposer(  232): void android::intel::HwcLayerList::dump():  GLES | f857bc90 |     0 |     0 |  0 |   105 |    20 |        5 | [    0.0,   75.0, 1080.0, 1776.0] | [    0,   75, 1080, 1776] |    -1 |     -1 |     N/A 
D/hwcomposer(  232): void android::intel::HwcLayerList::dump():  GLES | f853c3b0 |     0 |     0 |  0 |   105 |    fc |        5 | [    0.0,   75.0, 1080.0, 1776.0] | [    1,   77, 1079, 1774] |    -1 |     -1 |     N/A 
D/hwcomposer(  232): void android::intel::HwcLayerList::dump():  GLES | f854def0 |     0 |     0 |  0 |   105 |    ff |        5 | [    0.0,    0.0, 1080.0,   75.0] | [    0,    0, 1080,   75] |    -1 |     -1 |     N/A 
D/hwcomposer(  232): void android::intel::HwcLayerList::dump():  GLES | f854d080 |     0 |     0 |  0 |   105 |    ff |        5 | [    0.0,    0.0, 1080.0,  144.0] | [    0, 1776, 1080, 1920] |    -1 |     -1 |     N/A 
D/hwcomposer(  232): void android::intel::HwcLayerList::dump():   FBT | f8531550 |     0 |     0 |  0 |   105 |    ff |        5 | [    0.0,    0.0, 1080.0, 1920.0] | [    0,    0, 1080, 1920] |     0 |      0 | PRIMARY 
D/hwcomposer(  232): void android::intel::HwcLayerList::dump():  numHwLayers = 6, flags = 00000001
D/hwcomposer(  232): void android::intel::HwcLayerList::dump():  type |  handle  | hints | flags | tr | blend | alpha |  format  |           source crop             |            frame          | index | zorder |  plane  
D/hwcomposer(  232): void android::intel::HwcLayerList::dump(): ------+----------+-------+-------+----+-------+-------+----------+-----------------------------------+---------------------------+-------+--------+---------
D/hwcomposer(  232): void android::intel::HwcLayerList::dump():  GLES |        0 |     0 |     1 |  0 |   105 |    ff | ffffffff | [   -0.2,   -0.2,   -0.8,   -0.8] | [    0,    0, 1080, 1920] |    -1 |     -1 |     N/A 
D/hwcomposer(  232): void android::intel::HwcLayerList::dump():  GLES | f857bc90 |     0 |     0 |  0 |   105 |    13 |        5 | [    0.0,   75.0, 1080.0, 1776.0] | [    0,   75, 1080, 1776] |    -1 |     -1 |     N/A 
D/hwcomposer(  232): void android::intel::HwcLayerList::dump():  GLES | f853c3b0 |     0 |     0 |  0 |   105 |    fe |        5 | [    0.0,   75.0, 1080.0, 1776.0] | [    1,   76, 1079, 1775] |    -1 |     -1 |     N/A 
D/hwcomposer(  232): void android::intel::HwcLayerList::dump():  GLES | f854def0 |     0 |     0 |  0 |   105 |    ff |        5 | [    0.0,    0.0, 1080.0,   75.0] | [    0,    0, 1080,   75] |    -1 |     -1 |     N/A 
D/hwcomposer(  232): void android::intel::HwcLayerList::dump():  GLES | f854d080 |     0 |     0 |  0 |   105 |    ff |        5 | [    0.0,    0.0, 1080.0,  144.0] | [    0, 1776, 1080, 1920] |    -1 |     -1 |     N/A 
D/hwcomposer(  232): void android::intel::HwcLayerList::dump():   FBT | f852eec0 |     0 |     0 |  0 |   105 |    ff |        5 | [    0.0,    0.0, 1080.0, 1920.0] | [    0,    0, 1080, 1920] |     0 |      0 | PRIMARY 
D/hwcomposer(  232): void android::intel::HwcLayerList::dump():  numHwLayers = 6, flags = 00000001
D/hwcomposer(  232): void android::intel::HwcLayerList::dump():  type |  handle  | hints | flags | tr | blend | alpha |  format  |           source crop             |            frame          | index | zorder |  plane  
D/hwcomposer(  232): void android::intel::HwcLayerList::dump(): ------+----------+-------+-------+----+-------+-------+----------+-----------------------------------+---------------------------+-------+--------+---------
D/hwcomposer(  232): void android::intel::HwcLayerList::dump():  GLES |        0 |     0 |     1 |  0 |   105 |    ff | ffffffff | [   -0.2,   -0.2,   -0.8,   -0.8] | [    0,    0, 1080, 1920] |    -1 |     -1 |     N/A 
D/hwcomposer(  232): void android::intel::HwcLayerList::dump():  GLES | f857bc90 |     0 |     0 |  0 |   105 |     9 |        5 | [    0.0,   75.0, 1080.0, 1776.0] | [    0,   75, 1080, 1776] |    -1 |     -1 |     N/A 
D/hwcomposer(  232): void android::intel::HwcLayerList::dump():  GLES | f853c3b0 |     0 |     0 |  0 |   105 |    ff |        5 | [    0.0,   75.0, 1080.0, 1776.0] | [    0,   75, 1080, 1776] |    -1 |     -1 |     N/A 
D/hwcomposer(  232): void android::intel::HwcLayerList::dump():  GLES | f854def0 |     0 |     0 |  0 |   105 |    ff |        5 | [    0.0,    0.0, 1080.0,   75.0] | [    0,    0, 1080,   75] |    -1 |     -1 |     N/A 
D/hwcomposer(  232): void android::intel::HwcLayerList::dump():  GLES | f854d080 |     0 |     0 |  0 |   105 |    ff |        5 | [    0.0,    0.0, 1080.0,  144.0] | [    0, 1776, 1080, 1920] |    -1 |     -1 |     N/A 
D/hwcomposer(  232): void android::intel::HwcLayerList::dump():   FBT | f8527c00 |     0 |     0 |  0 |   105 |    ff |        5 | [    0.0,    0.0, 1080.0, 1920.0] | [    0,    0, 1080, 1920] |     0 |      0 | PRIMARY 
I/dispmgr (  638): waiting for message from kernel.
I/dispmgr (  638): message from kernel received.
I/dispmgr (  638): DpstAlgorithm_DPST4_5 
I/dispmgr (  638): DpstAlgorithm_DPST4_5 level is 3
D/hwcomposer(  232): void android::intel::HwcLayerList::dump():  numHwLayers = 6, flags = 00000001
D/hwcomposer(  232): void android::intel::HwcLayerList::dump():  type |  handle  | hints | flags | tr | blend | alpha |  format  |           source crop             |            frame          | index | zorder |  plane  
D/hwcomposer(  232): void android::intel::HwcLayerList::dump(): ------+----------+-------+-------+----+-------+-------+----------+-----------------------------------+---------------------------+-------+--------+---------
D/hwcomposer(  232): void android::intel::HwcLayerList::dump():  GLES |        0 |     0 |     1 |  0 |   105 |    ff | ffffffff | [   -0.2,   -0.2,   -0.8,   -0.8] | [    0,    0, 1080, 1920] |    -1 |     -1 |     N/A 
D/hwcomposer(  232): void android::intel::HwcLayerList::dump():  GLES | f857bc90 |     0 |     0 |  0 |   105 |     3 |        5 | [    0.0,   75.0, 1080.0, 1776.0] | [    0,   75, 1080, 1776] |    -1 |     -1 |     N/A 
D/hwcomposer(  232): void android::intel::HwcLayerList::dump():  GLES | f853c3b0 |     0 |     0 |  0 |   105 |    ff |        5 | [    0.0,   75.0, 1080.0, 1776.0] | [    0,   75, 1080, 1776] |    -1 |     -1 |     N/A 
D/hwcomposer(  232): void android::intel::HwcLayerList::dump():  GLES | f854def0 |     0 |     0 |  0 |   105 |    ff |        5 | [    0.0,    0.0, 1080.0,   75.0] | [    0,    0, 1080,   75] |    -1 |     -1 |     N/A 
D/hwcomposer(  232): void android::intel::HwcLayerList::dump():  GLES | f854d080 |     0 |     0 |  0 |   105 |    ff |        5 | [    0.0,    0.0, 1080.0,  144.0] | [    0, 1776, 1080, 1920] |    -1 |     -1 |     N/A 
D/hwcomposer(  232): void android::intel::HwcLayerList::dump():   FBT | f8531550 |     0 |     0 |  0 |   105 |    ff |        5 | [    0.0,    0.0, 1080.0, 1920.0] | [    0,    0, 1080, 1920] |     0 |      0 | PRIMARY 
D/hwcomposer(  232): void android::intel::HwcLayerList::dump():  numHwLayers = 5, flags = 00000001
D/hwcomposer(  232): void android::intel::HwcLayerList::dump():  type |  handle  | hints | flags | tr | blend | alpha |  format  |           source crop             |            frame          | index | zorder |  plane  
D/hwcomposer(  232): void android::intel::HwcLayerList::dump(): ------+----------+-------+-------+----+-------+-------+----------+-----------------------------------+---------------------------+-------+--------+---------
D/hwcomposer(  232): void android::intel::HwcLayerList::dump():  GLES |        0 |     0 |     1 |  0 |   105 |    ff | ffffffff | [   -0.2,   -0.2,   -0.8,   -0.8] | [    0,    0, 1080, 1920] |    -1 |     -1 |     N/A 
D/hwcomposer(  232): void android::intel::HwcLayerList::dump():   HWC | f853c3b0 |     2 |     0 |  0 |   105 |    ff |        5 | [    0.0,   75.0, 1080.0, 1776.0] | [    0,   75, 1080, 1776] |     0 |      1 |  SPRITE 
D/hwcomposer(  232): void android::intel::HwcLayerList::dump():   HWC | f854def0 |     2 |     0 |  0 |   105 |    ff |        5 | [    0.0,    0.0, 1080.0,   75.0] | [    0,    0, 1080,   75] |     1 |      2 |  SPRITE 
D/hwcomposer(  232): void android::intel::HwcLayerList::dump():   HWC | f854d080 |     2 |     0 |  0 |   105 |    ff |        5 | [    0.0,    0.0, 1080.0,  144.0] | [    0, 1776, 1080, 1920] |     2 |      3 |  SPRITE 
D/hwcomposer(  232): void android::intel::HwcLayerList::dump():   FBT | f852eec0 |     0 |     0 |  0 |   105 |    ff |        5 | [    0.0,    0.0, 1080.0, 1920.0] | [    0,    0, 1080, 1920] |     0 |      0 | PRIMARY 
D/hwcomposer(  232): void android::intel::HwcLayerList::dump():  numHwLayers = 5, flags = 00000001
D/hwcomposer(  232): void android::intel::HwcLayerList::dump():  type |  handle  | hints | flags | tr | blend | alpha |  format  |           source crop             |            frame          | index | zorder |  plane  
D/hwcomposer(  232): void android::intel::HwcLayerList::dump(): ------+----------+-------+-------+----+-------+-------+----------+-----------------------------------+---------------------------+-------+--------+---------
D/hwcomposer(  232): void android::intel::HwcLayerList::dump():  GLES |        0 |     0 |     1 |  0 |   105 |    ff | ffffffff | [   -0.2,   -0.2,   -0.8,   -0.8] | [    0,    0, 1080, 1920] |    -1 |     -1 |     N/A 
D/hwcomposer(  232): void android::intel::HwcLayerList::dump():   HWC | f853c3b0 |     2 |     0 |  0 |   105 |    ff |        5 | [    0.0,   75.0, 1080.0, 1776.0] | [    0,   75, 1080, 1776] |     0 |      1 |  SPRITE 
D/hwcomposer(  232): void android::intel::HwcLayerList::dump():   HWC | f854def0 |     2 |     0 |  0 |   105 |    ff |        5 | [    0.0,    0.0, 1080.0,   75.0] | [    0,    0, 1080,   75] |     1 |      2 |  SPRITE 
D/hwcomposer(  232): void android::intel::HwcLayerList::dump():   HWC | f854d080 |     2 |     0 |  0 |   105 |    ff |        5 | [    0.0,    0.0, 1080.0,  144.0] | [    0, 1776, 1080, 1920] |     2 |      3 |  SPRITE 
D/hwcomposer(  232): void android::intel::HwcLayerList::dump():   FBT | f8527c00 |     0 |     0 |  0 |   105 |    ff |        5 | [    0.0,    0.0, 1080.0, 1920.0] | [    0,    0, 1080, 1920] |     0 |      0 | PRIMARY 
W/SurfaceFlinger(  232): couldn't log to binary event log: overflow.
D/hwcomposer(  232): void android::intel::HwcLayerList::dump():  numHwLayers = 4, flags = 00000001
D/hwcomposer(  232): void android::intel::HwcLayerList::dump():  type |  handle  | hints | flags | tr | blend | alpha |  format  |           source crop             |            frame          | index | zorder |  plane  
D/hwcomposer(  232): void android::intel::HwcLayerList::dump(): ------+----------+-------+-------+----+-------+-------+----------+-----------------------------------+---------------------------+-------+--------+---------
D/hwcomposer(  232): void android::intel::HwcLayerList::dump():   HWC | f853c3b0 |     2 |     0 |  0 |   105 |    ff |        5 | [    0.0,   75.0, 1080.0, 1776.0] | [    0,   75, 1080, 1776] |     0 |      0 | PRIMARY 
D/hwcomposer(  232): void android::intel::HwcLayerList::dump():   HWC | f854def0 |     2 |     0 |  0 |   105 |    ff |        5 | [    0.0,    0.0, 1080.0,   75.0] | [    0,    0, 1080,   75] |     0 |      1 |  SPRITE 
D/hwcomposer(  232): void android::intel::HwcLayerList::dump():   HWC | f854d080 |     2 |     0 |  0 |   105 |    ff |        5 | [    0.0,    0.0, 1080.0,  144.0] | [    0, 1776, 1080, 1920] |     1 |      2 |  SPRITE 
D/hwcomposer(  232): void android::intel::HwcLayerList::dump():   FBT | f8531550 |     0 |     0 |  0 |   105 |    ff |        5 | [    0.0,    0.0, 1080.0, 1920.0] | [    0,    0, 1080, 1920] |    -1 |     -1 |     N/A 
W/IntelAudioSource(  244): AudioRecord reported overrun!
D/hwcomposer(  232): void android::intel::UeventObserver::onUevent(): received Uevent: REPEATED_FRAME
D/hwcomposer(  232): virtual void android::intel::Hwcomposer::invalidate(): invalidating screen...
D/hwcomposer(  232): void android::intel::DisplayAnalyzer::handleIdleEntryEvent(int): handling idle entry event, count 0
D/hwcomposer(  232): virtual void android::intel::PowerManager::enterIdleState(): entering s0i1 mode
D/hwcomposer(  232): void android::intel::HwcLayerList::dump():  numHwLayers = 4, flags = 00000001
D/hwcomposer(  232): void android::intel::HwcLayerList::dump():  type |  handle  | hints | flags | tr | blend | alpha |  format  |           source crop             |            frame          | index | zorder |  plane  
