D/hwcomposer(  232): void android::intel::HwcLayerList::dump():  numHwLayers = 5, flags = 00000001
D/hwcomposer(  232): void android::intel::HwcLayerList::dump():  type |  handle  | hints | flags | tr | blend | alpha |  format  |           source crop             |            frame          | index | zorder |  plane  
D/hwcomposer(  232): void android::intel::HwcLayerList::dump(): ------+----------+-------+-------+----+-------+-------+----------+-----------------------------------+---------------------------+-------+--------+---------
D/hwcomposer(  232): void android::intel::HwcLayerList::dump():   HWC | f854a450 |     2 |     0 |  0 |   100 |    ff | 7fa00f00 | [    0.0,    0.0,  640.0,  360.0] | [    0,  622, 1080, 1229] |     0 |      0 | OVERLAY 
D/hwcomposer(  232): void android::intel::HwcLayerList::dump():   HWC | f853c3b0 |     2 |     0 |  0 |   105 |    ff |        5 | [    0.0,   75.0, 1080.0, 1776.0] | [    0,   75, 1080, 1776] |     0 |      1 |  SPRITE 
D/hwcomposer(  232): void android::intel::HwcLayerList::dump():   HWC | f854def0 |     2 |     0 |  0 |   105 |    ff |        5 | [    0.0,    0.0, 1080.0,   75.0] | [    0,    0, 1080,   75] |     1 |      2 |  SPRITE 
D/hwcomposer(  232): void android::intel::HwcLayerList::dump():   HWC | f854d080 |     2 |     0 |  0 |   105 |    ff |        5 | [    0.0,    0.0, 1080.0,  144.0] | [    0, 1776, 1080, 1920] |     2 |      3 |  SPRITE 
D/hwcomposer(  232): void android::intel::HwcLayerList::dump():   FBT | f8527c00 |     0 |     0 |  0 |   105 |    ff |        5 | [    0.0,    0.0, 1080.0, 1920.0] | [    0,    0, 1080, 1920] |    -1 |     -1 |     N/A 
D/hwcomposer(  232): void android::intel::UeventObserver::onUevent(): received Uevent: REPEATED_FRAME
D/hwcomposer(  232): virtual void android::intel::Hwcomposer::invalidate(): invalidating screen...
D/hwcomposer(  232): void android::intel::DisplayAnalyzer::handleIdleEntryEvent(int): handling idle entry event, count 0
I/hwcomposer(  232): void android::intel::DisplayAnalyzer::handleIdleEntryEvent(int): Ignoring idle entry as protected layer exists.
D/hwcomposer(  232): void android::intel::HwcLayerList::dump():  numHwLayers = 5, flags = 00000001
D/hwcomposer(  232): void android::intel::HwcLayerList::dump():  type |  handle  | hints | flags | tr | blend | alpha |  format  |           source crop             |            frame          | index | zorder |  plane  
D/hwcomposer(  232): void android::intel::HwcLayerList::dump(): ------+----------+-------+-------+----+-------+-------+----------+-----------------------------------+---------------------------+-------+--------+---------
D/hwcomposer(  232): void android::intel::HwcLayerList::dump():   HWC | f854a450 |     2 |     0 |  0 |   100 |    ff | 7fa00f00 | [    0.0,    0.0,  640.0,  360.0] | [    0,  622, 1080, 1229] |     0 |      0 | OVERLAY 
D/hwcomposer(  232): void android::intel::HwcLayerList::dump():   HWC | f853c3b0 |     2 |     0 |  0 |   105 |    ff |        5 | [    0.0,   75.0, 1080.0, 1776.0] | [    0,   75, 1080, 1776] |     0 |      1 |  SPRITE 
D/hwcomposer(  232): void android::intel::HwcLayerList::dump():   HWC | f854def0 |     2 |     0 |  0 |   105 |    ff |        5 | [    0.0,    0.0, 1080.0,   75.0] | [    0,    0, 1080,   75] |     1 |      2 |  SPRITE 
D/hwcomposer(  232): void android::intel::HwcLayerList::dump():   HWC | f854d080 |     2 |     0 |  0 |   105 |    ff |        5 | [    0.0,    0.0, 1080.0,  144.0] | [    0, 1776, 1080, 1920] |     2 |      3 |  SPRITE 
D/hwcomposer(  232): void android::intel::HwcLayerList::dump():   FBT | f8527c00 |     0 |     0 |  0 |   105 |    ff |        5 | [    0.0,    0.0, 1080.0, 1920.0] | [    0,    0, 1080, 1920] |    -1 |     -1 |     N/A 
D/DemoQoeClient( 2896): bwm=94.751:71437:0.825
D/hwcomposer(  232): void android::intel::UeventObserver::onUevent(): received Uevent: REPEATED_FRAME
D/hwcomposer(  232): virtual void android::intel::Hwcomposer::invalidate(): invalidating screen...
D/hwcomposer(  232): void android::intel::DisplayAnalyzer::handleIdleEntryEvent(int): handling idle entry event, count 0
I/hwcomposer(  232): void android::intel::DisplayAnalyzer::handleIdleEntryEvent(int): Ignoring idle entry as protected layer exists.
D/hwcomposer(  232): void android::intel::HwcLayerList::dump():  numHwLayers = 5, flags = 00000001
D/hwcomposer(  232): void android::intel::HwcLayerList::dump():  type |  handle  | hints | flags | tr | blend | alpha |  format  |           source crop             |            frame          | index | zorder |  plane  
D/hwcomposer(  232): void android::intel::HwcLayerList::dump(): ------+----------+-------+-------+----+-------+-------+----------+-----------------------------------+---------------------------+-------+--------+---------
D/hwcomposer(  232): void android::intel::HwcLayerList::dump():   HWC | f854a450 |     2 |     0 |  0 |   100 |    ff | 7fa00f00 | [    0.0,    0.0,  640.0,  360.0] | [    0,  622, 1080, 1229] |     0 |      0 | OVERLAY 
D/hwcomposer(  232): void android::intel::HwcLayerList::dump():   HWC | f853c3b0 |     2 |     0 |  0 |   105 |    ff |        5 | [    0.0,   75.0, 1080.0, 1776.0] | [    0,   75, 1080, 1776] |     0 |      1 |  SPRITE 
D/hwcomposer(  232): void android::intel::HwcLayerList::dump():   HWC | f854def0 |     2 |     0 |  0 |   105 |    ff |        5 | [    0.0,    0.0, 1080.0,   75.0] | [    0,    0, 1080,   75] |     1 |      2 |  SPRITE 
D/hwcomposer(  232): void android::intel::HwcLayerList::dump():   HWC | f854d080 |     2 |     0 |  0 |   105 |    ff |        5 | [    0.0,    0.0, 1080.0,  144.0] | [    0, 1776, 1080, 1920] |     2 |      3 |  SPRITE 
D/hwcomposer(  232): void android::intel::HwcLayerList::dump():   FBT | f8527c00 |     0 |     0 |  0 |   105 |    ff |        5 | [    0.0,    0.0, 1080.0, 1920.0] | [    0,    0, 1080, 1920] |    -1 |     -1 |     N/A 
W/IntelAudioSource(  244): AudioRecord reported overrun!
D/hwcomposer(  232): void android::intel::UeventObserver::onUevent(): received Uevent: REPEATED_FRAME
D/hwcomposer(  232): virtual void android::intel::Hwcomposer::invalidate(): invalidating screen...
D/hwcomposer(  232): void android::intel::DisplayAnalyzer::handleIdleEntryEvent(int): handling idle entry event, count 0
I/hwcomposer(  232): void android::intel::DisplayAnalyzer::handleIdleEntryEvent(int): Ignoring idle entry as protected layer exists.
D/hwcomposer(  232): void android::intel::HwcLayerList::dump():  numHwLayers = 5, flags = 00000001
D/hwcomposer(  232): void android::intel::HwcLayerList::dump():  type |  handle  | hints | flags | tr | blend | alpha |  format  |           source crop             |            frame          | index | zorder |  plane  
D/hwcomposer(  232): void android::intel::HwcLayerList::dump(): ------+----------+-------+-------+----+-------+-------+----------+-----------------------------------+---------------------------+-------+--------+---------
D/hwcomposer(  232): void android::intel::HwcLayerList::dump():   HWC | f854a450 |     2 |     0 |  0 |   100 |    ff | 7fa00f00 | [    0.0,    0.0,  640.0,  360.0] | [    0,  622, 1080, 1229] |     0 |      0 | OVERLAY 
D/hwcomposer(  232): void android::intel::HwcLayerList::dump():   HWC | f853c3b0 |     2 |     0 |  0 |   105 |    ff |        5 | [    0.0,   75.0, 1080.0, 1776.0] | [    0,   75, 1080, 1776] |     0 |      1 |  SPRITE 
D/hwcomposer(  232): void android::intel::HwcLayerList::dump():   HWC | f854def0 |     2 |     0 |  0 |   105 |    ff |        5 | [    0.0,    0.0, 1080.0,   75.0] | [    0,    0, 1080,   75] |     1 |      2 |  SPRITE 
D/hwcomposer(  232): void android::intel::HwcLayerList::dump():   HWC | f854d080 |     2 |     0 |  0 |   105 |    ff |        5 | [    0.0,    0.0, 1080.0,  144.0] | [    0, 1776, 1080, 1920] |     2 |      3 |  SPRITE 
D/hwcomposer(  232): void android::intel::HwcLayerList::dump():   FBT | f8527c00 |     0 |     0 |  0 |   105 |    ff |        5 | [    0.0,    0.0, 1080.0, 1920.0] | [    0,    0, 1080, 1920] |    -1 |     -1 |     N/A 
D/hwcomposer(  232): void android::intel::UeventObserver::onUevent(): received Uevent: REPEATED_FRAME
D/hwcomposer(  232): virtual void android::intel::Hwcomposer::invalidate(): invalidating screen...
D/hwcomposer(  232): void android::intel::DisplayAnalyzer::handleIdleEntryEvent(int): handling idle entry event, count 0
I/hwcomposer(  232): void android::intel::DisplayAnalyzer::handleIdleEntryEvent(int): Ignoring idle entry as protected layer exists.
D/hwcomposer(  232): void android::intel::HwcLayerList::dump():  numHwLayers = 5, flags = 00000001
D/hwcomposer(  232): void android::intel::HwcLayerList::dump():  type |  handle  | hints | flags | tr | blend | alpha |  format  |           source crop             |            frame          | index | zorder |  plane  
D/hwcomposer(  232): void android::intel::HwcLayerList::dump(): ------+----------+-------+-------+----+-------+-------+----------+-----------------------------------+---------------------------+-------+--------+---------
D/hwcomposer(  232): void android::intel::HwcLayerList::dump():   HWC | f854a450 |     2 |     0 |  0 |   100 |    ff | 7fa00f00 | [    0.0,    0.0,  640.0,  360.0] | [    0,  622, 1080, 1229] |     0 |      0 | OVERLAY 
D/hwcomposer(  232): void android::intel::HwcLayerList::dump():   HWC | f853c3b0 |     2 |     0 |  0 |   105 |    ff |        5 | [    0.0,   75.0, 1080.0, 1776.0] | [    0,   75, 1080, 1776] |     0 |      1 |  SPRITE 
D/hwcomposer(  232): void android::intel::HwcLayerList::dump():   HWC | f854def0 |     2 |     0 |  0 |   105 |    ff |        5 | [    0.0,    0.0, 1080.0,   75.0] | [    0,    0, 1080,   75] |     1 |      2 |  SPRITE 
D/hwcomposer(  232): void android::intel::HwcLayerList::dump():   HWC | f854d080 |     2 |     0 |  0 |   105 |    ff |        5 | [    0.0,    0.0, 1080.0,  144.0] | [    0, 1776, 1080, 1920] |     2 |      3 |  SPRITE 
D/hwcomposer(  232): void android::intel::HwcLayerList::dump():   FBT | f8527c00 |     0 |     0 |  0 |   105 |    ff |        5 | [    0.0,    0.0, 1080.0, 1920.0] | [    0,    0, 1080, 1920] |    -1 |     -1 |     N/A 
D/DemoQoeClient( 2896): vps=95.087:PL
D/AudioPolicyManagerALSA(  244): startOutput() output 19, stream type 3, session 21
D/AudioPolicyManagerALSA(  244): getDeviceForStrategy- Unsupported device in STRATEGY_PHONE: set Earpiece as ouput
D/AudioIntelHal(  244): getParameters: requested keys bgm_state
I/str_params(  244): key: 'bgm_state' value: ''
D/AudioIntelHal(  244): getParameters: requested keys bgm_audio
I/str_params(  244): key: 'bgm_audio' value: ''
D/AudioIntelHal(  244): getParameters: requested keys bgm_state
I/str_params(  244): key: 'bgm_state' value: ''
D/AudioIntelHal(  244): getParameters: requested keys bgm_audio
I/str_params(  244): key: 'bgm_audio' value: ''
D/AudioIntelHal(  244): getParameters: requested keys bgm_state
I/str_params(  244): key: 'bgm_state' value: ''
D/AudioIntelHal(  244): getParameters: requested keys bgm_audio
I/str_params(  244): key: 'bgm_audio' value: ''
D/AudioIntelHal(  244): getParameters: requested keys bgm_state
I/str_params(  244): key: 'bgm_state' value: ''
D/AudioIntelHal(  244): getParameters: requested keys bgm_audio
D/hwcomposer(  232): void android::intel::UeventObserver::onUevent(): received Uevent: REPEATED_FRAME
D/hwcomposer(  232): virtual void android::intel::Hwcomposer::invalidate(): invalidating screen...
I/str_params(  244): key: 'bgm_audio' value: ''
D/AudioPolicyManagerALSA(  244): getDeviceForStrategy- Unsupported device in STRATEGY_PHONE: set Earpiece as ouput
D/AudioResamplerIA(  244): Create AudioResamplerIA Resampler: Input rate 44100, output rate 48000
D/hwcomposer(  232): void android::intel::DisplayAnalyzer::handleIdleEntryEvent(int): handling idle entry event, count 0
I/hwcomposer(  232): void android::intel::DisplayAnalyzer::handleIdleEntryEvent(int): Ignoring idle entry as protected layer exists.
D/hwcomposer(  232): void android::intel::HwcLayerList::dump():  numHwLayers = 5, flags = 00000001
D/hwcomposer(  232): void android::intel::HwcLayerList::dump():  type |  handle  | hints | flags | tr | blend | alpha |  format  |           source crop             |            frame          | index | zorder |  plane  
D/hwcomposer(  232): void android::intel::HwcLayerList::dump(): ------+----------+-------+-------+----+-------+-------+----------+-----------------------------------+---------------------------+-------+--------+---------
D/hwcomposer(  232): void android::intel::HwcLayerList::dump():   HWC | f854a450 |     2 |     0 |  0 |   100 |    ff | 7fa00f00 | [    0.0,    0.0,  640.0,  360.0] | [    0,  622, 1080, 1229] |     0 |      0 | OVERLAY 
D/hwcomposer(  232): void android::intel::HwcLayerList::dump():   HWC | f8557790 |     2 |     0 |  0 |   105 |    ff |        5 | [    0.0,   75.0, 1080.0, 1776.0] | [    0,   75, 1080, 1776] |     0 |      1 |  SPRITE 
D/hwcomposer(  232): void android::intel::HwcLayerList::dump():   HWC | f854def0 |     2 |     0 |  0 |   105 |    ff |        5 | [    0.0,    0.0, 1080.0,   75.0] | [    0,    0, 1080,   75] |     1 |      2 |  SPRITE 
D/hwcomposer(  232): void android::intel::HwcLayerList::dump():   HWC | f854d080 |     2 |     0 |  0 |   105 |    ff |        5 | [    0.0,    0.0, 1080.0,  144.0] | [    0, 1776, 1080, 1920] |     2 |      3 |  SPRITE 
D/hwcomposer(  232): void android::intel::HwcLayerList::dump():   FBT | f8527c00 |     0 |     0 |  0 |   105 |    ff |        5 | [    0.0,    0.0, 1080.0, 1920.0] | [    0,    0, 1080, 1920] |    -1 |     -1 |     N/A 
D/hwcomposer(  232): void android::intel::UeventObserver::onUevent(): received Uevent: REPEATED_FRAME
D/hwcomposer(  232): virtual void android::intel::Hwcomposer::invalidate(): invalidating screen...
D/hwcomposer(  232): void android::intel::DisplayAnalyzer::handleIdleEntryEvent(int): handling idle entry event, count 0
I/hwcomposer(  232): void android::intel::DisplayAnalyzer::handleIdleEntryEvent(int): Ignoring idle entry as protected layer exists.
D/hwcomposer(  232): void android::intel::HwcLayerList::dump():  numHwLayers = 5, flags = 00000001
D/hwcomposer(  232): void android::intel::HwcLayerList::dump():  type |  handle  | hints | flags | tr | blend | alpha |  format  |           source crop             |            frame          | index | zorder |  plane  
D/hwcomposer(  232): void android::intel::HwcLayerList::dump(): ------+----------+-------+-------+----+-------+-------+----------+-----------------------------------+---------------------------+-------+--------+---------
D/hwcomposer(  232): void android::intel::HwcLayerList::dump():   HWC | f854a450 |     2 |     0 |  0 |   100 |    ff | 7fa00f00 | [    0.0,    0.0,  640.0,  360.0] | [    0,  622, 1080, 1229] |     0 |      0 | OVERLAY 
D/hwcomposer(  232): void android::intel::HwcLayerList::dump():   HWC | f8557790 |     2 |     0 |  0 |   105 |    ff |        5 | [    0.0,   75.0, 1080.0, 1776.0] | [    0,   75, 1080, 1776] |     0 |      1 |  SPRITE 
D/hwcomposer(  232): void android::intel::HwcLayerList::dump():   HWC | f854def0 |     2 |     0 |  0 |   105 |    ff |        5 | [    0.0,    0.0, 1080.0,   75.0] | [    0,    0, 1080,   75] |     1 |      2 |  SPRITE 
D/hwcomposer(  232): void android::intel::HwcLayerList::dump():   HWC | f854d080 |     2 |     0 |  0 |   105 |    ff |        5 | [    0.0,    0.0, 1080.0,  144.0] | [    0, 1776, 1080, 1920] |     2 |      3 |  SPRITE 
D/hwcomposer(  232): void android::intel::HwcLayerList::dump():   FBT | f8527c00 |     0 |     0 |  0 |   105 |    ff |        5 | [    0.0,    0.0, 1080.0, 1920.0] | [    0,    0, 1080, 1920] |    -1 |     -1 |     N/A 
I/WifiHW  (  641): CMD: IFNAME=wlan0 SIGNAL_POLL
D/wpa_supplicant(  762): nl80211: survey data missing!
I/wpa_supplicant(  762): nl80211: send_and_recv->nl_recvmsgs failed: 20
I/WifiHW  (  641): REPLY: RSSI=-50
I/WifiHW  (  641): REPLY: LINKSPEED=72
I/WifiHW  (  641): REPLY: NOISE=9999
I/WifiHW  (  641): REPLY: FREQUENCY=2437
W/IntelAudioSource(  244): AudioRecord reported overrun!
D/hwcomposer(  232): void android::intel::UeventObserver::onUevent(): received Uevent: REPEATED_FRAME
D/hwcomposer(  232): virtual void android::intel::Hwcomposer::invalidate(): invalidating screen...
E/pvr_drv_video(  244): psb_BeginPicture: fail to allocate scaling surface
D/hwcomposer(  232): void android::intel::DisplayAnalyzer::handleIdleEntryEvent(int): handling idle entry event, count 0
I/hwcomposer(  232): void android::intel::DisplayAnalyzer::handleIdleEntryEvent(int): Ignoring idle entry as protected layer exists.
D/hwcomposer(  232): void android::intel::HwcLayerList::dump():  numHwLayers = 5, flags = 00000001
D/hwcomposer(  232): void android::intel::HwcLayerList::dump():  type |  handle  | hints | flags | tr | blend | alpha |  format  |           source crop             |            frame          | index | zorder |  plane  
D/hwcomposer(  232): void android::intel::HwcLayerList::dump(): ------+----------+-------+-------+----+-------+-------+----------+-----------------------------------+---------------------------+-------+--------+---------
D/hwcomposer(  232): void android::intel::HwcLayerList::dump():   HWC | f85a1110 |     2 |     0 |  0 |   100 |    ff | 7fa00f00 | [    0.0,    0.0,  640.0,  360.0] | [    0,  622, 1080, 1229] |     0 |      0 | OVERLAY 
D/hwcomposer(  232): void android::intel::HwcLayerList::dump():   HWC | f8557790 |     2 |     0 |  0 |   105 |    ff |        5 | [    0.0,   75.0, 1080.0, 1776.0] | [    0,   75, 1080, 1776] |     0 |      1 |  SPRITE 
D/hwcomposer(  232): void android::intel::HwcLayerList::dump():   HWC | f854def0 |     2 |     0 |  0 |   105 |    ff |        5 | [    0.0,    0.0, 1080.0,   75.0] | [    0,    0, 1080,   75] |     1 |      2 |  SPRITE 
D/hwcomposer(  232): void android::intel::HwcLayerList::dump():   HWC | f854d080 |     2 |     0 |  0 |   105 |    ff |        5 | [    0.0,    0.0, 1080.0,  144.0] | [    0, 1776, 1080, 1920] |     2 |      3 |  SPRITE 
D/hwcomposer(  232): void android::intel::HwcLayerList::dump():   FBT | f8527c00 |     0 |     0 |  0 |   105 |    ff |        5 | [    0.0,    0.0, 1080.0, 1920.0] | [    0,    0, 1080, 1920] |    -1 |     -1 |     N/A 
I/HwcVideoSource(  244): computeTimestamp: resetting timestamp corrector
E/pvr_drv_video(  244): psb_BeginPicture: fail to allocate scaling surface
E/pvr_drv_video(  244): psb_BeginPicture: fail to allocate scaling surface
D/hwcomposer(  232): bool android::intel::HwcLayerList::setupSmartComposition2(): In Smart Composition2 !
I/hwcomposer(  232): virtual bool android::intel::HwcLayerList::update(hwc_display_contents_1_t*): overlay fallback to GLES. flags: 0
D/hwcomposer(  232): void android::intel::HwcLayerList::dump():  numHwLayers = 5, flags = 00000000
D/hwcomposer(  232): void android::intel::HwcLayerList::dump():  type |  handle  | hints | flags | tr | blend | alpha |  format  |           source crop             |            frame          | index | zorder |  plane  
D/hwcomposer(  232): void android::intel::HwcLayerList::dump(): ------+----------+-------+-------+----+-------+-------+----------+-----------------------------------+---------------------------+-------+--------+---------
D/hwcomposer(  232): void android::intel::HwcLayerList::dump():   HWC | f8578d10 |     2 |     0 |  0 |   100 |    ff | 7fa00f00 | [    0.0,    0.0,  640.0,  360.0] | [    0,  622, 1080, 1229] |     0 |      0 | OVERLAY 
D/hwcomposer(  232): void android::intel::HwcLayerList::dump():  GLES | f8557790 |     2 |     0 |  0 |   105 |    ff |        5 | [    0.0,   75.0, 1080.0, 1776.0] | [    0,   75, 1080, 1776] |    -1 |     -1 |     N/A 
D/hwcomposer(  232): void android::intel::HwcLayerList::dump():  GLES | f854def0 |     2 |     0 |  0 |   105 |    ff |        5 | [    0.0,    0.0, 1080.0,   75.0] | [    0,    0, 1080,   75] |    -1 |     -1 |     N/A 
D/hwcomposer(  232): void android::intel::HwcLayerList::dump():  GLES | f854d080 |     2 |     0 |  0 |   105 |    ff |        5 | [    0.0,    0.0, 1080.0,  144.0] | [    0, 1776, 1080, 1920] |    -1 |     -1 |     N/A 
D/hwcomposer(  232): void android::intel::HwcLayerList::dump():   FBT | f8527c00 |     0 |     0 |  0 |   105 |    ff |        5 | [    0.0,    0.0, 1080.0, 1920.0] | [    0,    0, 1080, 1920] |     0 |      1 |  SPRITE 
E/pvr_drv_video(  244): psb_BeginPicture: fail to allocate scaling surface
E/pvr_drv_video(  244): psb_BeginPicture: fail to allocate scaling surface
E/pvr_drv_video(  244): psb_BeginPicture: fail to allocate scaling surface
E/pvr_drv_video(  244): psb_BeginPicture: fail to allocate scaling surface
E/pvr_drv_video(  244): psb_BeginPicture: fail to allocate scaling surface
I/PhoneDoctor( 1867): EventUploadThread:uploadEvent : Upload crashlog of Event: 15839428938700f46d3d:INFO:CWS.WIFI_OFF
E/pvr_drv_video(  244): psb_BeginPicture: fail to allocate scaling surface
W/AudioFlinger(  244): RecordThread: buffer overflow
W/IntelAudioSource(  244): AudioRecord reported overrun!
E/pvr_drv_video(  244): psb_BeginPicture: fail to allocate scaling surface
E/pvr_drv_video(  244): psb_BeginPicture: fail to allocate scaling surface
E/pvr_drv_video(  244): psb_BeginPicture: fail to allocate scaling surface
E/pvr_drv_video(  244): psb_BeginPicture: fail to allocate scaling surface
E/pvr_drv_video(  244): psb_BeginPicture: fail to allocate scaling surface
E/pvr_drv_video(  244): psb_BeginPicture: fail to allocate scaling surface
E/pvr_drv_video(  244): psb_BeginPicture: fail to allocate scaling surface
E/pvr_drv_video(  244): psb_BeginPicture: fail to allocate scaling surface
E/pvr_drv_video(  244): psb_BeginPicture: fail to allocate scaling surface
W/IntelAudioSource(  244): AudioRecord reported overrun!
E/pvr_drv_video(  244): psb_BeginPicture: fail to allocate scaling surface
I/dispmgr (  638): waiting for message from kernel.
I/dispmgr (  638): message from kernel received.
I/dispmgr (  638): DpstAlgorithm_DPST4_5 
I/dispmgr (  638): DpstAlgorithm_DPST4_5 level is 3
E/pvr_drv_video(  244): psb_BeginPicture: fail to allocate scaling surface
E/pvr_drv_video(  244): psb_BeginPicture: fail to allocate scaling surface
E/pvr_drv_video(  244): psb_BeginPicture: fail to allocate scaling surface
E/pvr_drv_video(  244): psb_BeginPicture: fail to allocate scaling surface
E/pvr_drv_video(  244): psb_BeginPicture: fail to allocate scaling surface
I/dispmgr (  638): waiting for message from kernel.
I/dispmgr (  638): message from kernel received.
I/dispmgr (  638): DpstAlgorithm_DPST4_5 
I/dispmgr (  638): DpstAlgorithm_DPST4_5 level is 3
E/pvr_drv_video(  244): psb_BeginPicture: fail to allocate scaling surface
E/pvr_drv_video(  244): psb_BeginPicture: fail to allocate scaling surface
I/hwcomposer(  232): virtual bool android::intel::HwcLayerList::update(hwc_display_contents_1_t*): overlay fallback to GLES. flags: 0
D/hwcomposer(  232): void android::intel::HwcLayerList::dump():  numHwLayers = 5, flags = 00000000
D/hwcomposer(  232): void android::intel::HwcLayerList::dump():  type |  handle  | hints | flags | tr | blend | alpha |  format  |           source crop             |            frame          | index | zorder |  plane  
D/hwcomposer(  232): void android::intel::HwcLayerList::dump(): ------+----------+-------+-------+----+-------+-------+----------+-----------------------------------+---------------------------+-------+--------+---------
D/hwcomposer(  232): void android::intel::HwcLayerList::dump():   HWC | f85ab880 |     2 |     0 |  0 |   100 |    ff | 7fa00f00 | [    0.0,    0.0,  640.0,  360.0] | [    0,  622, 1080, 1229] |     0 |      0 | OVERLAY 
D/hwcomposer(  232): void android::intel::HwcLayerList::dump():   HWC | f8541080 |     2 |     0 |  0 |   105 |    ff |        5 | [    0.0,   75.0, 1080.0, 1776.0] | [    0,   75, 1080, 1776] |     0 |      1 |  SPRITE 
D/hwcomposer(  232): void android::intel::HwcLayerList::dump():   HWC | f854def0 |     2 |     0 |  0 |   105 |    ff |        5 | [    0.0,    0.0, 1080.0,   75.0] | [    0,    0, 1080,   75] |     1 |      2 |  SPRITE 
D/hwcomposer(  232): void android::intel::HwcLayerList::dump():   HWC | f854d080 |     2 |     0 |  0 |   105 |    ff |        5 | [    0.0,    0.0, 1080.0,  144.0] | [    0, 1776, 1080, 1920] |     2 |      3 |  SPRITE 
D/hwcomposer(  232): void android::intel::HwcLayerList::dump():   FBT | f852eec0 |     0 |     0 |  0 |   105 |    ff |        5 | [    0.0,    0.0, 1080.0, 1920.0] | [    0,    0, 1080, 1920] |    -1 |     -1 |     N/A 
D/hwcomposer(  232): bool android::intel::HwcLayerList::setupSmartComposition2(): In Smart Composition2 !
I/hwcomposer(  232): virtual bool android::intel::HwcLayerList::update(hwc_display_contents_1_t*): overlay fallback to GLES. flags: 0
D/hwcomposer(  232): void android::intel::HwcLayerList::dump():  numHwLayers = 5, flags = 00000000
D/hwcomposer(  232): void android::intel::HwcLayerList::dump():  type |  handle  | hints | flags | tr | blend | alpha |  format  |           source crop             |            frame          | index | zorder |  plane  
D/hwcomposer(  232): void android::intel::HwcLayerList::dump(): ------+----------+-------+-------+----+-------+-------+----------+-----------------------------------+---------------------------+-------+--------+---------
D/hwcomposer(  232): void android::intel::HwcLayerList::dump():   HWC | f85ad6a0 |     2 |     0 |  0 |   100 |    ff | 7fa00f00 | [    0.0,    0.0,  640.0,  360.0] | [    0,  622, 1080, 1229] |     0 |      0 | OVERLAY 
D/hwcomposer(  232): void android::intel::HwcLayerList::dump():   HWC | f853c3b0 |     2 |     0 |  0 |   105 |    ff |        5 | [    0.0,   75.0, 1080.0, 1776.0] | [    0,   75, 1080, 1776] |     0 |      1 |  SPRITE 
D/hwcomposer(  232): void android::intel::HwcLayerList::dump():  GLES | f854def0 |     2 |     0 |  0 |   105 |    ff |        5 | [    0.0,    0.0, 1080.0,   75.0] | [    0,    0, 1080,   75] |    -1 |     -1 |     N/A 
W/IntelAudioSource(  244): AudioRecord reported overrun!
D/hwcomposer(  232): void android::intel::HwcLayerList::dump():  GLES | f854d080 |     2 |     0 |  0 |   105 |    ff |        5 | [    0.0,    0.0, 1080.0,  144.0] | [    0, 1776, 1080, 1920] |    -1 |     -1 |     N/A 
D/hwcomposer(  232): void android::intel::HwcLayerList::dump():   FBT | f852eec0 |     0 |     0 |  0 |   105 |    ff |        5 | [    0.0,    0.0, 1080.0, 1920.0] | [    0,    0, 1080, 1920] |     1 |      2 |  SPRITE 
E/pvr_drv_video(  244): psb_BeginPicture: fail to allocate scaling surface
I/dalvikvm( 2896): Total arena pages for JIT: 201
I/dalvikvm( 2896): Total arena pages for JIT: 202
I/dalvikvm( 2896): Total arena pages for JIT: 203
I/dalvikvm( 2896): Total arena pages for JIT: 204
I/dalvikvm( 2896): Total arena pages for JIT: 205
I/dalvikvm( 2896): Total arena pages for JIT: 206
I/dalvikvm( 2896): Total arena pages for JIT: 207
I/dalvikvm( 2896): Total arena pages for JIT: 208
I/dalvikvm( 2896): Total arena pages for JIT: 209
I/dalvikvm( 2896): Total arena pages for JIT: 210
I/dalvikvm( 2896): Total arena pages for JIT: 211
I/dalvikvm( 2896): Total arena pages for JIT: 212
I/dalvikvm( 2896): Total arena pages for JIT: 213
I/dalvikvm( 2896): Total arena pages for JIT: 214
I/dalvikvm( 2896): Total arena pages for JIT: 215
I/dalvikvm( 2896): Total arena pages for JIT: 216
I/dalvikvm( 2896): Total arena pages for JIT: 217
I/dalvikvm( 2896): Total arena pages for JIT: 218
I/dalvikvm( 2896): Total arena pages for JIT: 219
I/dalvikvm( 2896): Total arena pages for JIT: 220
I/dalvikvm( 2896): Total arena pages for JIT: 221
I/dalvikvm( 2896): Total arena pages for JIT: 222
I/dalvikvm( 2896): Total arena pages for JIT: 223
I/dalvikvm( 2896): Total arena pages for JIT: 224
I/dalvikvm( 2896): Total arena pages for JIT: 225
I/dalvikvm( 2896): Total arena pages for JIT: 226
I/dalvikvm( 2896): Total arena pages for JIT: 227
I/dalvikvm( 2896): Total arena pages for JIT: 228
I/dalvikvm( 2896): Total arena pages for JIT: 229
I/dalvikvm( 2896): Total arena pages for JIT: 230
I/dalvikvm( 2896): Total arena pages for JIT: 231
I/dalvikvm( 2896): Total arena pages for JIT: 232
I/dalvikvm( 2896): Total arena pages for JIT: 233
I/dalvikvm( 2896): Total arena pages for JIT: 234
I/dalvikvm( 2896): Total arena pages for JIT: 235
I/dalvikvm( 2896): Total arena pages for JIT: 236
I/dalvikvm( 2896): Total arena pages for JIT: 237
I/dalvikvm( 2896): Total arena pages for JIT: 238
I/dalvikvm( 2896): Total arena pages for JIT: 239
I/dalvikvm( 2896): Total arena pages for JIT: 240
I/dalvikvm( 2896): Total arena pages for JIT: 241
E/pvr_drv_video(  244): psb_BeginPicture: fail to allocate scaling surface
E/pvr_drv_video(  244): psb_BeginPicture: fail to allocate scaling surface
I/dispmgr (  638): waiting for message from kernel.
I/dispmgr (  638): message from kernel received.
I/dispmgr (  638): DpstAlgorithm_DPST4_5 
I/dispmgr (  638): DpstAlgorithm_DPST4_5 level is 3
E/pvr_drv_video(  244): psb_BeginPicture: fail to allocate scaling surface
E/pvr_drv_video(  244): psb_BeginPicture: fail to allocate scaling surface
E/pvr_drv_video(  244): psb_BeginPicture: fail to allocate scaling surface
I/dispmgr (  638): waiting for message from kernel.
I/dispmgr (  638): message from kernel received.
I/dispmgr (  638): DpstAlgorithm_DPST4_5 
I/dispmgr (  638): DpstAlgorithm_DPST4_5 level is 3
E/pvr_drv_video(  244): psb_BeginPicture: fail to allocate scaling surface
E/pvr_drv_video(  244): psb_BeginPicture: fail to allocate scaling surface
W/IntelAudioSource(  244): AudioRecord reported overrun!
I/PhoneDoctor( 1867): EventUploadThread:uploadEvent : Upload crashlog of Event: 308be06fea5b68a5e359:INFO:CWS.WIFI_ON
I/dispmgr (  638): waiting for message from kernel.
I/dispmgr (  638): message from kernel received.
I/dispmgr (  638): DpstAlgorithm_DPST4_5 
I/dispmgr (  638): DpstAlgorithm_DPST4_5 level is 3
E/pvr_drv_video(  244): psb_BeginPicture: fail to allocate scaling surface
E/pvr_drv_video(  244): psb_BeginPicture: fail to allocate scaling surface
E/pvr_drv_video(  244): psb_BeginPicture: fail to allocate scaling surface
I/dispmgr (  638): waiting for message from kernel.
I/dispmgr (  638): message from kernel received.
I/dispmgr (  638): DpstAlgorithm_DPST4_5 
I/dispmgr (  638): DpstAlgorithm_DPST4_5 level is 3
E/pvr_drv_video(  244): psb_BeginPicture: fail to allocate scaling surface
D/DemoQoeClient( 2896): vps=96.957:B
W/IntelAudioSource(  244): AudioRecord reported overrun!
I/WAKELOCK_RELEASE(  641): TIMESTAMP=96968991675, TAG=AudioDup, TYPE=PARTIAL_WAKE_LOCK             , COUNT=0, PID=244, UID=1013, FLAGS=
I/WAKELOCK_RELEASE(  641): TIMESTAMP=96972386723, TAG=AudioMix, TYPE=PARTIAL_WAKE_LOCK             , COUNT=0, PID=244, UID=1013, FLAGS=
I/WAKELOCK_RELEASE(  641): TIMESTAMP=97009748634, TAG=AudioMix, TYPE=PARTIAL_WAKE_LOCK             , COUNT=0, PID=244, UID=1013, FLAGS=
E/pvr_drv_video(  244): psb_BeginPicture: fail to allocate scaling surface
D/hwcomposer(  232): void android::intel::UeventObserver::onUevent(): received Uevent: REPEATED_FRAME
D/hwcomposer(  232): virtual void android::intel::Hwcomposer::invalidate(): invalidating screen...
D/hwcomposer(  232): void android::intel::DisplayAnalyzer::handleIdleEntryEvent(int): handling idle entry event, count 0
I/hwcomposer(  232): void android::intel::DisplayAnalyzer::handleIdleEntryEvent(int): Ignoring idle entry as protected layer exists.
D/hwcomposer(  232): void android::intel::HwcLayerList::dump():  numHwLayers = 5, flags = 00000001
D/hwcomposer(  232): void android::intel::HwcLayerList::dump():  type |  handle  | hints | flags | tr | blend | alpha |  format  |           source crop             |            frame          | index | zorder |  plane  
D/hwcomposer(  232): void android::intel::HwcLayerList::dump(): ------+----------+-------+-------+----+-------+-------+----------+-----------------------------------+---------------------------+-------+--------+---------
D/hwcomposer(  232): void android::intel::HwcLayerList::dump():   HWC | f85ae5b0 |     2 |     0 |  0 |   100 |    ff | 7fa00f00 | [    0.0,    0.0,  640.0,  360.0] | [    0,  622, 1080, 1229] |     0 |      0 | OVERLAY 
D/hwcomposer(  232): void android::intel::HwcLayerList::dump():   HWC | f8557790 |     2 |     0 |  0 |   105 |    ff |        5 | [    0.0,   75.0, 1080.0, 1776.0] | [    0,   75, 1080, 1776] |     0 |      1 |  SPRITE 
D/hwcomposer(  232): void android::intel::HwcLayerList::dump():   HWC | f854def0 |     2 |     0 |  0 |   105 |    ff |        5 | [    0.0,    0.0, 1080.0,   75.0] | [    0,    0, 1080,   75] |     1 |      2 |  SPRITE 
D/hwcomposer(  232): void android::intel::HwcLayerList::dump():   HWC | f854d080 |     2 |     0 |  0 |   105 |    ff |        5 | [    0.0,    0.0, 1080.0,  144.0] | [    0, 1776, 1080, 1920] |     2 |      3 |  SPRITE 
D/hwcomposer(  232): void android::intel::HwcLayerList::dump():   FBT | f8531550 |     0 |     0 |  0 |   105 |    ff |        5 | [    0.0,    0.0, 1080.0, 1920.0] | [    0,    0, 1080, 1920] |    -1 |     -1 |     N/A 
E/pvr_drv_video(  244): psb_BeginPicture: fail to allocate scaling surface
D/hwcomposer(  232): void android::intel::UeventObserver::onUevent(): received Uevent: REPEATED_FRAME
D/hwcomposer(  232): virtual void android::intel::Hwcomposer::invalidate(): invalidating screen...
D/hwcomposer(  232): void android::intel::DisplayAnalyzer::handleIdleEntryEvent(int): handling idle entry event, count 0
I/hwcomposer(  232): void android::intel::DisplayAnalyzer::handleIdleEntryEvent(int): Ignoring idle entry as protected layer exists.
D/hwcomposer(  232): void android::intel::HwcLayerList::dump():  numHwLayers = 5, flags = 00000001
D/hwcomposer(  232): void android::intel::HwcLayerList::dump():  type |  handle  | hints | flags | tr | blend | alpha |  format  |           source crop             |            frame          | index | zorder |  plane  
D/hwcomposer(  232): void android::intel::HwcLayerList::dump(): ------+----------+-------+-------+----+-------+-------+----------+-----------------------------------+---------------------------+-------+--------+---------
D/hwcomposer(  232): void android::intel::HwcLayerList::dump():   HWC | f85ae5b0 |     2 |     0 |  0 |   100 |    ff | 7fa00f00 | [    0.0,    0.0,  640.0,  360.0] | [    0,  622, 1080, 1229] |     0 |      0 | OVERLAY 
D/hwcomposer(  232): void android::intel::HwcLayerList::dump():   HWC | f8557790 |     2 |     0 |  0 |   105 |    ff |        5 | [    0.0,   75.0, 1080.0, 1776.0] | [    0,   75, 1080, 1776] |     0 |      1 |  SPRITE 
D/hwcomposer(  232): void android::intel::HwcLayerList::dump():   HWC | f854def0 |     2 |     0 |  0 |   105 |    ff |        5 | [    0.0,    0.0, 1080.0,   75.0] | [    0,    0, 1080,   75] |     1 |      2 |  SPRITE 
D/hwcomposer(  232): void android::intel::HwcLayerList::dump():   HWC | f854d080 |     2 |     0 |  0 |   105 |    ff |        5 | [    0.0,    0.0, 1080.0,  144.0] | [    0, 1776, 1080, 1920] |     2 |      3 |  SPRITE 
D/hwcomposer(  232): void android::intel::HwcLayerList::dump():   FBT | f8531550 |     0 |     0 |  0 |   105 |    ff |        5 | [    0.0,    0.0, 1080.0, 1920.0] | [    0,    0, 1080, 1920] |    -1 |     -1 |     N/A 
D/AudioPolicyManagerALSA(  244): getDeviceForStrategy- Unsupported device in STRATEGY_PHONE: set Earpiece as ouput
D/AudioPolicyManagerALSA(  244): getDeviceForStrategy- Unsupported device in STRATEGY_PHONE: set Earpiece as ouput
D/AudioIntelHal(  244): getParameters: requested keys bgm_state
I/str_params(  244): key: 'bgm_state' value: ''
D/AudioIntelHal(  244): getParameters: requested keys bgm_audio
I/str_params(  244): key: 'bgm_audio' value: ''
E/pvr_drv_video(  244): psb_BeginPicture: fail to allocate scaling surface
D/hwcomposer(  232): void android::intel::UeventObserver::onUevent(): received Uevent: REPEATED_FRAME
D/hwcomposer(  232): virtual void android::intel::Hwcomposer::invalidate(): invalidating screen...
E/pvr_drv_video(  244): psb_BeginPicture: fail to allocate scaling surface
D/hwcomposer(  232): void android::intel::DisplayAnalyzer::handleIdleEntryEvent(int): handling idle entry event, count 0
I/hwcomposer(  232): void android::intel::DisplayAnalyzer::handleIdleEntryEvent(int): Ignoring idle entry as protected layer exists.
D/hwcomposer(  232): void android::intel::HwcLayerList::dump():  numHwLayers = 5, flags = 00000001
D/hwcomposer(  232): void android::intel::HwcLayerList::dump():  type |  handle  | hints | flags | tr | blend | alpha |  format  |           source crop             |            frame          | index | zorder |  plane  
D/hwcomposer(  232): void android::intel::HwcLayerList::dump(): ------+----------+-------+-------+----+-------+-------+----------+-----------------------------------+---------------------------+-------+--------+---------
D/hwcomposer(  232): void android::intel::HwcLayerList::dump():   HWC | f85ae5b0 |     2 |     0 |  0 |   100 |    ff | 7fa00f00 | [    0.0,    0.0,  640.0,  360.0] | [    0,  622, 1080, 1229] |     0 |      0 | OVERLAY 
D/hwcomposer(  232): void android::intel::HwcLayerList::dump():   HWC | f8557790 |     2 |     0 |  0 |   105 |    ff |        5 | [    0.0,   75.0, 1080.0, 1776.0] | [    0,   75, 1080, 1776] |     0 |      1 |  SPRITE 
D/hwcomposer(  232): void android::intel::HwcLayerList::dump():   HWC | f854def0 |     2 |     0 |  0 |   105 |    ff |        5 | [    0.0,    0.0, 1080.0,   75.0] | [    0,    0, 1080,   75] |     1 |      2 |  SPRITE 
D/hwcomposer(  232): void android::intel::HwcLayerList::dump():   HWC | f854d080 |     2 |     0 |  0 |   105 |    ff |        5 | [    0.0,    0.0, 1080.0,  144.0] | [    0, 1776, 1080, 1920] |     2 |      3 |  SPRITE 
D/hwcomposer(  232): void android::intel::HwcLayerList::dump():   FBT | f8531550 |     0 |     0 |  0 |   105 |    ff |        5 | [    0.0,    0.0, 1080.0, 1920.0] | [    0,    0, 1080, 1920] |    -1 |     -1 |     N/A 
E/pvr_drv_video(  244): psb_BeginPicture: fail to allocate scaling surface
D/hwcomposer(  232): void android::intel::UeventObserver::onUevent(): received Uevent: REPEATED_FRAME
D/hwcomposer(  232): virtual void android::intel::Hwcomposer::invalidate(): invalidating screen...
D/hwcomposer(  232): void android::intel::DisplayAnalyzer::handleIdleEntryEvent(int): handling idle entry event, count 0
I/hwcomposer(  232): void android::intel::DisplayAnalyzer::handleIdleEntryEvent(int): Ignoring idle entry as protected layer exists.
D/hwcomposer(  232): void android::intel::HwcLayerList::dump():  numHwLayers = 5, flags = 00000001
D/hwcomposer(  232): void android::intel::HwcLayerList::dump():  type |  handle  | hints | flags | tr | blend | alpha |  format  |           source crop             |            frame          | index | zorder |  plane  
D/hwcomposer(  232): void android::intel::HwcLayerList::dump(): ------+----------+-------+-------+----+-------+-------+----------+-----------------------------------+---------------------------+-------+--------+---------
D/hwcomposer(  232): void android::intel::HwcLayerList::dump():   HWC | f85ae5b0 |     2 |     0 |  0 |   100 |    ff | 7fa00f00 | [    0.0,    0.0,  640.0,  360.0] | [    0,  622, 1080, 1229] |     0 |      0 | OVERLAY 
D/hwcomposer(  232): void android::intel::HwcLayerList::dump():   HWC | f8557790 |     2 |     0 |  0 |   105 |    ff |        5 | [    0.0,   75.0, 1080.0, 1776.0] | [    0,   75, 1080, 1776] |     0 |      1 |  SPRITE 
D/hwcomposer(  232): void android::intel::HwcLayerList::dump():   HWC | f854def0 |     2 |     0 |  0 |   105 |    ff |        5 | [    0.0,    0.0, 1080.0,   75.0] | [    0,    0, 1080,   75] |     1 |      2 |  SPRITE 
D/hwcomposer(  232): void android::intel::HwcLayerList::dump():   HWC | f854d080 |     2 |     0 |  0 |   105 |    ff |        5 | [    0.0,    0.0, 1080.0,  144.0] | [    0, 1776, 1080, 1920] |     2 |      3 |  SPRITE 
D/hwcomposer(  232): void android::intel::HwcLayerList::dump():   FBT | f8531550 |     0 |     0 |  0 |   105 |    ff |        5 | [    0.0,    0.0, 1080.0, 1920.0] | [    0,    0, 1080, 1920] |    -1 |     -1 |     N/A 
E/pvr_drv_video(  244): psb_BeginPicture: fail to allocate scaling surface
D/hwcomposer(  232): void android::intel::UeventObserver::onUevent(): received Uevent: REPEATED_FRAME
D/hwcomposer(  232): virtual void android::intel::Hwcomposer::invalidate(): invalidating screen...
D/hwcomposer(  232): void android::intel::DisplayAnalyzer::handleIdleEntryEvent(int): handling idle entry event, count 0
I/hwcomposer(  232): void android::intel::DisplayAnalyzer::handleIdleEntryEvent(int): Ignoring idle entry as protected layer exists.
D/hwcomposer(  232): void android::intel::HwcLayerList::dump():  numHwLayers = 5, flags = 00000001
D/hwcomposer(  232): void android::intel::HwcLayerList::dump():  type |  handle  | hints | flags | tr | blend | alpha |  format  |           source crop             |            frame          | index | zorder |  plane  
D/hwcomposer(  232): void android::intel::HwcLayerList::dump(): ------+----------+-------+-------+----+-------+-------+----------+-----------------------------------+---------------------------+-------+--------+---------
D/hwcomposer(  232): void android::intel::HwcLayerList::dump():   HWC | f85ae5b0 |     2 |     0 |  0 |   100 |    ff | 7fa00f00 | [    0.0,    0.0,  640.0,  360.0] | [    0,  622, 1080, 1229] |     0 |      0 | OVERLAY 
D/hwcomposer(  232): void android::intel::HwcLayerList::dump():   HWC | f8557790 |     2 |     0 |  0 |   105 |    ff |        5 | [    0.0,   75.0, 1080.0, 1776.0] | [    0,   75, 1080, 1776] |     0 |      1 |  SPRITE 
D/hwcomposer(  232): void android::intel::HwcLayerList::dump():   HWC | f854def0 |     2 |     0 |  0 |   105 |    ff |        5 | [    0.0,    0.0, 1080.0,   75.0] | [    0,    0, 1080,   75] |     1 |      2 |  SPRITE 
D/hwcomposer(  232): void android::intel::HwcLayerList::dump():   HWC | f854d080 |     2 |     0 |  0 |   105 |    ff |        5 | [    0.0,    0.0, 1080.0,  144.0] | [    0, 1776, 1080, 1920] |     2 |      3 |  SPRITE 
D/hwcomposer(  232): void android::intel::HwcLayerList::dump():   FBT | f8531550 |     0 |     0 |  0 |   105 |    ff |        5 | [    0.0,    0.0, 1080.0, 1920.0] | [    0,    0, 1080, 1920] |    -1 |     -1 |     N/A 
D/hwcomposer(  232): void android::intel::UeventObserver::onUevent(): received Uevent: REPEATED_FRAME
D/hwcomposer(  232): virtual void android::intel::Hwcomposer::invalidate(): invalidating screen...
D/hwcomposer(  232): void android::intel::DisplayAnalyzer::handleIdleEntryEvent(int): handling idle entry event, count 0
I/hwcomposer(  232): void android::intel::DisplayAnalyzer::handleIdleEntryEvent(int): Ignoring idle entry as protected layer exists.
D/hwcomposer(  232): void android::intel::HwcLayerList::dump():  numHwLayers = 5, flags = 00000001
D/hwcomposer(  232): void android::intel::HwcLayerList::dump():  type |  handle  | hints | flags | tr | blend | alpha |  format  |           source crop             |            frame          | index | zorder |  plane  
D/hwcomposer(  232): void android::intel::HwcLayerList::dump(): ------+----------+-------+-------+----+-------+-------+----------+-----------------------------------+---------------------------+-------+--------+---------
D/hwcomposer(  232): void android::intel::HwcLayerList::dump():   HWC | f85ae5b0 |     2 |     0 |  0 |   100 |    ff | 7fa00f00 | [    0.0,    0.0,  640.0,  360.0] | [    0,  622, 1080, 1229] |     0 |      0 | OVERLAY 
D/hwcomposer(  232): void android::intel::HwcLayerList::dump():   HWC | f8557790 |     2 |     0 |  0 |   105 |    ff |        5 | [    0.0,   75.0, 1080.0, 1776.0] | [    0,   75, 1080, 1776] |     0 |      1 |  SPRITE 
D/hwcomposer(  232): void android::intel::HwcLayerList::dump():   HWC | f854def0 |     2 |     0 |  0 |   105 |    ff |        5 | [    0.0,    0.0, 1080.0,   75.0] | [    0,    0, 1080,   75] |     1 |      2 |  SPRITE 
D/hwcomposer(  232): void android::intel::HwcLayerList::dump():   HWC | f854d080 |     2 |     0 |  0 |   105 |    ff |        5 | [    0.0,    0.0, 1080.0,  144.0] | [    0, 1776, 1080, 1920] |     2 |      3 |  SPRITE 
D/hwcomposer(  232): void android::intel::HwcLayerList::dump():   FBT | f8531550 |     0 |     0 |  0 |   105 |    ff |        5 | [    0.0,    0.0, 1080.0, 1920.0] | [    0,    0, 1080, 1920] |    -1 |     -1 |     N/A 
W/IntelAudioSource(  244): AudioRecord reported overrun!
D/hwcomposer(  232): void android::intel::UeventObserver::onUevent(): received Uevent: REPEATED_FRAME
D/hwcomposer(  232): virtual void android::intel::Hwcomposer::invalidate(): invalidating screen...
D/hwcomposer(  232): void android::intel::DisplayAnalyzer::handleIdleEntryEvent(int): handling idle entry event, count 0
I/hwcomposer(  232): void android::intel::DisplayAnalyzer::handleIdleEntryEvent(int): Ignoring idle entry as protected layer exists.
D/hwcomposer(  232): void android::intel::HwcLayerList::dump():  numHwLayers = 5, flags = 00000001
D/hwcomposer(  232): void android::intel::HwcLayerList::dump():  type |  handle  | hints | flags | tr | blend | alpha |  format  |           source crop             |            frame          | index | zorder |  plane  
D/hwcomposer(  232): void android::intel::HwcLayerList::dump(): ------+----------+-------+-------+----+-------+-------+----------+-----------------------------------+---------------------------+-------+--------+---------
D/hwcomposer(  232): void android::intel::HwcLayerList::dump():   HWC | f85ae5b0 |     2 |     0 |  0 |   100 |    ff | 7fa00f00 | [    0.0,    0.0,  640.0,  360.0] | [    0,  622, 1080, 1229] |     0 |      0 | OVERLAY 
D/hwcomposer(  232): void android::intel::HwcLayerList::dump():   HWC | f8557790 |     2 |     0 |  0 |   105 |    ff |        5 | [    0.0,   75.0, 1080.0, 1776.0] | [    0,   75, 1080, 1776] |     0 |      1 |  SPRITE 
D/hwcomposer(  232): void android::intel::HwcLayerList::dump():   HWC | f854def0 |     2 |     0 |  0 |   105 |    ff |        5 | [    0.0,    0.0, 1080.0,   75.0] | [    0,    0, 1080,   75] |     1 |      2 |  SPRITE 
D/hwcomposer(  232): void android::intel::HwcLayerList::dump():   HWC | f854d080 |     2 |     0 |  0 |   105 |    ff |        5 | [    0.0,    0.0, 1080.0,  144.0] | [    0, 1776, 1080, 1920] |     2 |      3 |  SPRITE 
D/hwcomposer(  232): void android::intel::HwcLayerList::dump():   FBT | f8531550 |     0 |     0 |  0 |   105 |    ff |        5 | [    0.0,    0.0, 1080.0, 1920.0] | [    0,    0, 1080, 1920] |    -1 |     -1 |     N/A 
I/VAH264Encoder(  244): new encoder config set for VideoConfigAVCIntraPeriod after mFrameCount(60) with intraPeriod(120)
I/hwcomposer(  232): virtual android::status_t android::intel::MultiDisplayCallback::updateInputState(bool): input state: 0
D/hwcomposer(  232): virtual void android::intel::Hwcomposer::invalidate(): invalidating screen...
I/hwcomposer(  232): void android::intel::DisplayAnalyzer::enterVideoExtMode(): entering video extended mode...
D/hwcomposer(  232): virtual void android::intel::Hwcomposer::invalidate(): invalidating screen...
V/MultiDisplay(  641): input is idle
D/hwcomposer(  232): void android::intel::DisplayAnalyzer::handleDpmsEvent(int): primary display coupled with touch on Saltbay, only dim backlight
D/hwcomposer(  232): virtual bool android::intel::OverlayPlaneBase::isDisabled(): overlay 0 status ENABLED on device 0, current device 0
D/hwcomposer(  232): void android::intel::UeventObserver::onUevent(): received Uevent: REPEATED_FRAME
D/hwcomposer(  232): virtual void android::intel::Hwcomposer::invalidate(): invalidating screen...
D/hwcomposer(  232): void android::intel::DisplayAnalyzer::handleIdleEntryEvent(int): handling idle entry event, count 0
I/hwcomposer(  232): void android::intel::DisplayAnalyzer::handleIdleEntryEvent(int): Ignoring idle entry as protected layer exists.
D/hwcomposer(  232): virtual bool android::intel::OverlayPlaneBase::isDisabled(): overlay 0 status ENABLED on device 0, current device 0
I/PhoneDoctor( 1867): EventUploadThread:uploadEvent : Upload crashlog of Event: 2d88da40ea6b3b4ff698:INFO:CWS.WIFI_OFF
W/IntelAudioSource(  244): AudioRecord reported overrun!
I/WifiHW  (  641): CMD: IFNAME=wlan0 SIGNAL_POLL
D/wpa_supplicant(  762): nl80211: survey data missing!
I/wpa_supplicant(  762): nl80211: send_and_recv->nl_recvmsgs failed: 20
I/WifiHW  (  641): REPLY: RSSI=-51
I/WifiHW  (  641): REPLY: LINKSPEED=72
I/WifiHW  (  641): REPLY: NOISE=9999
I/WifiHW  (  641): REPLY: FREQUENCY=2437
W/IntelAudioSource(  244): AudioRecord reported overrun!
I/PhoneDoctor( 1867): EventUploadThread:uploadEvent : Upload crashlog of Event: c91952f43ccf3fbeb483:INFO:CWS.WIFI_ON
W/IntelAudioSource(  244): AudioRecord reported overrun!
W/IntelAudioSource(  244): AudioRecord reported overrun!
W/IntelAudioSource(  244): AudioRecord reported overrun!
I/SecurityManagerService(  789): SMS received security event: IPCEvent[BROADCAST_INTENT/android]{container=0}
V/AsfAosp (  641): No ASF clients are connected
I/WAKELOCK_ACQUIRE(  641): TIMESTAMP=99546899671, TAG=AlarmManager, TYPE=PARTIAL_WAKE_LOCK             , COUNT=0, PID=641, UID=1000, FLAGS=
D/hwcomposer(  232): virtual bool android::intel::OverlayPlaneBase::isDisabled(): overlay 0 status ENABLED on device 0, current device 0
I/WAKELOCK_RELEASE(  641): TIMESTAMP=99582470765, TAG=AlarmManager, TYPE=PARTIAL_WAKE_LOCK             , COUNT=0, PID=641, UID=1000, FLAGS=
W/IntelAudioSource(  244): AudioRecord reported overrun!
I/PhoneDoctor( 1867): EventUploadThread:uploadEvent : Upload crashlog of Event: b46c5cedcaa331785d37:INFO:CWS.WIFI_OFF
I/r_submix(  244): out_standby()
I/WAKELOCK_RELEASE(  641): TIMESTAMP=99967563941, TAG=AudioMix, TYPE=PARTIAL_WAKE_LOCK             , COUNT=0, PID=244, UID=1013, FLAGS=
W/IntelAudioSource(  244): AudioRecord reported overrun!
W/IntelAudioSource(  244): AudioRecord reported overrun!
W/AudioFlinger(  244): RecordThread: buffer overflow
