D/hwcomposer(  232): void android::intel::HwcLayerList::dump():   HWC | f85a1920 |     2 |     0 |  0 |   100 |    ff |        5 | [    0.0,   75.0, 1080.0, 1776.0] | [    0,   75, 1080, 1776] |     0 |      0 | PRIMARY 
D/hwcomposer(  232): void android::intel::HwcLayerList::dump():   HWC | f854def0 |     2 |     0 |  0 |   105 |    ff |        5 | [    0.0,    0.0, 1080.0,   75.0] | [    0,    0, 1080,   75] |     0 |      1 |  SPRITE 
D/hwcomposer(  232): void android::intel::HwcLayerList::dump():   HWC | f854d080 |     2 |     0 |  0 |   105 |    ff |        5 | [    0.0,    0.0, 1080.0,  144.0] | [    0, 1776, 1080, 1920] |     1 |      2 |  SPRITE 
D/hwcomposer(  232): void android::intel::HwcLayerList::dump():   FBT | f8527c00 |     0 |     0 |  0 |   105 |    ff |        5 | [    0.0,    0.0, 1080.0, 1920.0] | [    0,    0, 1080, 1920] |    -1 |     -1 |     N/A 
D/hwcomposer(  232): void android::intel::HwcLayerList::dump():  numHwLayers = 4, flags = 00000001
D/hwcomposer(  232): void android::intel::HwcLayerList::dump():  type |  handle  | hints | flags | tr | blend | alpha |  format  |           source crop             |            frame          | index | zorder |  plane  
D/hwcomposer(  232): void android::intel::HwcLayerList::dump(): ------+----------+-------+-------+----+-------+-------+----------+-----------------------------------+---------------------------+-------+--------+---------
D/hwcomposer(  232): void android::intel::HwcLayerList::dump():   HWC | f85a1920 |     2 |     0 |  0 |   100 |    ff |        5 | [    0.0,   75.0, 1080.0, 1776.0] | [    0,   75, 1080, 1776] |     0 |      0 | PRIMARY 
D/hwcomposer(  232): void android::intel::HwcLayerList::dump():   HWC | f854def0 |     2 |     0 |  0 |   105 |    ff |        5 | [    0.0,    0.0, 1080.0,   75.0] | [    0,    0, 1080,   75] |     0 |      1 |  SPRITE 
D/hwcomposer(  232): void android::intel::HwcLayerList::dump():   HWC | f854d080 |     2 |     0 |  0 |   105 |    ff |        5 | [    0.0,    0.0, 1080.0,  144.0] | [    0, 1776, 1080, 1920] |     1 |      2 |  SPRITE 
D/hwcomposer(  232): void android::intel::HwcLayerList::dump():   FBT | f8527c00 |     0 |     0 |  0 |   105 |    ff |        5 | [    0.0,    0.0, 1080.0, 1920.0] | [    0,    0, 1080, 1920] |    -1 |     -1 |     N/A 
I/dispmgr (  638): waiting for message from kernel.
I/dispmgr (  638): message from kernel received.
I/dispmgr (  638): DpstAlgorithm_DPST4_5 
I/dispmgr (  638): DpstAlgorithm_DPST4_5 level is 3
W/IntelAudioSource(  244): AudioRecord reported overrun!
D/hwcomposer(  232): void android::intel::UeventObserver::onUevent(): received Uevent: REPEATED_FRAME
D/hwcomposer(  232): virtual void android::intel::Hwcomposer::invalidate(): invalidating screen...
D/hwcomposer(  232): void android::intel::DisplayAnalyzer::handleIdleEntryEvent(int): handling idle entry event, count 0
D/hwcomposer(  232): virtual void android::intel::PowerManager::enterIdleState(): entering s0i1 mode
D/hwcomposer(  232): void android::intel::HwcLayerList::dump():  numHwLayers = 4, flags = 00000001
D/hwcomposer(  232): void android::intel::HwcLayerList::dump():  type |  handle  | hints | flags | tr | blend | alpha |  format  |           source crop             |            frame          | index | zorder |  plane  
D/hwcomposer(  232): void android::intel::HwcLayerList::dump(): ------+----------+-------+-------+----+-------+-------+----------+-----------------------------------+---------------------------+-------+--------+---------
D/hwcomposer(  232): void android::intel::HwcLayerList::dump():  GLES | f85a1920 |     2 |     0 |  0 |   100 |    ff |        5 | [    0.0,   75.0, 1080.0, 1776.0] | [    0,   75, 1080, 1776] |    -1 |     -1 |     N/A 
D/hwcomposer(  232): void android::intel::HwcLayerList::dump():  GLES | f854def0 |     2 |     0 |  0 |   105 |    ff |        5 | [    0.0,    0.0, 1080.0,   75.0] | [    0,    0, 1080,   75] |    -1 |     -1 |     N/A 
D/hwcomposer(  232): void android::intel::HwcLayerList::dump():  GLES | f854d080 |     2 |     0 |  0 |   105 |    ff |        5 | [    0.0,    0.0, 1080.0,  144.0] | [    0, 1776, 1080, 1920] |    -1 |     -1 |     N/A 
D/hwcomposer(  232): void android::intel::HwcLayerList::dump():   FBT | f8527c00 |     0 |     0 |  0 |   105 |    ff |        5 | [    0.0,    0.0, 1080.0, 1920.0] | [    0,    0, 1080, 1920] |     0 |      0 | PRIMARY 
D/hwcomposer(  232): void android::intel::HwcLayer::postFlip(): Skipping frame buffer target...
I/PhoneDoctor( 1867): CrashReportService:uploadEvent : Success upload of Event: 8630ed5aaa21de92944e:INFO:CWS.WIFI_HOTSPOT_ON
W/IntelAudioSource(  244): AudioRecord reported overrun!
D/ImsServiceStateTracker(  928): IMS Registration Guard timer expired
D/ImsServiceStateTracker(  928): Checking IMS Connectivity Activation...
D/OperatorPolicyService(  928): Roaming State=false, Mobile Data Enabled=true, Data Roaming Enabled=false, Data State=true
D/OperatorPolicyService(  928): Retrieving the parameter isim_registration for context default
D/OperatorPolicyService(  928): Roaming State=false, Mobile Data Enabled=true, Data Roaming Enabled=false, Data State=true
D/OperatorPolicyService(  928): Retrieving the parameter wifi_test_mode_ims_registration for context default
I/ImsServiceStateTracker(  928): The conditions to start the IMS Connectivity are met
D/ImsServiceStateTracker(  928): Starting the IMS connectivity...
D/BaseConnectivityHandler(  928): start connectivity for type: 11, feature: enableIMS, enabled: true, apnType: ims, connType: ( IMS )
D/MobileConnectivityHandler-ims(  928): startApn TYPE_MOBILE, mFeature: enableIMS
W/MobileConnectivityHandler-ims(  928): beginImsConnectivity APN_TYPE_NOT_AVAILABLE
D/ConnectivityService(  641): special network not available ni=mobile_ims
V/ImsProvider(  928): valid URI_CURRENT for param: imsRegGuardTimeout
D/OperatorPolicyService(  928): Roaming State=false, Mobile Data Enabled=true, Data Roaming Enabled=false, Data State=true
D/ImsServiceStateTracker(  928): IMS Registration Guard timeout set to 60000 ms
I/ImsServiceStateTracker(  928): Moving to WAIT IMS CONNECTIVITY AVAILABLE STATE
D/OperatorPolicyService(  928): Roaming State=false, Mobile Data Enabled=true, Data Roaming Enabled=false, Data State=true
D/OperatorPolicyService(  928): Retrieving the parameter isim_registration for context default
D/OperatorPolicyService(  928): Roaming State=false, Mobile Data Enabled=true, Data Roaming Enabled=false, Data State=true
D/OperatorPolicyService(  928): Retrieving the parameter wifi_test_mode_ims_registration for context default
D/OperatorPolicyService(  928): Roaming State=false, Mobile Data Enabled=true, Data Roaming Enabled=false, Data State=true
D/OperatorPolicyService(  928): Retrieving the parameter tty_over_ims for context default
I/ImsServiceStateTracker(  928): Current Context: State=WAIT IMS CONNECTIVITY AVAILABLE STATE, IMS Feature Enabled=true, ISIM Used=false, IMS Connectivity Available=false, IMS Fwk State=2 (Offline), RAT=0 (UNKNOWN), Voice Reg State=1 (Out of Service), Data Reg State=1 (Out of Service), Roaming Registered=false, VOPS Supported=false, Default Phone Type=VoLte, Default Phone State=IDLE, Data Enabled=true, Data Roaming Enabled=false, Wifi Enabled=true, Wifi Connected=true, Airplane Mode Enabled=false, TTY Device Plugged=false, Device Shutting Down=false, IMS Allowed on Mobile=false, ISIM Credential present=false, IMS Allowed without ISIM=true, IMS Allowed on WLAN=true, IMS Allowed with TTY Devices=false
W/IntelAudioSource(  244): AudioRecord reported overrun!
I/dalvikvm( 2896): Total arena pages for JIT: 201
D/hwcomposer(  232): void android::intel::DisplayAnalyzer::handleIdleExitEvent(): handling idle exit event
D/hwcomposer(  232): virtual void android::intel::PowerManager::exitIdleState(): exiting s0i1 mode
D/hwcomposer(  232): void android::intel::HwcLayerList::dump():  numHwLayers = 4, flags = 00000001
D/hwcomposer(  232): void android::intel::HwcLayerList::dump():  type |  handle  | hints | flags | tr | blend | alpha |  format  |           source crop             |            frame          | index | zorder |  plane  
D/hwcomposer(  232): void android::intel::HwcLayerList::dump(): ------+----------+-------+-------+----+-------+-------+----------+-----------------------------------+---------------------------+-------+--------+---------
D/hwcomposer(  232): void android::intel::HwcLayerList::dump():   HWC | f857bb10 |     2 |     0 |  0 |   100 |    ff |        5 | [    0.0,   75.0, 1080.0, 1776.0] | [    0,   75, 1080, 1776] |     0 |      0 | PRIMARY 
D/hwcomposer(  232): void android::intel::HwcLayerList::dump():   HWC | f854def0 |     2 |     0 |  0 |   105 |    ff |        5 | [    0.0,    0.0, 1080.0,   75.0] | [    0,    0, 1080,   75] |     0 |      1 |  SPRITE 
D/hwcomposer(  232): void android::intel::HwcLayerList::dump():   HWC | f854d080 |     2 |     0 |  0 |   105 |    ff |        5 | [    0.0,    0.0, 1080.0,  144.0] | [    0, 1776, 1080, 1920] |     1 |      2 |  SPRITE 
D/hwcomposer(  232): void android::intel::HwcLayerList::dump():   FBT | f8531550 |     0 |     0 |  0 |   105 |    ff |        5 | [    0.0,    0.0, 1080.0, 1920.0] | [    0,    0, 1080, 1920] |    -1 |     -1 |     N/A 
D/hwcomposer(  232): bool android::intel::HwcLayerList::setupSmartComposition2(): In Smart Composition2 !
I/hwcomposer(  232): virtual bool android::intel::HwcLayerList::update(hwc_display_contents_1_t*): overlay fallback to GLES. flags: 0
D/hwcomposer(  232): void android::intel::HwcLayerList::dump():  numHwLayers = 4, flags = 00000000
D/hwcomposer(  232): void android::intel::HwcLayerList::dump():  type |  handle  | hints | flags | tr | blend | alpha |  format  |           source crop             |            frame          | index | zorder |  plane  
D/hwcomposer(  232): void android::intel::HwcLayerList::dump(): ------+----------+-------+-------+----+-------+-------+----------+-----------------------------------+---------------------------+-------+--------+---------
D/hwcomposer(  232): void android::intel::HwcLayerList::dump():   HWC | f85a1920 |     2 |     0 |  0 |   100 |    ff |        5 | [    0.0,   75.0, 1080.0, 1776.0] | [    0,   75, 1080, 1776] |     0 |      0 | PRIMARY 
D/hwcomposer(  232): void android::intel::HwcLayerList::dump():  GLES | f854def0 |     2 |     0 |  0 |   105 |    ff |        5 | [    0.0,    0.0, 1080.0,   75.0] | [    0,    0, 1080,   75] |    -1 |     -1 |     N/A 
D/hwcomposer(  232): void android::intel::HwcLayerList::dump():  GLES | f854d080 |     2 |     0 |  0 |   105 |    ff |        5 | [    0.0,    0.0, 1080.0,  144.0] | [    0, 1776, 1080, 1920] |    -1 |     -1 |     N/A 
D/hwcomposer(  232): void android::intel::HwcLayerList::dump():   FBT | f8531550 |     0 |     0 |  0 |   105 |    ff |        5 | [    0.0,    0.0, 1080.0, 1920.0] | [    0,    0, 1080, 1920] |     0 |      1 |  SPRITE 
I/dalvikvm( 2896): Total arena pages for JIT: 201
I/dalvikvm( 2896): Total arena pages for JIT: 202
I/dalvikvm( 2896): Total arena pages for JIT: 203
I/dalvikvm( 2896): Total arena pages for JIT: 204
I/dalvikvm( 2896): Total arena pages for JIT: 205
I/dalvikvm( 2896): Total arena pages for JIT: 206
I/dalvikvm( 2896): Total arena pages for JIT: 207
I/dalvikvm( 2896): Total arena pages for JIT: 208
I/dalvikvm( 2896): Total arena pages for JIT: 209
I/dalvikvm( 2896): Total arena pages for JIT: 210
I/dalvikvm( 2896): Total arena pages for JIT: 211
I/dalvikvm( 2896): Total arena pages for JIT: 212
I/dalvikvm( 2896): Total arena pages for JIT: 201
I/dalvikvm( 2896): Total arena pages for JIT: 202
I/dalvikvm( 2896): Total arena pages for JIT: 203
I/dalvikvm( 2896): Total arena pages for JIT: 204
I/dalvikvm( 2896): Total arena pages for JIT: 205
I/dalvikvm( 2896): Total arena pages for JIT: 206
I/dalvikvm( 2896): Total arena pages for JIT: 207
I/dalvikvm( 2896): Total arena pages for JIT: 208
I/dalvikvm( 2896): Total arena pages for JIT: 209
I/dalvikvm( 2896): Total arena pages for JIT: 210
I/dalvikvm( 2896): Total arena pages for JIT: 211
I/dalvikvm( 2896): Total arena pages for JIT: 212
I/dalvikvm( 2896): Total arena pages for JIT: 213
I/dalvikvm( 2896): Total arena pages for JIT: 214
W/IntelAudioSource(  244): AudioRecord reported overrun!
D/hwcomposer(  232): void android::intel::UeventObserver::onUevent(): received Uevent: REPEATED_FRAME
D/hwcomposer(  232): virtual void android::intel::Hwcomposer::invalidate(): invalidating screen...
D/hwcomposer(  232): void android::intel::DisplayAnalyzer::handleIdleEntryEvent(int): handling idle entry event, count 0
D/hwcomposer(  232): virtual void android::intel::PowerManager::enterIdleState(): entering s0i1 mode
D/hwcomposer(  232): void android::intel::HwcLayerList::dump():  numHwLayers = 4, flags = 00000001
D/hwcomposer(  232): void android::intel::HwcLayerList::dump():  type |  handle  | hints | flags | tr | blend | alpha |  format  |           source crop             |            frame          | index | zorder |  plane  
D/hwcomposer(  232): void android::intel::HwcLayerList::dump(): ------+----------+-------+-------+----+-------+-------+----------+-----------------------------------+---------------------------+-------+--------+---------
D/hwcomposer(  232): void android::intel::HwcLayerList::dump():  GLES | f857bb10 |     2 |     0 |  0 |   100 |    ff |        5 | [    0.0,   75.0, 1080.0, 1776.0] | [    0,   75, 1080, 1776] |    -1 |     -1 |     N/A 
D/hwcomposer(  232): void android::intel::HwcLayerList::dump():  GLES | f854def0 |     2 |     0 |  0 |   105 |    ff |        5 | [    0.0,    0.0, 1080.0,   75.0] | [    0,    0, 1080,   75] |    -1 |     -1 |     N/A 
D/hwcomposer(  232): void android::intel::HwcLayerList::dump():  GLES | f854d080 |     2 |     0 |  0 |   105 |    ff |        5 | [    0.0,    0.0, 1080.0,  144.0] | [    0, 1776, 1080, 1920] |    -1 |     -1 |     N/A 
D/hwcomposer(  232): void android::intel::HwcLayerList::dump():   FBT | f8527c00 |     0 |     0 |  0 |   105 |    ff |        5 | [    0.0,    0.0, 1080.0, 1920.0] | [    0,    0, 1080, 1920] |     0 |      0 | PRIMARY 
D/hwcomposer(  232): void android::intel::HwcLayer::postFlip(): Skipping frame buffer target...
W/IntelAudioSource(  244): AudioRecord reported overrun!
E/Intel PowerHAL(  641): Error opening /sys/devices/system/cpu/cpufreq/interactive/touchboostpulse: Permission denied
E/Intel PowerHAL(  641): Error opening /sys/devices/system/cpu/cpufreq/interactive/touchboostpulse: Permission denied
E/Intel PowerHAL(  641): Error opening /sys/devices/system/cpu/cpufreq/interactive/touchboostpulse: Permission denied
E/Intel PowerHAL(  641): Error opening /sys/devices/system/cpu/cpufreq/interactive/touchboostpulse: Permission denied
E/Intel PowerHAL(  641): Error opening /sys/devices/system/cpu/cpufreq/interactive/touchboostpulse: Permission denied
E/Intel PowerHAL(  641): Error opening /sys/devices/system/cpu/cpufreq/interactive/touchboostpulse: Permission denied
I/PhoneDoctor( 1867): CrashReportService:uploadEvent : Success upload of Event: 6a97df935ce0b46222a5:INFO:CWS.WIFI_P2P_CONNECTED
D/hwcomposer(  232): void android::intel::DisplayAnalyzer::handleIdleExitEvent(): handling idle exit event
D/hwcomposer(  232): virtual void android::intel::PowerManager::exitIdleState(): exiting s0i1 mode
D/hwcomposer(  232): void android::intel::HwcLayerList::dump():  numHwLayers = 4, flags = 00000001
D/hwcomposer(  232): void android::intel::HwcLayerList::dump():  type |  handle  | hints | flags | tr | blend | alpha |  format  |           source crop             |            frame          | index | zorder |  plane  
D/hwcomposer(  232): void android::intel::HwcLayerList::dump(): ------+----------+-------+-------+----+-------+-------+----------+-----------------------------------+---------------------------+-------+--------+---------
D/hwcomposer(  232): void android::intel::HwcLayerList::dump():   HWC | f857bc90 |     2 |     0 |  0 |   100 |    ff |        5 | [    0.0,   75.0, 1080.0, 1776.0] | [    0,   75, 1080, 1776] |     0 |      0 | PRIMARY 
D/hwcomposer(  232): void android::intel::HwcLayerList::dump():   HWC | f854def0 |     2 |     0 |  0 |   105 |    ff |        5 | [    0.0,    0.0, 1080.0,   75.0] | [    0,    0, 1080,   75] |     0 |      1 |  SPRITE 
D/hwcomposer(  232): void android::intel::HwcLayerList::dump():   HWC | f854d080 |     2 |     0 |  0 |   105 |    ff |        5 | [    0.0,    0.0, 1080.0,  144.0] | [    0, 1776, 1080, 1920] |     1 |      2 |  SPRITE 
D/hwcomposer(  232): void android::intel::HwcLayerList::dump():   FBT | f8531550 |     0 |     0 |  0 |   105 |    ff |        5 | [    0.0,    0.0, 1080.0, 1920.0] | [    0,    0, 1080, 1920] |    -1 |     -1 |     N/A 
W/PhoneDoctor( 1867): Uploading 24 event data files
D/hwcomposer(  232): bool android::intel::HwcLayerList::setupSmartComposition2(): In Smart Composition2 !
I/hwcomposer(  232): virtual bool android::intel::HwcLayerList::update(hwc_display_contents_1_t*): overlay fallback to GLES. flags: 0
D/hwcomposer(  232): void android::intel::HwcLayerList::dump():  numHwLayers = 4, flags = 00000000
D/hwcomposer(  232): void android::intel::HwcLayerList::dump():  type |  handle  | hints | flags | tr | blend | alpha |  format  |           source crop             |            frame          | index | zorder |  plane  
D/hwcomposer(  232): void android::intel::HwcLayerList::dump(): ------+----------+-------+-------+----+-------+-------+----------+-----------------------------------+---------------------------+-------+--------+---------
D/hwcomposer(  232): void android::intel::HwcLayerList::dump():   HWC | f857bb10 |     2 |     0 |  0 |   100 |    ff |        5 | [    0.0,   75.0, 1080.0, 1776.0] | [    0,   75, 1080, 1776] |     0 |      0 | PRIMARY 
D/hwcomposer(  232): void android::intel::HwcLayerList::dump():  GLES | f854def0 |     2 |     0 |  0 |   105 |    ff |        5 | [    0.0,    0.0, 1080.0,   75.0] | [    0,    0, 1080,   75] |    -1 |     -1 |     N/A 
D/hwcomposer(  232): void android::intel::HwcLayerList::dump():  GLES | f854d080 |     2 |     0 |  0 |   105 |    ff |        5 | [    0.0,    0.0, 1080.0,  144.0] | [    0, 1776, 1080, 1920] |    -1 |     -1 |     N/A 
D/hwcomposer(  232): void android::intel::HwcLayerList::dump():   FBT | f8531550 |     0 |     0 |  0 |   105 |    ff |        5 | [    0.0,    0.0, 1080.0, 1920.0] | [    0,    0, 1080, 1920] |     0 |      1 |  SPRITE 
I/PhoneDoctor( 1867): EventUploadThread:uploadEvent : Upload crashlog of Event: fe3c6e063554e67a2336:INFO:CWS.WIFI_HOTSPOT_OFF
I/dispmgr (  638): waiting for message from kernel.
I/dispmgr (  638): message from kernel received.
I/dispmgr (  638): DpstAlgorithm_DPST4_5 
I/dispmgr (  638): DpstAlgorithm_DPST4_5 level is 3
W/IntelAudioSource(  244): AudioRecord reported overrun!
I/dispmgr (  638): waiting for message from kernel.
I/dispmgr (  638): message from kernel received.
I/dispmgr (  638): DpstAlgorithm_DPST4_5 
I/dispmgr (  638): DpstAlgorithm_DPST4_5 level is 3
I/SecurityManagerService(  789): SMS received security event: IPCEvent[BROADCAST_INTENT/null]{container=0}
V/AsfAosp (  641): No ASF clients are connected
I/InputReader(  641): Reconfiguring input devices.  changes=0x00000010
D/RegisteredServicesCache(  954): Intent action: android.intent.action.PACKAGE_CHANGED
D/RegisteredAidCache(  954): Current default: null
D/RegisteredAidCache(  954): No default set, last payment service removed.
D/RegisteredAidCache(  954): Updating default component to: null
D/RegisteredAidCache(  954): Not updating routing table because NFC is off.
I/PackageManager(  641):   Action: "android.intent.action.SENDTO"
I/PackageManager(  641):   Category: "android.intent.category.DEFAULT"
I/PackageManager(  641):   Scheme: "sms"
I/Launcher(  989): Deferring update until onResume
D/PackageBroadcastService( 1031): Received broadcast action=android.intent.action.PACKAGE_CHANGED and uri=com.intel.crashreport
I/PackageManager(  641): Adding preferred activity ComponentInfo{com.android.mms/com.android.mms.ui.ComposeMessageActivity} for user 0 :
I/PackageManager(  641):   Action: "android.intent.action.SENDTO"
I/PackageManager(  641):   Category: "android.intent.category.DEFAULT"
I/PackageManager(  641):   Scheme: "smsto"
I/PackageManager(  641): Adding preferred activity ComponentInfo{com.android.mms/com.android.mms.ui.ComposeMessageActivity} for user 0 :
I/Launcher(  989): Deferring update until onResume
I/PackageManager(  641):   Action: "android.intent.action.SENDTO"
I/PackageManager(  641):   Category: "android.intent.category.DEFAULT"
I/PackageManager(  641):   Scheme: "mms"
I/PackageManager(  641): Adding preferred activity ComponentInfo{com.android.mms/com.android.mms.ui.ComposeMessageActivity} for user 0 :
I/WAKELOCK_ACQUIRE(  641): TIMESTAMP=85223469764, TAG=Icing, TYPE=PARTIAL_WAKE_LOCK             , COUNT=0, PID=1031, UID=10009, FLAGS=
I/PackageManager(  641):   Action: "android.intent.action.SENDTO"
I/PackageManager(  641):   Category: "android.intent.category.DEFAULT"
I/PackageManager(  641):   Scheme: "mmsto"
I/PackageManager(  641): Adding preferred activity ComponentInfo{com.android.mms/com.android.mms.ui.ComposeMessageActivity} for user 0 :
I/InternalIcingCorporaPro( 1789): Updating corpora: APPS=com.intel.crashreport, CONTACTS=MAYBE
I/ActivityManager(  641): Delay finish: com.google.android.googlequicksearchbox/com.google.android.search.core.summons.icing.InternalIcingCorporaProvider$CorporaChangedReceiver
I/PeopleContactsSync( 1031): CP2 sync disabled
I/WAKELOCK_RELEASE(  641): TIMESTAMP=85275905798, TAG=Icing, TYPE=PARTIAL_WAKE_LOCK             , COUNT=0, PID=1031, UID=10009, FLAGS=
I/PackageManager(  641):   Action: "android.intent.action.SENDTO"
I/PackageManager(  641):   Category: "android.intent.category.DEFAULT"
I/PackageManager(  641):   Scheme: "sms"
I/PackageManager(  641): Adding preferred activity ComponentInfo{com.android.mms/com.android.mms.ui.ComposeMessageActivity} for user 0 :
I/dalvikvm( 1789): Total arena pages for JIT: 201
I/dalvikvm( 1789): Total arena pages for JIT: 202
I/SecurityManagerService(  789): SMS received security event: IPCEvent[BROADCAST_INTENT/android]{container=0}
I/PackageManager(  641):   Action: "android.intent.action.SENDTO"
I/PackageManager(  641):   Category: "android.intent.category.DEFAULT"
I/PackageManager(  641):   Scheme: "smsto"
I/PackageManager(  641): Adding preferred activity ComponentInfo{com.android.mms/com.android.mms.ui.ComposeMessageActivity} for user 0 :
V/AsfAosp (  641): No ASF clients are connected
I/SecurityManagerService(  789): SMS received security event: IPCEvent[BROADCAST_INTENT/null]{container=0}
I/PackageManager(  641):   Action: "android.intent.action.SENDTO"
I/PackageManager(  641):   Category: "android.intent.category.DEFAULT"
I/PackageManager(  641):   Scheme: "mms"
I/PackageManager(  641): Adding preferred activity ComponentInfo{com.android.mms/com.android.mms.ui.ComposeMessageActivity} for user 0 :
V/AsfAosp (  641): No ASF clients are connected
W/AudioFlinger(  244): RecordThread: buffer overflow
W/IntelAudioSource(  244): AudioRecord reported overrun!
I/ActivityManager(  641): Resuming delayed broadcast
I/PackageManager(  641):   Action: "android.intent.action.SENDTO"
I/PackageManager(  641):   Category: "android.intent.category.DEFAULT"
I/PackageManager(  641):   Scheme: "mmsto"
I/WAKELOCK_ACQUIRE(  641): TIMESTAMP=85393604188, TAG=GCoreFlp, TYPE=PARTIAL_WAKE_LOCK             , COUNT=0, PID=1193, UID=10009, FLAGS=
I/PackageManager(  641): Adding preferred activity ComponentInfo{com.android.mms/com.android.mms.ui.ComposeMessageActivity} for user 0 :
I/WAKELOCK_ACQUIRE(  641): TIMESTAMP=85411141989, TAG=GCoreFlp, TYPE=PARTIAL_WAKE_LOCK             , COUNT=0, PID=1193, UID=10009, FLAGS=
I/WAKELOCK_RELEASE(  641): TIMESTAMP=85411537878, TAG=GCoreFlp, TYPE=PARTIAL_WAKE_LOCK             , COUNT=0, PID=1193, UID=10009, FLAGS=
I/WAKELOCK_ACQUIRE(  641): TIMESTAMP=85414329453, TAG=Icing, TYPE=PARTIAL_WAKE_LOCK             , COUNT=0, PID=1031, UID=10009, FLAGS=
I/WAKELOCK_RELEASE(  641): TIMESTAMP=85415321689, TAG=GCoreFlp, TYPE=PARTIAL_WAKE_LOCK             , COUNT=0, PID=1193, UID=10009, FLAGS=
I/WAKELOCK_ACQUIRE(  641): TIMESTAMP=85416430547, TAG=GCoreFlp, TYPE=PARTIAL_WAKE_LOCK             , COUNT=0, PID=1193, UID=10009, FLAGS=
I/WAKELOCK_RELEASE(  641): TIMESTAMP=85423036328, TAG=GCoreFlp, TYPE=PARTIAL_WAKE_LOCK             , COUNT=0, PID=1193, UID=10009, FLAGS=
I/ActivityManager(  641): Delay finish: com.google.android.apps.plus/.service.PackagesMediaMonitor
I/WAKELOCK_ACQUIRE(  641): TIMESTAMP=85432975703, TAG=AsyncService, TYPE=PARTIAL_WAKE_LOCK             , COUNT=0, PID=2764, UID=10070, FLAGS=
I/WAKELOCK_RELEASE(  641): TIMESTAMP=85438308504, TAG=AsyncService, TYPE=PARTIAL_WAKE_LOCK             , COUNT=0, PID=2764, UID=10070, FLAGS=
D/hwcomposer(  232): void android::intel::UeventObserver::onUevent(): received Uevent: REPEATED_FRAME
D/hwcomposer(  232): virtual void android::intel::Hwcomposer::invalidate(): invalidating screen...
D/hwcomposer(  232): void android::intel::DisplayAnalyzer::handleIdleEntryEvent(int): handling idle entry event, count 0
D/hwcomposer(  232): virtual void android::intel::PowerManager::enterIdleState(): entering s0i1 mode
D/hwcomposer(  232): void android::intel::HwcLayerList::dump():  numHwLayers = 4, flags = 00000001
D/hwcomposer(  232): void android::intel::HwcLayerList::dump():  type |  handle  | hints | flags | tr | blend | alpha |  format  |           source crop             |            frame          | index | zorder |  plane  
D/hwcomposer(  232): void android::intel::HwcLayerList::dump(): ------+----------+-------+-------+----+-------+-------+----------+-----------------------------------+---------------------------+-------+--------+---------
D/hwcomposer(  232): void android::intel::HwcLayerList::dump():  GLES | f85a1920 |     2 |     0 |  0 |   100 |    ff |        5 | [    0.0,   75.0, 1080.0, 1776.0] | [    0,   75, 1080, 1776] |    -1 |     -1 |     N/A 
D/hwcomposer(  232): void android::intel::HwcLayerList::dump():  GLES | f854def0 |     2 |     0 |  0 |   105 |    ff |        5 | [    0.0,    0.0, 1080.0,   75.0] | [    0,    0, 1080,   75] |    -1 |     -1 |     N/A 
D/hwcomposer(  232): void android::intel::HwcLayerList::dump():  GLES | f854d080 |     2 |     0 |  0 |   105 |    ff |        5 | [    0.0,    0.0, 1080.0,  144.0] | [    0, 1776, 1080, 1920] |    -1 |     -1 |     N/A 
D/hwcomposer(  232): void android::intel::HwcLayerList::dump():   FBT | f8527c00 |     0 |     0 |  0 |   105 |    ff |        5 | [    0.0,    0.0, 1080.0, 1920.0] | [    0,    0, 1080, 1920] |     0 |      0 | PRIMARY 
I/ActivityManager(  641): Resuming delayed broadcast
D/hwcomposer(  232): void android::intel::HwcLayer::postFlip(): Skipping frame buffer target...
I/PicasaSource( 2437): called onPackageChanged() packageName : com.intel.crashreport
I/dalvikvm( 2437): Total arena pages for JIT: 201
I/dalvikvm( 2437): Total arena pages for JIT: 202
I/dalvikvm( 2437): Total arena pages for JIT: 203
I/dalvikvm( 2437): Total arena pages for JIT: 204
I/dalvikvm( 2437): Total arena pages for JIT: 205
I/dalvikvm( 2437): Total arena pages for JIT: 206
I/dalvikvm( 2437): Total arena pages for JIT: 207
I/dalvikvm( 2437): Total arena pages for JIT: 208
I/WAKELOCK_RELEASE(  641): TIMESTAMP=85502624045, TAG=Icing, TYPE=PARTIAL_WAKE_LOCK             , COUNT=0, PID=1031, UID=10009, FLAGS=
I/WAKELOCK_ACQUIRE(  641): TIMESTAMP=85512300163, TAG=Icing, TYPE=PARTIAL_WAKE_LOCK             , COUNT=0, PID=1031, UID=10009, FLAGS=
I/WAKELOCK_RELEASE(  641): TIMESTAMP=85533743252, TAG=Icing, TYPE=PARTIAL_WAKE_LOCK             , COUNT=0, PID=1031, UID=10009, FLAGS=
I/WAKELOCK_ACQUIRE(  641): TIMESTAMP=85536478072, TAG=Icing, TYPE=PARTIAL_WAKE_LOCK             , COUNT=0, PID=1031, UID=10009, FLAGS=
I/dalvikvm( 2437): Total arena pages for JIT: 201
I/dalvikvm( 2437): Total arena pages for JIT: 202
I/dalvikvm( 2437): Total arena pages for JIT: 203
I/dalvikvm( 2437): Total arena pages for JIT: 204
I/dalvikvm( 2437): Total arena pages for JIT: 205
I/dalvikvm( 2437): Total arena pages for JIT: 206
I/dalvikvm( 2437): Total arena pages for JIT: 207
I/WAKELOCK_RELEASE(  641): TIMESTAMP=85602459310, TAG=Icing, TYPE=PARTIAL_WAKE_LOCK             , COUNT=0, PID=1031, UID=10009, FLAGS=
I/WAKELOCK_ACQUIRE(  641): TIMESTAMP=85604931137, TAG=Icing, TYPE=PARTIAL_WAKE_LOCK             , COUNT=0, PID=1031, UID=10009, FLAGS=
I/WAKELOCK_RELEASE(  641): TIMESTAMP=85611480452, TAG=Icing, TYPE=PARTIAL_WAKE_LOCK             , COUNT=0, PID=1031, UID=10009, FLAGS=
D/hwcomposer(  232): void android::intel::DisplayAnalyzer::handleIdleExitEvent(): handling idle exit event
D/hwcomposer(  232): virtual void android::intel::PowerManager::exitIdleState(): exiting s0i1 mode
D/hwcomposer(  232): void android::intel::HwcLayerList::dump():  numHwLayers = 4, flags = 00000001
D/hwcomposer(  232): void android::intel::HwcLayerList::dump():  type |  handle  | hints | flags | tr | blend | alpha |  format  |           source crop             |            frame          | index | zorder |  plane  
D/hwcomposer(  232): void android::intel::HwcLayerList::dump(): ------+----------+-------+-------+----+-------+-------+----------+-----------------------------------+---------------------------+-------+--------+---------
D/hwcomposer(  232): void android::intel::HwcLayerList::dump():   HWC | f857bb10 |     2 |     0 |  0 |   100 |    ff |        5 | [    0.0,   75.0, 1080.0, 1776.0] | [    0,   75, 1080, 1776] |     0 |      0 | PRIMARY 
D/hwcomposer(  232): void android::intel::HwcLayerList::dump():   HWC | f854def0 |     2 |     0 |  0 |   105 |    ff |        5 | [    0.0,    0.0, 1080.0,   75.0] | [    0,    0, 1080,   75] |     0 |      1 |  SPRITE 
D/hwcomposer(  232): void android::intel::HwcLayerList::dump():   HWC | f854d080 |     2 |     0 |  0 |   105 |    ff |        5 | [    0.0,    0.0, 1080.0,  144.0] | [    0, 1776, 1080, 1920] |     1 |      2 |  SPRITE 
D/hwcomposer(  232): void android::intel::HwcLayerList::dump():   FBT | f8531550 |     0 |     0 |  0 |   105 |    ff |        5 | [    0.0,    0.0, 1080.0, 1920.0] | [    0,    0, 1080, 1920] |    -1 |     -1 |     N/A 
I/dalvikvm( 1789): Total arena pages for JIT: 201
I/dalvikvm( 1789): Total arena pages for JIT: 202
I/dalvikvm( 1789): Total arena pages for JIT: 203
I/dalvikvm( 1789): Total arena pages for JIT: 204
I/dalvikvm( 1789): Total arena pages for JIT: 205
E/Intel PowerHAL(  641): Error opening /sys/devices/system/cpu/cpufreq/interactive/touchboostpulse: Permission denied
E/Intel PowerHAL(  641): Error opening /sys/devices/system/cpu/cpufreq/interactive/touchboostpulse: Permission denied
I/dalvikvm(  641): Jit: resizing JitTable from 4096 to 8192
D/hwcomposer(  232): bool android::intel::HwcLayerList::setupSmartComposition2(): In Smart Composition2 !
I/hwcomposer(  232): virtual bool android::intel::HwcLayerList::update(hwc_display_contents_1_t*): overlay fallback to GLES. flags: 0
D/hwcomposer(  232): void android::intel::HwcLayerList::dump():  numHwLayers = 4, flags = 00000000
D/hwcomposer(  232): void android::intel::HwcLayerList::dump():  type |  handle  | hints | flags | tr | blend | alpha |  format  |           source crop             |            frame          | index | zorder |  plane  
D/hwcomposer(  232): void android::intel::HwcLayerList::dump(): ------+----------+-------+-------+----+-------+-------+----------+-----------------------------------+---------------------------+-------+--------+---------
D/hwcomposer(  232): void android::intel::HwcLayerList::dump():   HWC | f85a1920 |     2 |     0 |  0 |   100 |    ff |        5 | [    0.0,   75.0, 1080.0, 1776.0] | [    0,   75, 1080, 1776] |     0 |      0 | PRIMARY 
D/hwcomposer(  232): void android::intel::HwcLayerList::dump():  GLES | f854def0 |     2 |     0 |  0 |   105 |    ff |        5 | [    0.0,    0.0, 1080.0,   75.0] | [    0,    0, 1080,   75] |    -1 |     -1 |     N/A 
D/hwcomposer(  232): void android::intel::HwcLayerList::dump():  GLES | f854d080 |     2 |     0 |  0 |   105 |    ff |        5 | [    0.0,    0.0, 1080.0,  144.0] | [    0, 1776, 1080, 1920] |    -1 |     -1 |     N/A 
D/hwcomposer(  232): void android::intel::HwcLayerList::dump():   FBT | f8531550 |     0 |     0 |  0 |   105 |    ff |        5 | [    0.0,    0.0, 1080.0, 1920.0] | [    0,    0, 1080, 1920] |     0 |      1 |  SPRITE 
E/Intel PowerHAL(  641): Error opening /sys/devices/system/cpu/cpufreq/interactive/touchboostpulse: Permission denied
E/Intel PowerHAL(  641): Error opening /sys/devices/system/cpu/cpufreq/interactive/touchboostpulse: Permission denied
I/InternalIcingCorporaPro( 1789): UpdateCorporaTask done [took 425 ms] updated apps [took 425 ms] 
E/Intel PowerHAL(  641): Error opening /sys/devices/system/cpu/cpufreq/interactive/touchboostpulse: Permission denied
E/Intel PowerHAL(  641): Error opening /sys/devices/system/cpu/cpufreq/interactive/touchboostpulse: Permission denied
W/IntelAudioSource(  244): AudioRecord reported overrun!
I/dalvikvm( 1789): Total arena pages for JIT: 201
I/dalvikvm( 1789): Total arena pages for JIT: 202
I/dalvikvm( 1789): Total arena pages for JIT: 201
I/dispmgr (  638): waiting for message from kernel.
I/dispmgr (  638): message from kernel received.
I/dispmgr (  638): DpstAlgorithm_DPST4_5 
I/dispmgr (  638): DpstAlgorithm_DPST4_5 level is 3
D/hwcomposer(  232): void android::intel::UeventObserver::onUevent(): received Uevent: REPEATED_FRAME
D/hwcomposer(  232): virtual void android::intel::Hwcomposer::invalidate(): invalidating screen...
D/hwcomposer(  232): void android::intel::DisplayAnalyzer::handleIdleEntryEvent(int): handling idle entry event, count 0
D/hwcomposer(  232): virtual void android::intel::PowerManager::enterIdleState(): entering s0i1 mode
D/hwcomposer(  232): void android::intel::HwcLayerList::dump():  numHwLayers = 4, flags = 00000001
D/hwcomposer(  232): void android::intel::HwcLayerList::dump():  type |  handle  | hints | flags | tr | blend | alpha |  format  |           source crop             |            frame          | index | zorder |  plane  
D/hwcomposer(  232): void android::intel::HwcLayerList::dump(): ------+----------+-------+-------+----+-------+-------+----------+-----------------------------------+---------------------------+-------+--------+---------
D/hwcomposer(  232): void android::intel::HwcLayerList::dump():  GLES | f85a1920 |     2 |     0 |  0 |   100 |    ff |        5 | [    0.0,   75.0, 1080.0, 1776.0] | [    0,   75, 1080, 1776] |    -1 |     -1 |     N/A 
D/hwcomposer(  232): void android::intel::HwcLayerList::dump():  GLES | f854def0 |     2 |     0 |  0 |   105 |    ff |        5 | [    0.0,    0.0, 1080.0,   75.0] | [    0,    0, 1080,   75] |    -1 |     -1 |     N/A 
D/hwcomposer(  232): void android::intel::HwcLayerList::dump():  GLES | f854d080 |     2 |     0 |  0 |   105 |    ff |        5 | [    0.0,    0.0, 1080.0,  144.0] | [    0, 1776, 1080, 1920] |    -1 |     -1 |     N/A 
D/hwcomposer(  232): void android::intel::HwcLayerList::dump():   FBT | f8527c00 |     0 |     0 |  0 |   105 |    ff |        5 | [    0.0,    0.0, 1080.0, 1920.0] | [    0,    0, 1080, 1920] |     0 |      0 | PRIMARY 
D/hwcomposer(  232): void android::intel::HwcLayer::postFlip(): Skipping frame buffer target...
W/IntelAudioSource(  244): AudioRecord reported overrun!
I/PhoneDoctor( 1867): EventUploadThread:uploadEvent : Upload crashlog of Event: 2e13a154e17921300b04:INFO:CWS.WIFI_OFF
I/WifiHW  (  641): CMD: IFNAME=wlan0 SIGNAL_POLL
D/wpa_supplicant(  762): nl80211: survey data missing!
I/wpa_supplicant(  762): nl80211: send_and_recv->nl_recvmsgs failed: 20
I/WifiHW  (  641): REPLY: RSSI=-54
I/WifiHW  (  641): REPLY: LINKSPEED=72
I/WifiHW  (  641): REPLY: NOISE=9999
I/WifiHW  (  641): REPLY: FREQUENCY=2437
D/hwcomposer(  232): void android::intel::DisplayAnalyzer::handleIdleExitEvent(): handling idle exit event
D/hwcomposer(  232): virtual void android::intel::PowerManager::exitIdleState(): exiting s0i1 mode
D/hwcomposer(  232): void android::intel::HwcLayerList::dump():  numHwLayers = 4, flags = 00000001
D/hwcomposer(  232): void android::intel::HwcLayerList::dump():  type |  handle  | hints | flags | tr | blend | alpha |  format  |           source crop             |            frame          | index | zorder |  plane  
D/hwcomposer(  232): void android::intel::HwcLayerList::dump(): ------+----------+-------+-------+----+-------+-------+----------+-----------------------------------+---------------------------+-------+--------+---------
D/hwcomposer(  232): void android::intel::HwcLayerList::dump():   HWC | f857bb10 |     2 |     0 |  0 |   100 |    ff |        5 | [    0.0,   75.0, 1080.0, 1776.0] | [    0,   75, 1080, 1776] |     0 |      0 | PRIMARY 
D/hwcomposer(  232): void android::intel::HwcLayerList::dump():   HWC | f854def0 |     2 |     0 |  0 |   105 |    ff |        5 | [    0.0,    0.0, 1080.0,   75.0] | [    0,    0, 1080,   75] |     0 |      1 |  SPRITE 
D/hwcomposer(  232): void android::intel::HwcLayerList::dump():   HWC | f854d080 |     2 |     0 |  0 |   105 |    ff |        5 | [    0.0,    0.0, 1080.0,  144.0] | [    0, 1776, 1080, 1920] |     1 |      2 |  SPRITE 
D/hwcomposer(  232): void android::intel::HwcLayerList::dump():   FBT | f8531550 |     0 |     0 |  0 |   105 |    ff |        5 | [    0.0,    0.0, 1080.0, 1920.0] | [    0,    0, 1080, 1920] |    -1 |     -1 |     N/A 
D/hwcomposer(  232): bool android::intel::HwcLayerList::setupSmartComposition2(): In Smart Composition2 !
I/hwcomposer(  232): virtual bool android::intel::HwcLayerList::update(hwc_display_contents_1_t*): overlay fallback to GLES. flags: 0
D/hwcomposer(  232): void android::intel::HwcLayerList::dump():  numHwLayers = 4, flags = 00000000
D/hwcomposer(  232): void android::intel::HwcLayerList::dump():  type |  handle  | hints | flags | tr | blend | alpha |  format  |           source crop             |            frame          | index | zorder |  plane  
D/hwcomposer(  232): void android::intel::HwcLayerList::dump(): ------+----------+-------+-------+----+-------+-------+----------+-----------------------------------+---------------------------+-------+--------+---------
D/hwcomposer(  232): void android::intel::HwcLayerList::dump():   HWC | f85a1920 |     2 |     0 |  0 |   100 |    ff |        5 | [    0.0,   75.0, 1080.0, 1776.0] | [    0,   75, 1080, 1776] |     0 |      0 | PRIMARY 
D/hwcomposer(  232): void android::intel::HwcLayerList::dump():  GLES | f854def0 |     2 |     0 |  0 |   105 |    ff |        5 | [    0.0,    0.0, 1080.0,   75.0] | [    0,    0, 1080,   75] |    -1 |     -1 |     N/A 
D/hwcomposer(  232): void android::intel::HwcLayerList::dump():  GLES | f854d080 |     2 |     0 |  0 |   105 |    ff |        5 | [    0.0,    0.0, 1080.0,  144.0] | [    0, 1776, 1080, 1920] |    -1 |     -1 |     N/A 
D/hwcomposer(  232): void android::intel::HwcLayerList::dump():   FBT | f8531550 |     0 |     0 |  0 |   105 |    ff |        5 | [    0.0,    0.0, 1080.0, 1920.0] | [    0,    0, 1080, 1920] |     0 |      1 |  SPRITE 
W/IntelAudioSource(  244): AudioRecord reported overrun!
D/hwcomposer(  232): void android::intel::UeventObserver::onUevent(): received Uevent: REPEATED_FRAME
D/hwcomposer(  232): virtual void android::intel::Hwcomposer::invalidate(): invalidating screen...
D/hwcomposer(  232): void android::intel::DisplayAnalyzer::handleIdleEntryEvent(int): handling idle entry event, count 0
D/hwcomposer(  232): virtual void android::intel::PowerManager::enterIdleState(): entering s0i1 mode
D/hwcomposer(  232): void android::intel::HwcLayerList::dump():  numHwLayers = 4, flags = 00000001
D/hwcomposer(  232): void android::intel::HwcLayerList::dump():  type |  handle  | hints | flags | tr | blend | alpha |  format  |           source crop             |            frame          | index | zorder |  plane  
D/hwcomposer(  232): void android::intel::HwcLayerList::dump(): ------+----------+-------+-------+----+-------+-------+----------+-----------------------------------+---------------------------+-------+--------+---------
D/hwcomposer(  232): void android::intel::HwcLayerList::dump():  GLES | f85a1920 |     2 |     0 |  0 |   100 |    ff |        5 | [    0.0,   75.0, 1080.0, 1776.0] | [    0,   75, 1080, 1776] |    -1 |     -1 |     N/A 
D/hwcomposer(  232): void android::intel::HwcLayerList::dump():  GLES | f854def0 |     2 |     0 |  0 |   105 |    ff |        5 | [    0.0,    0.0, 1080.0,   75.0] | [    0,    0, 1080,   75] |    -1 |     -1 |     N/A 
D/hwcomposer(  232): void android::intel::HwcLayerList::dump():  GLES | f854d080 |     2 |     0 |  0 |   105 |    ff |        5 | [    0.0,    0.0, 1080.0,  144.0] | [    0, 1776, 1080, 1920] |    -1 |     -1 |     N/A 
D/hwcomposer(  232): void android::intel::HwcLayerList::dump():   FBT | f8527c00 |     0 |     0 |  0 |   105 |    ff |        5 | [    0.0,    0.0, 1080.0, 1920.0] | [    0,    0, 1080, 1920] |     0 |      0 | PRIMARY 
D/hwcomposer(  232): void android::intel::HwcLayer::postFlip(): Skipping frame buffer target...
W/IntelAudioSource(  244): AudioRecord reported overrun!
W/IntelAudioSource(  244): AudioRecord reported overrun!
W/IntelAudioSource(  244): AudioRecord reported overrun!
I/PhoneDoctor( 1867): EventUploadThread:uploadEvent : Upload crashlog of Event: 762be4114236a3ef4a59:INFO:CWS.WIFI_ON
W/IntelAudioSource(  244): AudioRecord reported overrun!
W/IntelAudioSource(  244): AudioRecord reported overrun!
E/Intel PowerHAL(  641): Error opening /sys/devices/system/cpu/cpufreq/interactive/touchboostpulse: Permission denied
E/Intel PowerHAL(  641): Error opening /sys/devices/system/cpu/cpufreq/interactive/touchboostpulse: Permission denied
W/IntelAudioSource(  244): AudioRecord reported overrun!
E/Intel PowerHAL(  641): Error opening /sys/devices/system/cpu/cpufreq/interactive/touchboostpulse: Permission denied
E/Intel PowerHAL(  641): Error opening /sys/devices/system/cpu/cpufreq/interactive/touchboostpulse: Permission denied
D/hwcomposer(  232): void android::intel::DisplayAnalyzer::handleIdleExitEvent(): handling idle exit event
D/hwcomposer(  232): virtual void android::intel::PowerManager::exitIdleState(): exiting s0i1 mode
D/hwcomposer(  232): void android::intel::HwcLayerList::dump():  numHwLayers = 4, flags = 00000001
D/hwcomposer(  232): void android::intel::HwcLayerList::dump():  type |  handle  | hints | flags | tr | blend | alpha |  format  |           source crop             |            frame          | index | zorder |  plane  
D/hwcomposer(  232): void android::intel::HwcLayerList::dump(): ------+----------+-------+-------+----+-------+-------+----------+-----------------------------------+---------------------------+-------+--------+---------
D/hwcomposer(  232): void android::intel::HwcLayerList::dump():   HWC | f857bb10 |     2 |     0 |  0 |   100 |    ff |        5 | [    0.0,   75.0, 1080.0, 1776.0] | [    0,   75, 1080, 1776] |     0 |      0 | PRIMARY 
D/hwcomposer(  232): void android::intel::HwcLayerList::dump():   HWC | f854def0 |     2 |     0 |  0 |   105 |    ff |        5 | [    0.0,    0.0, 1080.0,   75.0] | [    0,    0, 1080,   75] |     0 |      1 |  SPRITE 
D/hwcomposer(  232): void android::intel::HwcLayerList::dump():   HWC | f854d080 |     2 |     0 |  0 |   105 |    ff |        5 | [    0.0,    0.0, 1080.0,  144.0] | [    0, 1776, 1080, 1920] |     1 |      2 |  SPRITE 
D/hwcomposer(  232): void android::intel::HwcLayerList::dump():   FBT | f8531550 |     0 |     0 |  0 |   105 |    ff |        5 | [    0.0,    0.0, 1080.0, 1920.0] | [    0,    0, 1080, 1920] |    -1 |     -1 |     N/A 
I/SecurityManagerService(  789): SMS received security event: IPCEvent[START_ACTIVITY/com.google.android.exoplayer.demo]{container=0}
D/AsfAosp (  641): No ASF clients are connected or NONE response from Asf client
I/ActivityManager(  641): START u0 {dat=http://www.youtube.com/api/manifest/dash/id/efd045b1eb61888a/source/youtube?as=fmp4_audio_cenc,fmp4_sd_hd_cenc&sparams=ip,ipbits,expire,as&ip=0.0.0.0&ipbits=0&expire=19000000000&signature=61611F115EEEC7BADE5536827343FFFE2D83D14F.2FDF4BFA502FB5865C5C86401314BDDEA4799BD0&key=ik0 cmp=com.google.android.exoplayer.demo/.PlayerActivity (has extras)} from pid 2896
I/WAKELOCK_ACQUIRE(  641): TIMESTAMP=88540600458, TAG=ActivityManager-Launch, TYPE=PARTIAL_WAKE_LOCK             , COUNT=0, PID=641, UID=1000, FLAGS=
I/dispmgr (  638): waiting for message from kernel.
I/dispmgr (  638): message from kernel received.
I/dispmgr (  638): DpstAlgorithm_DPST4_5 
I/dispmgr (  638): DpstAlgorithm_DPST4_5 level is 3
D/hwcomposer(  232): void android::intel::HwcLayerList::dump():  numHwLayers = 4, flags = 00000001
D/hwcomposer(  232): void android::intel::HwcLayerList::dump():  type |  handle  | hints | flags | tr | blend | alpha |  format  |           source crop             |            frame          | index | zorder |  plane  
D/hwcomposer(  232): void android::intel::HwcLayerList::dump(): ------+----------+-------+-------+----+-------+-------+----------+-----------------------------------+---------------------------+-------+--------+---------
D/hwcomposer(  232): void android::intel::HwcLayerList::dump():   HWC | f857bc90 |     2 |     0 |  0 |   100 |    ff |        5 | [    0.0,   75.0, 1080.0, 1776.0] | [    0,   75, 1080, 1776] |     0 |      0 | PRIMARY 
D/hwcomposer(  232): void android::intel::HwcLayerList::dump():   HWC | f854def0 |     2 |     0 |  0 |   105 |    ff |        5 | [    0.0,    0.0, 1080.0,   75.0] | [    0,    0, 1080,   75] |     0 |      1 |  SPRITE 
D/hwcomposer(  232): void android::intel::HwcLayerList::dump():   HWC | f854d080 |     2 |     0 |  0 |   105 |    ff |        5 | [    0.0,    0.0, 1080.0,  144.0] | [    0, 1776, 1080, 1920] |     1 |      2 |  SPRITE 
D/hwcomposer(  232): void android::intel::HwcLayerList::dump():   FBT | f8531550 |     0 |     0 |  0 |   105 |    ff |        5 | [    0.0,    0.0, 1080.0, 1920.0] | [    0,    0, 1080, 1920] |    -1 |     -1 |     N/A 
I/dalvikvm( 2896): Total arena pages for JIT: 201
I/dalvikvm( 2896): Total arena pages for JIT: 202
I/dalvikvm( 2896): Total arena pages for JIT: 203
I/dalvikvm( 2896): Total arena pages for JIT: 204
I/dalvikvm( 2896): Total arena pages for JIT: 205
I/dalvikvm( 2896): Total arena pages for JIT: 206
I/dalvikvm( 2896): Total arena pages for JIT: 207
I/dalvikvm( 2896): Total arena pages for JIT: 208
I/dalvikvm( 2896): Total arena pages for JIT: 209
I/dalvikvm( 2896): Total arena pages for JIT: 210
I/dalvikvm( 2896): Total arena pages for JIT: 211
I/dalvikvm( 2896): Total arena pages for JIT: 212
I/dalvikvm( 2896): Total arena pages for JIT: 213
I/dalvikvm( 2896): Total arena pages for JIT: 214
I/dalvikvm( 2896): Total arena pages for JIT: 215
D/DemoQoeClient( 2896): vps=88.618:PB
I/dispmgr (  638): waiting for message from kernel.
I/dispmgr (  638): message from kernel received.
I/dispmgr (  638): DpstAlgorithm_DPST4_5 
I/dispmgr (  638): DpstAlgorithm_DPST4_5 level is 3
I/dalvikvm( 2896): Total arena pages for JIT: 216
I/dalvikvm( 2896): Total arena pages for JIT: 217
I/dalvikvm( 2896): Total arena pages for JIT: 218
I/dalvikvm( 2896): Total arena pages for JIT: 219
I/dalvikvm( 2896): Total arena pages for JIT: 220
I/dalvikvm( 2896): Total arena pages for JIT: 221
I/dalvikvm( 2896): Total arena pages for JIT: 222
I/dalvikvm( 2896): Total arena pages for JIT: 223
I/dalvikvm( 2896): Total arena pages for JIT: 224
I/dalvikvm( 2896): Total arena pages for JIT: 225
I/dalvikvm( 2896): Total arena pages for JIT: 226
I/dalvikvm( 2896): Total arena pages for JIT: 227
I/dalvikvm( 2896): Total arena pages for JIT: 228
I/dalvikvm( 2896): Total arena pages for JIT: 229
I/dalvikvm( 2896): Total arena pages for JIT: 230
I/dalvikvm( 2896): Total arena pages for JIT: 231
I/dalvikvm( 2896): Total arena pages for JIT: 232
I/dalvikvm( 2896): Total arena pages for JIT: 233
I/dalvikvm( 2896): Total arena pages for JIT: 234
I/dalvikvm( 2896): Total arena pages for JIT: 235
I/dalvikvm( 2896): Total arena pages for JIT: 236
I/dalvikvm( 2896): Total arena pages for JIT: 237
I/dalvikvm( 2896): Total arena pages for JIT: 238
I/dalvikvm( 2896): Total arena pages for JIT: 239
I/dalvikvm( 2896): Total arena pages for JIT: 240
I/dalvikvm( 2896): Total arena pages for JIT: 241
I/dalvikvm( 2896): Total arena pages for JIT: 242
I/dalvikvm( 2896): Total arena pages for JIT: 243
I/dalvikvm( 2896): Total arena pages for JIT: 244
I/dalvikvm( 2896): Total arena pages for JIT: 245
I/dalvikvm( 2896): Total arena pages for JIT: 246
I/dalvikvm( 2896): Total arena pages for JIT: 247
I/dalvikvm( 2896): Total arena pages for JIT: 248
I/dalvikvm( 2896): Total arena pages for JIT: 249
I/dalvikvm( 2896): Total arena pages for JIT: 250
I/dalvikvm( 2896): Total arena pages for JIT: 251
I/PhoneDoctor( 1867): EventUploadThread:uploadEvent : Upload crashlog of Event: db7f0d2842e6416f97c1:INFO:CWS.WIFI_OFF
I/dalvikvm( 2896): Total arena pages for JIT: 252
I/dalvikvm( 2896): Total arena pages for JIT: 253
D/hwcomposer(  232): void android::intel::HwcLayerList::dump():  numHwLayers = 4, flags = 00000001
D/hwcomposer(  232): void android::intel::HwcLayerList::dump():  type |  handle  | hints | flags | tr | blend | alpha |  format  |           source crop             |            frame          | index | zorder |  plane  
D/hwcomposer(  232): void android::intel::HwcLayerList::dump(): ------+----------+-------+-------+----+-------+-------+----------+-----------------------------------+---------------------------+-------+--------+---------
D/hwcomposer(  232): void android::intel::HwcLayerList::dump():   HWC | f857bc90 |     2 |     0 |  0 |   100 |    ff |        5 | [    0.0,   75.0, 1080.0, 1776.0] | [    0,   75, 1080, 1776] |     0 |      0 | PRIMARY 
