W/IntelAudioSource(  244): AudioRecord reported overrun!
I/PhoneDoctor( 1867): EventUploadThread:uploadEvent : Upload crashlog of Event: dfb99f01d644f93fb060:INFO:CWS.WIFI_ON
D/DemoQoeClient( 2896): bwm=101.181:392411:6.430
I/CAM:CamQoeTask( 1301): Periodic WiFi QoE Timer Timed Out!
I/CAM:CamQoeTask( 1301): ---> computeWifiQoe()
I/CAM:CamQoeTask( 1301): Wi-Fi QOE Compute Task is not running
I/CAM:CamQoeTask( 1301): Execute task to compute Wifi QoE
I/CAM:CamQoeTask( 1301): <--- computeWifiQoe()
I/CAM:CamQoeTask( 1301): ComputePartialWifiQoE called 
I/CAM:QoeGrade( 1301): ---> computePartialWifiQoe()
I/CAM:QoeGrade( 1301): Compute partial Wifi QoE using ping to prefered server. Preferred server index: 2
I/CAM:QoeGrade( 1301): One server used in QoE 1. www.cnn.com
I/CAM:QoeGrade( 1301): ---> sendHttpSocketRequest()
I/WifiHW  (  641): CMD: IFNAME=wlan0 SIGNAL_POLL
W/IntelAudioSource(  244): AudioRecord reported overrun!
D/wpa_supplicant(  762): nl80211: survey data missing!
I/wpa_supplicant(  762): nl80211: send_and_recv->nl_recvmsgs failed: 20
I/WifiHW  (  641): REPLY: RSSI=-52
I/WifiHW  (  641): REPLY: LINKSPEED=72
I/WifiHW  (  641): REPLY: NOISE=9999
I/WifiHW  (  641): REPLY: FREQUENCY=2437
I/CAM:QoeGrade( 1301): Socket connected succesfully!
I/CAM:QoeGrade( 1301): Request no: 0 ,pingCount :0 ,Server :2
I/CAM:QoeGrade( 1301): RTT : 0, 0, THIRD , 351, 14101.658, 14102.9 
I/CAM:QoeGrade( 1301): <--- sendHttpSocketRequest()
I/CAM:QoeGrade( 1301): ---> sendHttpSocketRequest()
W/IntelAudioSource(  244): AudioRecord reported overrun!
W/IntelAudioSource(  244): AudioRecord reported overrun!
I/CAM:QoeGrade( 1301): Socket connected succesfully!
I/CAM:QoeGrade( 1301): Request no: 0 ,pingCount :1 ,Server :2
I/CAM:QoeGrade( 1301): RTT : 0, 1, THIRD , 402, 14102.11, 14102.413 
I/CAM:QoeGrade( 1301): <--- sendHttpSocketRequest()
I/CAM:QoeGrade( 1301): ---> sendHttpSocketRequest()
I/PhoneDoctor( 1867): EventUploadThread:uploadEvent : Upload crashlog of Event: bf02921beffc0464f37c:INFO:CWS.WIFI_OFF
W/IntelAudioSource(  244): AudioRecord reported overrun!
I/CAM:QoeGrade( 1301): Socket connected succesfully!
I/CAM:QoeGrade( 1301): Request no: 0 ,pingCount :2 ,Server :2
I/CAM:QoeGrade( 1301): RTT : 0, 2, THIRD , 408, 14102.415, 14102.823 
I/CAM:QoeGrade( 1301): <--- sendHttpSocketRequest()
I/CAM:QoeGrade( 1301): ---> sendHttpSocketRequest()
W/IntelAudioSource(  244): AudioRecord reported overrun!
I/CAM:QoeGrade( 1301): Socket connected succesfully!
I/CAM:QoeGrade( 1301): Request no: 0 ,pingCount :3 ,Server :2
I/CAM:QoeGrade( 1301): RTT : 0, 3, THIRD , 406, 14102.826, 14103.232 
I/CAM:QoeGrade( 1301): <--- sendHttpSocketRequest()
I/CAM:QoeGrade( 1301): ---> sendHttpSocketRequest()
D/DemoQoeClient( 2896): bwm=102.842:2165:0.001
W/DashMp4ChunkSource( 2896): ContentLength mismatch: Actual = 5563798, Expected = -1
W/IntelAudioSource(  244): AudioRecord reported overrun!
I/CAM:QoeGrade( 1301): Socket connected succesfully!
I/CAM:QoeGrade( 1301): Request no: 0 ,pingCount :4 ,Server :2
I/CAM:QoeGrade( 1301): RTT : 0, 4, THIRD , 407, 14103.236, 14103.643 
I/CAM:QoeGrade( 1301): <--- sendHttpSocketRequest()
I/CAM:QoeGrade( 1301): <--- computePartialWifiQoe()
I/CAM:CamQoeTask( 1301):  Wi-Fi QoE QOE_LEVEL_3
I/CAM:CamQoeTask( 1301): QoE Thread OnPostExecute is called for 0
I/CAM:CamQoeTask( 1301):  Wi-Fi QoE QOE_LEVEL_3
I/CAM:ContextMonitorQoEHandler    ( 1301): +++++ QoE of WIFI is: QOE_LEVEL_3. CM State: MONITOR. Network Type: USER +++++ 
I/CAM:Notifications( 1301): ---> initNotifications()
I/CAM:Notifications( 1301): initNotifications() success
W/PhoneDoctor( 1867): CrashLogs: EVENT718910e37fe8b8e295d5.zip creation cancelled : /mnt/sdcard/logs/stats36 is empty
I/PhoneDoctor( 1867): CrashLogs: event 718910e37fe8b8e295d5 'crashdir' key reset in Event database
D/dalvikvm( 2896): GC_CONCURRENT freed 1902K, 10% free 19024K/20916K, paused 4ms+5ms, total 19ms
I/PhoneDoctor( 1867): EventUploadThread:uploadEvent : Upload crashlog of Event: 32355b47837d4202b224:INFO:CWS.WIFI_ON
D/CAM:ContextMonitorQoEHandler    ( 1301): DCR: QoE Result for Manual Connected Network false
I/CAM:Notifications( 1301): Notification event WLAN_CONNECTION_WITH_USABLE_QOE
I/CAM:CMDatabase                  ( 1301): updateHistory():: rowsFetched: 1
I/CAM:CMDatabase                  ( 1301): Network found! Updating Record for: [triage  02:1a:11:fe:5c:10].
I/CAM:CMDatabase                  ( 1301): Network: [triage  02:1a:11:fe:5c:10] Updated in History Table.
W/IntelAudioSource(  244): AudioRecord reported overrun!
W/IntelAudioSource(  244): AudioRecord reported overrun!
W/IntelAudioSource(  244): AudioRecord reported overrun!
I/WifiHW  (  641): CMD: IFNAME=wlan0 SIGNAL_POLL
D/wpa_supplicant(  762): nl80211: survey data missing!
I/wpa_supplicant(  762): nl80211: send_and_recv->nl_recvmsgs failed: 20
I/WifiHW  (  641): REPLY: RSSI=-50
I/WifiHW  (  641): REPLY: LINKSPEED=72
I/WifiHW  (  641): REPLY: NOISE=9999
I/WifiHW  (  641): REPLY: FREQUENCY=2437
W/IntelAudioSource(  244): AudioRecord reported overrun!
I/PhoneDoctor( 1867): EventUploadThread:uploadEvent : Upload crashlog of Event: 2b623a1533e7759491c7:INFO:CWS.WIFI_OFF
W/IntelAudioSource(  244): AudioRecord reported overrun!
W/IntelAudioSource(  244): AudioRecord reported overrun!
W/IntelAudioSource(  244): AudioRecord reported overrun!
D/DemoQoeClient( 2896): vps=105.354:PL
D/AudioPolicyManagerALSA(  244): startOutput() output 19, stream type 3, session 21
D/AudioPolicyManagerALSA(  244): getDeviceForStrategy- Unsupported device in STRATEGY_PHONE: set Earpiece as ouput
I/WAKELOCK_ACQUIRE(  641): TIMESTAMP=105358863806, TAG=AudioMix, TYPE=PARTIAL_WAKE_LOCK             , COUNT=0, PID=244, UID=1013, FLAGS=
D/AudioIntelHal(  244): getParameters: requested keys bgm_state
I/str_params(  244): key: 'bgm_state' value: ''
D/AudioIntelHal(  244): getParameters: requested keys bgm_audio
I/str_params(  244): key: 'bgm_audio' value: ''
D/AudioIntelHal(  244): getParameters: requested keys bgm_state
I/str_params(  244): key: 'bgm_state' value: ''
D/AudioIntelHal(  244): getParameters: requested keys bgm_audio
I/str_params(  244): key: 'bgm_audio' value: ''
D/AudioIntelHal(  244): getParameters: requested keys bgm_state
I/str_params(  244): key: 'bgm_state' value: ''
D/AudioIntelHal(  244): getParameters: requested keys bgm_audio
I/str_params(  244): key: 'bgm_audio' value: ''
D/AudioIntelHal(  244): getParameters: requested keys bgm_state
I/str_params(  244): key: 'bgm_state' value: ''
D/AudioIntelHal(  244): getParameters: requested keys bgm_audio
I/str_params(  244): key: 'bgm_audio' value: ''
D/AudioPolicyManagerALSA(  244): getDeviceForStrategy- Unsupported device in STRATEGY_PHONE: set Earpiece as ouput
D/hwcomposer(  232): virtual bool android::intel::OverlayPlaneBase::isDisabled(): overlay 0 status ENABLED on device 0, current device 0
D/DemoQoeClient( 2896): bwm=105.383:112140:0.877
E/pvr_drv_video(  244): psb_BeginPicture: fail to allocate scaling surface
D/hwcomposer(  232): virtual bool android::intel::OverlayPlaneBase::isDisabled(): overlay 0 status ENABLED on device 0, current device 0
I/HwcVideoSource(  244): computeTimestamp: adjusting corrected timestamp by -33488 using 43 samples
I/HwcVideoSource(  244): computeTimestamp: resetting timestamp corrector
E/pvr_drv_video(  244): psb_BeginPicture: fail to allocate scaling surface
D/hwcomposer(  232): virtual bool android::intel::OverlayPlaneBase::isDisabled(): overlay 0 status ENABLED on device 0, current device 0
D/hwcomposer(  232): virtual bool android::intel::OverlayPlaneBase::isDisabled(): overlay 0 status ENABLED on device 0, current device 0
I/PhoneDoctor( 1867): EventUploadThread:uploadEvent : Upload crashlog of Event: 18ae4eb15ed8457d0c5a:STATS:TFT_STAT_FLASH
D/hwcomposer(  232): virtual bool android::intel::OverlayPlaneBase::isDisabled(): overlay 0 status ENABLED on device 0, current device 0
I/WAKELOCK_ACQUIRE(  641): TIMESTAMP=105652289396, TAG=Icing, TYPE=PARTIAL_WAKE_LOCK             , COUNT=0, PID=1031, UID=10009, FLAGS=
W/IntelAudioSource(  244): AudioRecord reported overrun!
I/WAKELOCK_RELEASE(  641): TIMESTAMP=105685092858, TAG=Icing, TYPE=PARTIAL_WAKE_LOCK             , COUNT=0, PID=1031, UID=10009, FLAGS=
I/WAKELOCK_ACQUIRE(  641): TIMESTAMP=105689557810, TAG=Icing, TYPE=PARTIAL_WAKE_LOCK             , COUNT=0, PID=1031, UID=10009, FLAGS=
I/WAKELOCK_RELEASE(  641): TIMESTAMP=105719401560, TAG=Icing, TYPE=PARTIAL_WAKE_LOCK             , COUNT=0, PID=1031, UID=10009, FLAGS=
I/WAKELOCK_ACQUIRE(  641): TIMESTAMP=105722218375, TAG=Icing, TYPE=PARTIAL_WAKE_LOCK             , COUNT=0, PID=1031, UID=10009, FLAGS=
I/WAKELOCK_RELEASE(  641): TIMESTAMP=105760451993, TAG=Icing, TYPE=PARTIAL_WAKE_LOCK             , COUNT=0, PID=1031, UID=10009, FLAGS=
W/AudioFlinger(  244): RecordThread: buffer overflow
W/IntelAudioSource(  244): AudioRecord reported overrun!
W/IntelAudioSource(  244): AudioRecord reported overrun!
D/DemoQoeClient( 2896): bwm=106.371:114622:0.989
D/hwcomposer(  232): virtual bool android::intel::OverlayPlaneBase::isDisabled(): overlay 0 status ENABLED on device 0, current device 0
I/PhoneDoctor( 1867): EventUploadThread:uploadEvent : Upload crashlog of Event: 82e7e4a13a8f3b214f8d:INFO:CWS.WIFI_ON
W/IntelAudioSource(  244): AudioRecord reported overrun!
W/IntelAudioSource(  244): AudioRecord reported overrun!
I/WifiHW  (  641): CMD: IFNAME=wlan0 SIGNAL_POLL
D/wpa_supplicant(  762): nl80211: survey data missing!
I/wpa_supplicant(  762): nl80211: send_and_recv->nl_recvmsgs failed: 20
I/WifiHW  (  641): REPLY: RSSI=-49
I/WifiHW  (  641): REPLY: LINKSPEED=72
I/WifiHW  (  641): REPLY: NOISE=9999
I/WifiHW  (  641): REPLY: FREQUENCY=2437
W/IntelAudioSource(  244): AudioRecord reported overrun!
D/hwcomposer(  232): virtual bool android::intel::OverlayPlaneBase::isDisabled(): overlay 0 status ENABLED on device 0, current device 0
W/IntelAudioSource(  244): AudioRecord reported overrun!
I/PhoneDoctor( 1867): EventUploadThread:uploadEvent : Upload crashlog of Event: a10c4efca0c4fea194b7:INFO:CWS.WIFI_FILTERS
W/IntelAudioSource(  244): AudioRecord reported overrun!
D/dalvikvm( 2896): GC_CONCURRENT freed 535K, 8% free 19244K/20916K, paused 2ms+1ms, total 44ms
W/IntelAudioSource(  244): AudioRecord reported overrun!
E/Fence   ( 2896): dequeueBuffer_DEPRECATED: fence 71 didn't signal in 3000 ms
D/hwcomposer(  232): virtual bool android::intel::OverlayPlaneBase::isDisabled(): overlay 0 status ENABLED on device 0, current device 0
W/IntelAudioSource(  244): AudioRecord reported overrun!
I/PhoneDoctor( 1867): EventUploadThread:uploadEvent : Upload crashlog of Event: 0518fe3b4220471376ba:INFO:CWS.WIFI_FILTERS
W/IntelAudioSource(  244): AudioRecord reported overrun!
W/IntelAudioSource(  244): AudioRecord reported overrun!
D/hwcomposer(  232): virtual bool android::intel::OverlayPlaneBase::isDisabled(): overlay 0 status ENABLED on device 0, current device 0
W/IntelAudioSource(  244): AudioRecord reported overrun!
D/DemoQoeClient( 2896): bwm=110.068:164744:2.039
I/PhoneDoctor( 1867): EventUploadThread:uploadEvent : Upload crashlog of Event: 8630ed5aaa21de92944e:INFO:CWS.WIFI_HOTSPOT_ON
W/IntelAudioSource(  244): AudioRecord reported overrun!
I/WifiHW  (  641): CMD: IFNAME=wlan0 SIGNAL_POLL
D/wpa_supplicant(  762): nl80211: survey data missing!
I/wpa_supplicant(  762): nl80211: send_and_recv->nl_recvmsgs failed: 20
I/WifiHW  (  641): REPLY: RSSI=-50
I/WifiHW  (  641): REPLY: LINKSPEED=72
I/WifiHW  (  641): REPLY: NOISE=9999
I/WifiHW  (  641): REPLY: FREQUENCY=2437
W/IntelAudioSource(  244): AudioRecord reported overrun!
W/IntelAudioSource(  244): AudioRecord reported overrun!
W/AudioFlinger(  244): RecordThread: buffer overflow
W/IntelAudioSource(  244): AudioRecord reported overrun!
I/PhoneDoctor( 1867): EventUploadThread:uploadEvent : Upload files finished
I/PhoneDoctor( 1867): ServiceHandler: uploadOK
I/WAKELOCK_RELEASE(  641): TIMESTAMP=111188869694, TAG=CrashReport, TYPE=PARTIAL_WAKE_LOCK             , COUNT=0, PID=1867, UID=1000, FLAGS=
W/IntelAudioSource(  244): AudioRecord reported overrun!
W/IntelAudioSource(  244): AudioRecord reported overrun!
W/IntelAudioSource(  244): AudioRecord reported overrun!
W/IntelAudioSource(  244): AudioRecord reported overrun!
W/IntelAudioSource(  244): AudioRecord reported overrun!
W/IntelAudioSource(  244): AudioRecord reported overrun!
I/WifiHW  (  641): CMD: IFNAME=wlan0 SIGNAL_POLL
D/wpa_supplicant(  762): nl80211: survey data missing!
I/wpa_supplicant(  762): nl80211: send_and_recv->nl_recvmsgs failed: 20
I/WifiHW  (  641): REPLY: RSSI=-51
I/WifiHW  (  641): REPLY: LINKSPEED=72
I/WifiHW  (  641): REPLY: NOISE=9999
I/WifiHW  (  641): REPLY: FREQUENCY=2437
W/IntelAudioSource(  244): AudioRecord reported overrun!
W/IntelAudioSource(  244): AudioRecord reported overrun!
W/IntelAudioSource(  244): AudioRecord reported overrun!
W/IntelAudioSource(  244): AudioRecord reported overrun!
W/IntelAudioSource(  244): AudioRecord reported overrun!
W/IntelAudioSource(  244): AudioRecord reported overrun!
W/IntelAudioSource(  244): AudioRecord reported overrun!
W/IntelAudioSource(  244): AudioRecord reported overrun!
I/WifiHW  (  641): CMD: IFNAME=wlan0 SIGNAL_POLL
D/wpa_supplicant(  762): nl80211: survey data missing!
I/wpa_supplicant(  762): nl80211: send_and_recv->nl_recvmsgs failed: 20
I/WifiHW  (  641): REPLY: RSSI=-51
I/WifiHW  (  641): REPLY: LINKSPEED=72
I/WifiHW  (  641): REPLY: NOISE=9999
I/WifiHW  (  641): REPLY: FREQUENCY=2437
W/AudioFlinger(  244): RecordThread: buffer overflow
W/IntelAudioSource(  244): AudioRecord reported overrun!
W/IntelAudioSource(  244): AudioRecord reported overrun!
W/IntelAudioSource(  244): AudioRecord reported overrun!
W/IntelAudioSource(  244): AudioRecord reported overrun!
W/IntelAudioSource(  244): AudioRecord reported overrun!
